{
  "schemaVersion": 1,
  "kind": "seedlands-performance-window",
  "status": "PASS",
  "version": 2,
  "ownerThread": "seedlands-performance-validator",
  "runId": "ef2f87a8-2224-4002-baac-f1b853b83f36",
  "pid": 87344,
  "startedAt": "2026-09-25T17:19:45.582Z",
  "windowId": "ef2f87a8-2224-4002-baac-f1b853b83f36",
  "evidencePath": "harness/results/performance-windows/ef2f87a8-2224-4002-baac-f1b853b83f36.json",
  "waitedMs": 2,
  "endedAt": "2026-09-25T17:19:46.030Z",
  "exitCode": 0,
  "signal": null,
  "measurement": {
    "status": "NOT_RECORDED"
  },
  "samples": [
    {
      "at": "2026-09-25T17:19:45.584Z",
      "loadAverage": [
        2.89990234375,
        3.17138671875,
        3.29541015625
      ],
      "freeMemoryBytes": 441368576,
      "totalMemoryBytes": 38654705664
    },
    {
      "at": "2026-09-25T17:19:46.028Z",
      "loadAverage": [
        2.89990234375,
        3.17138671875,
        3.29541015625
      ],
      "freeMemoryBytes": 445579264,
      "totalMemoryBytes": 38654705664
    }
  ]
}
