{
  "schemaVersion": 1,
  "kind": "seedlands-performance-window",
  "status": "PASS",
  "version": 2,
  "ownerThread": "seedlands-performance-validator",
  "runId": "2bedc810-033e-4c15-8fd7-fb80e9c2b5d4",
  "pid": 27874,
  "startedAt": "2026-09-25T18:02:52.323Z",
  "windowId": "2bedc810-033e-4c15-8fd7-fb80e9c2b5d4",
  "evidencePath": "harness/results/performance-windows/2bedc810-033e-4c15-8fd7-fb80e9c2b5d4.json",
  "waitedMs": 2,
  "endedAt": "2026-09-25T18:02:52.411Z",
  "exitCode": 0,
  "signal": null,
  "measurement": {
    "status": "NOT_RECORDED"
  },
  "samples": [
    {
      "at": "2026-09-25T18:02:52.325Z",
      "loadAverage": [
        3.76220703125,
        3.392578125,
        3.10107421875
      ],
      "freeMemoryBytes": 285196288,
      "totalMemoryBytes": 38654705664
    },
    {
      "at": "2026-09-25T18:02:52.409Z",
      "loadAverage": [
        3.76220703125,
        3.392578125,
        3.10107421875
      ],
      "freeMemoryBytes": 312098816,
      "totalMemoryBytes": 38654705664
    }
  ]
}
