{
  "schemaVersion": 1,
  "kind": "seedlands-performance-window",
  "status": "PASS",
  "version": 2,
  "ownerThread": "seedlands-performance-validator",
  "runId": "4a098ce6-9eb1-46e8-b12a-39faff05fd0f",
  "pid": 98788,
  "startedAt": "2026-09-25T17:25:16.696Z",
  "windowId": "4a098ce6-9eb1-46e8-b12a-39faff05fd0f",
  "evidencePath": "harness/results/performance-windows/4a098ce6-9eb1-46e8-b12a-39faff05fd0f.json",
  "waitedMs": 1,
  "endedAt": "2026-09-25T17:25:19.404Z",
  "exitCode": 0,
  "signal": null,
  "measurement": {
    "status": "NOT_RECORDED"
  },
  "samples": [
    {
      "at": "2026-09-25T17:25:16.697Z",
      "loadAverage": [
        3.9296875,
        3.86767578125,
        3.60302734375
      ],
      "freeMemoryBytes": 1073512448,
      "totalMemoryBytes": 38654705664
    },
    {
      "at": "2026-09-25T17:25:19.403Z",
      "loadAverage": [
        4.17529296875,
        3.91943359375,
        3.62255859375
      ],
      "freeMemoryBytes": 919863296,
      "totalMemoryBytes": 38654705664
    }
  ]
}
