{
  "schemaVersion": 1,
  "kind": "seedlands-performance-window",
  "status": "FAIL",
  "version": 2,
  "ownerThread": "seedlands-performance-validator",
  "runId": "v2-equipment-resource-route-close-01-affected",
  "pid": 66936,
  "startedAt": "2026-09-26T02:27:28.160Z",
  "windowId": "v2-equipment-resource-route-close-01-affected",
  "evidencePath": "changes/2026-09-23-classic-functional-completion/evidence/v2-equipment-resource-route-close-01/affected-window.json.log",
  "waitedMs": 1,
  "endedAt": "2026-09-26T02:27:29.896Z",
  "exitCode": 1,
  "signal": null,
  "measurement": {
    "status": "NOT_RECORDED"
  },
  "samples": [
    {
      "at": "2026-09-26T02:27:28.161Z",
      "loadAverage": [
        4.52880859375,
        3.6845703125,
        3.5537109375
      ],
      "freeMemoryBytes": 355893248,
      "totalMemoryBytes": 38654705664
    },
    {
      "at": "2026-09-26T02:27:29.895Z",
      "loadAverage": [
        4.52880859375,
        3.6845703125,
        3.5537109375
      ],
      "freeMemoryBytes": 457048064,
      "totalMemoryBytes": 38654705664
    }
  ]
}
