{
  "schemaVersion": 1,
  "kind": "seedlands-performance-window",
  "status": "FAIL",
  "version": 2,
  "ownerThread": "seedlands-performance-validator",
  "runId": "v2-equipment-resource-route-close-01-classic-types",
  "pid": 69073,
  "startedAt": "2026-09-26T02:28:51.902Z",
  "windowId": "v2-equipment-resource-route-close-01-classic-types",
  "evidencePath": "changes/2026-09-23-classic-functional-completion/evidence/v2-equipment-resource-route-close-01/classic-types-window.json.log",
  "waitedMs": 1,
  "endedAt": "2026-09-26T02:28:55.506Z",
  "exitCode": 2,
  "signal": null,
  "measurement": {
    "status": "NOT_RECORDED"
  },
  "samples": [
    {
      "at": "2026-09-26T02:28:51.904Z",
      "loadAverage": [
        4.8056640625,
        3.77685546875,
        3.58837890625
      ],
      "freeMemoryBytes": 460652544,
      "totalMemoryBytes": 38654705664
    },
    {
      "at": "2026-09-26T02:28:55.504Z",
      "loadAverage": [
        4.8056640625,
        3.77685546875,
        3.58837890625
      ],
      "freeMemoryBytes": 923779072,
      "totalMemoryBytes": 38654705664
    }
  ]
}
