{
  "schemaVersion": 1,
  "kind": "seedlands-performance-window",
  "status": "PASS",
  "version": 2,
  "ownerThread": "seedlands-performance-validator",
  "runId": "v2-equipment-resource-route-close-01-classic-types-03",
  "pid": 70741,
  "startedAt": "2026-09-26T02:32:30.238Z",
  "windowId": "v2-equipment-resource-route-close-01-classic-types-03",
  "evidencePath": "changes/2026-09-23-classic-functional-completion/evidence/v2-equipment-resource-route-close-01/classic-types-03-window.json.log",
  "waitedMs": 1,
  "endedAt": "2026-09-26T02:32:33.559Z",
  "exitCode": 0,
  "signal": null,
  "measurement": {
    "status": "NOT_RECORDED"
  },
  "samples": [
    {
      "at": "2026-09-26T02:32:30.239Z",
      "loadAverage": [
        5.9599609375,
        4.1904296875,
        3.75634765625
      ],
      "freeMemoryBytes": 909082624,
      "totalMemoryBytes": 38654705664
    },
    {
      "at": "2026-09-26T02:32:33.557Z",
      "loadAverage": [
        6.04296875,
        4.23681640625,
        3.77490234375
      ],
      "freeMemoryBytes": 902791168,
      "totalMemoryBytes": 38654705664
    }
  ]
}
