{
  "schemaVersion": 1,
  "kind": "seedlands-performance-window",
  "status": "PASS",
  "version": 2,
  "ownerThread": "seedlands-performance-validator",
  "runId": "v2-equipment-resource-route-close-01-eslint",
  "pid": 73095,
  "startedAt": "2026-09-26T02:33:48.409Z",
  "windowId": "v2-equipment-resource-route-close-01-eslint",
  "evidencePath": "changes/2026-09-23-classic-functional-completion/evidence/v2-equipment-resource-route-close-01/eslint-window.json.log",
  "waitedMs": 1,
  "endedAt": "2026-09-26T02:33:50.050Z",
  "exitCode": 0,
  "signal": null,
  "measurement": {
    "status": "NOT_RECORDED"
  },
  "samples": [
    {
      "at": "2026-09-26T02:33:48.410Z",
      "loadAverage": [
        3.1513671875,
        3.76025390625,
        3.63232421875
      ],
      "freeMemoryBytes": 1056800768,
      "totalMemoryBytes": 38654705664
    },
    {
      "at": "2026-09-26T02:33:50.049Z",
      "loadAverage": [
        3.1513671875,
        3.76025390625,
        3.63232421875
      ],
      "freeMemoryBytes": 1018904576,
      "totalMemoryBytes": 38654705664
    }
  ]
}
