{
  "schemaVersion": 1,
  "kind": "seedlands-performance-window",
  "status": "PASS",
  "version": 2,
  "ownerThread": "seedlands-performance-validator",
  "runId": "v2-equipment-resource-route-close-01-evidence-final",
  "pid": 79105,
  "startedAt": "2026-09-26T02:40:13.758Z",
  "windowId": "v2-equipment-resource-route-close-01-evidence-final",
  "evidencePath": "changes/2026-09-23-classic-functional-completion/evidence/v2-equipment-resource-route-close-01/evidence-final-window.json.log",
  "waitedMs": 1,
  "endedAt": "2026-09-26T02:40:14.582Z",
  "exitCode": 0,
  "signal": null,
  "measurement": {
    "status": "NOT_RECORDED"
  },
  "samples": [
    {
      "at": "2026-09-26T02:40:13.759Z",
      "loadAverage": [
        2.5595703125,
        3.228515625,
        3.453125
      ],
      "freeMemoryBytes": 668139520,
      "totalMemoryBytes": 38654705664
    },
    {
      "at": "2026-09-26T02:40:14.581Z",
      "loadAverage": [
        2.5595703125,
        3.228515625,
        3.453125
      ],
      "freeMemoryBytes": 803045376,
      "totalMemoryBytes": 38654705664
    }
  ]
}
