{
  "schemaVersion": 1,
  "kind": "seedlands-performance-window",
  "status": "PASS",
  "version": 2,
  "ownerThread": "seedlands-performance-validator",
  "runId": "v2-equipment-resource-route-close-01-evidence-final-02",
  "pid": 80727,
  "startedAt": "2026-09-26T02:42:02.712Z",
  "windowId": "v2-equipment-resource-route-close-01-evidence-final-02",
  "evidencePath": "changes/2026-09-23-classic-functional-completion/evidence/v2-equipment-resource-route-close-01/evidence-final-02-window.json.log",
  "waitedMs": 1,
  "endedAt": "2026-09-26T02:42:03.589Z",
  "exitCode": 0,
  "signal": null,
  "measurement": {
    "status": "NOT_RECORDED"
  },
  "samples": [
    {
      "at": "2026-09-26T02:42:02.713Z",
      "loadAverage": [
        3.541015625,
        3.4736328125,
        3.5244140625
      ],
      "freeMemoryBytes": 788348928,
      "totalMemoryBytes": 38654705664
    },
    {
      "at": "2026-09-26T02:42:03.587Z",
      "loadAverage": [
        3.73779296875,
        3.51513671875,
        3.53857421875
      ],
      "freeMemoryBytes": 691421184,
      "totalMemoryBytes": 38654705664
    }
  ]
}
