{
  "schemaVersion": 1,
  "kind": "seedlands-performance-window",
  "status": "PASS",
  "version": 2,
  "ownerThread": "seedlands-performance-validator",
  "runId": "v2-equipment-resource-route-close-01-final-root-types",
  "pid": 74376,
  "startedAt": "2026-09-26T02:35:12.687Z",
  "windowId": "v2-equipment-resource-route-close-01-final-root-types",
  "evidencePath": "changes/2026-09-23-classic-functional-completion/evidence/v2-equipment-resource-route-close-01/final-root-types-window.json.log",
  "waitedMs": 1,
  "endedAt": "2026-09-26T02:35:16.173Z",
  "exitCode": 0,
  "signal": null,
  "measurement": {
    "status": "NOT_RECORDED"
  },
  "samples": [
    {
      "at": "2026-09-26T02:35:12.688Z",
      "loadAverage": [
        3.3173828125,
        3.6328125,
        3.5908203125
      ],
      "freeMemoryBytes": 962822144,
      "totalMemoryBytes": 38654705664
    },
    {
      "at": "2026-09-26T02:35:16.171Z",
      "loadAverage": [
        3.3173828125,
        3.6328125,
        3.5908203125
      ],
      "freeMemoryBytes": 1048608768,
      "totalMemoryBytes": 38654705664
    }
  ]
}
