{
  "schemaVersion": 1,
  "kind": "seedlands-performance-window",
  "status": "PASS",
  "version": 2,
  "ownerThread": "seedlands-performance-validator",
  "runId": "v2-equipment-resource-route-close-01-final-classic-types",
  "pid": 73864,
  "startedAt": "2026-09-26T02:34:57.754Z",
  "windowId": "v2-equipment-resource-route-close-01-final-classic-types",
  "evidencePath": "changes/2026-09-23-classic-functional-completion/evidence/v2-equipment-resource-route-close-01/final-classic-types-window.json.log",
  "waitedMs": 1,
  "endedAt": "2026-09-26T02:35:01.219Z",
  "exitCode": 0,
  "signal": null,
  "measurement": {
    "status": "NOT_RECORDED"
  },
  "samples": [
    {
      "at": "2026-09-26T02:34:57.755Z",
      "loadAverage": [
        3.306640625,
        3.64892578125,
        3.5966796875
      ],
      "freeMemoryBytes": 697466880,
      "totalMemoryBytes": 38654705664
    },
    {
      "at": "2026-09-26T02:35:01.217Z",
      "loadAverage": [
        3.306640625,
        3.64892578125,
        3.5966796875
      ],
      "freeMemoryBytes": 983171072,
      "totalMemoryBytes": 38654705664
    }
  ]
}
