{
  "schemaVersion": 1,
  "kind": "seedlands-performance-window",
  "status": "PASS",
  "version": 2,
  "ownerThread": "seedlands-performance-validator",
  "runId": "v2-equipment-resource-route-close-01-final-root-types-02",
  "pid": 76120,
  "startedAt": "2026-09-26T02:37:07.413Z",
  "windowId": "v2-equipment-resource-route-close-01-final-root-types-02",
  "evidencePath": "changes/2026-09-23-classic-functional-completion/evidence/v2-equipment-resource-route-close-01/final-root-types-02-window.json.log",
  "waitedMs": 2,
  "endedAt": "2026-09-26T02:37:10.580Z",
  "exitCode": 0,
  "signal": null,
  "measurement": {
    "status": "NOT_RECORDED"
  },
  "samples": [
    {
      "at": "2026-09-26T02:37:07.415Z",
      "loadAverage": [
        3.4443359375,
        3.79052734375,
        3.671875
      ],
      "freeMemoryBytes": 1046495232,
      "totalMemoryBytes": 38654705664
    },
    {
      "at": "2026-09-26T02:37:10.578Z",
      "loadAverage": [
        3.4443359375,
        3.79052734375,
        3.671875
      ],
      "freeMemoryBytes": 1052114944,
      "totalMemoryBytes": 38654705664
    }
  ]
}
