{
  "schemaVersion": 1,
  "kind": "seedlands-performance-window",
  "status": "PASS",
  "version": 2,
  "ownerThread": "seedlands-performance-validator",
  "runId": "v2-equipment-resource-route-close-01-format-write",
  "pid": 73002,
  "startedAt": "2026-09-26T02:33:38.250Z",
  "windowId": "v2-equipment-resource-route-close-01-format-write",
  "evidencePath": "changes/2026-09-23-classic-functional-completion/evidence/v2-equipment-resource-route-close-01/format-write-window.json.log",
  "waitedMs": 1,
  "endedAt": "2026-09-26T02:33:38.813Z",
  "exitCode": 0,
  "signal": null,
  "measurement": {
    "status": "NOT_RECORDED"
  },
  "samples": [
    {
      "at": "2026-09-26T02:33:38.251Z",
      "loadAverage": [
        3.53515625,
        3.8544921875,
        3.66357421875
      ],
      "freeMemoryBytes": 1153335296,
      "totalMemoryBytes": 38654705664
    },
    {
      "at": "2026-09-26T02:33:38.811Z",
      "loadAverage": [
        3.53515625,
        3.8544921875,
        3.66357421875
      ],
      "freeMemoryBytes": 1104314368,
      "totalMemoryBytes": 38654705664
    }
  ]
}
