{
  "schemaVersion": 1,
  "kind": "seedlands-performance-window",
  "status": "PASS",
  "version": 2,
  "ownerThread": "seedlands-performance-validator",
  "runId": "v2-equipment-resource-route-close-01-format-final",
  "pid": 75737,
  "startedAt": "2026-09-26T02:36:32.063Z",
  "windowId": "v2-equipment-resource-route-close-01-format-final",
  "evidencePath": "changes/2026-09-23-classic-functional-completion/evidence/v2-equipment-resource-route-close-01/format-final-window.json.log",
  "waitedMs": 1,
  "endedAt": "2026-09-26T02:36:32.670Z",
  "exitCode": 0,
  "signal": null,
  "measurement": {
    "status": "NOT_RECORDED"
  },
  "samples": [
    {
      "at": "2026-09-26T02:36:32.064Z",
      "loadAverage": [
        4.2568359375,
        3.9599609375,
        3.724609375
      ],
      "freeMemoryBytes": 898727936,
      "totalMemoryBytes": 38654705664
    },
    {
      "at": "2026-09-26T02:36:32.668Z",
      "loadAverage": [
        4.15576171875,
        3.94384765625,
        3.72021484375
      ],
      "freeMemoryBytes": 885981184,
      "totalMemoryBytes": 38654705664
    }
  ]
}
