{
  "schemaVersion": 1,
  "kind": "seedlands-performance-window",
  "status": "PASS",
  "version": 2,
  "ownerThread": "seedlands-performance-validator",
  "runId": "v2-equipment-resource-route-close-01-metadata-format",
  "pid": 83086,
  "startedAt": "2026-09-26T02:43:52.294Z",
  "windowId": "v2-equipment-resource-route-close-01-metadata-format",
  "evidencePath": "changes/2026-09-23-classic-functional-completion/evidence/v2-equipment-resource-route-close-01/metadata-format-window.json.log",
  "waitedMs": 1,
  "endedAt": "2026-09-26T02:43:53.084Z",
  "exitCode": 0,
  "signal": null,
  "measurement": {
    "status": "NOT_RECORDED"
  },
  "samples": [
    {
      "at": "2026-09-26T02:43:52.295Z",
      "loadAverage": [
        3.947265625,
        3.5478515625,
        3.5400390625
      ],
      "freeMemoryBytes": 1169850368,
      "totalMemoryBytes": 38654705664
    },
    {
      "at": "2026-09-26T02:43:53.082Z",
      "loadAverage": [
        3.947265625,
        3.5478515625,
        3.5400390625
      ],
      "freeMemoryBytes": 1134018560,
      "totalMemoryBytes": 38654705664
    }
  ]
}
