{
  "schemaVersion": 1,
  "kind": "seedlands-performance-window",
  "status": "PASS",
  "version": 2,
  "ownerThread": "seedlands-performance-validator",
  "runId": "v2-equipment-resource-route-close-01-root-types",
  "pid": 69644,
  "startedAt": "2026-09-26T02:30:08.963Z",
  "windowId": "v2-equipment-resource-route-close-01-root-types",
  "evidencePath": "changes/2026-09-23-classic-functional-completion/evidence/v2-equipment-resource-route-close-01/root-types-window.json.log",
  "waitedMs": 1,
  "endedAt": "2026-09-26T02:30:12.110Z",
  "exitCode": 0,
  "signal": null,
  "measurement": {
    "status": "NOT_RECORDED"
  },
  "samples": [
    {
      "at": "2026-09-26T02:30:08.964Z",
      "loadAverage": [
        3.45263671875,
        3.609375,
        3.5400390625
      ],
      "freeMemoryBytes": 540688384,
      "totalMemoryBytes": 38654705664
    },
    {
      "at": "2026-09-26T02:30:12.108Z",
      "loadAverage": [
        3.3359375,
        3.58251953125,
        3.53076171875
      ],
      "freeMemoryBytes": 926793728,
      "totalMemoryBytes": 38654705664
    }
  ]
}
