{
  "schemaVersion": 1,
  "kind": "seedlands-performance-window",
  "status": "PASS",
  "version": 2,
  "ownerThread": "seedlands-performance-validator",
  "runId": "v2-equipment-resource-route-close-01-root-types-02",
  "pid": 72859,
  "startedAt": "2026-09-26T02:33:24.093Z",
  "windowId": "v2-equipment-resource-route-close-01-root-types-02",
  "evidencePath": "changes/2026-09-23-classic-functional-completion/evidence/v2-equipment-resource-route-close-01/root-types-02-window.json.log",
  "waitedMs": 1,
  "endedAt": "2026-09-26T02:33:27.261Z",
  "exitCode": 0,
  "signal": null,
  "measurement": {
    "status": "NOT_RECORDED"
  },
  "samples": [
    {
      "at": "2026-09-26T02:33:24.094Z",
      "loadAverage": [
        3.97265625,
        3.951171875,
        3.6943359375
      ],
      "freeMemoryBytes": 636469248,
      "totalMemoryBytes": 38654705664
    },
    {
      "at": "2026-09-26T02:33:27.259Z",
      "loadAverage": [
        3.814453125,
        3.91845703125,
        3.68408203125
      ],
      "freeMemoryBytes": 926138368,
      "totalMemoryBytes": 38654705664
    }
  ]
}
