{
  "schemaVersion": 1,
  "sourceSha": "50a1e6ec72583ad4f5feef057a692709da577b19",
  "sourceDigest": "147101872e3de0ce5f4a793bef4fe334a91c1dd9aecbf27ebcc961ef708b1131",
  "lockDigest": "44db46fb0f159ebe6d88435c8cfb5d46127d1c7f363a50d19217d454c30e1169",
  "artifactDigest": "94d72b2fd976fe58f5a0e9a09870853c6e9e2358dc4fc2026a7b39b344c507f6",
  "files": {
    ".vite/manifest.json": "f36cc77f4e24cbf3eb04499cdb26c0c038728b1efa7f17f2f318e622fafb57ca",
    "asset-workbench.html": "65a4482186b28230da8030fc4dfca76eb4ee8c78258fcf44fda566ea0c982d6b",
    "assets/assets-Bz-_2ghC.js": "55b6ac876f1bae4917f6f868cd7cd9e9a60c7b660640e4452ed9b99c4fac4547",
    "assets/assets-D5PBeSxB.css": "ab99288f11482c449c223f4693c1eb3ae604ee75f581ce1883e2445f5f8c4c2d",
    "assets/authority-worker-Bpvt1Y8M.js": "9b2168f5d01535c4032c7391f1e63f8e0a369c35de4fd5139effce6eea9a000a",
    "assets/bootstrap-bVLAsvA_.js": "5e7f2f6d1906e81ce766b2919be98c83f99ecbec22741b01b65c485b429c7567",
    "assets/bootstrap-DBNdjq5k.css": "3d06c2b9959c497b8aecd295c2ccae984a210c228ebec198de04e3c7d38e4c03",
    "assets/capability-probe-worker-Ck8l_HX8.js": "cf442f58decbfac8e8f4e538f8d3443969a2d655af10db45ea185639c80ddbd3",
    "assets/chunk-persistence-benchmark-CP5xw819.js": "40415d11cd8405b434d5bbe43f744a93f56a81b31d825fc055614683a2dd9a08",
    "assets/fluid-compute-worker-DIUIxUK4.js": "3128f92c091e82b9da331718811c5846627dc4c582725eadc8373dd33a97b36a",
    "assets/game-BmInf5jD.js": "606d1c2c6fec0821f4152a81ffda657aa135ec70be13972e8b764077e37b0da4",
    "assets/game-DCCgC_AS.css": "10c087ae9fd6a96d646f7c29d70af9e00ec39c16ea3bb530798ff24b7c9af7ec",
    "assets/game-logic-worker-HPU57qHj.js": "6128254f1211801fbf2b265a06b02fca2843ab94d4dfab3610e9664479581b1e",
    "assets/glb-model-resource-BobomOWg.js": "de0a620c04d287669b2b675cc0821547db90b474b02d8ec910b2765f12008fc4",
    "assets/item-thumbnails/apple.png": "41c459cd98a3b51a6aaa9118f200ded1bdcb4eb749a699d4095a5c7eb25852fd",
    "assets/item-thumbnails/arrow.png": "0356d29d957b86f93aa2e69da57b643aae4c5094232d39425db2a002689cfc15",
    "assets/item-thumbnails/bed.png": "58b96d62cf7ea76f97257a7cefa24ba08f0b939d68383d29fd0229b51d8a68b5",
    "assets/item-thumbnails/berry.png": "c7d4931d33d6078ec15a619b1d81fea1ed94355d9511db4ccf0978b39dac723a",
    "assets/item-thumbnails/black-dye.png": "dbb6c4e85b406bb38309856579472ce49eaa38f599f2413591ff01ab4774c22a",
    "assets/item-thumbnails/black-wool.png": "26c5fba357a582a3f14d7dbee6a86077cf73f84c95c02971fc617232809016a7",
    "assets/item-thumbnails/blue-dye.png": "ec1d77159b279c8ae2d9e27350d5cd24bd32cb9bf526939fd4a8614479eef365",
    "assets/item-thumbnails/blue-wool.png": "f2b53f4c716cf2ed707c8696d8cd5184543e30fa7188bd1bfa689adc761bc832",
    "assets/item-thumbnails/boat.png": "2e6140c4ea3c8364eb0ccde6dcee2313fc7bf7e4f9d8046e6e08976838b5e000",
    "assets/item-thumbnails/bone.png": "f3bdd1488bd65476681393a476c6277173cd0575bfe560c1ad40095b530ff706",
    "assets/item-thumbnails/book.png": "f7c679c2b25b4c0c90463daf4f5df449dc7520d30bdcd56283fc2280115c8606",
    "assets/item-thumbnails/bookshelf.png": "0aa19c2f0ea367a7817239f2ef8d8be5105993b0f9e77c19b20f6cf6a22d03c7",
    "assets/item-thumbnails/bow.png": "8c202edfccf945da96afa2ecb64b5e7bf8e341870b9f770315277390f37aa648",
    "assets/item-thumbnails/bowl.png": "749fc8e91d148617ccd8257ba56703194ba4abc8f97c2a0c73511f0971c9f56f",
    "assets/item-thumbnails/bread.png": "71649ab0aa17f67ac2a46909c56fe4fc959698237470801995dac4f90ec93e5f",
    "assets/item-thumbnails/brick.png": "0fc3821d9ded0ee555a3f75fed55ea0c2b85a7a20eed7e32bb383a4c83705b24",
    "assets/item-thumbnails/bricks.png": "ac52468f250d08b9d0d560a48a24fe04df1376fd2e9d0c002c25bf70093d0c1b",
    "assets/item-thumbnails/brown-dye.png": "12807f4ef63e0fe1e3429e88ea0e83c9a566ee1f655ef570a175a796bcbb2254",
    "assets/item-thumbnails/brown-wool.png": "0700e1dafbda931ad7630ebce6aeb1344246bd8f1b74da7b85c96254d0758e66",
    "assets/item-thumbnails/bucket.png": "31fc29e9d5e4964236549fbe0934ba615420c1871e989458bd4659c8e7fde2ca",
    "assets/item-thumbnails/cactus.png": "04e06e1b267902873377c5b52e5b12ba18e63a846e81424ff173a085bf0abd7d",
    "assets/item-thumbnails/cake.png": "0299baee0bc97bcf45884c130ec2a571c528f7940563debd99889bfde52161f3",
    "assets/item-thumbnails/charcoal.png": "ad9d4cd7fc2292d059d48464e3d015d06f3e59be02e191254826f8db1f7860ef",
    "assets/item-thumbnails/chest-minecart.png": "e9a1ed27c2aca6024e77eada80068b3f065433ca93b75d1c2e29dd33f69cebdb",
    "assets/item-thumbnails/chest.png": "e07f9ad47f1b40da55ec1ab107068037221cee28bf606cce1e66f3f09faea06b",
    "assets/item-thumbnails/clay-block.png": "6af7dcc71eb9e7e7d73c78358e0d1e5b63438c3e654c135f7d43acbba0e9e3c4",
    "assets/item-thumbnails/clay.png": "94e9767f9c3350e70ff888307f90bb6575b0777e7abecce9acfac1bae13b3293",
    "assets/item-thumbnails/clock.png": "923a55b78f310231e1fcfab8201657e78d588b160bdf96876a31a356f57b869f",
    "assets/item-thumbnails/coal.png": "ad9d4cd7fc2292d059d48464e3d015d06f3e59be02e191254826f8db1f7860ef",
    "assets/item-thumbnails/cobblestone-stairs.png": "824e6ebc5671c3d5fb37831dd4ae0ec6587dbc2abb74ccebc9dd98e2aa261eba",
    "assets/item-thumbnails/cobblestone.png": "528c09f52bbdfc24c985011f760cf649c89515453ddf33074e0acb4cb021b52b",
    "assets/item-thumbnails/cocoa-beans.png": "95fa8e4cc4555cea0c54f4ea4b9f87d92c02653811fd07f0c489e7c2c07ceea1",
    "assets/item-thumbnails/compass.png": "39255150562ee2b30309085458d82b16e00b072bc91458d8d1033f5c0d812e05",
    "assets/item-thumbnails/cooked-fish.png": "dd289cf3b8d3eab8ebd008cc9a124eaa55c1fa45a90c27142751bb73bed1f779",
    "assets/item-thumbnails/cooked-porkchop.png": "548f253b7d0971f2f5471743fdb0fe7c31826ac1e55c0d6cc90ba18fb3deaea6",
    "assets/item-thumbnails/cookie.png": "001be88a59d3575e864eab38ec2ed246a9cb82fd467eae95eeaf18577fe88722",
    "assets/item-thumbnails/cyan-dye.png": "9394c2bdf6398c775933347636c7e7ea033f965c1a5f0e0e28bb76c743232f8a",
    "assets/item-thumbnails/cyan-wool.png": "1e9d04f4a135a46cb039be1081af46a5d48a50e856a5a0c014823cead362c99b",
    "assets/item-thumbnails/dead-bush.png": "e1c006e2697c0e1aa977078cf3eb42100ac774206f2c1f45e9bd95adb8ecbbd0",
    "assets/item-thumbnails/detector-rail.png": "e44785d3886bbfbb54f488dd305636536ee66871992000b1c2d5eda504da693a",
    "assets/item-thumbnails/diamond-axe.png": "788aef76648dd1c6fc0872f008c706d2f3a1895ae06d3b24e61943a0e48982c0",
    "assets/item-thumbnails/diamond-block.png": "e1d8eabc572ed0fd5ecc161f0ed4d146e088ae08495def2df40772a095155876",
    "assets/item-thumbnails/diamond-boots.png": "f02b8eea26eb46b52b1df5f42a0e13642682588c9fc4dc66e594557df886b58c",
    "assets/item-thumbnails/diamond-chestplate.png": "e078ec6f86a5917e8ff3bd6e6dabf090c25bb1ea9cc06a8b96574e03e19ae8ce",
    "assets/item-thumbnails/diamond-helmet.png": "c92b4b83ee3148102bddceb37de2f226945929e202ecf16e9dfc8cb50f5703d9",
    "assets/item-thumbnails/diamond-hoe.png": "85e038af9f497f29b8a69b6ec8942493ba85bb2c9e2be8f32a401dd8d4635a31",
    "assets/item-thumbnails/diamond-leggings.png": "b5e4068694a736f895d5d90ec757f81e25abf018eab90219d391e0f803803878",
    "assets/item-thumbnails/diamond-ore.png": "9fa3525124c2abad435b45fece68ecb49458eb7c51fe5f88b1c4e246d5baa6f4",
    "assets/item-thumbnails/diamond-pickaxe.png": "db704511fef3bb21411601218a7b449823de3482e83f71bfd54e30848b68621f",
    "assets/item-thumbnails/diamond-shovel.png": "3506a7489612685528c0415db2c10b88623b87ad59ee5456e391395e7c341b99",
    "assets/item-thumbnails/diamond-sword.png": "767c4d46b8205f71718b0965265e0415c9c6356b2b61c0899a1aa3e0f33386cf",
    "assets/item-thumbnails/diamond.png": "409996b18bc8fcd04edee2b172e27cd7f6a36c24ecec42ac41f4cd4e0add056b",
    "assets/item-thumbnails/dirt-block.png": "b62d7838db61a374ef58271b05d76421e62055ebbc90a1cda0eb78b2af780664",
    "assets/item-thumbnails/egg.png": "edad1d59a0888e10feec678c55e74244c750d6c88d4ad4cd73433212f4e15c03",
    "assets/item-thumbnails/feather.png": "da9a940a467fd4650ae7f7a1e57a4fad67947cbf3113b4b800796f762318c630",
    "assets/item-thumbnails/fence.png": "f860b2bbfe5537ebd7ac08ad7e93f59436ae096f2ab3cbebef0d7468df50d48f",
    "assets/item-thumbnails/fishing-rod.png": "3b5794ce4406cf476892f81c12f0b9ec483034fe228e65e4e815b9f266cc72ee",
    "assets/item-thumbnails/flint-and-steel.png": "f6922c6f8b97846d40c52a0284cb4475c2b163d17f51f750b9968ff2043563e9",
    "assets/item-thumbnails/flint.png": "d0a921ad74225e500d5ad2cbd762dff2d6f3a0b83e014fc569069e0928067e8c",
    "assets/item-thumbnails/flower.png": "f3c09c123e338d6d93f8afa5f00fa60e10294a3cf18e209f4bca592080ba448d",
    "assets/item-thumbnails/furnace-minecart.png": "0d3df4c32b97ffe4c39f84dec60dff7639378b4c47b4550003f54a2310c53dab",
    "assets/item-thumbnails/furnace.png": "417e69636c6c220b7c028ee9a6cdbb0772d872f265529ea5e9e1f779e6804424",
    "assets/item-thumbnails/glass.png": "b119e1d5f7e92c03f88f8d0f99ef20a5c1353077f93c5bc991b7ba76debf9642",
    "assets/item-thumbnails/glowstone-block.png": "952674eeb98ff59ec876cec5a909cafef4d806854612571c927a4f323125cd55",
    "assets/item-thumbnails/gold-axe.png": "f6ac633885c4455c04ca26b56280ed8926d5786c9fd193fda79ae529f74743ad",
    "assets/item-thumbnails/gold-block.png": "0985b016e69c72204c2bd81a0a1451d65c4abe354943b9255b31825c211d194b",
    "assets/item-thumbnails/gold-boots.png": "e619e8858796fbf594969a56197200502c2ea6907df2e219c620ec3e21dd892f",
    "assets/item-thumbnails/gold-chestplate.png": "3132e3729f50b1bebb0b4c93624a8aa007403c4152b174dc534c1372ab6ac4a8",
    "assets/item-thumbnails/gold-helmet.png": "004723fa88f61126de219e00385b6f7670366328e6126482d22b8c86186d8f37",
    "assets/item-thumbnails/gold-hoe.png": "00104c8700ae2f9ff4a3839b288566589490c1864a017407d83144f88d0755da",
    "assets/item-thumbnails/gold-ingot.png": "aa7fe0ea1889952c7a297886389aac4397407306e70709be7f35071eeeb49ee6",
    "assets/item-thumbnails/gold-leggings.png": "47ab69a5591dd787070732e443b6f1602794f5f5fdcad067f9e1f62a54b2aa20",
    "assets/item-thumbnails/gold-ore.png": "949e49d3e6628ec7cbf43c6ad72974872a6e2e75e823945c615e8de5169801ab",
    "assets/item-thumbnails/gold-pickaxe.png": "bdad0b8e43ba31241c46d45ae0975f40095ed218a5f8939c15f62f3a90da94c8",
    "assets/item-thumbnails/gold-shovel.png": "c460022c71105643ec6678ea0daaacbb174181383509c663bf4a0d777cd96f70",
    "assets/item-thumbnails/gold-sword.png": "4ba6e1e43c9349b034fa6b42cb376ba81e58cba372ee0aa1aa79e0c2f11746d4",
    "assets/item-thumbnails/golden-apple.png": "79efeb65bf96202681985172a63c1253393e82e1fda28cad21584b8fabdfaf3b",
    "assets/item-thumbnails/gravel.png": "d0a1551ffc360a5e17caacf83f2ba70a11d777737b4854acf27fa46866ee6361",
    "assets/item-thumbnails/gray-dye.png": "d3b847d8c81fa4b094d18061542a27bf8adf7349b9b03652bfd99d305ba847af",
    "assets/item-thumbnails/gray-wool.png": "76d428cd95bd415d2f1aa01623c4a08799bfadd26343695019afe4a4b702d3ed",
    "assets/item-thumbnails/green-dye.png": "34ec690523de101abe1594211c1dc785ff7f4021c13e6e0686cf57c034263553",
    "assets/item-thumbnails/green-wool.png": "1c365e8976591e5e62f0b4bd0d7a7300b832d826c17f77d154249005423bc84d",
    "assets/item-thumbnails/gunpowder.png": "3e7f075938b0bfd387e332a74dd6f5b31407dc2d1bb7f48d49982e0706bf0325",
    "assets/item-thumbnails/ice.png": "b47a0b82f70c52d697852f4f7f8167d2f4c1cb2e07f018a8fac3e25d350fac35",
    "assets/item-thumbnails/ink-sac.png": "2104122f959e8e2cb9be82fd6dfff602c8f02bfd003933d18eca56ec1e9a5a3c",
    "assets/item-thumbnails/iron-axe.png": "2349733a986c8aa10daa19084f25562e4036a25d17fe516cad5c64e4a069dcb5",
    "assets/item-thumbnails/iron-block.png": "582d48abfcf1963feb948f75eb927dd0f29d51fcc3f21f8c4a842d2f769a0932",
    "assets/item-thumbnails/iron-boots.png": "ee6b96ee5696348a582d312e6a6c56d5615af2737231021917a629085de345b5",
    "assets/item-thumbnails/iron-chestplate.png": "dc2525b3073f627650b4329988774b274aa654945462a1e3ad8de11a3f44444c",
    "assets/item-thumbnails/iron-helmet.png": "a861c30ef357f82f0bcffadba05923cd37e3ed57df304245f9e95819a8583b88",
    "assets/item-thumbnails/iron-hoe.png": "16d7a25356ab515a6817317f203120c6ec0cb4f2afee4fc46e3c7c7f315f2afa",
    "assets/item-thumbnails/iron-ingot.png": "2d257c3fac0edd73418c5420fc4562e590dace463fc3cf2d427fe67c2590e439",
    "assets/item-thumbnails/iron-leggings.png": "57da1ecb8ef833498b3b50365903c96d224604a10f1bfaad63d252af0f72355f",
    "assets/item-thumbnails/iron-pickaxe.png": "28426d3fe72976d7392b3718f8426c38b7557e8a35e939b1f05d8b30256c1de6",
    "assets/item-thumbnails/iron-shovel.png": "483800c76808ffee5eabd0fa5748be1ed745b913b2dbcd25ec306b48a547f523",
    "assets/item-thumbnails/iron-sword.png": "b8506eb3aa634c95e3dc44cfb75cbff051c8fe5ea31b14969194ed771e73beeb",
    "assets/item-thumbnails/jack-o-lantern.png": "1b04b5cd3aec67bdd8332660465d0d71934595a4af52bab25cb9c41061ce42cf",
    "assets/item-thumbnails/jukebox.png": "c1d58563a29f8673205fb9fcb6cad7acd096a41b342de3df6830e93352d10bb4",
    "assets/item-thumbnails/ladder.png": "0e6ef4bc576128fab818e13e771453adadbef0ea11e07d608164ea27673c2c94",
    "assets/item-thumbnails/lantern.png": "7185749c773a65bf185fec086fa4a38102840827f1be530f3d46589acb5fe73c",
    "assets/item-thumbnails/lapis-block.png": "1efeae2440f1e110afdd2c911a8a0c3b6b9bbd9eaa423100d0509918e5518b10",
    "assets/item-thumbnails/lapis-ore.png": "eb1782e80b117e191c6c7f0ec796b353f96e288f10d0795950c037068890931b",
    "assets/item-thumbnails/lava-bucket.png": "fdffc582d59d8a25df3b443ca6689cb68a7ff3d739bb3435ca93cb758c3c97c3",
    "assets/item-thumbnails/leather-boots.png": "6be1b15689422b5e78ffdad2ac0ca67afda9d52b75339ff01ee2054c22cfb02d",
    "assets/item-thumbnails/leather-chestplate.png": "b536bbe0870e68d8b6cc744dbb98f83d78072acd0b4cb25112b10dfcaf356ee9",
    "assets/item-thumbnails/leather-helmet.png": "73413419fd831298d52a9fd500dcf918e2ab9a81aa770bc26619ed044261b894",
    "assets/item-thumbnails/leather-leggings.png": "c3b879d8efb5cd14a4ee0341c8b14f158adbbb80678439aa3a60957777c3eefa",
    "assets/item-thumbnails/leather.png": "baa991c555023240087907ff6ab247b16475269365cb57c65e7e039a7a737560",
    "assets/item-thumbnails/light-blue-dye.png": "3f849ceb561b2965bdef95c89d5410749bb3ea07347bda1cff8053afb74568aa",
    "assets/item-thumbnails/light-blue-wool.png": "9683a297a4a4e7a08b25762bfcedbdb9d87361ed68c777b25bc886b96d3cddf8",
    "assets/item-thumbnails/light-gray-dye.png": "985505c95b044bd3514fcfc6250cfd6ff083f468421db2a813d8e6d5d308f055",
    "assets/item-thumbnails/light-gray-wool.png": "c5f17b1c098c7cc220a1933015c429e7de0306312a73da75e9fe835918b4cd23",
    "assets/item-thumbnails/lime-dye.png": "067a896d17c29faa281ad8ba62d0fa5a7269529cf040b76ac598679aa21935c7",
    "assets/item-thumbnails/lime-wool.png": "7514d26e2f70e62c4599be7089fac402a6ad4e2bb888663797a77cf08e40003a",
    "assets/item-thumbnails/lit-furnace.png": "bd705e64d9876a70a05db9b04fc20529eb94ce86ac41d293bb170444e9f519bd",
    "assets/item-thumbnails/lit-redstone-ore.png": "0c4943e6e34388e908387789869501d2366d0862f8baafb7b66642019747653d",
    "assets/item-thumbnails/magenta-dye.png": "5e4360644b19429e85cd5a8fe5fef98c63962a2fb14736b9aad0a42a8b0452bb",
    "assets/item-thumbnails/magenta-wool.png": "0fedc06a479307f555d8a5a91360505912197953a139e4f85fd153acaf421e11",
    "assets/item-thumbnails/map.png": "d259dd16fba303ea4b5caa4f15ed55ed7ed2e4d54d5c5f87f3945c600341517b",
    "assets/item-thumbnails/milk-bucket.png": "91c71091c50eefd083e47dabee76a85ef8da0de260fc9d5f34d844817e6236f0",
    "assets/item-thumbnails/minecart.png": "ec5dd87aa113fd5993d90e9f38e7c9fe9f84be088afec4d031864785418617e5",
    "assets/item-thumbnails/mossy-cobblestone.png": "a908fc99131a029aa7cd0884f12ffd0cec8983a7dedfd956e545a188d89a2cc8",
    "assets/item-thumbnails/mushroom-stew.png": "6936cf14e0b48bcb90f52132bb6f18e9973dee3ed10e6157fcb541ce847146fd",
    "assets/item-thumbnails/mushroom.png": "74332f04088a5f12eb726591a57e392fb327436d9070870b25a496df1bccd046",
    "assets/item-thumbnails/note-block.png": "2808a0117679ca9918baece6c0f8636191145f583bec376c43ddbd8def63eda2",
    "assets/item-thumbnails/obsidian.png": "f4c5e00232d879280372e1ee1cfe939269206730e373eaf02576b4e183d01dfe",
    "assets/item-thumbnails/orange-dye.png": "16b074179b43f08f0cca587b47426089717a4e196f28af1e9f52ebf13bf3c8ff",
    "assets/item-thumbnails/orange-wool.png": "37412ff60c8c42ac38a6e058b7e58de70b12e33c982e29078206277ec3b672a8",
    "assets/item-thumbnails/painting.png": "0eecbf4e7c39ef6e4baed88fa760b46ce20f3b645b97dcb700fd6b75c4d0235d",
    "assets/item-thumbnails/paper.png": "041d45162c13bc7a6969c4d0ab25f089e9978d8d8dd40ff59ce0ebc55d9fc75e",
    "assets/item-thumbnails/pink-dye.png": "1034e18e93cdc7ebacb41f7f4df57fc5a23df397034878eda464fd4d8a031bdc",
    "assets/item-thumbnails/pink-wool.png": "67d3654a7609b1cab0c801e36e516c434c89fda98929e037da6496373580c188",
    "assets/item-thumbnails/plank.png": "f7607fbb5563e0fb76e8479a9bb31bb84457b393f30da1b58c254dc34f196619",
    "assets/item-thumbnails/powered-rail.png": "4c19f974f272b02f967544045bc43f75972b9bd93bbd145e2bc9de9ca61884ac",
    "assets/item-thumbnails/pumpkin.png": "d93aa092058bd2ba5aed62d1d62d05e1b9ca02c93c37c36080d7b5b74455402c",
    "assets/item-thumbnails/purple-dye.png": "d2dd6d69877ab4b4b91de7e05f48b3a37acbe0f298c34c29f19cf42febc8120c",
    "assets/item-thumbnails/purple-wool.png": "3cd229903c80bf3926a65fe91e07242bc98cf4f5fe8ea355ecb9c300c066ca18",
    "assets/item-thumbnails/rail.png": "c76ad9a9f6f6e954addd295f5cd16d9c6b09601aa830a14889e4bb6226c86d05",
    "assets/item-thumbnails/raw-fish.png": "df1e2add84f2309fdbfa0065701abc51cbd6c42b99599e1c37711147bed43656",
    "assets/item-thumbnails/raw-iron.png": "1307aa2fecf1535ea6c9f480b398e938de3da70950bcc242bdd24cff7a503196",
    "assets/item-thumbnails/raw-porkchop.png": "24322716af13b896ef4d5da1f0d59ada78ecb89b5d8db7260853e971b5fb982a",
    "assets/item-thumbnails/record-13.png": "a20008af9c9b3b35a295def84de7c5c30495eeade6a435643edffe0c6ddcb037",
    "assets/item-thumbnails/record-cat.png": "0f34305cf415b47c8220affbec505e5d322435beeef248197c07887f370a1c13",
    "assets/item-thumbnails/red-dye.png": "75e652cf8aab4f1f9fb0554cffa6bb075ef0e47f8d5874f1692515ba6f50ced1",
    "assets/item-thumbnails/red-flower.png": "f3c09c123e338d6d93f8afa5f00fa60e10294a3cf18e209f4bca592080ba448d",
    "assets/item-thumbnails/red-mushroom.png": "27cdf65fc1509b485b9f20672951ff8eb7125cf8694dbe37ab5e0240cabcd966",
    "assets/item-thumbnails/red-wool.png": "7e0ec37c97cfdbde45ff069b84d30d7a25b244ef75ae925b3eb8e3bcf6acedf2",
    "assets/item-thumbnails/redstone-dust.png": "46d7bbc4470c13c47e07259dc963a29e36b025d5a5b897d277e3b8acf319770e",
    "assets/item-thumbnails/redstone-ore.png": "5f894498f9c35f4e4337f4923e0d27ad4b6f049985a063691ce8f6545c332f91",
    "assets/item-thumbnails/rotten-flesh.png": "2b4c2c34d3648f64aabc181015a326fdcb47769d756f8f0be365ad95914a30f1",
    "assets/item-thumbnails/saddle.png": "382425a617d2998ce8d4dbe9350a0897306048aa143c1cddd5b1e852afe26865",
    "assets/item-thumbnails/sand-block.png": "f88a1a1b05d2c86af2f12519159517a57e2048fc59658a9bd3da5051becd4165",
    "assets/item-thumbnails/sandstone-slab.png": "d5ce9a0d68686587e904f626fee24d2cc594a1794e1c9a20ff6bdac42d2fa7a4",
    "assets/item-thumbnails/sandstone.png": "17da29385e0a7a93fe54d4f9cc2cb6693b2d1eabd1eb127dfb84b1853ed994f8",
    "assets/item-thumbnails/sapling.png": "e52dd0bece9f57bb19b40bfab5855f00d2bcea5e1ba07558c65761eab438eee7",
    "assets/item-thumbnails/shears.png": "c3a9c25bbf677ae31bb8bb49b580d3fdc56c4fc26f257526988ae11abbaf3aee",
    "assets/item-thumbnails/sign.png": "f27f7c81b898703eff46e10be5026ff9285792b8d493fa89618978d58e0eddde",
    "assets/item-thumbnails/slab.png": "d5ce9a0d68686587e904f626fee24d2cc594a1794e1c9a20ff6bdac42d2fa7a4",
    "assets/item-thumbnails/slimeball.png": "526c7b241c4c80461cddef522b66607bc2f55571c9ab59849bced130049915f0",
    "assets/item-thumbnails/snow-block.png": "7b48a3354f3ee92cd44e47245d5f98e3f523affbf5ac886df069b3ee950a328e",
    "assets/item-thumbnails/snowball.png": "f7dddc61c82623eb7862490d365f541892b03db3d75704208fb1a7b08eea37a3",
    "assets/item-thumbnails/stick.png": "fbe1d867e0832e6967b8b51f8c2a4d16fe90829d3da57f97c309917556f131e7",
    "assets/item-thumbnails/stone-axe.png": "028570af6e686207da312c8df45078740c1eda55d1f3a136a3ca62c381b3ccee",
    "assets/item-thumbnails/stone-block.png": "91b574691efa6ee030d6d211ceb6afb0cefbc055609632de1b26014e2454c9f4",
    "assets/item-thumbnails/stone-bricks.png": "3a20f051e4a907e0a80d9e983ce6fbc15f5fe1da799a478d82a1c061cb953a1b",
    "assets/item-thumbnails/stone-hoe.png": "124aadb54f22b145f84a893f4c946a1340aa3729bd6b306adcd594824fe12cc1",
    "assets/item-thumbnails/stone-pickaxe.png": "2920c244fe0a43e215b02d72734596ae8b5488dd0087798c5d7a30d3dc2553e8",
    "assets/item-thumbnails/stone-shovel.png": "7c1565e5991457a971057ddbafdcff3bca2a0c867740a6db87920930f5e20ac2",
    "assets/item-thumbnails/stone-sword.png": "5686490bc62b7ca48016940babd65f718450420be3479621026bb1ee2636074c",
    "assets/item-thumbnails/string.png": "3260c30fcd0e5c8146e54346280d58942722f744b3c7195a426cf920b8b62bd9",
    "assets/item-thumbnails/sugar-cane.png": "d4443d37492f8f4beeb245c5a44551af6afa8a812e319428b704fd93f94f6b2f",
    "assets/item-thumbnails/sugar.png": "f7dddc61c82623eb7862490d365f541892b03db3d75704208fb1a7b08eea37a3",
    "assets/item-thumbnails/tnt.png": "edc02ee9f7411b708f83eb4af4f7272f3592b8e83361e3cb1bf260e1bb70ac5b",
    "assets/item-thumbnails/torch.png": "b7f0f9774902d332e3e6913da8e67971536d60f8c029b4dda56051921be8097f",
    "assets/item-thumbnails/trapdoor.png": "34a40fc7b3e0a896d4d6fb0358183572adb1fc24c519f0da086338fb40f27eae",
    "assets/item-thumbnails/water-bucket.png": "a7d92de3593ea54e19c9d9607f69af884405e349f2661f31b458ed7631bf7871",
    "assets/item-thumbnails/wheat-seeds.png": "35988ccf2649f3d1735fb85ab8c4feff29719653d2739dcead4161496df68091",
    "assets/item-thumbnails/wheat.png": "e9d001aff2397339a5caaebfec56d51f07e028686175f5cee96ae780e9da7b8e",
    "assets/item-thumbnails/white-dye.png": "c1dff42270135b5bb11928c353d6158413cf1a0da5689bf1f39c40eb944ed312",
    "assets/item-thumbnails/white-wool.png": "9fd62dc6c2194f7e47aa5006767663b4c40a6fb3e81942166600c00b4fc50c5c",
    "assets/item-thumbnails/wood-axe.png": "570dc0a036ce2bb950e8c276b5350aca881afb55007b8674cc1eb54d6aa59961",
    "assets/item-thumbnails/wood-block.png": "c74b006a9300fb5e850fa8f18465f84d8129541593a5e7b432bd747bf03b509f",
    "assets/item-thumbnails/wood-hoe.png": "34a1e81610a0b581cfbd97d01fe7dfea1326c42f5cabcab375b698819ec7ea39",
    "assets/item-thumbnails/wood-pickaxe.png": "e51f13c249478d8547062d3654d9c658aed0fd1f4237b02ae8ac0325909566e8",
    "assets/item-thumbnails/wood-shovel.png": "edc5af2957c20098dacccf0379fd58a579520e208e7c1ca5519e22ae34b909f9",
    "assets/item-thumbnails/wood-slab.png": "d5ce9a0d68686587e904f626fee24d2cc594a1794e1c9a20ff6bdac42d2fa7a4",
    "assets/item-thumbnails/wood-stairs.png": "efd56269cee969c574b48a0d9eb7dabf05c1022e544c1466a56e562d3d98a8c8",
    "assets/item-thumbnails/wood-sword.png": "a87636836168489a95412d501e889f015b234ebfa9b98cb51f8d9f9e405ddd54",
    "assets/item-thumbnails/wooden-door.png": "32770e6bf1deea041dcd6903c218f2cd09e9c6161d62e40435f1091bb2ac5053",
    "assets/item-thumbnails/wool-block.png": "aa0791fb3e71eb41961a508384c463d0211a0e6885fdd99de28f5ecb25c00dec",
    "assets/item-thumbnails/wool.png": "a42c2e98a597f0cf3a0def3da12b8f0d417b74c8ec37eaa898206406df207d82",
    "assets/item-thumbnails/workbench.png": "cb2f3059511ed44251a92e6eb57e60b4d360a59f3dc1b07804b9bfffcb94f0c2",
    "assets/item-thumbnails/yellow-dye.png": "a8add50968d74f822ca9c39f56c446bfdac16f6b40016f76ed7a9dabc188d50d",
    "assets/item-thumbnails/yellow-wool.png": "4e494397f3f3aa9eb24383bb3f657783fb4e0b734dbfed7043ecc82899a1d802",
    "assets/items/berry.png": "2e4eaab574183963b0b504a05e5ce4101d3fd7d22eaa7be2f3e6dceefc5682a7",
    "assets/items/dirt-block.png": "96507ac9c67262f72f5bb5f1c8c4374496e42f3a22ecee708dee82228afc54ec",
    "assets/items/lantern.png": "3c5c8f24b61cc48432cbc1620a4429eee1fb68342a145c402ce3ebd66358404c",
    "assets/items/plank.png": "4daae9681ab7ad46993ebbea29a47c01320b4672e77996b85476321f08437cc7",
    "assets/items/sand-block.png": "dbda04e28c0842fd1b0bf64d47c8fe1d43aff75dfa3d57eea926fc5eff8bda1b",
    "assets/items/stone-block.png": "390b2d8626649e76658968817259dc648d38a598f907bc6bb6672097afec3d17",
    "assets/items/stone-pickaxe.png": "42f5bea8038c8d942c749a0feecef68b104416cdb5a7c7df340f260dfd399a93",
    "assets/items/wood-axe.png": "a85107a4d53639c68fe5839f9323c5b15eb26a32e0285d64ff4c8aca825729d1",
    "assets/items/wood-block.png": "3f9c6ca3fba24804d2c4cd1701ed53e8c1960e0225dd410caadcd885db90043e",
    "assets/modulepreload-polyfill-B5Qt9EMX.js": "d2a32840421496e872ade591618d2fa5c33797605d1aec04301717e5a90757d0",
    "assets/persistence-worker-ZQ_CYCjn.js": "ebe58a6694ff49bfc2369649f94650c00c7e0002ea5a77d440d1f4c2fbf2c6a2",
    "assets/preload-helper-BXl3LOEh.js": "d887044e7c17fd90344fc4f74f53cac686584daf2a458ab2136d36f1946e9ab6",
    "assets/rust-kernels-scalar-hRRXiZem.wasm": "611c45804d9be51378388c8e7139620e2bbbeb089fe39cbf71792d712a9e7f45",
    "assets/rust-kernels-simd-cUjVQL8I.wasm": "c1a763778c4eb4873772cf480c758f8b18cbc77beee80c933dda6b2fd19e4b2c",
    "assets/samples/brass-trail-lantern.glb": "c480f979f19a72066da28015e0d96cb6103c411dacdc7a1557e4fef22110ac65",
    "assets/samples/static-crate.glb": "0398a0ec5d10a5e81fcbe92bf2e3ae925012e07a8172fe6eb9d98a337dd89040",
    "assets/ui/arcane-crest.png": "6adf5ab3bf693170ec6930ea7a1a9127bec1c396786a54de1d82fb95d9de1b70",
    "assets/ui/classic-armor.png": "3100c10f6a76bf016bde6bf443bd9990bf5ea45f6fa2391676203620208222f5",
    "assets/ui/classic-bubble.png": "f805a9d4bfe9ad0fe420d8b145cd48a3939fd5ed49283bcedb4f7fbe7f5082dd",
    "assets/ui/classic-crest.png": "9659ae2bd7e17151adfef52e6553c0dde1d696526b4760e03cf75f98e82fd2d5",
    "assets/ui/classic-heart.png": "8450890b9feddffdc1de56a1ad239772aa05660f3cfa0fc8ee3331c09c59ff70",
    "assets/ui/classic-hotbar-slot.png": "1047c3bf67b9784d0d42eb2016342ab5a62a037c379c9d05fe3de6b826cecfa1",
    "assets/ui/classic-panel.png": "10621cd400a10dc7b388b6eae4d4d2027826031b4d2a83a5bb851873dda3e64e",
    "assets/ui/health-heart.png": "420d5d7259def81ba52b862a1dc16216c5b6770916175f8123f84fc8c3ba4d98",
    "assets/ui/hunger-drumstick.png": "e9aea4d225e0e11483c79b951104a51d155b37c3a3cf8ac6b6b8a74ca0790964",
    "assets/ui/obsidian-brass-panel.png": "2503ddff8c1777f07fea8928019e8c22028aa97a22128c07f3cd6836901c79a3",
    "assets/ui/obsidian-hotbar-slot.png": "2d48dd9b581396c8e5e7c769c95c780bce383922ff10d4ca9d97ee8cee39a910",
    "assets/vendor-common-D3-4p7n_.js": "02be4fc96226bdd21d876c761e78edf51595d945caa5cbb43e62d318848284f7",
    "assets/vendor-playcanvas-7APsQ7DR.js": "de5e3d67dbd505c74dcf45046719c9b1bd25eaffea24fac8548f17dc972e97ba",
    "assets/vendor-svelte-CVxNowTz.js": "48d65f6cf63b2449a5facb64a4f76d150f07443ea4d48b9a391b4e5ce6ff487e",
    "assets/vendor-tone-CKLKH-mG.js": "955cb5ee583165f420bf1c830972e84f737f1ea3c08d1c58e2dad4a114099572",
    "assets/voxel-atlas.webp": "0736ddf633567ecb04d33b8a5bc3f761667c965763319101922ff340c342cf5f",
    "assets/voxels/grass.png": "64db3ffee93a6ea531b9de460920f384bac05b54682e8c470d3ec636a0b4cb62",
    "assets/voxels/leaves.png": "f2ea8303470223c5e47a9d537df83daf4dc686946092cd66d6932f97300f44dd",
    "assets/voxels/snow.png": "da52f0bed759f991b953c26151b77b15950f50fd8025fcc11de25364feeac7e1",
    "assets/world-worker-DiexBVyO.js": "80fcc81265846f8a75ee6117827fa6121af68fda54726cb0845d4d41890cc570",
    "index.html": "278cc511abebeeb2e5f23fe45bffeb0730c17df85860b9ef5f849da09ae5b952",
    "models/classic/chicken.glb": "e11d85638b6f0d5c527bf6c71bd69ced76b0535fc9b8d18b01843d56e7e4fe52",
    "models/classic/chicken.png": "a7c9fe54320da7dd157481c320b65b9e67ff031d6d5965cbba1c65866b6d9c12",
    "models/classic/cow.glb": "b46cfe628e78f93619e7a63ab12401e58f4c7cd90d279895ead1ca3b18b40c50",
    "models/classic/cow.png": "f38ccaf3d2e598c0f4c9adef2378cbcc5dbb191aa4f85ebf43485241488d3cb5",
    "models/classic/creeper.glb": "0c8057ed1ab6848a9cbc8fd460feadcd19b7d56e28af6c64f1fb365d228eebe5",
    "models/classic/creeper.png": "fcccf14265c33c1759b467f2c2330eb987647934a130657af8268b843e8cc52f",
    "models/classic/manifest.json": "3a9fc0aa71dde6e6f9d1d0d4cb26c38be6ab5e8caa3782a7901ca40737a19e72",
    "models/classic/pig-zombie.glb": "19d9143ab5152b4164338bfcdb291fcc0f87a75366d69629d4bba605e52a1033",
    "models/classic/pig-zombie.png": "e744c4f8cd45ac9e25a0a35b637bece6f879e21d62b23443fbf9239516f1c76d",
    "models/classic/pig.glb": "691268ae93bd0257d5dcaac4c2b8bc9a79607f89ea10965e2fe5dae4c8e8587b",
    "models/classic/pig.png": "c465115a37580921e1ca51ca62686218e189fe6c5988e9af33555ab5a959b6d9",
    "models/classic/sheep.glb": "b43345dd4fdc5b32aa7b7ae437c5d25dec49aa6a13ff66194ab91dff6172c95f",
    "models/classic/sheep.png": "af5a0c080a2b5c71b4f3a6d577513365edf56554a9e5992a821e9a1d9b02cd5d",
    "models/classic/skeleton.glb": "8028e5d4d3317744455a3331b00b022cc5c3c99303abb3058a897010c229a3e0",
    "models/classic/skeleton.png": "3b61bd3383ccd53ac8a57b45b309f76a160c8a7cad5382fc9a9839c937a50e59",
    "models/classic/slime.glb": "9e07699ba8c2a44c76d2eda46bef3379f2ac461d7931374350552f5d42b287c0",
    "models/classic/slime.png": "2a8d38fe09a150d40e34a758c6b84962c95f6b9c7bde764ce12b9b4210370b5b",
    "models/classic/spider.glb": "e714e2d904b5224ec50d43558500526add0ed62e4a28e916355e8e472ff322a3",
    "models/classic/spider.png": "c1193b9d247e8c631627f194dae94a0d56ca417b32bd9eb34307799c0a20ee9b",
    "models/classic/squid.glb": "b931a87164adc9d506b20ad58c541791e725a879f7e03ea4aa2717fe4b5fc5eb",
    "models/classic/squid.png": "49942dad9f3e0620c5b13d78e6531c06404ef8d54656bfb0f79801e56803103c",
    "models/classic/wolf.glb": "941627a10375606b803996dd1ec34a8f529355a3c08c7cb58a93d3aae38b63e3",
    "models/classic/wolf.png": "231fbfd32798685f15b1c5fe83c7e31cecc43f80cb5760b8de3f1ad7a7308db1",
    "models/classic/zombie.glb": "df3ac5b3a8c0df440e0600799e64247f246379605c3aae4fe4ee5ec23c62a32b",
    "models/classic/zombie.png": "9a2ab70cd20c4680886c096067aa9135524ec77992956e7ede4a267238138f2d",
    "packs/host-admissions.json": "a43cda22b3038c96604dd4716ca87ff422952066193e52e94b3b921397b2f132",
    "packs/overworld.manifest.json": "14e53b01e8c31a80d10bcb4109d3e3c13abe69b046b60f2ebc80bbd9f585bcb3",
    "packs/overworld.mjs": "4b12ea606bd12dc62e74ea40e5e90678231cf866fecd2ce2a97eea3a21c38142",
    "packs/packs.lock.json": "fd4054012073c1252f7f8a63d9d9d09ac968620c6859cff9ca78aaebda3d2332",
    "packs/playbooks/classic/assets/audio/to-far-shores.mp3": "3c69ae745727607de266898ab68a92c7c75f7f08e27daf0c6cec463f7bd119c9",
    "packs/playbooks/classic/presentation.json": "a1e379e5e8a9d5f5d41ef7ce204863af0d0cfe41b9e3081e138d87d2517d9f5b"
  },
  "builtAt": "2026-09-25T12:04:18.160Z"
}
