{
  "schemaVersion": 1,
  "kind": "seedlands-performance-window",
  "status": "PASS",
  "version": 2,
  "ownerThread": "seedlands-performance-validator",
  "runId": "v2-canonical-browser-13-report-final",
  "pid": 70212,
  "startedAt": "2026-09-25T22:31:53.113Z",
  "windowId": "v2-canonical-browser-13-report-final",
  "evidencePath": "changes/2026-09-23-classic-functional-completion/evidence/v2-canonical-browser-13/report-final-window.json.log",
  "waitedMs": 1,
  "endedAt": "2026-09-25T22:31:53.555Z",
  "exitCode": 0,
  "signal": null,
  "measurement": {
    "status": "NOT_RECORDED"
  },
  "samples": [
    {
      "at": "2026-09-25T22:31:53.114Z",
      "loadAverage": [
        2.7802734375,
        2.98779296875,
        3.1025390625
      ],
      "freeMemoryBytes": 406552576,
      "totalMemoryBytes": 38654705664
    },
    {
      "at": "2026-09-25T22:31:53.554Z",
      "loadAverage": [
        2.7802734375,
        2.98779296875,
        3.1025390625
      ],
      "freeMemoryBytes": 272154624,
      "totalMemoryBytes": 38654705664
    }
  ]
}
