$ node scripts/harness/classic.mjs

[WebServer] (node:61281) Warning: The 'NO_COLOR' env is ignored due to the 'FORCE_COLOR' env being set.
[WebServer] (Use `node --trace-warnings ...` to show where the warning was created)
[WebServer] $ vite preview --host 127.0.0.1 --port 4273 --strictPort
[WebServer] (node:61305) Warning: The 'NO_COLOR' env is ignored due to the 'FORCE_COLOR' env being set.
[WebServer] (Use `node --trace-warnings ...` to show where the warning was created)

Running 3 tests using 1 worker

(node:61313) Warning: The 'NO_COLOR' env is ignored due to the 'FORCE_COLOR' env being set.
(Use `node --trace-warnings ...` to show where the warning was created)
     1.1 [chromium] › apps/web/tests/e2e/classic-runtime.spec.ts:73:1 › Classic 生产旅程以真实输入完成 C0-C5，并复用同一运行时性能场景 › C0 启动固定 Classic 生产世界并冻结初态 (4.0s)

     1.2 [chromium] › apps/web/tests/e2e/classic-runtime.spec.ts:73:1 › Classic 生产旅程以真实输入完成 C0-C5，并复用同一运行时性能场景 › C1 Pointer Lock、真实转向/移动/跳跃并跨越 Chunk (17.6s)
     1.3 [chromium] › apps/web/tests/e2e/classic-runtime.spec.ts:73:1 › Classic 生产旅程以真实输入完成 C0-C5，并复用同一运行时性能场景 › C2 真实采集、掉落拾取、背包与配方 (22.3s)

     1.4 [chromium] › apps/web/tests/e2e/classic-runtime.spec.ts:73:1 › Classic 生产旅程以真实输入完成 C0-C5，并复用同一运行时性能场景 › C3 真实建造、进食和现有战斗 (16.0s)


     1.5 [chromium] › apps/web/tests/e2e/classic-runtime.spec.ts:73:1 › Classic 生产旅程以真实输入完成 C0-C5，并复用同一运行时性能场景 › V1 水桶、跨 Chunk 木门与唱片机均通过正式玩家输入 (1.3m)
  ✘  1 [chromium] › apps/web/tests/e2e/classic-runtime.spec.ts:73:1 › Classic 生产旅程以真实输入完成 C0-C5，并复用同一运行时性能场景 (2.6m)
(node:62060) Warning: The 'NO_COLOR' env is ignored due to the 'FORCE_COLOR' env being set.
(Use `node --trace-warnings ...` to show where the warning was created)

  ✓  2 [chromium] › apps/web/tests/e2e/classic-runtime.spec.ts:509:1 › Classic 视觉 v3 生产素材、连续帧与单击破坏回归 (31.7s)
  -  3 [chromium] › apps/web/tests/e2e/classic-runtime.spec.ts:514:1 › 非 Classic Playbook 从锁定 production artifact 启动并消费自定义 worldgen/voxel/presentation


  1) [chromium] › apps/web/tests/e2e/classic-runtime.spec.ts:73:1 › Classic 生产旅程以真实输入完成 C0-C5，并复用同一运行时性能场景 › V1 水桶、跨 Chunk 木门与唱片机均通过正式玩家输入 

    Error: Real mouse input could not reacquire 70,31,0; last targets=["70,32,0","70,32,0","70,32,0","70,32,0","70,32,0","70,32,0","70,32,0","70,32,0","70,32,0","70,32,0","70,32,0","70,32,0"].

       at apps/web/tests/e2e/classic-support/aim.ts:61

      59 |   }
      60 |
    > 61 |   throw new Error(`Real mouse input could not reacquire ${expected}; last targets=${JSON.stringify(history)}.`);
         |         ^
      62 | }
      63 |
        at aimAtVoxelWithRealMouse (/private/tmp/seedlands-v2-acceptance-00009bf2/apps/web/tests/e2e/classic-support/aim.ts:61:9)
        at Module.completeV1SliceBeforeSave (/private/tmp/seedlands-v2-acceptance-00009bf2/apps/web/tests/e2e/classic-support/v1-slice.ts:293:3)
        at /private/tmp/seedlands-v2-acceptance-00009bf2/apps/web/tests/e2e/classic-runtime.spec.ts:307:20
        at /private/tmp/seedlands-v2-acceptance-00009bf2/apps/web/tests/e2e/classic-runtime.spec.ts:305:3

    Error Context: test-results/apps-web-tests-e2e-classic-5f18c-程以真实输入完成-C0-C5，并复用同一运行时性能场景-chromium/error-context.md

    attachment #8: trace (application/zip) ─────────────────────────────────────────────────────────
    test-results/apps-web-tests-e2e-classic-5f18c-程以真实输入完成-C0-C5，并复用同一运行时性能场景-chromium/trace.zip
    Usage:

        pnpm exec playwright show-trace test-results/apps-web-tests-e2e-classic-5f18c-程以真实输入完成-C0-C5，并复用同一运行时性能场景-chromium/trace.zip

    ────────────────────────────────────────────────────────────────────────────────────────────────

  1 failed
    [chromium] › apps/web/tests/e2e/classic-runtime.spec.ts:73:1 › Classic 生产旅程以真实输入完成 C0-C5，并复用同一运行时性能场景 
  1 skipped
  1 passed (3.3m)
[ELIFECYCLE] Command failed with exit code 1.

