{
  "schemaVersion": 1,
  "kind": "seedlands-performance-window",
  "status": "PASS",
  "version": 2,
  "ownerThread": "seedlands-performance-validator",
  "runId": "v2-post-browser25-gap-map-01-final-selfcheck-06",
  "pid": 50945,
  "startedAt": "2026-09-29T01:44:44.115Z",
  "windowId": "v2-post-browser25-gap-map-01-final-selfcheck-06",
  "evidencePath": "changes/2026-09-23-classic-functional-completion/evidence/v2-post-browser25-acceptance-gap-map-01/final-selfcheck-06.window.json.log",
  "waitedMs": 1,
  "endedAt": "2026-09-29T01:44:46.740Z",
  "exitCode": 0,
  "signal": null,
  "measurement": {
    "status": "NOT_RECORDED"
  },
  "samples": [
    {
      "at": "2026-09-29T01:44:44.116Z",
      "loadAverage": [
        2.15869140625,
        2.5654296875,
        2.8642578125
      ],
      "freeMemoryBytes": 8864661504,
      "totalMemoryBytes": 38654705664
    },
    {
      "at": "2026-09-29T01:44:46.738Z",
      "loadAverage": [
        2.15869140625,
        2.5654296875,
        2.8642578125
      ],
      "freeMemoryBytes": 8935161856,
      "totalMemoryBytes": 38654705664
    }
  ]
}
