{
  "schemaVersion": 1,
  "kind": "seedlands-performance-window",
  "status": "FAIL",
  "version": 2,
  "ownerThread": "seedlands-performance-validator",
  "runId": "v2-post-browser25-gap-map-01-final-selfcheck",
  "pid": 36705,
  "startedAt": "2026-09-29T01:33:20.932Z",
  "windowId": "v2-post-browser25-gap-map-01-final-selfcheck",
  "evidencePath": "changes/2026-09-23-classic-functional-completion/evidence/v2-post-browser25-acceptance-gap-map-01/final-selfcheck.window.json.log",
  "waitedMs": 1,
  "endedAt": "2026-09-29T01:33:21.067Z",
  "exitCode": 127,
  "signal": null,
  "measurement": {
    "status": "NOT_RECORDED"
  },
  "samples": [
    {
      "at": "2026-09-29T01:33:20.933Z",
      "loadAverage": [
        2.3837890625,
        2.4560546875,
        3.103515625
      ],
      "freeMemoryBytes": 9103261696,
      "totalMemoryBytes": 38654705664
    },
    {
      "at": "2026-09-29T01:33:21.065Z",
      "loadAverage": [
        2.3837890625,
        2.4560546875,
        3.103515625
      ],
      "freeMemoryBytes": 9111814144,
      "totalMemoryBytes": 38654705664
    }
  ]
}
