{
  "schemaVersion": 1,
  "kind": "seedlands-performance-window",
  "status": "PASS",
  "version": 2,
  "ownerThread": "seedlands-performance-validator",
  "runId": "v2-post-browser25-gap-map-01-format",
  "pid": 32921,
  "startedAt": "2026-09-29T01:28:22.039Z",
  "windowId": "v2-post-browser25-gap-map-01-format",
  "evidencePath": "changes/2026-09-23-classic-functional-completion/evidence/v2-post-browser25-acceptance-gap-map-01/metadata-format.window.json.log",
  "waitedMs": 2,
  "endedAt": "2026-09-29T01:28:24.298Z",
  "exitCode": 0,
  "signal": null,
  "measurement": {
    "status": "NOT_RECORDED"
  },
  "samples": [
    {
      "at": "2026-09-29T01:28:22.041Z",
      "loadAverage": [
        2.3349609375,
        2.767578125,
        3.46142578125
      ],
      "freeMemoryBytes": 9701457920,
      "totalMemoryBytes": 38654705664
    },
    {
      "at": "2026-09-29T01:28:24.297Z",
      "loadAverage": [
        2.70849609375,
        2.83740234375,
        3.48193359375
      ],
      "freeMemoryBytes": 9659056128,
      "totalMemoryBytes": 38654705664
    }
  ]
}
