{
  "schemaVersion": 1,
  "kind": "seedlands-performance-window",
  "status": "PASS",
  "version": 2,
  "ownerThread": "seedlands-performance-validator",
  "runId": "v2-post-browser25-gap-map-01-format-final",
  "pid": 35996,
  "startedAt": "2026-09-29T01:31:23.401Z",
  "windowId": "v2-post-browser25-gap-map-01-format-final",
  "evidencePath": "changes/2026-09-23-classic-functional-completion/evidence/v2-post-browser25-acceptance-gap-map-01/metadata-format-final.window.json.log",
  "waitedMs": 1,
  "endedAt": "2026-09-29T01:31:23.708Z",
  "exitCode": 0,
  "signal": null,
  "measurement": {
    "status": "NOT_RECORDED"
  },
  "samples": [
    {
      "at": "2026-09-29T01:31:23.402Z",
      "loadAverage": [
        2.1201171875,
        2.515625,
        3.2255859375
      ],
      "freeMemoryBytes": 9370648576,
      "totalMemoryBytes": 38654705664
    },
    {
      "at": "2026-09-29T01:31:23.706Z",
      "loadAverage": [
        2.1201171875,
        2.515625,
        3.2255859375
      ],
      "freeMemoryBytes": 9362374656,
      "totalMemoryBytes": 38654705664
    }
  ]
}
