{
  "schemaVersion": 1,
  "kind": "seedlands-performance-window",
  "status": "PASS",
  "version": 2,
  "ownerThread": "seedlands-performance-validator",
  "runId": "3c27e21f-51d5-4e0b-960b-a005a57a4849",
  "pid": 54958,
  "startedAt": "2026-09-26T00:21:33.336Z",
  "windowId": "3c27e21f-51d5-4e0b-960b-a005a57a4849",
  "evidencePath": "changes/2026-09-23-classic-functional-completion/evidence/v2-artifact-build-05/metadata-format.window.json.log",
  "waitedMs": 1,
  "endedAt": "2026-09-26T00:21:33.888Z",
  "exitCode": 0,
  "signal": null,
  "measurement": {
    "status": "NOT_RECORDED"
  },
  "samples": [
    {
      "at": "2026-09-26T00:21:33.337Z",
      "loadAverage": [
        2.63720703125,
        3.068359375,
        3.47314453125
      ],
      "freeMemoryBytes": 380928000,
      "totalMemoryBytes": 38654705664
    },
    {
      "at": "2026-09-26T00:21:33.886Z",
      "loadAverage": [
        2.63720703125,
        3.068359375,
        3.47314453125
      ],
      "freeMemoryBytes": 359235584,
      "totalMemoryBytes": 38654705664
    }
  ]
}
