capturedAt=2026-09-26T00:19:15Z
sourceSha=0a0a63188805f0a7d96221a841e2b6292fa97205
sourceTree=ab92a25e22c025d65a4948e469ededf29a6e4c71
trackedChanges=0
indexClean=true
rootStdlib=/private/tmp/seedlands-v2-acceptance-0a0a6318/packages/stdlib
stdlibKernel=/private/tmp/seedlands-v2-acceptance-0a0a6318/packages/kernel
classicStdlib=/private/tmp/seedlands-v2-acceptance-0a0a6318/packages/stdlib
webStdlib=/private/tmp/seedlands-v2-acceptance-0a0a6318/packages/stdlib
webClassic=/private/tmp/seedlands-v2-acceptance-0a0a6318/playbooks/classic
taskStateLocal=true
distFilesIncludingReceipt=277
port4273Listening=false
acceptanceTreeProcesses=0
v2AcceptanceTreesPreserved=5
v1AcceptanceTreesPreserved=9
artifact={"schemaVersion":1,"sourceSha":"0a0a63188805f0a7d96221a841e2b6292fa97205","sourceDigest":"c86e64716b9bd29f79bcf7897437342f97766faaa110907fd12046f9e0f64bc2","lockDigest":"44db46fb0f159ebe6d88435c8cfb5d46127d1c7f363a50d19217d454c30e1169","artifactDigest":"fc7ac0053fd73c08035e95b41d39bf80889c7e23155a9e14d88a096f0b54f6e2","builtAt":"2026-09-26T00:17:03.654Z","fileCount":276}
artifactReceiptSha256=869ad08581fec7c293523c51ae997041674ab0fba95bb5b9d99164ba434cc8e1
packLockSha256=d365ec8409eee8b1d0155cb0e0ec2fb6e966e1bf351696496314e5cac01950b7
mediaSourceBytes=2976045
mediaSourceMime=audio/mpeg
mediaSourceSha256=3c69ae745727607de266898ab68a92c7c75f7f08e27daf0c6cec463f7bd119c9
mediaDistBytes=2976045
mediaDistMime=audio/mpeg
mediaDistSha256=3c69ae745727607de266898ab68a92c7c75f7f08e27daf0c6cec463f7bd119c9
packLockMedia={"path":"playbooks/classic/assets/audio/to-far-shores.mp3","sha256":"3c69ae745727607de266898ab68a92c7c75f7f08e27daf0c6cec463f7bd119c9","size":2976045,"contentType":"audio/mpeg"}
