{
  "schemaVersion": 1,
  "kind": "seedlands-performance-window",
  "status": "PASS",
  "version": 2,
  "ownerThread": "seedlands-performance-validator",
  "runId": "git23-classic-armor",
  "pid": 27750,
  "startedAt": "2026-09-25T13:07:18.030Z",
  "windowId": "git23-classic-armor",
  "evidencePath": "changes/2026-09-23-classic-functional-completion/evidence/git-23-registered-combat-armor/classic-armor-window.json.log",
  "waitedMs": 1,
  "endedAt": "2026-09-25T13:07:19.685Z",
  "exitCode": 0,
  "signal": null,
  "measurement": {
    "status": "NOT_RECORDED"
  },
  "samples": [
    {
      "at": "2026-09-25T13:07:18.031Z",
      "loadAverage": [
        3.46142578125,
        3.35888671875,
        3.2578125
      ],
      "freeMemoryBytes": 156958720,
      "totalMemoryBytes": 38654705664
    },
    {
      "at": "2026-09-25T13:07:19.683Z",
      "loadAverage": [
        3.46142578125,
        3.35888671875,
        3.2578125
      ],
      "freeMemoryBytes": 462372864,
      "totalMemoryBytes": 38654705664
    }
  ]
}
