{
  "schemaVersion": 1,
  "kind": "seedlands-performance-window",
  "status": "FAIL",
  "version": 2,
  "ownerThread": "seedlands-performance-validator",
  "runId": "git23-death-red",
  "pid": 28115,
  "startedAt": "2026-09-25T13:07:57.088Z",
  "windowId": "git23-death-red",
  "evidencePath": "changes/2026-09-23-classic-functional-completion/evidence/git-23-registered-combat-armor/death-red-window.json.log",
  "waitedMs": 2,
  "endedAt": "2026-09-25T13:07:58.583Z",
  "exitCode": 1,
  "signal": null,
  "measurement": {
    "status": "NOT_RECORDED"
  },
  "samples": [
    {
      "at": "2026-09-25T13:07:57.090Z",
      "loadAverage": [
        3.5498046875,
        3.3955078125,
        3.2734375
      ],
      "freeMemoryBytes": 726237184,
      "totalMemoryBytes": 38654705664
    },
    {
      "at": "2026-09-25T13:07:58.582Z",
      "loadAverage": [
        3.58544921875,
        3.4052734375,
        3.27734375
      ],
      "freeMemoryBytes": 778436608,
      "totalMemoryBytes": 38654705664
    }
  ]
}
