{
  "schemaVersion": 1,
  "kind": "seedlands-performance-window",
  "status": "PASS",
  "version": 2,
  "ownerThread": "seedlands-performance-validator",
  "runId": "git23-doc-format-01",
  "pid": 23443,
  "startedAt": "2026-09-25T13:03:55.009Z",
  "windowId": "git23-doc-format-01",
  "evidencePath": "changes/2026-09-23-classic-functional-completion/evidence/git-23-registered-combat-armor/doc-format-01-window.json.log",
  "waitedMs": 1,
  "endedAt": "2026-09-25T13:03:55.250Z",
  "exitCode": 0,
  "signal": null,
  "measurement": {
    "status": "NOT_RECORDED"
  },
  "samples": [
    {
      "at": "2026-09-25T13:03:55.010Z",
      "loadAverage": [
        4.25439453125,
        3.27099609375,
        3.20947265625
      ],
      "freeMemoryBytes": 183894016,
      "totalMemoryBytes": 38654705664
    },
    {
      "at": "2026-09-25T13:03:55.247Z",
      "loadAverage": [
        4.25439453125,
        3.27099609375,
        3.20947265625
      ],
      "freeMemoryBytes": 183894016,
      "totalMemoryBytes": 38654705664
    }
  ]
}
