{
  "schemaVersion": 1,
  "kind": "seedlands-performance-window",
  "status": "PASS",
  "version": 2,
  "ownerThread": "seedlands-performance-validator",
  "runId": "git23-equipment-regression",
  "pid": 28094,
  "startedAt": "2026-09-25T13:07:46.376Z",
  "windowId": "git23-equipment-regression",
  "evidencePath": "changes/2026-09-23-classic-functional-completion/evidence/git-23-registered-combat-armor/equipment-regression-window.json.log",
  "waitedMs": 1,
  "endedAt": "2026-09-25T13:07:47.127Z",
  "exitCode": 0,
  "signal": null,
  "measurement": {
    "status": "NOT_RECORDED"
  },
  "samples": [
    {
      "at": "2026-09-25T13:07:46.377Z",
      "loadAverage": [
        3.5556640625,
        3.392578125,
        3.271484375
      ],
      "freeMemoryBytes": 672923648,
      "totalMemoryBytes": 38654705664
    },
    {
      "at": "2026-09-25T13:07:47.126Z",
      "loadAverage": [
        3.5556640625,
        3.392578125,
        3.271484375
      ],
      "freeMemoryBytes": 690896896,
      "totalMemoryBytes": 38654705664
    }
  ]
}
