{
  "schemaVersion": 1,
  "kind": "seedlands-performance-window",
  "status": "PASS",
  "version": 2,
  "ownerThread": "seedlands-performance-validator",
  "runId": "git23-evidence-docs-final",
  "pid": 33121,
  "startedAt": "2026-09-25T13:14:03.673Z",
  "windowId": "git23-evidence-docs-final",
  "evidencePath": "changes/2026-09-23-classic-functional-completion/evidence/git-23-registered-combat-armor/evidence-docs-window.json.log",
  "waitedMs": 1,
  "endedAt": "2026-09-25T13:14:03.894Z",
  "exitCode": 0,
  "signal": null,
  "measurement": {
    "status": "NOT_RECORDED"
  },
  "samples": [
    {
      "at": "2026-09-25T13:14:03.674Z",
      "loadAverage": [
        2.9794921875,
        3.1796875,
        3.20263671875
      ],
      "freeMemoryBytes": 223592448,
      "totalMemoryBytes": 38654705664
    },
    {
      "at": "2026-09-25T13:14:03.892Z",
      "loadAverage": [
        2.9794921875,
        3.1796875,
        3.20263671875
      ],
      "freeMemoryBytes": 257654784,
      "totalMemoryBytes": 38654705664
    }
  ]
}
