{
  "schemaVersion": 1,
  "kind": "seedlands-performance-window",
  "status": "PASS",
  "version": 2,
  "ownerThread": "seedlands-performance-validator",
  "runId": "git23-scoped-diff",
  "pid": 29113,
  "startedAt": "2026-09-25T13:10:23.029Z",
  "windowId": "git23-scoped-diff",
  "evidencePath": "changes/2026-09-23-classic-functional-completion/evidence/git-23-registered-combat-armor/scoped-diff-window.json.log",
  "waitedMs": 1,
  "endedAt": "2026-09-25T13:10:23.059Z",
  "exitCode": 0,
  "signal": null,
  "measurement": {
    "status": "NOT_RECORDED"
  },
  "samples": [
    {
      "at": "2026-09-25T13:10:23.030Z",
      "loadAverage": [
        3.1396484375,
        3.27734375,
        3.2431640625
      ],
      "freeMemoryBytes": 651821056,
      "totalMemoryBytes": 38654705664
    },
    {
      "at": "2026-09-25T13:10:23.057Z",
      "loadAverage": [
        3.1396484375,
        3.27734375,
        3.2431640625
      ],
      "freeMemoryBytes": 649789440,
      "totalMemoryBytes": 38654705664
    }
  ]
}
