{
  "schemaVersion": 1,
  "kind": "seedlands-performance-window",
  "status": "PASS",
  "version": 2,
  "ownerThread": "seedlands-performance-validator",
  "runId": "git23-staged-eslint",
  "pid": 28867,
  "startedAt": "2026-09-25T13:09:47.483Z",
  "windowId": "git23-staged-eslint",
  "evidencePath": "changes/2026-09-23-classic-functional-completion/evidence/git-23-registered-combat-armor/staged-eslint-window.json.log",
  "waitedMs": 1,
  "endedAt": "2026-09-25T13:09:49.393Z",
  "exitCode": 0,
  "signal": null,
  "measurement": {
    "status": "NOT_RECORDED"
  },
  "samples": [
    {
      "at": "2026-09-25T13:09:47.484Z",
      "loadAverage": [
        2.8740234375,
        3.26416015625,
        3.2373046875
      ],
      "freeMemoryBytes": 851558400,
      "totalMemoryBytes": 38654705664
    },
    {
      "at": "2026-09-25T13:09:49.392Z",
      "loadAverage": [
        2.8837890625,
        3.259765625,
        3.23583984375
      ],
      "freeMemoryBytes": 810270720,
      "totalMemoryBytes": 38654705664
    }
  ]
}
