{
  "schemaVersion": 1,
  "kind": "seedlands-performance-window",
  "status": "PASS",
  "version": 2,
  "ownerThread": "seedlands-performance-validator",
  "runId": "v2-canonical-browser-14-metadata-final",
  "pid": 86244,
  "startedAt": "2026-09-26T00:58:11.397Z",
  "windowId": "v2-canonical-browser-14-metadata-final",
  "evidencePath": "changes/2026-09-23-classic-functional-completion/evidence/v2-canonical-browser-14/metadata-final-window.json.log",
  "waitedMs": 1,
  "endedAt": "2026-09-26T00:58:12.181Z",
  "exitCode": 0,
  "signal": null,
  "measurement": {
    "status": "NOT_RECORDED"
  },
  "samples": [
    {
      "at": "2026-09-26T00:58:11.399Z",
      "loadAverage": [
        2.619140625,
        3.09716796875,
        3.1435546875
      ],
      "freeMemoryBytes": 455737344,
      "totalMemoryBytes": 38654705664
    },
    {
      "at": "2026-09-26T00:58:12.179Z",
      "loadAverage": [
        2.619140625,
        3.09716796875,
        3.1435546875
      ],
      "freeMemoryBytes": 429211648,
      "totalMemoryBytes": 38654705664
    }
  ]
}
