$ node scripts/harness/classic.mjs
[WebServer] (node:39301) Warning: The 'NO_COLOR' env is ignored due to the 'FORCE_COLOR' env being set.
[WebServer] (Use `node --trace-warnings ...` to show where the warning was created)
[WebServer] $ vite preview --host 127.0.0.1 --port 4273 --strictPort
[WebServer] (node:39314) Warning: The 'NO_COLOR' env is ignored due to the 'FORCE_COLOR' env being set.
[WebServer] (Use `node --trace-warnings ...` to show where the warning was created)
Error: Cannot find module '/private/tmp/seedlands-v2-acceptance-556c9b76/changes/2026-09-23-classic-functional-completion/evidence/v2-canonical-terminal-receipt-close-16/predecessor-close15/files/apps/web/tests/e2e/classic-support/visual-rebuild' imported from /private/tmp/seedlands-v2-acceptance-556c9b76/changes/2026-09-23-classic-functional-completion/evidence/v2-canonical-terminal-receipt-close-16/predecessor-close15/files/apps/web/tests/e2e/classic-runtime.spec.ts
    at eval (<anonymous>:1:1)
Error: Cannot find module '/private/tmp/seedlands-v2-acceptance-556c9b76/changes/2026-09-23-classic-functional-completion/evidence/v2-canonical-terminal-receipt-close-16-null-closure/prior-release/files/apps/web/tests/e2e/classic-support/visual-rebuild' imported from /private/tmp/seedlands-v2-acceptance-556c9b76/changes/2026-09-23-classic-functional-completion/evidence/v2-canonical-terminal-receipt-close-16-null-closure/prior-release/files/apps/web/tests/e2e/classic-runtime.spec.ts
    at eval (<anonymous>:1:1)

file:///private/tmp/seedlands-v2-acceptance-556c9b76/scripts/harness/classic-receipt.mjs:211
  if (options.processStatus !== 0) throw new Error('Classic Playwright process did not exit successfully.');
                                         ^

Error: Classic Playwright process did not exit successfully.
    at validateClassicRunReceipt (file:///private/tmp/seedlands-v2-acceptance-556c9b76/scripts/harness/classic-receipt.mjs:211:42)
    at file:///private/tmp/seedlands-v2-acceptance-556c9b76/scripts/harness/classic.mjs:31:26
    at ModuleJob.run (node:internal/modules/esm/module_job:561:25)
    at async node:internal/modules/esm/loader:647:26
    at async asyncRunEntryPointWithESMLoader (node:internal/modules/run_main:101:5)

Node.js v24.21.0
[ELIFECYCLE] Command failed with exit code 1.
