{
  "schemaVersion": 1,
  "kind": "seedlands-performance-window",
  "status": "FAIL",
  "version": 2,
  "ownerThread": "seedlands-performance-validator",
  "runId": "25700431-601a-4f4d-a294-d90574e3d4f7",
  "pid": 41281,
  "startedAt": "2026-09-28T05:59:07.361Z",
  "windowId": "25700431-601a-4f4d-a294-d90574e3d4f7",
  "evidencePath": "harness/results/performance-windows/25700431-601a-4f4d-a294-d90574e3d4f7.json",
  "waitedMs": 1,
  "endedAt": "2026-09-28T06:12:37.996Z",
  "exitCode": 1,
  "signal": null,
  "measurement": {
    "status": "NOT_RECORDED"
  },
  "samples": [
    {
      "at": "2026-09-28T05:59:07.362Z",
      "loadAverage": [
        2.32470703125,
        2.97998046875,
        3.0625
      ],
      "freeMemoryBytes": 2793570304,
      "totalMemoryBytes": 38654705664
    },
    {
      "at": "2026-09-28T05:59:12.362Z",
      "loadAverage": [
        2.21826171875,
        2.94677734375,
        3.05029296875
      ],
      "freeMemoryBytes": 667123712,
      "totalMemoryBytes": 38654705664
    },
    {
      "at": "2026-09-28T05:59:17.363Z",
      "loadAverage": [
        2.28076171875,
        2.947265625,
        3.0498046875
      ],
      "freeMemoryBytes": 84082688,
      "totalMemoryBytes": 38654705664
    },
    {
      "at": "2026-09-28T05:59:22.366Z",
      "loadAverage": [
        2.177734375,
        2.91455078125,
        3.03759765625
      ],
      "freeMemoryBytes": 99975168,
      "totalMemoryBytes": 38654705664
    },
    {
      "at": "2026-09-28T05:59:27.368Z",
      "loadAverage": [
        2.2431640625,
        2.91552734375,
        3.037109375
      ],
      "freeMemoryBytes": 133185536,
      "totalMemoryBytes": 38654705664
    },
    {
      "at": "2026-09-28T05:59:32.370Z",
      "loadAverage": [
        2.3037109375,
        2.91650390625,
        3.03662109375
      ],
      "freeMemoryBytes": 100597760,
      "totalMemoryBytes": 38654705664
    },
    {
      "at": "2026-09-28T05:59:37.372Z",
      "loadAverage": [
        2.919921875,
        3.03369140625,
        3.0771484375
      ],
      "freeMemoryBytes": 146964480,
      "totalMemoryBytes": 38654705664
    },
    {
      "at": "2026-09-28T05:59:42.374Z",
      "loadAverage": [
        2.92626953125,
        3.03271484375,
        3.07666015625
      ],
      "freeMemoryBytes": 150814720,
      "totalMemoryBytes": 38654705664
    },
    {
      "at": "2026-09-28T05:59:47.377Z",
      "loadAverage": [
        2.85205078125,
        3.01513671875,
        3.0703125
      ],
      "freeMemoryBytes": 197033984,
      "totalMemoryBytes": 38654705664
    },
    {
      "at": "2026-09-28T05:59:52.379Z",
      "loadAverage": [
        3.10400390625,
        3.064453125,
        3.08740234375
      ],
      "freeMemoryBytes": 113278976,
      "totalMemoryBytes": 38654705664
    },
    {
      "at": "2026-09-28T05:59:57.381Z",
      "loadAverage": [
        3.33544921875,
        3.11279296875,
        3.10400390625
      ],
      "freeMemoryBytes": 107806720,
      "totalMemoryBytes": 38654705664
    },
    {
      "at": "2026-09-28T06:00:02.383Z",
      "loadAverage": [
        3.62841796875,
        3.17724609375,
        3.12646484375
      ],
      "freeMemoryBytes": 167804928,
      "totalMemoryBytes": 38654705664
    },
    {
      "at": "2026-09-28T06:00:07.385Z",
      "loadAverage": [
        3.33740234375,
        3.1240234375,
        3.10791015625
      ],
      "freeMemoryBytes": 175407104,
      "totalMemoryBytes": 38654705664
    },
    {
      "at": "2026-09-28T06:00:12.387Z",
      "loadAverage": [
        6.99365234375,
        3.88525390625,
        3.37646484375
      ],
      "freeMemoryBytes": 238960640,
      "totalMemoryBytes": 38654705664
    },
    {
      "at": "2026-09-28T06:00:17.389Z",
      "loadAverage": [
        6.673828125,
        3.8701171875,
        3.3740234375
      ],
      "freeMemoryBytes": 141262848,
      "totalMemoryBytes": 38654705664
    },
    {
      "at": "2026-09-28T06:00:22.391Z",
      "loadAverage": [
        6.61962890625,
        3.9052734375,
        3.38916015625
      ],
      "freeMemoryBytes": 217694208,
      "totalMemoryBytes": 38654705664
    },
    {
      "at": "2026-09-28T06:00:27.393Z",
      "loadAverage": [
        6.40966796875,
        3.90673828125,
        3.392578125
      ],
      "freeMemoryBytes": 114016256,
      "totalMemoryBytes": 38654705664
    },
    {
      "at": "2026-09-28T06:00:32.395Z",
      "loadAverage": [
        6.13623046875,
        3.8916015625,
        3.39013671875
      ],
      "freeMemoryBytes": 640499712,
      "totalMemoryBytes": 38654705664
    },
    {
      "at": "2026-09-28T06:00:37.397Z",
      "loadAverage": [
        5.96484375,
        3.89306640625,
        3.3935546875
      ],
      "freeMemoryBytes": 408141824,
      "totalMemoryBytes": 38654705664
    },
    {
      "at": "2026-09-28T06:00:42.400Z",
      "loadAverage": [
        5.80712890625,
        3.89453125,
        3.39697265625
      ],
      "freeMemoryBytes": 399654912,
      "totalMemoryBytes": 38654705664
    },
    {
      "at": "2026-09-28T06:00:47.401Z",
      "loadAverage": [
        5.662109375,
        3.89599609375,
        3.400390625
      ],
      "freeMemoryBytes": 92880896,
      "totalMemoryBytes": 38654705664
    },
    {
      "at": "2026-09-28T06:00:52.402Z",
      "loadAverage": [
        5.44873046875,
        3.880859375,
        3.39794921875
      ],
      "freeMemoryBytes": 313245696,
      "totalMemoryBytes": 38654705664
    },
    {
      "at": "2026-09-28T06:00:57.404Z",
      "loadAverage": [
        5.09228515625,
        3.8330078125,
        3.3837890625
      ],
      "freeMemoryBytes": 715603968,
      "totalMemoryBytes": 38654705664
    },
    {
      "at": "2026-09-28T06:01:02.406Z",
      "loadAverage": [
        5.00439453125,
        3.83544921875,
        3.38720703125
      ],
      "freeMemoryBytes": 728121344,
      "totalMemoryBytes": 38654705664
    },
    {
      "at": "2026-09-28T06:01:07.409Z",
      "loadAverage": [
        4.84375,
        3.8212890625,
        3.384765625
      ],
      "freeMemoryBytes": 914145280,
      "totalMemoryBytes": 38654705664
    },
    {
      "at": "2026-09-28T06:01:12.411Z",
      "loadAverage": [
        4.61572265625,
        3.791015625,
        3.37646484375
      ],
      "freeMemoryBytes": 820035584,
      "totalMemoryBytes": 38654705664
    },
    {
      "at": "2026-09-28T06:01:17.413Z",
      "loadAverage": [
        4.56640625,
        3.79443359375,
        3.3798828125
      ],
      "freeMemoryBytes": 484409344,
      "totalMemoryBytes": 38654705664
    },
    {
      "at": "2026-09-28T06:01:22.415Z",
      "loadAverage": [
        4.28076171875,
        3.74755859375,
        3.36572265625
      ],
      "freeMemoryBytes": 914767872,
      "totalMemoryBytes": 38654705664
    },
    {
      "at": "2026-09-28T06:01:27.417Z",
      "loadAverage": [
        4.337890625,
        3.76806640625,
        3.375
      ],
      "freeMemoryBytes": 506216448,
      "totalMemoryBytes": 38654705664
    },
    {
      "at": "2026-09-28T06:01:32.419Z",
      "loadAverage": [
        4.150390625,
        3.73828125,
        3.36669921875
      ],
      "freeMemoryBytes": 977944576,
      "totalMemoryBytes": 38654705664
    },
    {
      "at": "2026-09-28T06:01:37.421Z",
      "loadAverage": [
        4.21826171875,
        3.7587890625,
        3.3759765625
      ],
      "freeMemoryBytes": 966492160,
      "totalMemoryBytes": 38654705664
    },
    {
      "at": "2026-09-28T06:01:42.424Z",
      "loadAverage": [
        4.36083984375,
        3.7958984375,
        3.39111328125
      ],
      "freeMemoryBytes": 566312960,
      "totalMemoryBytes": 38654705664
    },
    {
      "at": "2026-09-28T06:01:47.426Z",
      "loadAverage": [
        4.41162109375,
        3.8154296875,
        3.400390625
      ],
      "freeMemoryBytes": 672808960,
      "totalMemoryBytes": 38654705664
    },
    {
      "at": "2026-09-28T06:01:52.429Z",
      "loadAverage": [
        4.21826171875,
        3.78515625,
        3.39208984375
      ],
      "freeMemoryBytes": 756989952,
      "totalMemoryBytes": 38654705664
    },
    {
      "at": "2026-09-28T06:01:57.431Z",
      "loadAverage": [
        4.20068359375,
        3.78857421875,
        3.3955078125
      ],
      "freeMemoryBytes": 771670016,
      "totalMemoryBytes": 38654705664
    },
    {
      "at": "2026-09-28T06:02:02.433Z",
      "loadAverage": [
        4.1044921875,
        3.775390625,
        3.39306640625
      ],
      "freeMemoryBytes": 360955904,
      "totalMemoryBytes": 38654705664
    },
    {
      "at": "2026-09-28T06:02:07.435Z",
      "loadAverage": [
        4.17578125,
        3.79541015625,
        3.40234375
      ],
      "freeMemoryBytes": 158302208,
      "totalMemoryBytes": 38654705664
    },
    {
      "at": "2026-09-28T06:02:12.437Z",
      "loadAverage": [
        4.00146484375,
        3.76513671875,
        3.39404296875
      ],
      "freeMemoryBytes": 924057600,
      "totalMemoryBytes": 38654705664
    },
    {
      "at": "2026-09-28T06:02:17.438Z",
      "loadAverage": [
        3.8408203125,
        3.7353515625,
        3.3857421875
      ],
      "freeMemoryBytes": 453033984,
      "totalMemoryBytes": 38654705664
    },
    {
      "at": "2026-09-28T06:02:22.440Z",
      "loadAverage": [
        4.013671875,
        3.7724609375,
        3.40087890625
      ],
      "freeMemoryBytes": 307249152,
      "totalMemoryBytes": 38654705664
    },
    {
      "at": "2026-09-28T06:02:27.442Z",
      "loadAverage": [
        3.85205078125,
        3.74267578125,
        3.392578125
      ],
      "freeMemoryBytes": 345538560,
      "totalMemoryBytes": 38654705664
    },
    {
      "at": "2026-09-28T06:02:32.444Z",
      "loadAverage": [
        3.70361328125,
        3.71337890625,
        3.38427734375
      ],
      "freeMemoryBytes": 775946240,
      "totalMemoryBytes": 38654705664
    },
    {
      "at": "2026-09-28T06:02:37.444Z",
      "loadAverage": [
        3.72705078125,
        3.7177734375,
        3.3876953125
      ],
      "freeMemoryBytes": 753631232,
      "totalMemoryBytes": 38654705664
    },
    {
      "at": "2026-09-28T06:02:42.446Z",
      "loadAverage": [
        3.42822265625,
        3.65576171875,
        3.36767578125
      ],
      "freeMemoryBytes": 97746944,
      "totalMemoryBytes": 38654705664
    },
    {
      "at": "2026-09-28T06:02:47.448Z",
      "loadAverage": [
        3.6337890625,
        3.6943359375,
        3.3828125
      ],
      "freeMemoryBytes": 1045561344,
      "totalMemoryBytes": 38654705664
    },
    {
      "at": "2026-09-28T06:02:52.450Z",
      "loadAverage": [
        3.5830078125,
        3.6826171875,
        3.38037109375
      ],
      "freeMemoryBytes": 747192320,
      "totalMemoryBytes": 38654705664
    },
    {
      "at": "2026-09-28T06:02:57.452Z",
      "loadAverage": [
        3.6162109375,
        3.6875,
        3.3837890625
      ],
      "freeMemoryBytes": 625885184,
      "totalMemoryBytes": 38654705664
    },
    {
      "at": "2026-09-28T06:03:02.453Z",
      "loadAverage": [
        3.88671875,
        3.7421875,
        3.40478515625
      ],
      "freeMemoryBytes": 71041024,
      "totalMemoryBytes": 38654705664
    },
    {
      "at": "2026-09-28T06:03:07.455Z",
      "loadAverage": [
        3.6552734375,
        3.6962890625,
        3.390625
      ],
      "freeMemoryBytes": 285474816,
      "totalMemoryBytes": 38654705664
    },
    {
      "at": "2026-09-28T06:03:12.457Z",
      "loadAverage": [
        3.8427734375,
        3.734375,
        3.40576171875
      ],
      "freeMemoryBytes": 779763712,
      "totalMemoryBytes": 38654705664
    },
    {
      "at": "2026-09-28T06:03:17.459Z",
      "loadAverage": [
        4.01513671875,
        3.77197265625,
        3.4208984375
      ],
      "freeMemoryBytes": 67092480,
      "totalMemoryBytes": 38654705664
    },
    {
      "at": "2026-09-28T06:03:22.461Z",
      "loadAverage": [
        3.7734375,
        3.7255859375,
        3.40625
      ],
      "freeMemoryBytes": 159334400,
      "totalMemoryBytes": 38654705664
    },
    {
      "at": "2026-09-28T06:03:27.464Z",
      "loadAverage": [
        3.63134765625,
        3.69677734375,
        3.39794921875
      ],
      "freeMemoryBytes": 193658880,
      "totalMemoryBytes": 38654705664
    },
    {
      "at": "2026-09-28T06:03:32.466Z",
      "loadAverage": [
        4.30126953125,
        3.83447265625,
        3.4482421875
      ],
      "freeMemoryBytes": 185139200,
      "totalMemoryBytes": 38654705664
    },
    {
      "at": "2026-09-28T06:03:37.468Z",
      "loadAverage": [
        4.19677734375,
        3.8203125,
        3.4453125
      ],
      "freeMemoryBytes": 148750336,
      "totalMemoryBytes": 38654705664
    },
    {
      "at": "2026-09-28T06:03:42.470Z",
      "loadAverage": [
        3.9404296875,
        3.7734375,
        3.4306640625
      ],
      "freeMemoryBytes": 896221184,
      "totalMemoryBytes": 38654705664
    },
    {
      "at": "2026-09-28T06:03:47.472Z",
      "loadAverage": [
        4.50537109375,
        3.89306640625,
        3.474609375
      ],
      "freeMemoryBytes": 931479552,
      "totalMemoryBytes": 38654705664
    },
    {
      "at": "2026-09-28T06:03:52.473Z",
      "loadAverage": [
        4.3046875,
        3.861328125,
        3.4658203125
      ],
      "freeMemoryBytes": 558284800,
      "totalMemoryBytes": 38654705664
    },
    {
      "at": "2026-09-28T06:03:57.474Z",
      "loadAverage": [
        4.0400390625,
        3.8134765625,
        3.451171875
      ],
      "freeMemoryBytes": 934461440,
      "totalMemoryBytes": 38654705664
    },
    {
      "at": "2026-09-28T06:04:02.476Z",
      "loadAverage": [
        4.11669921875,
        3.8330078125,
        3.4599609375
      ],
      "freeMemoryBytes": 554270720,
      "totalMemoryBytes": 38654705664
    },
    {
      "at": "2026-09-28T06:04:07.477Z",
      "loadAverage": [
        4.10693359375,
        3.83544921875,
        3.462890625
      ],
      "freeMemoryBytes": 822050816,
      "totalMemoryBytes": 38654705664
    },
    {
      "at": "2026-09-28T06:04:12.479Z",
      "loadAverage": [
        4.17822265625,
        3.8544921875,
        3.4716796875
      ],
      "freeMemoryBytes": 603226112,
      "totalMemoryBytes": 38654705664
    },
    {
      "at": "2026-09-28T06:04:17.481Z",
      "loadAverage": [
        3.92333984375,
        3.806640625,
        3.45703125
      ],
      "freeMemoryBytes": 833093632,
      "totalMemoryBytes": 38654705664
    },
    {
      "at": "2026-09-28T06:04:22.482Z",
      "loadAverage": [
        3.60888671875,
        3.7431640625,
        3.4365234375
      ],
      "freeMemoryBytes": 794050560,
      "totalMemoryBytes": 38654705664
    },
    {
      "at": "2026-09-28T06:04:27.482Z",
      "loadAverage": [
        3.47998046875,
        3.7138671875,
        3.427734375
      ],
      "freeMemoryBytes": 607830016,
      "totalMemoryBytes": 38654705664
    },
    {
      "at": "2026-09-28T06:04:32.483Z",
      "loadAverage": [
        3.44140625,
        3.70166015625,
        3.4248046875
      ],
      "freeMemoryBytes": 280969216,
      "totalMemoryBytes": 38654705664
    },
    {
      "at": "2026-09-28T06:04:37.486Z",
      "loadAverage": [
        3.32568359375,
        3.67333984375,
        3.416015625
      ],
      "freeMemoryBytes": 874037248,
      "totalMemoryBytes": 38654705664
    },
    {
      "at": "2026-09-28T06:04:42.488Z",
      "loadAverage": [
        3.37939453125,
        3.6787109375,
        3.41943359375
      ],
      "freeMemoryBytes": 288587776,
      "totalMemoryBytes": 38654705664
    },
    {
      "at": "2026-09-28T06:04:47.490Z",
      "loadAverage": [
        3.1083984375,
        3.6171875,
        3.39892578125
      ],
      "freeMemoryBytes": 689750016,
      "totalMemoryBytes": 38654705664
    },
    {
      "at": "2026-09-28T06:04:52.491Z",
      "loadAverage": [
        3.099609375,
        3.60693359375,
        3.396484375
      ],
      "freeMemoryBytes": 553779200,
      "totalMemoryBytes": 38654705664
    },
    {
      "at": "2026-09-28T06:04:57.494Z",
      "loadAverage": [
        3.25146484375,
        3.6298828125,
        3.40576171875
      ],
      "freeMemoryBytes": 161316864,
      "totalMemoryBytes": 38654705664
    },
    {
      "at": "2026-09-28T06:05:02.496Z",
      "loadAverage": [
        3.07080078125,
        3.5859375,
        3.3916015625
      ],
      "freeMemoryBytes": 515932160,
      "totalMemoryBytes": 38654705664
    },
    {
      "at": "2026-09-28T06:05:07.498Z",
      "loadAverage": [
        3.70556640625,
        3.708984375,
        3.43603515625
      ],
      "freeMemoryBytes": 745193472,
      "totalMemoryBytes": 38654705664
    },
    {
      "at": "2026-09-28T06:05:12.500Z",
      "loadAverage": [
        3.64892578125,
        3.69677734375,
        3.43310546875
      ],
      "freeMemoryBytes": 797933568,
      "totalMemoryBytes": 38654705664
    },
    {
      "at": "2026-09-28T06:05:17.502Z",
      "loadAverage": [
        4.4775390625,
        3.86767578125,
        3.49462890625
      ],
      "freeMemoryBytes": 401489920,
      "totalMemoryBytes": 38654705664
    },
    {
      "at": "2026-09-28T06:05:22.504Z",
      "loadAverage": [
        4.11865234375,
        3.80322265625,
        3.47412109375
      ],
      "freeMemoryBytes": 1161887744,
      "totalMemoryBytes": 38654705664
    },
    {
      "at": "2026-09-28T06:05:27.506Z",
      "loadAverage": [
        4.42919921875,
        3.87255859375,
        3.50048828125
      ],
      "freeMemoryBytes": 1162625024,
      "totalMemoryBytes": 38654705664
    },
    {
      "at": "2026-09-28T06:05:32.506Z",
      "loadAverage": [
        4.39453125,
        3.87451171875,
        3.5029296875
      ],
      "freeMemoryBytes": 1020428288,
      "totalMemoryBytes": 38654705664
    },
    {
      "at": "2026-09-28T06:05:37.508Z",
      "loadAverage": [
        4.12255859375,
        3.82666015625,
        3.48779296875
      ],
      "freeMemoryBytes": 624689152,
      "totalMemoryBytes": 38654705664
    },
    {
      "at": "2026-09-28T06:05:42.510Z",
      "loadAverage": [
        3.9521484375,
        3.7958984375,
        3.47900390625
      ],
      "freeMemoryBytes": 1348485120,
      "totalMemoryBytes": 38654705664
    },
    {
      "at": "2026-09-28T06:05:47.513Z",
      "loadAverage": [
        3.87548828125,
        3.7822265625,
        3.47607421875
      ],
      "freeMemoryBytes": 1926823936,
      "totalMemoryBytes": 38654705664
    },
    {
      "at": "2026-09-28T06:05:52.515Z",
      "loadAverage": [
        3.80517578125,
        3.76904296875,
        3.47314453125
      ],
      "freeMemoryBytes": 1571569664,
      "totalMemoryBytes": 38654705664
    },
    {
      "at": "2026-09-28T06:05:57.515Z",
      "loadAverage": [
        4.94140625,
        4.0048828125,
        3.55810546875
      ],
      "freeMemoryBytes": 2071396352,
      "totalMemoryBytes": 38654705664
    },
    {
      "at": "2026-09-28T06:06:02.517Z",
      "loadAverage": [
        4.62548828125,
        3.95458984375,
        3.54296875
      ],
      "freeMemoryBytes": 2213724160,
      "totalMemoryBytes": 38654705664
    },
    {
      "at": "2026-09-28T06:06:07.518Z",
      "loadAverage": [
        4.4150390625,
        3.921875,
        3.53369140625
      ],
      "freeMemoryBytes": 2530902016,
      "totalMemoryBytes": 38654705664
    },
    {
      "at": "2026-09-28T06:06:12.521Z",
      "loadAverage": [
        4.38134765625,
        3.9228515625,
        3.5361328125
      ],
      "freeMemoryBytes": 2152136704,
      "totalMemoryBytes": 38654705664
    },
    {
      "at": "2026-09-28T06:06:17.520Z",
      "loadAverage": [
        4.0302734375,
        3.857421875,
        3.51513671875
      ],
      "freeMemoryBytes": 3021438976,
      "totalMemoryBytes": 38654705664
    },
    {
      "at": "2026-09-28T06:06:22.522Z",
      "loadAverage": [
        3.94775390625,
        3.8427734375,
        3.51171875
      ],
      "freeMemoryBytes": 2752659456,
      "totalMemoryBytes": 38654705664
    },
    {
      "at": "2026-09-28T06:06:27.524Z",
      "loadAverage": [
        3.95166015625,
        3.84521484375,
        3.51416015625
      ],
      "freeMemoryBytes": 3446718464,
      "totalMemoryBytes": 38654705664
    },
    {
      "at": "2026-09-28T06:06:32.527Z",
      "loadAverage": [
        3.634765625,
        3.78125,
        3.4931640625
      ],
      "freeMemoryBytes": 3619864576,
      "totalMemoryBytes": 38654705664
    },
    {
      "at": "2026-09-28T06:06:37.528Z",
      "loadAverage": [
        3.90380859375,
        3.83447265625,
        3.513671875
      ],
      "freeMemoryBytes": 3358785536,
      "totalMemoryBytes": 38654705664
    },
    {
      "at": "2026-09-28T06:06:42.530Z",
      "loadAverage": [
        3.8310546875,
        3.8203125,
        3.51025390625
      ],
      "freeMemoryBytes": 3216162816,
      "totalMemoryBytes": 38654705664
    },
    {
      "at": "2026-09-28T06:06:47.533Z",
      "loadAverage": [
        3.52392578125,
        3.7568359375,
        3.4892578125
      ],
      "freeMemoryBytes": 3561406464,
      "totalMemoryBytes": 38654705664
    },
    {
      "at": "2026-09-28T06:06:52.535Z",
      "loadAverage": [
        3.64208984375,
        3.77734375,
        3.498046875
      ],
      "freeMemoryBytes": 3737763840,
      "totalMemoryBytes": 38654705664
    },
    {
      "at": "2026-09-28T06:06:57.536Z",
      "loadAverage": [
        3.75048828125,
        3.79736328125,
        3.5068359375
      ],
      "freeMemoryBytes": 3084369920,
      "totalMemoryBytes": 38654705664
    },
    {
      "at": "2026-09-28T06:07:02.538Z",
      "loadAverage": [
        3.44970703125,
        3.73388671875,
        3.48583984375
      ],
      "freeMemoryBytes": 3305897984,
      "totalMemoryBytes": 38654705664
    },
    {
      "at": "2026-09-28T06:07:07.540Z",
      "loadAverage": [
        3.57373046875,
        3.7548828125,
        3.49462890625
      ],
      "freeMemoryBytes": 2980544512,
      "totalMemoryBytes": 38654705664
    },
    {
      "at": "2026-09-28T06:07:12.542Z",
      "loadAverage": [
        3.447265625,
        3.7255859375,
        3.48583984375
      ],
      "freeMemoryBytes": 3451240448,
      "totalMemoryBytes": 38654705664
    },
    {
      "at": "2026-09-28T06:07:17.545Z",
      "loadAverage": [
        3.2509765625,
        3.68017578125,
        3.47119140625
      ],
      "freeMemoryBytes": 3164897280,
      "totalMemoryBytes": 38654705664
    },
    {
      "at": "2026-09-28T06:07:22.547Z",
      "loadAverage": [
        3.0703125,
        3.63525390625,
        3.45654296875
      ],
      "freeMemoryBytes": 3303899136,
      "totalMemoryBytes": 38654705664
    },
    {
      "at": "2026-09-28T06:07:27.549Z",
      "loadAverage": [
        3.064453125,
        3.62451171875,
        3.45361328125
      ],
      "freeMemoryBytes": 2909011968,
      "totalMemoryBytes": 38654705664
    },
    {
      "at": "2026-09-28T06:07:32.550Z",
      "loadAverage": [
        2.89892578125,
        3.58056640625,
        3.43896484375
      ],
      "freeMemoryBytes": 3184934912,
      "totalMemoryBytes": 38654705664
    },
    {
      "at": "2026-09-28T06:07:37.551Z",
      "loadAverage": [
        2.98681640625,
        3.58740234375,
        3.44189453125
      ],
      "freeMemoryBytes": 2670559232,
      "totalMemoryBytes": 38654705664
    },
    {
      "at": "2026-09-28T06:07:42.551Z",
      "loadAverage": [
        2.98779296875,
        3.57763671875,
        3.43896484375
      ],
      "freeMemoryBytes": 3108306944,
      "totalMemoryBytes": 38654705664
    },
    {
      "at": "2026-09-28T06:07:47.552Z",
      "loadAverage": [
        2.82861328125,
        3.53466796875,
        3.42431640625
      ],
      "freeMemoryBytes": 2630664192,
      "totalMemoryBytes": 38654705664
    },
    {
      "at": "2026-09-28T06:07:52.553Z",
      "loadAverage": [
        2.84228515625,
        3.525390625,
        3.42138671875
      ],
      "freeMemoryBytes": 3073032192,
      "totalMemoryBytes": 38654705664
    },
    {
      "at": "2026-09-28T06:07:57.556Z",
      "loadAverage": [
        2.6943359375,
        3.4833984375,
        3.40673828125
      ],
      "freeMemoryBytes": 3137208320,
      "totalMemoryBytes": 38654705664
    },
    {
      "at": "2026-09-28T06:08:02.559Z",
      "loadAverage": [
        2.478515625,
        3.42529296875,
        3.38671875
      ],
      "freeMemoryBytes": 2429370368,
      "totalMemoryBytes": 38654705664
    },
    {
      "at": "2026-09-28T06:08:07.560Z",
      "loadAverage": [
        2.43994140625,
        3.4013671875,
        3.37841796875
      ],
      "freeMemoryBytes": 3080028160,
      "totalMemoryBytes": 38654705664
    },
    {
      "at": "2026-09-28T06:08:12.563Z",
      "loadAverage": [
        2.64453125,
        3.427734375,
        3.3876953125
      ],
      "freeMemoryBytes": 2757935104,
      "totalMemoryBytes": 38654705664
    },
    {
      "at": "2026-09-28T06:08:17.565Z",
      "loadAverage": [
        3.8740234375,
        3.66943359375,
        3.47314453125
      ],
      "freeMemoryBytes": 2989817856,
      "totalMemoryBytes": 38654705664
    },
    {
      "at": "2026-09-28T06:08:22.567Z",
      "loadAverage": [
        3.6435546875,
        3.625,
        3.45849609375
      ],
      "freeMemoryBytes": 2819768320,
      "totalMemoryBytes": 38654705664
    },
    {
      "at": "2026-09-28T06:08:27.569Z",
      "loadAverage": [
        3.51171875,
        3.59765625,
        3.44970703125
      ],
      "freeMemoryBytes": 2562867200,
      "totalMemoryBytes": 38654705664
    },
    {
      "at": "2026-09-28T06:08:32.571Z",
      "loadAverage": [
        3.55078125,
        3.60400390625,
        3.45263671875
      ],
      "freeMemoryBytes": 2569453568,
      "totalMemoryBytes": 38654705664
    },
    {
      "at": "2026-09-28T06:08:37.574Z",
      "loadAverage": [
        3.42626953125,
        3.5771484375,
        3.44384765625
      ],
      "freeMemoryBytes": 2265055232,
      "totalMemoryBytes": 38654705664
    },
    {
      "at": "2026-09-28T06:08:42.576Z",
      "loadAverage": [
        3.23193359375,
        3.5341796875,
        3.42919921875
      ],
      "freeMemoryBytes": 2783133696,
      "totalMemoryBytes": 38654705664
    },
    {
      "at": "2026-09-28T06:08:47.578Z",
      "loadAverage": [
        3.29296875,
        3.54150390625,
        3.43212890625
      ],
      "freeMemoryBytes": 2455257088,
      "totalMemoryBytes": 38654705664
    },
    {
      "at": "2026-09-28T06:08:52.579Z",
      "loadAverage": [
        3.02880859375,
        3.482421875,
        3.41162109375
      ],
      "freeMemoryBytes": 2761932800,
      "totalMemoryBytes": 38654705664
    },
    {
      "at": "2026-09-28T06:08:57.581Z",
      "loadAverage": [
        3.2666015625,
        3.52392578125,
        3.4267578125
      ],
      "freeMemoryBytes": 2237218816,
      "totalMemoryBytes": 38654705664
    },
    {
      "at": "2026-09-28T06:09:02.581Z",
      "loadAverage": [
        3.2666015625,
        3.52392578125,
        3.4267578125
      ],
      "freeMemoryBytes": 2532573184,
      "totalMemoryBytes": 38654705664
    },
    {
      "at": "2026-09-28T06:09:07.583Z",
      "loadAverage": [
        3.1650390625,
        3.49853515625,
        3.41796875
      ],
      "freeMemoryBytes": 2503786496,
      "totalMemoryBytes": 38654705664
    },
    {
      "at": "2026-09-28T06:09:12.585Z",
      "loadAverage": [
        3.7119140625,
        3.6064453125,
        3.4560546875
      ],
      "freeMemoryBytes": 2189918208,
      "totalMemoryBytes": 38654705664
    },
    {
      "at": "2026-09-28T06:09:17.587Z",
      "loadAverage": [
        3.41455078125,
        3.54638671875,
        3.435546875
      ],
      "freeMemoryBytes": 2523742208,
      "totalMemoryBytes": 38654705664
    },
    {
      "at": "2026-09-28T06:09:22.587Z",
      "loadAverage": [
        3.30126953125,
        3.5205078125,
        3.4267578125
      ],
      "freeMemoryBytes": 2289827840,
      "totalMemoryBytes": 38654705664
    },
    {
      "at": "2026-09-28T06:09:27.590Z",
      "loadAverage": [
        3.19677734375,
        3.4951171875,
        3.41796875
      ],
      "freeMemoryBytes": 2369077248,
      "totalMemoryBytes": 38654705664
    },
    {
      "at": "2026-09-28T06:09:32.590Z",
      "loadAverage": [
        2.9404296875,
        3.43701171875,
        3.3974609375
      ],
      "freeMemoryBytes": 2122203136,
      "totalMemoryBytes": 38654705664
    },
    {
      "at": "2026-09-28T06:09:37.592Z",
      "loadAverage": [
        2.70458984375,
        3.3798828125,
        3.37744140625
      ],
      "freeMemoryBytes": 2300657664,
      "totalMemoryBytes": 38654705664
    },
    {
      "at": "2026-09-28T06:09:42.593Z",
      "loadAverage": [
        3.12841796875,
        3.45654296875,
        3.404296875
      ],
      "freeMemoryBytes": 2366472192,
      "totalMemoryBytes": 38654705664
    },
    {
      "at": "2026-09-28T06:09:47.595Z",
      "loadAverage": [
        2.87744140625,
        3.39892578125,
        3.38427734375
      ],
      "freeMemoryBytes": 2366439424,
      "totalMemoryBytes": 38654705664
    },
    {
      "at": "2026-09-28T06:09:52.597Z",
      "loadAverage": [
        3.04736328125,
        3.42529296875,
        3.3935546875
      ],
      "freeMemoryBytes": 1685962752,
      "totalMemoryBytes": 38654705664
    },
    {
      "at": "2026-09-28T06:09:57.600Z",
      "loadAverage": [
        3.28369140625,
        3.4677734375,
        3.40869140625
      ],
      "freeMemoryBytes": 1728888832,
      "totalMemoryBytes": 38654705664
    },
    {
      "at": "2026-09-28T06:10:02.601Z",
      "loadAverage": [
        3.0205078125,
        3.41015625,
        3.388671875
      ],
      "freeMemoryBytes": 2230517760,
      "totalMemoryBytes": 38654705664
    },
    {
      "at": "2026-09-28T06:10:07.603Z",
      "loadAverage": [
        2.8583984375,
        3.3701171875,
        3.37451171875
      ],
      "freeMemoryBytes": 2171682816,
      "totalMemoryBytes": 38654705664
    },
    {
      "at": "2026-09-28T06:10:12.605Z",
      "loadAverage": [
        2.94970703125,
        3.38037109375,
        3.3779296875
      ],
      "freeMemoryBytes": 1850343424,
      "totalMemoryBytes": 38654705664
    },
    {
      "at": "2026-09-28T06:10:17.607Z",
      "loadAverage": [
        2.79345703125,
        3.3408203125,
        3.36376953125
      ],
      "freeMemoryBytes": 1647919104,
      "totalMemoryBytes": 38654705664
    },
    {
      "at": "2026-09-28T06:10:22.609Z",
      "loadAverage": [
        3.2099609375,
        3.41796875,
        3.390625
      ],
      "freeMemoryBytes": 2108325888,
      "totalMemoryBytes": 38654705664
    },
    {
      "at": "2026-09-28T06:10:27.610Z",
      "loadAverage": [
        3.11279296875,
        3.39404296875,
        3.38232421875
      ],
      "freeMemoryBytes": 2102902784,
      "totalMemoryBytes": 38654705664
    },
    {
      "at": "2026-09-28T06:10:32.610Z",
      "loadAverage": [
        3.0234375,
        3.37060546875,
        3.3740234375
      ],
      "freeMemoryBytes": 2089369600,
      "totalMemoryBytes": 38654705664
    },
    {
      "at": "2026-09-28T06:10:37.611Z",
      "loadAverage": [
        3.341796875,
        3.4306640625,
        3.39501953125
      ],
      "freeMemoryBytes": 1971994624,
      "totalMemoryBytes": 38654705664
    },
    {
      "at": "2026-09-28T06:10:42.613Z",
      "loadAverage": [
        3.31396484375,
        3.42333984375,
        3.392578125
      ],
      "freeMemoryBytes": 1737900032,
      "totalMemoryBytes": 38654705664
    },
    {
      "at": "2026-09-28T06:10:47.615Z",
      "loadAverage": [
        3.20849609375,
        3.3994140625,
        3.38427734375
      ],
      "freeMemoryBytes": 2104688640,
      "totalMemoryBytes": 38654705664
    },
    {
      "at": "2026-09-28T06:10:52.617Z",
      "loadAverage": [
        3.03125,
        3.359375,
        3.3701171875
      ],
      "freeMemoryBytes": 2105524224,
      "totalMemoryBytes": 38654705664
    },
    {
      "at": "2026-09-28T06:10:57.617Z",
      "loadAverage": [
        3.1884765625,
        3.38623046875,
        3.37939453125
      ],
      "freeMemoryBytes": 1808105472,
      "totalMemoryBytes": 38654705664
    },
    {
      "at": "2026-09-28T06:11:02.620Z",
      "loadAverage": [
        3.17333984375,
        3.37939453125,
        3.376953125
      ],
      "freeMemoryBytes": 1568210944,
      "totalMemoryBytes": 38654705664
    },
    {
      "at": "2026-09-28T06:11:07.622Z",
      "loadAverage": [
        3.2392578125,
        3.3896484375,
        3.38037109375
      ],
      "freeMemoryBytes": 1027407872,
      "totalMemoryBytes": 38654705664
    },
    {
      "at": "2026-09-28T06:11:12.624Z",
      "loadAverage": [
        3.1396484375,
        3.3662109375,
        3.3720703125
      ],
      "freeMemoryBytes": 1700577280,
      "totalMemoryBytes": 38654705664
    },
    {
      "at": "2026-09-28T06:11:17.624Z",
      "loadAverage": [
        3.04833984375,
        3.34326171875,
        3.36376953125
      ],
      "freeMemoryBytes": 1368391680,
      "totalMemoryBytes": 38654705664
    },
    {
      "at": "2026-09-28T06:11:22.624Z",
      "loadAverage": [
        3.44482421875,
        3.42041015625,
        3.390625
      ],
      "freeMemoryBytes": 978616320,
      "totalMemoryBytes": 38654705664
    },
    {
      "at": "2026-09-28T06:11:27.624Z",
      "loadAverage": [
        3.5693359375,
        3.4462890625,
        3.39990234375
      ],
      "freeMemoryBytes": 877412352,
      "totalMemoryBytes": 38654705664
    },
    {
      "at": "2026-09-28T06:11:32.625Z",
      "loadAverage": [
        3.68359375,
        3.4716796875,
        3.4091796875
      ],
      "freeMemoryBytes": 710049792,
      "totalMemoryBytes": 38654705664
    },
    {
      "at": "2026-09-28T06:11:37.625Z",
      "loadAverage": [
        4.18896484375,
        3.57958984375,
        3.44775390625
      ],
      "freeMemoryBytes": 4209557504,
      "totalMemoryBytes": 38654705664
    },
    {
      "at": "2026-09-28T06:11:42.627Z",
      "loadAverage": [
        4.25390625,
        3.60302734375,
        3.45654296875
      ],
      "freeMemoryBytes": 3680436224,
      "totalMemoryBytes": 38654705664
    },
    {
      "at": "2026-09-28T06:11:47.629Z",
      "loadAverage": [
        4.1533203125,
        3.5927734375,
        3.45361328125
      ],
      "freeMemoryBytes": 3397615616,
      "totalMemoryBytes": 38654705664
    },
    {
      "at": "2026-09-28T06:11:52.631Z",
      "loadAverage": [
        3.98046875,
        3.56591796875,
        3.44482421875
      ],
      "freeMemoryBytes": 2972532736,
      "totalMemoryBytes": 38654705664
    },
    {
      "at": "2026-09-28T06:11:57.633Z",
      "loadAverage": [
        3.82177734375,
        3.53955078125,
        3.43603515625
      ],
      "freeMemoryBytes": 2848636928,
      "totalMemoryBytes": 38654705664
    },
    {
      "at": "2026-09-28T06:12:02.636Z",
      "loadAverage": [
        3.595703125,
        3.4970703125,
        3.42138671875
      ],
      "freeMemoryBytes": 6905430016,
      "totalMemoryBytes": 38654705664
    },
    {
      "at": "2026-09-28T06:12:07.637Z",
      "loadAverage": [
        3.6279296875,
        3.50537109375,
        3.42431640625
      ],
      "freeMemoryBytes": 5903548416,
      "totalMemoryBytes": 38654705664
    },
    {
      "at": "2026-09-28T06:12:12.639Z",
      "loadAverage": [
        3.57763671875,
        3.49658203125,
        3.42138671875
      ],
      "freeMemoryBytes": 5907890176,
      "totalMemoryBytes": 38654705664
    },
    {
      "at": "2026-09-28T06:12:17.640Z",
      "loadAverage": [
        3.451171875,
        3.4716796875,
        3.41259765625
      ],
      "freeMemoryBytes": 5800804352,
      "totalMemoryBytes": 38654705664
    },
    {
      "at": "2026-09-28T06:12:22.642Z",
      "loadAverage": [
        3.5751953125,
        3.49658203125,
        3.421875
      ],
      "freeMemoryBytes": 5461540864,
      "totalMemoryBytes": 38654705664
    },
    {
      "at": "2026-09-28T06:12:27.643Z",
      "loadAverage": [
        3.60888671875,
        3.5048828125,
        3.4248046875
      ],
      "freeMemoryBytes": 5788778496,
      "totalMemoryBytes": 38654705664
    },
    {
      "at": "2026-09-28T06:12:32.645Z",
      "loadAverage": [
        3.72021484375,
        3.529296875,
        3.43359375
      ],
      "freeMemoryBytes": 5756747776,
      "totalMemoryBytes": 38654705664
    },
    {
      "at": "2026-09-28T06:12:37.647Z",
      "loadAverage": [
        4.3828125,
        3.669921875,
        3.4833984375
      ],
      "freeMemoryBytes": 1811087360,
      "totalMemoryBytes": 38654705664
    },
    {
      "at": "2026-09-28T06:12:37.995Z",
      "loadAverage": [
        4.11181640625,
        3.62548828125,
        3.46875
      ],
      "freeMemoryBytes": 2943074304,
      "totalMemoryBytes": 38654705664
    }
  ]
}
