capturedAt=2026-09-28T06:24:37Z
sourceSha=f282da95833c5ff568b8b7a4caac7d7a7513514f
sourceTree=ad93a8e1afdbb461a32f7c87ab4b860fd44a2074
trackedChanges=0
indexClean=true
artifactReceiptSha256=fd010be92fce57ffebb254b0eb2b653a385922d22234856d85317074e39d79e0
artifactFiles=276
distFilesIncludingReceipt=277
distSymlinks=0
packLockSha256=f362a074758f751d828d3881d9427a0945ae5efbce3237dfd3e287d24676c16f
mediaSourceSha256=3c69ae745727607de266898ab68a92c7c75f7f08e27daf0c6cec463f7bd119c9
mediaDistSha256=3c69ae745727607de266898ab68a92c7c75f7f08e27daf0c6cec463f7bd119c9
port4273Listening=false
ownedPlaywrightChromiumPreviewProcesses=0
benchmarkLockPresent=false
build09TreePreserved=true
build10TreePreserved=true
backupRefPreserved=refs/task-backups/git32-evidence-a402b016
close09SourceModified=false
browser20Run=false
