{
  "schemaVersion": 1,
  "kind": "seedlands-performance-window",
  "status": "PASS",
  "version": 2,
  "ownerThread": "seedlands-performance-validator",
  "runId": "v2-artifact-build-16-build",
  "pid": 4324,
  "startedAt": "2026-09-28T23:18:54.983Z",
  "windowId": "v2-artifact-build-16-build",
  "evidencePath": "/private/tmp/seedlands-v2-artifact-build-16-run/build.window.json.log",
  "waitedMs": 1,
  "endedAt": "2026-09-28T23:19:34.526Z",
  "exitCode": 0,
  "signal": null,
  "measurement": {
    "status": "NOT_RECORDED"
  },
  "samples": [
    {
      "at": "2026-09-28T23:18:54.984Z",
      "loadAverage": [
        1.8798828125,
        2.2900390625,
        2.63134765625
      ],
      "freeMemoryBytes": 2338127872,
      "totalMemoryBytes": 38654705664
    },
    {
      "at": "2026-09-28T23:18:59.987Z",
      "loadAverage": [
        1.88916015625,
        2.28515625,
        2.62744140625
      ],
      "freeMemoryBytes": 63930368,
      "totalMemoryBytes": 38654705664
    },
    {
      "at": "2026-09-28T23:19:04.989Z",
      "loadAverage": [
        1.81787109375,
        2.263671875,
        2.61767578125
      ],
      "freeMemoryBytes": 58884096,
      "totalMemoryBytes": 38654705664
    },
    {
      "at": "2026-09-28T23:19:09.991Z",
      "loadAverage": [
        2.072265625,
        2.30908203125,
        2.63134765625
      ],
      "freeMemoryBytes": 84361216,
      "totalMemoryBytes": 38654705664
    },
    {
      "at": "2026-09-28T23:19:14.993Z",
      "loadAverage": [
        2.70703125,
        2.4365234375,
        2.67431640625
      ],
      "freeMemoryBytes": 88244224,
      "totalMemoryBytes": 38654705664
    },
    {
      "at": "2026-09-28T23:19:19.995Z",
      "loadAverage": [
        2.890625,
        2.47900390625,
        2.6875
      ],
      "freeMemoryBytes": 995049472,
      "totalMemoryBytes": 38654705664
    },
    {
      "at": "2026-09-28T23:19:24.997Z",
      "loadAverage": [
        2.73876953125,
        2.4541015625,
        2.67724609375
      ],
      "freeMemoryBytes": 1894940672,
      "totalMemoryBytes": 38654705664
    },
    {
      "at": "2026-09-28T23:19:29.999Z",
      "loadAverage": [
        2.59912109375,
        2.4296875,
        2.6669921875
      ],
      "freeMemoryBytes": 1169620992,
      "totalMemoryBytes": 38654705664
    },
    {
      "at": "2026-09-28T23:19:34.525Z",
      "loadAverage": [
        3.431640625,
        2.60498046875,
        2.72705078125
      ],
      "freeMemoryBytes": 2448277504,
      "totalMemoryBytes": 38654705664
    }
  ]
}
