{
  "schemaVersion": 1,
  "kind": "seedlands-performance-window",
  "status": "PASS",
  "version": 2,
  "ownerThread": "seedlands-performance-validator",
  "runId": "v2-artifact-build-16-dependency-setup",
  "pid": 4095,
  "startedAt": "2026-09-28T23:18:23.955Z",
  "windowId": "v2-artifact-build-16-dependency-setup",
  "evidencePath": "/private/tmp/seedlands-v2-artifact-build-16-run/dependency-setup.window.json.log",
  "waitedMs": 1,
  "endedAt": "2026-09-28T23:18:27.782Z",
  "exitCode": 0,
  "signal": null,
  "measurement": {
    "status": "NOT_RECORDED"
  },
  "samples": [
    {
      "at": "2026-09-28T23:18:23.956Z",
      "loadAverage": [
        2.02099609375,
        2.35791015625,
        2.6669921875
      ],
      "freeMemoryBytes": 184680448,
      "totalMemoryBytes": 38654705664
    },
    {
      "at": "2026-09-28T23:18:27.781Z",
      "loadAverage": [
        2.02099609375,
        2.35791015625,
        2.6669921875
      ],
      "freeMemoryBytes": 2317762560,
      "totalMemoryBytes": 38654705664
    }
  ]
}
