{
  "schemaVersion": 1,
  "kind": "seedlands-performance-window",
  "status": "FAIL",
  "version": 2,
  "ownerThread": "seedlands-performance-validator",
  "runId": "v2-artifact-build-16-final-selfcheck",
  "pid": 14214,
  "startedAt": "2026-09-28T23:26:48.962Z",
  "windowId": "v2-artifact-build-16-final-selfcheck",
  "evidencePath": "changes/2026-09-23-classic-functional-completion/evidence/v2-artifact-build-16/final-selfcheck.window.json.log",
  "waitedMs": 1,
  "endedAt": "2026-09-28T23:26:49.420Z",
  "exitCode": 1,
  "signal": null,
  "measurement": {
    "status": "NOT_RECORDED"
  },
  "samples": [
    {
      "at": "2026-09-28T23:26:48.963Z",
      "loadAverage": [
        3.390625,
        3.27783203125,
        3.013671875
      ],
      "freeMemoryBytes": 1153695744,
      "totalMemoryBytes": 38654705664
    },
    {
      "at": "2026-09-28T23:26:49.418Z",
      "loadAverage": [
        3.390625,
        3.27783203125,
        3.013671875
      ],
      "freeMemoryBytes": 1189298176,
      "totalMemoryBytes": 38654705664
    }
  ]
}
