{
  "schemaVersion": 1,
  "kind": "seedlands-performance-window",
  "status": "PASS",
  "version": 2,
  "ownerThread": "seedlands-performance-validator",
  "runId": "v2-artifact-build-16-metadata-format",
  "pid": 13366,
  "startedAt": "2026-09-28T23:25:21.311Z",
  "windowId": "v2-artifact-build-16-metadata-format",
  "evidencePath": "changes/2026-09-23-classic-functional-completion/evidence/v2-artifact-build-16/metadata-format.window.json.log",
  "waitedMs": 1,
  "endedAt": "2026-09-28T23:25:21.894Z",
  "exitCode": 0,
  "signal": null,
  "measurement": {
    "status": "NOT_RECORDED"
  },
  "samples": [
    {
      "at": "2026-09-28T23:25:21.312Z",
      "loadAverage": [
        4.80517578125,
        3.43701171875,
        3.04296875
      ],
      "freeMemoryBytes": 1132281856,
      "totalMemoryBytes": 38654705664
    },
    {
      "at": "2026-09-28T23:25:21.892Z",
      "loadAverage": [
        4.80517578125,
        3.43701171875,
        3.04296875
      ],
      "freeMemoryBytes": 1158955008,
      "totalMemoryBytes": 38654705664
    }
  ]
}
