playwright.config.ts: OK
scripts/harness/classic.mjs: OK
scripts/harness/artifact.mjs: OK
apps/web/tests/e2e/classic-runtime.spec.ts: OK
apps/web/tests/e2e/classic-support/evidence.ts: OK
apps/web/tests/e2e/classic-support/harness.ts: OK
apps/web/tests/e2e/classic-support/harness-snapshot.ts: OK
apps/web/tests/e2e/classic-support/scenario.ts: OK
apps/web/tests/e2e/classic-support/v1-slice.ts: OK
apps/web/tests/e2e/classic-support/equipment-journey.ts: OK
apps/web/tests/e2e/classic-support/equipment-journey-support.ts: OK
apps/web/tests/e2e/classic-support/equipment-resource-route.ts: OK
apps/web/tests/e2e/classic-support/target-aim.ts: OK
apps/web/tests/e2e/classic-support/route-progress.ts: OK
apps/web/tests/e2e/classic-support/mouse-input.ts: OK
apps/web/tests/e2e/classic-support/drops.ts: OK
apps/web/tests/e2e/classic-support/restore.ts: OK
apps/web/tests/e2e/classic-support/identity.ts: OK
apps/web/tests/e2e/classic-support/crafting.ts: OK
apps/web/tests/e2e/classic-support/journey.ts: OK
playbooks/classic/scenarios/canonical-runtime-v11.json: OK
apps/web/dist/harness-artifact.json: OK
README.md: OK
SOURCE-MANIFEST.sha256: OK
artifact-postcheck-window.json.log: OK
artifact-postcheck.stdout.log: OK
artifact-readback.json: OK
attachments/test-0-classic-runtime-evidence-json.json.log: OK
attachments/test-0-classic-runtime-failure-json.json.log: OK
attachments/test-0-diamond-block-after-restore.png: OK
attachments/test-0-drop-34.png: OK
attachments/test-0-drop-38.png: OK
attachments/test-0-drop-42.png: OK
attachments/test-0-drop-45.png: OK
attachments/test-0-drop-49.png: OK
attachments/test-0-error-context.md: OK
attachments/test-0-glass-built-after-restore.png: OK
attachments/test-1-animated-gallery-early-camera.json.log: OK
attachments/test-1-animated-gallery-early.png: OK
attachments/test-1-animated-gallery-later-camera.json.log: OK
attachments/test-1-animated-gallery-later.png: OK
attachments/test-1-creative-catalog-icons.png: OK
attachments/test-1-creative-one-click-one-block-camera.json.log: OK
attachments/test-1-creative-one-click-one-block.png: OK
attachments/test-1-creative-stair-icons.png: OK
attachments/test-1-day-gallery-camera.json.log: OK
attachments/test-1-day-gallery.png: OK
attachments/test-1-night-eight-light-types-camera.json.log: OK
attachments/test-1-night-eight-light-types.png: OK
attachments/test-1-night-isolated-fire-camera.json.log: OK
attachments/test-1-night-isolated-fire.png: OK
attachments/test-1-night-isolated-glowstone-camera.json.log: OK
attachments/test-1-night-isolated-glowstone.png: OK
attachments/test-1-night-isolated-jack-o-lantern-camera.json.log: OK
attachments/test-1-night-isolated-jack-o-lantern.png: OK
attachments/test-1-night-isolated-lantern-camera.json.log: OK
attachments/test-1-night-isolated-lantern.png: OK
attachments/test-1-night-isolated-lava-camera.json.log: OK
attachments/test-1-night-isolated-lava.png: OK
attachments/test-1-night-isolated-lit-furnace-camera.json.log: OK
attachments/test-1-night-isolated-lit-furnace.png: OK
attachments/test-1-night-isolated-lit-redstone-ore-camera.json.log: OK
attachments/test-1-night-isolated-lit-redstone-ore.png: OK
attachments/test-1-night-isolated-torch-camera.json.log: OK
attachments/test-1-night-isolated-torch.png: OK
attachments/test-1-night-sources-removed-camera.json.log: OK
attachments/test-1-night-sources-removed.png: OK
attachments/test-1-pig-front-closeup-camera.json.log: OK
attachments/test-1-pig-front-closeup.png: OK
attachments/test-1-plant-real-input-selection-and-walk-through-camera.json.log: OK
attachments/test-1-plant-real-input-selection-and-walk-through.png: OK
attachments/test-1-plants-closeup-camera.json.log: OK
attachments/test-1-plants-closeup.png: OK
attachments/test-1-sealed-room-glowstone-camera.json.log: OK
attachments/test-1-sealed-room-glowstone.png: OK
attachments/test-1-sealed-room-occluding-wall-camera.json.log: OK
attachments/test-1-sealed-room-occluding-wall.png: OK
attachments/test-1-sealed-room-unlit-camera.json.log: OK
attachments/test-1-sealed-room-unlit.png: OK
attachments/test-1-skeleton-bow-front-closeup-camera.json.log: OK
attachments/test-1-skeleton-bow-front-closeup.png: OK
attachments/test-1-skeleton-bow-side-closeup-camera.json.log: OK
attachments/test-1-skeleton-bow-side-closeup.png: OK
attachments/test-1-visual-identity-and-observations.json.log: OK
attachments/test-2-classic-runtime-failure-json.json.log: OK
canonical-error-context.md.log: OK
canonical-window.json.log: OK
classic.json.log: OK
command.txt: OK
diagnosis.json: OK
harness-artifact.json.log: OK
main-step-timeline.json: OK
playwright-attachments.json: OK
playwright-last-run.json.log: OK
playwright-report-index.html.log: OK
playwright-report-initial-extraction-failure.exit-code.txt: OK
playwright-report-initial-extraction-failure.stdout.log: OK
playwright-report-recovered-complete-zipinfo.exit-code.txt: OK
playwright-report-recovered-complete-zipinfo.stdout.log: OK
playwright-report-recovered-complete.zip: OK
playwright-report-recovery-method.txt: OK
playwright-report.json.log: OK
playwright-test-detail.json.log: OK
prelaunch-output-directory-failure-window.json.log: OK
receipt-readback.json: OK
result-summary.json: OK
runner.stdout.log: OK
trace-50m/canonical-trace.zip.part-aa: OK
trace-50m/canonical-trace.zip.part-ab: OK
trace-50m/canonical-trace.zip.part-ac: OK
trace-50m/canonical-trace.zip.part-ad: OK
trace-50m/canonical-trace.zip.part-ae: OK
trace-50m/canonical-trace.zip.part-af: OK
trace-50m/canonical-trace.zip.part-ag: OK
trace-50m/canonical-trace.zip.part-ah: OK
trace-50m/canonical-trace.zip.part-ai: OK
trace-50m/canonical-trace.zip.part-aj: OK
trace-50m/canonical-trace.zip.part-ak: OK
trace-50m/canonical-trace.zip.part-al: OK
trace-50m/canonical-trace.zip.part-am: OK
trace-50m/canonical-trace.zip.part-an: OK
trace-50m/canonical-trace.zip.part-ao: OK
trace-50m/canonical-trace.zip.part-ap: OK
trace-50m/canonical-trace.zip.part-aq: OK
trace-50m/canonical-trace.zip.part-ar: OK
trace-50m/canonical-trace.zip.part-as: OK
trace-50m/canonical-trace.zip.part-at: OK
trace-50m/canonical-trace.zip.part-au: OK
trace-50m/canonical-trace.zip.part-av: OK
trace-50m/canonical-trace.zip.part-aw: OK
trace-50m/canonical-trace.zip.part-ax: OK
trace-50m/canonical-trace.zip.part-ay: OK
trace-local-header-scan-helper-failure.exit-code.txt: OK
trace-local-header-scan-helper-failure.stdout.log: OK
trace-original.sha256: OK
trace-parts.sha256: OK
trace-reassembly.sha256: OK
trace-recovery-analysis.json: OK
trace-recovery-log-50m/zip-ff.stdout.log.gz.part-aa: OK
trace-recovery-log-50m/zip-ff.stdout.log.gz.part-ab: OK
trace-recovery-log-50m/zip-ff.stdout.log.gz.part-ac: OK
trace-recovery-log-parts.sha256: OK
trace-recovery-log-reassembly.sha256: OK
trace-recovery-zip-ff.exit-code.txt: OK
trace-recovery-zip-ff.stdout.original-bytes.txt: OK
trace-recovery-zip-ff.stdout.original.sha256: OK
trace-size-bytes.txt: OK
trace-zipinfo.exit-code.txt: OK
trace-zipinfo.stdout.log: OK
trace-50m/canonical-trace.zip.part-aa: OK
trace-50m/canonical-trace.zip.part-ab: OK
trace-50m/canonical-trace.zip.part-ac: OK
trace-50m/canonical-trace.zip.part-ad: OK
trace-50m/canonical-trace.zip.part-ae: OK
trace-50m/canonical-trace.zip.part-af: OK
trace-50m/canonical-trace.zip.part-ag: OK
trace-50m/canonical-trace.zip.part-ah: OK
trace-50m/canonical-trace.zip.part-ai: OK
trace-50m/canonical-trace.zip.part-aj: OK
trace-50m/canonical-trace.zip.part-ak: OK
trace-50m/canonical-trace.zip.part-al: OK
trace-50m/canonical-trace.zip.part-am: OK
trace-50m/canonical-trace.zip.part-an: OK
trace-50m/canonical-trace.zip.part-ao: OK
trace-50m/canonical-trace.zip.part-ap: OK
trace-50m/canonical-trace.zip.part-aq: OK
trace-50m/canonical-trace.zip.part-ar: OK
trace-50m/canonical-trace.zip.part-as: OK
trace-50m/canonical-trace.zip.part-at: OK
trace-50m/canonical-trace.zip.part-au: OK
trace-50m/canonical-trace.zip.part-av: OK
trace-50m/canonical-trace.zip.part-aw: OK
trace-50m/canonical-trace.zip.part-ax: OK
trace-50m/canonical-trace.zip.part-ay: OK
trace-recovery-log-50m/zip-ff.stdout.log.gz.part-aa: OK
trace-recovery-log-50m/zip-ff.stdout.log.gz.part-ab: OK
trace-recovery-log-50m/zip-ff.stdout.log.gz.part-ac: OK
Checking formatting...
All matched files use Prettier code style!
SOURCE22=PASS
MANIFEST127=PASS
CUMULATIVE_REPORT_AND_TAIL=PASS
CANONICAL_FAIL_ATTEMPT1_RETRY0=PASS
V2_19_CHECKPOINTS_AND_RESTORE=PASS
TRACE_RAW_25_PARTS_REASSEMBLED=PASS
TRACE_ZIP_INCOMPLETE_BOUNDARY=PASS
RECOVERY_PARTIAL_LOG_REASSEMBLED=PASS
PLAYWRIGHT_REPORT_RECOVERED_COMPLETE=PASS
ARTIFACT_POSTCHECK_IDENTITY=PASS
ACCEPTANCE_TRACKED_INDEX_CLEAN=PASS
METADATA_FORMAT=PASS
