$ node scripts/harness/classic.mjs
[WebServer] (node:83263) Warning: The 'NO_COLOR' env is ignored due to the 'FORCE_COLOR' env being set.
[WebServer] (Use `node --trace-warnings ...` to show where the warning was created)
[WebServer] $ vite preview --host 127.0.0.1 --port 4273 --strictPort
[WebServer] (node:83288) Warning: The 'NO_COLOR' env is ignored due to the 'FORCE_COLOR' env being set.
[WebServer] (Use `node --trace-warnings ...` to show where the warning was created)

Running 3 tests using 1 worker

(node:83295) Warning: The 'NO_COLOR' env is ignored due to the 'FORCE_COLOR' env being set.
(Use `node --trace-warnings ...` to show where the warning was created)
     1.1 [chromium] › apps/web/tests/e2e/classic-runtime.spec.ts:73:1 › Classic 生产旅程以真实输入完成 C0-C5，并复用同一运行时性能场景 › C0 启动固定 Classic 生产世界并冻结初态 (3.5s)
     1.2 [chromium] › apps/web/tests/e2e/classic-runtime.spec.ts:73:1 › Classic 生产旅程以真实输入完成 C0-C5，并复用同一运行时性能场景 › C1 Pointer Lock、真实转向/移动/跳跃并跨越 Chunk (18.5s)
     1.3 [chromium] › apps/web/tests/e2e/classic-runtime.spec.ts:73:1 › Classic 生产旅程以真实输入完成 C0-C5，并复用同一运行时性能场景 › C2 真实采集、掉落拾取、背包与配方 (21.1s)
     1.4 [chromium] › apps/web/tests/e2e/classic-runtime.spec.ts:73:1 › Classic 生产旅程以真实输入完成 C0-C5，并复用同一运行时性能场景 › C3 真实建造、进食和现有战斗 (17.4s)
     1.5 [chromium] › apps/web/tests/e2e/classic-runtime.spec.ts:73:1 › Classic 生产旅程以真实输入完成 C0-C5，并复用同一运行时性能场景 › V1 水桶、跨 Chunk 木门与唱片机均通过正式玩家输入 (47.8s)
     1.6 [chromium] › apps/web/tests/e2e/classic-runtime.spec.ts:73:1 › Classic 生产旅程以真实输入完成 C0-C5，并复用同一运行时性能场景 › V2 真实资源链与背包手势完成四槽装备矩阵 (7.1m)
     1.7 [chromium] › apps/web/tests/e2e/classic-runtime.spec.ts:73:1 › Classic 生产旅程以真实输入完成 C0-C5，并复用同一运行时性能场景 › C4 离开并返回局部资源，验证 Worker 到可见网格链路 (2.5m)
     1.8 [chromium] › apps/web/tests/e2e/classic-runtime.spec.ts:73:1 › Classic 生产旅程以真实输入完成 C0-C5，并复用同一运行时性能场景 › C5 正式保存返回、同上下文继续并再次交互 (20.0s)
     1.9 [chromium] › apps/web/tests/e2e/classic-runtime.spec.ts:73:1 › Classic 生产旅程以真实输入完成 C0-C5，并复用同一运行时性能场景 › 重开后真实创造目录放置玻璃并保留画面 (5.6s)
     1.10 [chromium] › apps/web/tests/e2e/classic-runtime.spec.ts:73:1 › Classic 生产旅程以真实输入完成 C0-C5，并复用同一运行时性能场景 › After Hooks › Fixture "context" › V5金钻资源目录与真实钻石块建造 (2.5s)
  ✘  1 [chromium] › apps/web/tests/e2e/classic-runtime.spec.ts:73:1 › Classic 生产旅程以真实输入完成 C0-C5，并复用同一运行时性能场景 (12.7m)
(node:93938) Warning: The 'NO_COLOR' env is ignored due to the 'FORCE_COLOR' env being set.
(Use `node --trace-warnings ...` to show where the warning was created)
  ✓  2 [chromium] › apps/web/tests/e2e/classic-runtime.spec.ts:509:1 › Classic 视觉 v3 生产素材、连续帧与单击破坏回归 (32.1s)
  -  3 [chromium] › apps/web/tests/e2e/classic-runtime.spec.ts:514:1 › 非 Classic Playbook 从锁定 production artifact 启动并消费自定义 worldgen/voxel/presentation


  1) [chromium] › apps/web/tests/e2e/classic-runtime.spec.ts:73:1 › Classic 生产旅程以真实输入完成 C0-C5，并复用同一运行时性能场景 

    Test timeout of 720000ms exceeded.

    Test timeout of 30000ms exceeded.

    Error Context: test-results/apps-web-tests-e2e-classic-5f18c-程以真实输入完成-C0-C5，并复用同一运行时性能场景-chromium/error-context.md

  1 failed
    [chromium] › apps/web/tests/e2e/classic-runtime.spec.ts:73:1 › Classic 生产旅程以真实输入完成 C0-C5，并复用同一运行时性能场景 
  1 skipped
  1 passed (13.8m)
[ELIFECYCLE] Command failed with exit code 1.
