e19abad273e8a7c7bfe5a1bb4e375a327ae3dd584f8c7c01d4a166e5ccbda801  SOURCE-MANIFEST.sha256
c0b7cd38e28590cc9774920526c258bcc254d15ec4b85f50a264837df64c8bab  artifact-postcheck-window.json.log
340aa77e6c52452d338e54157f0cb7eab45fd9f2b39e95a0a3a7069e582f0496  artifact-postcheck.stdout.log
05cf3627b9e6e32974a18ca742f7bc02796af1a6527d2e209341378038d0ff87  artifact-readback.json
5da4bf8c445827563e1afbb4b369d24421eaa9b3efac7ca9bf2acf64acdcd94c  canonical-error-context.md.log
ddfb746b47405f4b8cec3d47aaf936522cee19122f51ea7e26e563e15e289fe0  canonical-window.json.log
886ab086ae90a78f9c0774ae4fa41c959956186639ecfed272b97214820857e2  classic-runtime-failure.json.log
8870f47a4fa027e6b7bfb066f7e320e802dd264fe921c6796443b404af1c0f76  classic.json.log
6b6682b8fbd631e9209f6ed098e01acd55cf6bcbc22e1f4cf256e742e608decf  collector-readback.md
9165bc3769f7ed9f5a6a18fe03ff943a56be5158ffe862a99aafcfcc61e623a8  command.txt
bc3d5de3da1d3da88a24de510818cb1ee56a36c32b9b7f428c6e70ed69a72962  diagnosis.json
28bde758bcf7d785452c0f831ba639cebd0b9d233e231c6b6463d8d2e3e7a8cc  drop-34.png
0f843470c3bedc4977e0b4cd5507e4b7f4059bf339941ccc81489830a7d0166d  drop-38.png
340c2cb5a5287028367d5179c47e49d1078f4c215ffa7ec888d2da6d42829f9a  drop-42.png
d491e9c1924b79d15870017e9617a526df302f551813d57e091f11ade7d9f86d  drop-45.png
63977af025701df7e3a14245a823b299e220b6003268e794cc2f29e97c2da274  drop-49.png
d2d22976b7ee1262d0c9798da15d47400b3b311f9d465fe9790dc447a9a6bd6f  failure-screencast-frame.jpeg
2a1a930b6897e1ea5ec06a9e4189b1f832608e96a49cbebfcbf5a0df37358388  harness-artifact.json
6ad6ed65067bc66fa86ede4cf5eea261d023c443e79a63813c9ea294d7be6dde  metadata-format-pre-window.json.log
df4c0b5e3c364b8a258f65ae98e6c5b071ef330c08ddba0ca25aa436f9c7ee24  metadata-format-pre.stdout.log
2fa312f8b74c4115709b7262b967371229a343e490b539f22ce44d47a5b3aa25  metadata-format-write-window.json.log
a175da518227a8da1250e2ae579013b0f6062445fc46af11b4eb6a8648c9edb7  metadata-format-write.stdout.log
dc424bb43e2d3c713a2d141fcaabad3b3cce52b5778c34f4117d8334909aafaf  network-summary.json
5262b31103943407deaf88a647802902459402b0d8f03911857af87b24844110  playwright-last-run.json.log
54ccb6b88811f2c505ab1d8b4a8599f8f84fdc779ed944a9eafb6d209bbfdfa8  postconditions.stdout.log
51c6d6132101fc77c1ce12e4844f3ac04105456dfa86d43cc5d19f4cf0d25791  result-summary.json
9bee8dda14fc08a96d378d393b5852dadded35db8e58021b286b539ce786e567  runner.stdout.log
b6423378172b8b37d4df37ecc78e71fdfcdba234986af18f8aac1d5f67c6812c  source-validation.stdout.log
b08f4c0dec573f1ed3f9be9052931fcd5f675ef82cee34c73491e651e18c5ba4  trace-50m/canonical-trace.zip.part-aa
90ff46f90c89a788645d0bec7251f37018ee44bee14cf6397e5121bc311dc2e4  trace-50m/canonical-trace.zip.part-ab
d49ac019040b083ec1dcc4c0846e764b8b7d3ac2319b00688ef9903e0a48c5a4  trace-50m/canonical-trace.zip.part-ac
71b3a66f03fc56c9217eb564086f060e68730264812197ea38c1db3892b67675  trace-50m/canonical-trace.zip.part-ad
c909e18c2e098ce782e3b8e046a6a584c24d52dc4c5c9526a009ba6c9d7575ba  trace-50m/canonical-trace.zip.part-ae
2a5f0a6fb1e24850da6c11133b923f7983fdd2c1492db65c484d300f092eeaec  trace-50m/canonical-trace.zip.part-af
2f0f0c48f3d2198fb9ce0a33ab1f19da264f440d347f4e5cc755598e3f23e48f  trace-50m/canonical-trace.zip.part-ag
7db987c0fd1e4b9d026c6d40a7479dba81b72021cf0eb3a08c00ccc8dadab032  trace-50m/canonical-trace.zip.part-ah
0c92e7ec5990d88a6993adf75d9099e687c18241e0297873951abdf15b7da9a8  trace-50m/canonical-trace.zip.part-ai
b1cb407c1b886f9416377e00c7f63b538177d83632a4add000edad4234a99d6f  trace-50m/canonical-trace.zip.part-aj
aa143bbffb92f1eece9b1f99b6bd2fc540c80baada81417d3091ada90174d45e  trace-50m/canonical-trace.zip.part-ak
6ef14d5b994a7b5f65c037a71dc7e27cb878d3909d3518c0499a477daa304711  trace-50m/canonical-trace.zip.part-al
c2d51a3d5ad94cae06f7ee58ce3f86f0953e75573dcd00c1a5ef23bbd5ba394b  trace-50m/canonical-trace.zip.part-am
2114b524122cf58fb53f7d85f606153bc2d02083259fb48b9357ecbdb36ba74a  trace-parts.sha256
cc23b8419d91855d696e3c03bddab890c00d331cde94e41d37cf80b7fb847b8d  trace-readback.json
20a7ff896366999ccf5ba4ec6ff1c5fbb5027ab8509cb433a4c114f960f00e3d  trace-readback.txt
a08441344a04f98f88e09d907184f2f8f66bceb87d3b087505932cf4f7979a1d  trace-reassembly.sha256
8914babc67319028805618e9d7b412ea79208c2a08075b28e2db1a8d06dfb6d0  workbench-route-analysis.json
19be23dc41569aec1c64ace90b1bf58cdc0c27e6a846c7e0942b12ad5eaea06c  workbench-route-calls.json
c48df36b974f0231dbb1d7fb64f16e10193d126f95a7740c4ca282d098a75102  workbench-route-inputs.json
42d36740e5a56d815ba3c02eeb6e336cc64857ed4fc35811ffddd7ba12784003  workbench-route-snapshots.json
83029cbc0511cb3b8a5c1ff7c26933e67184d3fb07399a668a1b5ddc39989a79  workbench-route-summary.json
