{
  "schemaVersion": 1,
  "kind": "seedlands-performance-window",
  "status": "PASS",
  "version": 2,
  "ownerThread": "seedlands-performance-validator",
  "runId": "v2-death-registered-needs-diff-delivery-frozen",
  "pid": 87264,
  "startedAt": "2026-09-25T17:19:36.121Z",
  "windowId": "v2-death-registered-needs-diff-delivery-frozen",
  "evidencePath": "changes/2026-09-23-classic-functional-completion/evidence/v2-death-registered-needs-01/diff-delivery-frozen-window.json.log",
  "waitedMs": 2,
  "endedAt": "2026-09-25T17:19:36.732Z",
  "exitCode": 0,
  "signal": null,
  "measurement": {
    "status": "NOT_RECORDED"
  },
  "samples": [
    {
      "at": "2026-09-25T17:19:36.123Z",
      "loadAverage": [
        2.96923828125,
        3.1943359375,
        3.30517578125
      ],
      "freeMemoryBytes": 530792448,
      "totalMemoryBytes": 38654705664
    },
    {
      "at": "2026-09-25T17:19:36.730Z",
      "loadAverage": [
        2.96923828125,
        3.1943359375,
        3.30517578125
      ],
      "freeMemoryBytes": 444153856,
      "totalMemoryBytes": 38654705664
    }
  ]
}
