{
  "schemaVersion": 1,
  "kind": "seedlands-performance-window",
  "status": "FAIL",
  "version": 2,
  "ownerThread": "seedlands-performance-validator",
  "runId": "v2-death-registered-needs-matrix-01",
  "pid": 73485,
  "startedAt": "2026-09-25T17:08:41.583Z",
  "windowId": "v2-death-registered-needs-matrix-01",
  "evidencePath": "changes/2026-09-23-classic-functional-completion/evidence/v2-death-registered-needs-01/matrix-01-window.json.log",
  "waitedMs": 1,
  "endedAt": "2026-09-25T17:08:43.065Z",
  "exitCode": 1,
  "signal": null,
  "measurement": {
    "status": "NOT_RECORDED"
  },
  "samples": [
    {
      "at": "2026-09-25T17:08:41.584Z",
      "loadAverage": [
        3.8798828125,
        3.5283203125,
        3.33056640625
      ],
      "freeMemoryBytes": 444121088,
      "totalMemoryBytes": 38654705664
    },
    {
      "at": "2026-09-25T17:08:43.064Z",
      "loadAverage": [
        4.28955078125,
        3.619140625,
        3.36376953125
      ],
      "freeMemoryBytes": 548667392,
      "totalMemoryBytes": 38654705664
    }
  ]
}
