{
  "schemaVersion": 1,
  "kind": "seedlands-performance-window",
  "status": "PASS",
  "version": 2,
  "ownerThread": "seedlands-performance-validator",
  "runId": "v2-death-registered-needs-nondeath-regression-01",
  "pid": 77893,
  "startedAt": "2026-09-25T17:12:38.366Z",
  "windowId": "v2-death-registered-needs-nondeath-regression-01",
  "evidencePath": "changes/2026-09-23-classic-functional-completion/evidence/v2-death-registered-needs-01/nondeath-regression-01-window.json.log",
  "waitedMs": 1,
  "endedAt": "2026-09-25T17:12:40.337Z",
  "exitCode": 0,
  "signal": null,
  "measurement": {
    "status": "NOT_RECORDED"
  },
  "samples": [
    {
      "at": "2026-09-25T17:12:38.367Z",
      "loadAverage": [
        3.4052734375,
        3.61572265625,
        3.4287109375
      ],
      "freeMemoryBytes": 750436352,
      "totalMemoryBytes": 38654705664
    },
    {
      "at": "2026-09-25T17:12:40.336Z",
      "loadAverage": [
        3.4052734375,
        3.61572265625,
        3.4287109375
      ],
      "freeMemoryBytes": 804929536,
      "totalMemoryBytes": 38654705664
    }
  ]
}
