{
  "schemaVersion": 1,
  "kind": "seedlands-performance-window",
  "status": "FAIL",
  "version": 2,
  "ownerThread": "seedlands-performance-validator",
  "runId": "v2-death-registered-needs-red-02",
  "pid": 65686,
  "startedAt": "2026-09-25T17:02:11.020Z",
  "windowId": "v2-death-registered-needs-red-02",
  "evidencePath": "changes/2026-09-23-classic-functional-completion/evidence/v2-death-registered-needs-01/red-02-window.json.log",
  "waitedMs": 1,
  "endedAt": "2026-09-25T17:02:12.364Z",
  "exitCode": 1,
  "signal": null,
  "measurement": {
    "status": "NOT_RECORDED"
  },
  "samples": [
    {
      "at": "2026-09-25T17:02:11.021Z",
      "loadAverage": [
        3.01220703125,
        3.20361328125,
        3.1845703125
      ],
      "freeMemoryBytes": 314179584,
      "totalMemoryBytes": 38654705664
    },
    {
      "at": "2026-09-25T17:02:12.363Z",
      "loadAverage": [
        2.9306640625,
        3.18359375,
        3.17724609375
      ],
      "freeMemoryBytes": 478019584,
      "totalMemoryBytes": 38654705664
    }
  ]
}
