{
  "schemaVersion": 1,
  "kind": "seedlands-performance-window",
  "status": "FAIL",
  "version": 2,
  "ownerThread": "seedlands-performance-validator",
  "runId": "v2-death-registered-needs-regression-01",
  "pid": 77588,
  "startedAt": "2026-09-25T17:12:08.982Z",
  "windowId": "v2-death-registered-needs-regression-01",
  "evidencePath": "changes/2026-09-23-classic-functional-completion/evidence/v2-death-registered-needs-01/regression-01-window.json.log",
  "waitedMs": 1,
  "endedAt": "2026-09-25T17:12:11.053Z",
  "exitCode": 1,
  "signal": null,
  "measurement": {
    "status": "NOT_RECORDED"
  },
  "samples": [
    {
      "at": "2026-09-25T17:12:08.983Z",
      "loadAverage": [
        3.43359375,
        3.6474609375,
        3.4345703125
      ],
      "freeMemoryBytes": 806535168,
      "totalMemoryBytes": 38654705664
    },
    {
      "at": "2026-09-25T17:12:11.051Z",
      "loadAverage": [
        3.43359375,
        3.6474609375,
        3.4345703125
      ],
      "freeMemoryBytes": 794312704,
      "totalMemoryBytes": 38654705664
    }
  ]
}
