{
  "schemaVersion": 1,
  "kind": "seedlands-performance-window",
  "status": "PASS",
  "version": 2,
  "ownerThread": "seedlands-performance-validator",
  "runId": "v2-death-registered-needs-type-root-01",
  "pid": 79066,
  "startedAt": "2026-09-25T17:13:57.196Z",
  "windowId": "v2-death-registered-needs-type-root-01",
  "evidencePath": "changes/2026-09-23-classic-functional-completion/evidence/v2-death-registered-needs-01/type-root-01-window.json.log",
  "waitedMs": 1,
  "endedAt": "2026-09-25T17:14:00.309Z",
  "exitCode": 0,
  "signal": null,
  "measurement": {
    "status": "NOT_RECORDED"
  },
  "samples": [
    {
      "at": "2026-09-25T17:13:57.197Z",
      "loadAverage": [
        3.73193359375,
        3.68017578125,
        3.466796875
      ],
      "freeMemoryBytes": 782876672,
      "totalMemoryBytes": 38654705664
    },
    {
      "at": "2026-09-25T17:14:00.307Z",
      "loadAverage": [
        3.8330078125,
        3.70166015625,
        3.4755859375
      ],
      "freeMemoryBytes": 950960128,
      "totalMemoryBytes": 38654705664
    }
  ]
}
