{
  "schemaVersion": 1,
  "kind": "seedlands-performance-window",
  "status": "PASS",
  "version": 2,
  "ownerThread": "seedlands-performance-validator",
  "runId": "v2-death-registered-needs-type-classic-final",
  "pid": 82687,
  "startedAt": "2026-09-25T17:16:36.729Z",
  "windowId": "v2-death-registered-needs-type-classic-final",
  "evidencePath": "changes/2026-09-23-classic-functional-completion/evidence/v2-death-registered-needs-01/type-classic-final-window.json.log",
  "waitedMs": 1,
  "endedAt": "2026-09-25T17:16:39.946Z",
  "exitCode": 0,
  "signal": null,
  "measurement": {
    "status": "NOT_RECORDED"
  },
  "samples": [
    {
      "at": "2026-09-25T17:16:36.730Z",
      "loadAverage": [
        2.85986328125,
        3.42236328125,
        3.4052734375
      ],
      "freeMemoryBytes": 814874624,
      "totalMemoryBytes": 38654705664
    },
    {
      "at": "2026-09-25T17:16:39.944Z",
      "loadAverage": [
        2.87060546875,
        3.4150390625,
        3.40283203125
      ],
      "freeMemoryBytes": 1170849792,
      "totalMemoryBytes": 38654705664
    }
  ]
}
