{
  "schemaVersion": 1,
  "kind": "seedlands-performance-window",
  "status": "PASS",
  "version": 2,
  "ownerThread": "seedlands-performance-validator",
  "runId": "v2-death-registered-needs-type-root-final",
  "pid": 80855,
  "startedAt": "2026-09-25T17:16:16.912Z",
  "windowId": "v2-death-registered-needs-type-root-final",
  "evidencePath": "changes/2026-09-23-classic-functional-completion/evidence/v2-death-registered-needs-01/type-root-final-window.json.log",
  "waitedMs": 1,
  "endedAt": "2026-09-25T17:16:19.907Z",
  "exitCode": 0,
  "signal": null,
  "measurement": {
    "status": "NOT_RECORDED"
  },
  "samples": [
    {
      "at": "2026-09-25T17:16:16.913Z",
      "loadAverage": [
        2.85498046875,
        3.45458984375,
        3.416015625
      ],
      "freeMemoryBytes": 792576000,
      "totalMemoryBytes": 38654705664
    },
    {
      "at": "2026-09-25T17:16:19.905Z",
      "loadAverage": [
        3.0263671875,
        3.47998046875,
        3.42529296875
      ],
      "freeMemoryBytes": 953499648,
      "totalMemoryBytes": 38654705664
    }
  ]
}
