{
  "schemaVersion": 1,
  "kind": "seedlands-performance-window",
  "status": "PASS",
  "version": 2,
  "ownerThread": "seedlands-performance-validator",
  "runId": "v2-death-registered-needs-type-stdlib-01",
  "pid": 78796,
  "startedAt": "2026-09-25T17:13:42.132Z",
  "windowId": "v2-death-registered-needs-type-stdlib-01",
  "evidencePath": "changes/2026-09-23-classic-functional-completion/evidence/v2-death-registered-needs-01/type-stdlib-01-window.json.log",
  "waitedMs": 1,
  "endedAt": "2026-09-25T17:13:44.374Z",
  "exitCode": 0,
  "signal": null,
  "measurement": {
    "status": "NOT_RECORDED"
  },
  "samples": [
    {
      "at": "2026-09-25T17:13:42.133Z",
      "loadAverage": [
        3.7666015625,
        3.68212890625,
        3.4638671875
      ],
      "freeMemoryBytes": 590774272,
      "totalMemoryBytes": 38654705664
    },
    {
      "at": "2026-09-25T17:13:44.373Z",
      "loadAverage": [
        3.865234375,
        3.70361328125,
        3.47265625
      ],
      "freeMemoryBytes": 702496768,
      "totalMemoryBytes": 38654705664
    }
  ]
}
