{
  "schemaVersion": 1,
  "kind": "seedlands-performance-window",
  "status": "PASS",
  "version": 2,
  "ownerThread": "seedlands-performance-validator",
  "runId": "v2-restore-reference-final-selfcheck-03",
  "pid": 24723,
  "startedAt": "2026-09-29T03:09:10.514Z",
  "windowId": "v2-restore-reference-final-selfcheck-03",
  "evidencePath": "changes/2026-09-23-classic-functional-completion/evidence/v2-restore-reference-observability-01/final-selfcheck-03.window.json.log",
  "waitedMs": 1,
  "endedAt": "2026-09-29T03:09:14.678Z",
  "exitCode": 0,
  "signal": null,
  "measurement": {
    "status": "NOT_RECORDED"
  },
  "samples": [
    {
      "at": "2026-09-29T03:09:10.515Z",
      "loadAverage": [
        2.68115234375,
        2.87353515625,
        2.7587890625
      ],
      "freeMemoryBytes": 967704576,
      "totalMemoryBytes": 38654705664
    },
    {
      "at": "2026-09-29T03:09:14.677Z",
      "loadAverage": [
        2.78662109375,
        2.89208984375,
        2.765625
      ],
      "freeMemoryBytes": 968343552,
      "totalMemoryBytes": 38654705664
    }
  ]
}
