{
  "schemaVersion": 1,
  "kind": "seedlands-performance-window",
  "status": "PASS",
  "version": 2,
  "ownerThread": "seedlands-performance-validator",
  "runId": "v2-restore-reference-main-format-final",
  "pid": 94751,
  "startedAt": "2026-09-29T02:37:26.868Z",
  "windowId": "v2-restore-reference-main-format-final",
  "evidencePath": "changes/2026-09-23-classic-functional-completion/evidence/v2-restore-reference-observability-01/main-format-final.window.json.log",
  "waitedMs": 1,
  "endedAt": "2026-09-29T02:37:27.435Z",
  "exitCode": 0,
  "signal": null,
  "measurement": {
    "status": "NOT_RECORDED"
  },
  "samples": [
    {
      "at": "2026-09-29T02:37:26.869Z",
      "loadAverage": [
        3.07080078125,
        2.61279296875,
        2.70849609375
      ],
      "freeMemoryBytes": 8163966976,
      "totalMemoryBytes": 38654705664
    },
    {
      "at": "2026-09-29T02:37:27.433Z",
      "loadAverage": [
        3.07080078125,
        2.61279296875,
        2.70849609375
      ],
      "freeMemoryBytes": 8159395840,
      "totalMemoryBytes": 38654705664
    }
  ]
}
