{
  "schemaVersion": 1,
  "kind": "seedlands-performance-window",
  "status": "PASS",
  "version": 2,
  "ownerThread": "seedlands-performance-validator",
  "runId": "v2-restore-reference-metadata-format-01",
  "pid": 22049,
  "startedAt": "2026-09-29T03:06:29.652Z",
  "windowId": "v2-restore-reference-metadata-format-01",
  "evidencePath": "changes/2026-09-23-classic-functional-completion/evidence/v2-restore-reference-observability-01/metadata-format.window.json.log",
  "waitedMs": 1,
  "endedAt": "2026-09-29T03:06:30.070Z",
  "exitCode": 0,
  "signal": null,
  "measurement": {
    "status": "NOT_RECORDED"
  },
  "samples": [
    {
      "at": "2026-09-29T03:06:29.653Z",
      "loadAverage": [
        4.4560546875,
        2.990234375,
        2.7705078125
      ],
      "freeMemoryBytes": 1081606144,
      "totalMemoryBytes": 38654705664
    },
    {
      "at": "2026-09-29T03:06:30.068Z",
      "loadAverage": [
        4.4560546875,
        2.990234375,
        2.7705078125
      ],
      "freeMemoryBytes": 1087963136,
      "totalMemoryBytes": 38654705664
    }
  ]
}
