{
  "schemaVersion": 1,
  "kind": "seedlands-performance-window",
  "status": "PASS",
  "version": 2,
  "ownerThread": "seedlands-performance-validator",
  "runId": "294b5a09-1cdd-49d1-aa7b-2695757906f7",
  "pid": 81821,
  "startedAt": "2026-09-25T07:15:40.048Z",
  "windowId": "294b5a09-1cdd-49d1-aa7b-2695757906f7",
  "evidencePath": "changes/2026-09-23-classic-functional-completion/evidence/v1-canonical-browser-10/diagnosis-diff-window.json.log",
  "waitedMs": 2,
  "endedAt": "2026-09-25T07:15:40.074Z",
  "exitCode": 0,
  "signal": null,
  "measurement": {
    "status": "NOT_RECORDED"
  },
  "samples": [
    {
      "at": "2026-09-25T07:15:40.050Z",
      "loadAverage": [
        2.39208984375,
        3.27587890625,
        3.4091796875
      ],
      "freeMemoryBytes": 405110784,
      "totalMemoryBytes": 38654705664
    },
    {
      "at": "2026-09-25T07:15:40.073Z",
      "loadAverage": [
        2.39208984375,
        3.27587890625,
        3.4091796875
      ],
      "freeMemoryBytes": 409616384,
      "totalMemoryBytes": 38654705664
    }
  ]
}
