{
  "schemaVersion": 1,
  "kind": "seedlands-performance-window",
  "status": "PASS",
  "version": 2,
  "ownerThread": "seedlands-performance-validator",
  "runId": "git-38-post-drift-direction-metadata-format",
  "pid": 21106,
  "startedAt": "2026-09-28T14:48:25.776Z",
  "windowId": "git-38-post-drift-direction-metadata-format",
  "evidencePath": "changes/2026-09-23-classic-functional-completion/evidence/git-38-post-drift-direction/metadata-format.window.json.log",
  "waitedMs": 1,
  "endedAt": "2026-09-28T14:48:26.237Z",
  "exitCode": 0,
  "signal": null,
  "measurement": {
    "status": "NOT_RECORDED"
  },
  "samples": [
    {
      "at": "2026-09-28T14:48:25.777Z",
      "loadAverage": [
        2.7177734375,
        3.30859375,
        3.1044921875
      ],
      "freeMemoryBytes": 3557425152,
      "totalMemoryBytes": 38654705664
    },
    {
      "at": "2026-09-28T14:48:26.236Z",
      "loadAverage": [
        2.7177734375,
        3.30859375,
        3.1044921875
      ],
      "freeMemoryBytes": 3632578560,
      "totalMemoryBytes": 38654705664
    }
  ]
}
