{
  "schemaVersion": 1,
  "kind": "seedlands-performance-window",
  "status": "PASS",
  "version": 2,
  "ownerThread": "seedlands-performance-validator",
  "runId": "03c55318-fd16-4bf0-b141-85ce6266abf7",
  "pid": 37277,
  "startedAt": "2026-09-26T03:46:14.962Z",
  "windowId": "03c55318-fd16-4bf0-b141-85ce6266abf7",
  "evidencePath": "changes/2026-09-23-classic-functional-completion/evidence/git-31-equipment-resource-route/metadata-final.window.json.log",
  "waitedMs": 1,
  "endedAt": "2026-09-26T03:46:15.335Z",
  "exitCode": 0,
  "signal": null,
  "measurement": {
    "status": "NOT_RECORDED"
  },
  "samples": [
    {
      "at": "2026-09-26T03:46:14.963Z",
      "loadAverage": [
        4.7734375,
        3.95166015625,
        3.734375
      ],
      "freeMemoryBytes": 689700864,
      "totalMemoryBytes": 38654705664
    },
    {
      "at": "2026-09-26T03:46:15.334Z",
      "loadAverage": [
        4.7734375,
        3.95166015625,
        3.734375
      ],
      "freeMemoryBytes": 701628416,
      "totalMemoryBytes": 38654705664
    }
  ]
}
