{
  "schemaVersion": 1,
  "kind": "seedlands-performance-window",
  "status": "PASS",
  "version": 2,
  "ownerThread": "seedlands-performance-validator",
  "runId": "dc109ac6-0135-42c7-a53b-391370d4e53b",
  "pid": 36170,
  "startedAt": "2026-09-26T03:43:54.277Z",
  "windowId": "dc109ac6-0135-42c7-a53b-391370d4e53b",
  "evidencePath": "changes/2026-09-23-classic-functional-completion/evidence/git-31-equipment-resource-route/metadata-format.window.json.log",
  "waitedMs": 1,
  "endedAt": "2026-09-26T03:43:54.769Z",
  "exitCode": 0,
  "signal": null,
  "measurement": {
    "status": "NOT_RECORDED"
  },
  "samples": [
    {
      "at": "2026-09-26T03:43:54.278Z",
      "loadAverage": [
        3.568359375,
        3.78759765625,
        3.66943359375
      ],
      "freeMemoryBytes": 826802176,
      "totalMemoryBytes": 38654705664
    },
    {
      "at": "2026-09-26T03:43:54.767Z",
      "loadAverage": [
        3.568359375,
        3.78759765625,
        3.66943359375
      ],
      "freeMemoryBytes": 860471296,
      "totalMemoryBytes": 38654705664
    }
  ]
}
