{
  "schemaVersion": 1,
  "kind": "seedlands-performance-window",
  "status": "PASS",
  "version": 2,
  "ownerThread": "seedlands-performance-validator",
  "runId": "v2-equipment-station-host-format-final",
  "pid": 99478,
  "startedAt": "2026-09-25T11:02:47.019Z",
  "windowId": "v2-equipment-station-host-format-final",
  "evidencePath": "changes/2026-09-23-classic-functional-completion/evidence/v2-equipment-station-host-01/format-final-window.json",
  "waitedMs": 1,
  "endedAt": "2026-09-25T11:02:47.449Z",
  "exitCode": 0,
  "signal": null,
  "measurement": {
    "status": "NOT_RECORDED"
  },
  "samples": [
    {
      "at": "2026-09-25T11:02:47.020Z",
      "loadAverage": [
        2.42041015625,
        2.873046875,
        3.0498046875
      ],
      "freeMemoryBytes": 689291264,
      "totalMemoryBytes": 38654705664
    },
    {
      "at": "2026-09-25T11:02:47.447Z",
      "loadAverage": [
        2.42041015625,
        2.873046875,
        3.0498046875
      ],
      "freeMemoryBytes": 709115904,
      "totalMemoryBytes": 38654705664
    }
  ]
}
