{
  "schemaVersion": 1,
  "kind": "seedlands-performance-window",
  "status": "FAIL",
  "version": 2,
  "ownerThread": "seedlands-performance-validator",
  "runId": "v2-station-evidence-reconcile-static",
  "pid": 17635,
  "startedAt": "2026-09-25T11:24:37.650Z",
  "windowId": "v2-station-evidence-reconcile-static",
  "evidencePath": "changes/2026-09-23-classic-functional-completion/evidence/v2-equipment-station-host-01/reconcile-static-window.json",
  "waitedMs": 1,
  "endedAt": "2026-09-25T11:24:39.234Z",
  "exitCode": 1,
  "signal": null,
  "measurement": {
    "status": "NOT_RECORDED"
  },
  "samples": [
    {
      "at": "2026-09-25T11:24:37.651Z",
      "loadAverage": [
        3.09716796875,
        2.99609375,
        3.130859375
      ],
      "freeMemoryBytes": 403701760,
      "totalMemoryBytes": 38654705664
    },
    {
      "at": "2026-09-25T11:24:39.232Z",
      "loadAverage": [
        3.09716796875,
        2.99609375,
        3.130859375
      ],
      "freeMemoryBytes": 491290624,
      "totalMemoryBytes": 38654705664
    }
  ]
}
