{
  "schemaVersion": 1,
  "kind": "seedlands-performance-window",
  "status": "PASS",
  "version": 2,
  "ownerThread": "seedlands-performance-validator",
  "runId": "v2-station-evidence-reconcile-root-types",
  "pid": 18350,
  "startedAt": "2026-09-25T11:25:52.665Z",
  "windowId": "v2-station-evidence-reconcile-root-types",
  "evidencePath": "changes/2026-09-23-classic-functional-completion/evidence/v2-equipment-station-host-01/reconcile-root-types-window.json",
  "waitedMs": 1,
  "endedAt": "2026-09-25T11:25:55.678Z",
  "exitCode": 0,
  "signal": null,
  "measurement": {
    "status": "NOT_RECORDED"
  },
  "samples": [
    {
      "at": "2026-09-25T11:25:52.666Z",
      "loadAverage": [
        2.90185546875,
        2.97509765625,
        3.111328125
      ],
      "freeMemoryBytes": 455442432,
      "totalMemoryBytes": 38654705664
    },
    {
      "at": "2026-09-25T11:25:55.676Z",
      "loadAverage": [
        2.82958984375,
        2.95849609375,
        3.1044921875
      ],
      "freeMemoryBytes": 919437312,
      "totalMemoryBytes": 38654705664
    }
  ]
}
