{
  "schemaVersion": 1,
  "kind": "seedlands-performance-window",
  "status": "PASS",
  "version": 2,
  "ownerThread": "seedlands-performance-validator",
  "runId": "v2-station-evidence-reconcile-format",
  "pid": 17558,
  "startedAt": "2026-09-25T11:24:25.877Z",
  "windowId": "v2-station-evidence-reconcile-format",
  "evidencePath": "changes/2026-09-23-classic-functional-completion/evidence/v2-equipment-station-host-01/reconcile-format-window.json",
  "waitedMs": 2,
  "endedAt": "2026-09-25T11:24:26.348Z",
  "exitCode": 0,
  "signal": null,
  "measurement": {
    "status": "NOT_RECORDED"
  },
  "samples": [
    {
      "at": "2026-09-25T11:24:25.879Z",
      "loadAverage": [
        2.88037109375,
        2.94677734375,
        3.1162109375
      ],
      "freeMemoryBytes": 309821440,
      "totalMemoryBytes": 38654705664
    },
    {
      "at": "2026-09-25T11:24:26.346Z",
      "loadAverage": [
        2.88037109375,
        2.94677734375,
        3.1162109375
      ],
      "freeMemoryBytes": 316047360,
      "totalMemoryBytes": 38654705664
    }
  ]
}
