{
  "schemaVersion": 1,
  "kind": "seedlands-performance-window",
  "status": "FAIL",
  "version": 2,
  "ownerThread": "seedlands-performance-validator",
  "runId": "v2-equipment-station-host-red-01",
  "pid": 87895,
  "startedAt": "2026-09-25T10:48:56.702Z",
  "windowId": "v2-equipment-station-host-red-01",
  "evidencePath": "changes/2026-09-23-classic-functional-completion/evidence/v2-equipment-station-host-01/red-01-window.json",
  "waitedMs": 2,
  "endedAt": "2026-09-25T10:48:57.995Z",
  "exitCode": 1,
  "signal": null,
  "measurement": {
    "status": "NOT_RECORDED"
  },
  "samples": [
    {
      "at": "2026-09-25T10:48:56.704Z",
      "loadAverage": [
        2.609375,
        3.041015625,
        3.2041015625
      ],
      "freeMemoryBytes": 876806144,
      "totalMemoryBytes": 38654705664
    },
    {
      "at": "2026-09-25T10:48:57.993Z",
      "loadAverage": [
        2.640625,
        3.0400390625,
        3.20263671875
      ],
      "freeMemoryBytes": 954171392,
      "totalMemoryBytes": 38654705664
    }
  ]
}
