{
  "schemaVersion": 1,
  "kind": "seedlands-performance-window",
  "status": "PASS",
  "version": 2,
  "ownerThread": "seedlands-performance-validator",
  "runId": "v2-equipment-station-host-stdlib-types-01",
  "pid": 2533,
  "startedAt": "2026-09-25T11:05:46.763Z",
  "windowId": "v2-equipment-station-host-stdlib-types-01",
  "evidencePath": "changes/2026-09-23-classic-functional-completion/evidence/v2-equipment-station-host-01/stdlib-types-01-window.json",
  "waitedMs": 1,
  "endedAt": "2026-09-25T11:05:49.091Z",
  "exitCode": 0,
  "signal": null,
  "measurement": {
    "status": "NOT_RECORDED"
  },
  "samples": [
    {
      "at": "2026-09-25T11:05:46.764Z",
      "loadAverage": [
        4.36669921875,
        3.541015625,
        3.28662109375
      ],
      "freeMemoryBytes": 600260608,
      "totalMemoryBytes": 38654705664
    },
    {
      "at": "2026-09-25T11:05:49.089Z",
      "loadAverage": [
        4.36669921875,
        3.541015625,
        3.28662109375
      ],
      "freeMemoryBytes": 740245504,
      "totalMemoryBytes": 38654705664
    }
  ]
}
