{
  "schemaVersion": 1,
  "kind": "seedlands-performance-window",
  "status": "PASS",
  "version": 2,
  "ownerThread": "seedlands-performance-validator",
  "runId": "0c3b468b-43db-4e01-a48a-b6ce165fdd53",
  "pid": 47514,
  "startedAt": "2026-09-25T03:32:00.498Z",
  "windowId": "0c3b468b-43db-4e01-a48a-b6ce165fdd53",
  "evidencePath": "harness/results/performance-windows/0c3b468b-43db-4e01-a48a-b6ce165fdd53.json",
  "waitedMs": 1,
  "endedAt": "2026-09-25T03:32:02.409Z",
  "exitCode": 0,
  "signal": null,
  "measurement": {
    "status": "NOT_RECORDED"
  },
  "samples": [
    {
      "at": "2026-09-25T03:32:00.500Z",
      "loadAverage": [
        3.56982421875,
        3.50390625,
        3.3896484375
      ],
      "freeMemoryBytes": 967573504,
      "totalMemoryBytes": 38654705664
    },
    {
      "at": "2026-09-25T03:32:02.408Z",
      "loadAverage": [
        3.56982421875,
        3.50390625,
        3.3896484375
      ],
      "freeMemoryBytes": 899563520,
      "totalMemoryBytes": 38654705664
    }
  ]
}
