{
  "schemaVersion": 1,
  "kind": "seedlands-performance-window",
  "status": "PASS",
  "version": 2,
  "ownerThread": "seedlands-performance-validator",
  "runId": "db584a54-7cc7-4bcd-8f33-6f32e7e192a2",
  "pid": 73207,
  "startedAt": "2026-09-25T03:56:57.734Z",
  "windowId": "db584a54-7cc7-4bcd-8f33-6f32e7e192a2",
  "evidencePath": "harness/results/performance-windows/db584a54-7cc7-4bcd-8f33-6f32e7e192a2.json",
  "waitedMs": 2,
  "endedAt": "2026-09-25T03:56:58.946Z",
  "exitCode": 0,
  "signal": null,
  "measurement": {
    "status": "NOT_RECORDED"
  },
  "samples": [
    {
      "at": "2026-09-25T03:56:57.736Z",
      "loadAverage": [
        3.09716796875,
        2.9716796875,
        3.11572265625
      ],
      "freeMemoryBytes": 536788992,
      "totalMemoryBytes": 38654705664
    },
    {
      "at": "2026-09-25T03:56:58.944Z",
      "loadAverage": [
        3.08935546875,
        2.9716796875,
        3.11474609375
      ],
      "freeMemoryBytes": 578551808,
      "totalMemoryBytes": 38654705664
    }
  ]
}
