{
  "schemaVersion": 1,
  "kind": "seedlands-performance-window",
  "status": "PASS",
  "version": 2,
  "ownerThread": "seedlands-performance-validator",
  "runId": "ee8ea95d-ba38-415a-8bf3-6927265d944c",
  "pid": 69862,
  "startedAt": "2026-09-25T03:53:00.941Z",
  "windowId": "ee8ea95d-ba38-415a-8bf3-6927265d944c",
  "evidencePath": "harness/results/performance-windows/ee8ea95d-ba38-415a-8bf3-6927265d944c.json",
  "waitedMs": 1,
  "endedAt": "2026-09-25T03:53:09.215Z",
  "exitCode": 0,
  "signal": null,
  "measurement": {
    "status": "NOT_RECORDED"
  },
  "samples": [
    {
      "at": "2026-09-25T03:53:00.942Z",
      "loadAverage": [
        3.0263671875,
        3.0859375,
        3.20849609375
      ],
      "freeMemoryBytes": 65814528,
      "totalMemoryBytes": 38654705664
    },
    {
      "at": "2026-09-25T03:53:05.945Z",
      "loadAverage": [
        3.18408203125,
        3.11767578125,
        3.21875
      ],
      "freeMemoryBytes": 71106560,
      "totalMemoryBytes": 38654705664
    },
    {
      "at": "2026-09-25T03:53:09.214Z",
      "loadAverage": [
        3.1689453125,
        3.115234375,
        3.21728515625
      ],
      "freeMemoryBytes": 646447104,
      "totalMemoryBytes": 38654705664
    }
  ]
}
