{
  "schemaVersion": 1,
  "kind": "seedlands-performance-window",
  "status": "PASS",
  "version": 2,
  "ownerThread": "seedlands-performance-validator",
  "runId": "9b4b9227-90d1-4bc1-803e-244de34b6a73",
  "pid": 48015,
  "startedAt": "2026-09-25T03:32:36.653Z",
  "windowId": "9b4b9227-90d1-4bc1-803e-244de34b6a73",
  "evidencePath": "harness/results/performance-windows/9b4b9227-90d1-4bc1-803e-244de34b6a73.json",
  "waitedMs": 1,
  "endedAt": "2026-09-25T03:32:37.000Z",
  "exitCode": 0,
  "signal": null,
  "measurement": {
    "status": "NOT_RECORDED"
  },
  "samples": [
    {
      "at": "2026-09-25T03:32:36.654Z",
      "loadAverage": [
        2.7333984375,
        3.3037109375,
        3.31982421875
      ],
      "freeMemoryBytes": 571555840,
      "totalMemoryBytes": 38654705664
    },
    {
      "at": "2026-09-25T03:32:36.998Z",
      "loadAverage": [
        2.7333984375,
        3.3037109375,
        3.31982421875
      ],
      "freeMemoryBytes": 585007104,
      "totalMemoryBytes": 38654705664
    }
  ]
}
