{
  "schemaVersion": 1,
  "kind": "seedlands-performance-window",
  "status": "PASS",
  "version": 2,
  "ownerThread": "seedlands-performance-validator",
  "runId": "v2-artifact-build-17-metadata-format",
  "pid": 70798,
  "startedAt": "2026-09-29T05:27:55.390Z",
  "windowId": "v2-artifact-build-17-metadata-format",
  "evidencePath": "changes/2026-09-23-classic-functional-completion/evidence/v2-artifact-build-17/metadata-format.window.json.log",
  "waitedMs": 1,
  "endedAt": "2026-09-29T05:27:56.071Z",
  "exitCode": 0,
  "signal": null,
  "measurement": {
    "status": "NOT_RECORDED"
  },
  "samples": [
    {
      "at": "2026-09-29T05:27:55.391Z",
      "loadAverage": [
        3.0107421875,
        3.66259765625,
        3.58544921875
      ],
      "freeMemoryBytes": 18127568896,
      "totalMemoryBytes": 38654705664
    },
    {
      "at": "2026-09-29T05:27:56.070Z",
      "loadAverage": [
        3.0107421875,
        3.66259765625,
        3.58544921875
      ],
      "freeMemoryBytes": 18099879936,
      "totalMemoryBytes": 38654705664
    }
  ]
}
