{
  "schemaVersion": 1,
  "kind": "seedlands-performance-window",
  "status": "PASS",
  "version": 2,
  "ownerThread": "seedlands-performance-validator",
  "runId": "git-35-equipment-pickup-refresh-evidence-format",
  "pid": 38645,
  "startedAt": "2026-09-28T07:54:35.334Z",
  "windowId": "git-35-equipment-pickup-refresh-evidence-format",
  "evidencePath": "changes/2026-09-23-classic-functional-completion/evidence/git-35-equipment-pickup-refresh/evidence-format.window.json.log",
  "waitedMs": 2,
  "endedAt": "2026-09-28T07:54:35.843Z",
  "exitCode": 0,
  "signal": null,
  "measurement": {
    "status": "NOT_RECORDED"
  },
  "samples": [
    {
      "at": "2026-09-28T07:54:35.336Z",
      "loadAverage": [
        2.64501953125,
        3.3095703125,
        3.00390625
      ],
      "freeMemoryBytes": 5635358720,
      "totalMemoryBytes": 38654705664
    },
    {
      "at": "2026-09-28T07:54:35.841Z",
      "loadAverage": [
        2.64501953125,
        3.3095703125,
        3.00390625
      ],
      "freeMemoryBytes": 5627478016,
      "totalMemoryBytes": 38654705664
    }
  ]
}
