{
  "schemaVersion": 1,
  "kind": "seedlands-performance-window",
  "status": "FAIL",
  "version": 2,
  "ownerThread": "seedlands-performance-validator",
  "runId": "git-35-equipment-pickup-refresh-final-selfcheck",
  "pid": 39870,
  "startedAt": "2026-09-28T07:57:06.628Z",
  "windowId": "git-35-equipment-pickup-refresh-final-selfcheck",
  "evidencePath": "changes/2026-09-23-classic-functional-completion/evidence/git-35-equipment-pickup-refresh/final-selfcheck.window.json.log",
  "waitedMs": 2,
  "endedAt": "2026-09-28T07:57:06.999Z",
  "exitCode": 1,
  "signal": null,
  "measurement": {
    "status": "NOT_RECORDED"
  },
  "samples": [
    {
      "at": "2026-09-28T07:57:06.630Z",
      "loadAverage": [
        3.52392578125,
        3.40673828125,
        3.08740234375
      ],
      "freeMemoryBytes": 5711101952,
      "totalMemoryBytes": 38654705664
    },
    {
      "at": "2026-09-28T07:57:06.998Z",
      "loadAverage": [
        3.52392578125,
        3.40673828125,
        3.08740234375
      ],
      "freeMemoryBytes": 5743886336,
      "totalMemoryBytes": 38654705664
    }
  ]
}
