{
  "schemaVersion": 1,
  "kind": "seedlands-performance-window",
  "status": "PASS",
  "version": 2,
  "ownerThread": "seedlands-performance-validator",
  "runId": "git-35-equipment-pickup-refresh-metadata-final",
  "pid": 39601,
  "startedAt": "2026-09-28T07:56:36.173Z",
  "windowId": "git-35-equipment-pickup-refresh-metadata-final",
  "evidencePath": "changes/2026-09-23-classic-functional-completion/evidence/git-35-equipment-pickup-refresh/metadata-final.window.json.log",
  "waitedMs": 2,
  "endedAt": "2026-09-28T07:56:36.496Z",
  "exitCode": 0,
  "signal": null,
  "measurement": {
    "status": "NOT_RECORDED"
  },
  "samples": [
    {
      "at": "2026-09-28T07:56:36.175Z",
      "loadAverage": [
        3.61376953125,
        3.40087890625,
        3.07421875
      ],
      "freeMemoryBytes": 5854150656,
      "totalMemoryBytes": 38654705664
    },
    {
      "at": "2026-09-28T07:56:36.495Z",
      "loadAverage": [
        3.61376953125,
        3.40087890625,
        3.07421875
      ],
      "freeMemoryBytes": 5847433216,
      "totalMemoryBytes": 38654705664
    }
  ]
}
