{
  "schemaVersion": 1,
  "kind": "seedlands-performance-window",
  "status": "PASS",
  "version": 2,
  "ownerThread": "seedlands-performance-validator",
  "runId": "1a676cf9-a19c-4cb5-a587-ebc4177d5daf",
  "pid": 75383,
  "startedAt": "2026-09-28T12:09:18.720Z",
  "windowId": "1a676cf9-a19c-4cb5-a587-ebc4177d5daf",
  "evidencePath": "changes/2026-09-23-classic-functional-completion/evidence/git-37-arrival-during-aim/final-selfcheck.window.json.log",
  "waitedMs": 1,
  "endedAt": "2026-09-28T12:09:19.382Z",
  "exitCode": 0,
  "signal": null,
  "measurement": {
    "status": "NOT_RECORDED"
  },
  "samples": [
    {
      "at": "2026-09-28T12:09:18.721Z",
      "loadAverage": [
        3.599609375,
        3.09326171875,
        2.9287109375
      ],
      "freeMemoryBytes": 770211840,
      "totalMemoryBytes": 38654705664
    },
    {
      "at": "2026-09-28T12:09:19.381Z",
      "loadAverage": [
        3.599609375,
        3.09326171875,
        2.9287109375
      ],
      "freeMemoryBytes": 775733248,
      "totalMemoryBytes": 38654705664
    }
  ]
}
