{
  "schemaVersion": 1,
  "kind": "seedlands-performance-window",
  "status": "PASS",
  "version": 2,
  "ownerThread": "seedlands-performance-validator",
  "runId": "36765e9a-967f-417d-8193-382f01c52f95",
  "pid": 42430,
  "startedAt": "2026-09-24T22:19:12.560Z",
  "windowId": "36765e9a-967f-417d-8193-382f01c52f95",
  "evidencePath": "harness/results/performance-windows/36765e9a-967f-417d-8193-382f01c52f95.json",
  "waitedMs": 1,
  "endedAt": "2026-09-24T22:19:32.316Z",
  "exitCode": 0,
  "signal": null,
  "measurement": {
    "status": "NOT_RECORDED"
  },
  "samples": [
    {
      "at": "2026-09-24T22:19:12.561Z",
      "loadAverage": [
        2.619140625,
        3.31591796875,
        3.38720703125
      ],
      "freeMemoryBytes": 357941248,
      "totalMemoryBytes": 38654705664
    },
    {
      "at": "2026-09-24T22:19:17.564Z",
      "loadAverage": [
        2.7294921875,
        3.3271484375,
        3.390625
      ],
      "freeMemoryBytes": 83640320,
      "totalMemoryBytes": 38654705664
    },
    {
      "at": "2026-09-24T22:19:22.566Z",
      "loadAverage": [
        2.5908203125,
        3.2880859375,
        3.37646484375
      ],
      "freeMemoryBytes": 1063256064,
      "totalMemoryBytes": 38654705664
    },
    {
      "at": "2026-09-24T22:19:27.567Z",
      "loadAverage": [
        2.94384765625,
        3.349609375,
        3.3974609375
      ],
      "freeMemoryBytes": 503070720,
      "totalMemoryBytes": 38654705664
    },
    {
      "at": "2026-09-24T22:19:32.315Z",
      "loadAverage": [
        2.8681640625,
        3.3271484375,
        3.38916015625
      ],
      "freeMemoryBytes": 1932640256,
      "totalMemoryBytes": 38654705664
    }
  ]
}
