{
  "schemaVersion": 1,
  "kind": "seedlands-performance-window",
  "status": "FAIL",
  "version": 2,
  "ownerThread": "seedlands-performance-validator",
  "runId": "git40-manifest-closure-format",
  "pid": 90135,
  "startedAt": "2026-09-28T23:03:51.424Z",
  "windowId": "git40-manifest-closure-format",
  "evidencePath": "changes/2026-09-23-classic-functional-completion/evidence/git-40-canonical-discovery/manifest-closure/format.window.json.log",
  "waitedMs": 1,
  "endedAt": "2026-09-28T23:03:51.525Z",
  "exitCode": 1,
  "signal": null,
  "measurement": {
    "status": "NOT_RECORDED"
  },
  "samples": [
    {
      "at": "2026-09-28T23:03:51.425Z",
      "loadAverage": [
        2.35693359375,
        2.896484375,
        3.29443359375
      ],
      "freeMemoryBytes": 167444480,
      "totalMemoryBytes": 38654705664
    },
    {
      "at": "2026-09-28T23:03:51.523Z",
      "loadAverage": [
        2.35693359375,
        2.896484375,
        3.29443359375
      ],
      "freeMemoryBytes": 143474688,
      "totalMemoryBytes": 38654705664
    }
  ]
}
