{
  "schemaVersion": 1,
  "kind": "seedlands-performance-window",
  "status": "PASS",
  "version": 2,
  "ownerThread": "seedlands-performance-validator",
  "runId": "git40-manifest-closure-strict-green",
  "pid": 96756,
  "startedAt": "2026-09-28T23:10:22.850Z",
  "windowId": "git40-manifest-closure-strict-green",
  "evidencePath": "/private/tmp/seedlands-git40-manifest-closure/changes/2026-09-23-classic-functional-completion/evidence/git-40-canonical-discovery/manifest-closure/strict-green.window.json.log",
  "waitedMs": 1,
  "endedAt": "2026-09-28T23:10:24.000Z",
  "exitCode": 0,
  "signal": null,
  "measurement": {
    "status": "NOT_RECORDED"
  },
  "samples": [
    {
      "at": "2026-09-28T23:10:22.851Z",
      "loadAverage": [
        2.3876953125,
        2.439453125,
        2.9072265625
      ],
      "freeMemoryBytes": 124567552,
      "totalMemoryBytes": 38654705664
    },
    {
      "at": "2026-09-28T23:10:23.998Z",
      "loadAverage": [
        2.3876953125,
        2.439453125,
        2.9072265625
      ],
      "freeMemoryBytes": 268877824,
      "totalMemoryBytes": 38654705664
    }
  ]
}
