{
  "schemaVersion": 1,
  "status": "FAIL",
  "manifest": "/private/tmp/seedlands-git40-manifest-closure/changes/2026-09-23-classic-functional-completion/evidence/git-40-canonical-discovery/manifest-closure/prior/MANIFEST.sha256.log",
  "root": "/private/tmp/seedlands-git40-manifest-closure/changes/2026-09-23-classic-functional-completion/evidence/git-40-canonical-discovery",
  "expectedCount": 17,
  "lineCount": 17,
  "validEntryCount": 16,
  "verifiedCount": 0,
  "errors": [
    {
      "code": "KNOWN_INVALID_HISTORICAL_MANIFEST",
      "detail": "The published GIT40 manifest is retained only as the strict negative fixture."
    },
    {
      "line": 12,
      "code": "NON_CANONICAL_ENTRY",
      "text": "7156c9366d06b66ae5649a39176b3ddbdb9658de6a63267e2a25f455baee57  ./selection.stdout.json.log"
    },
    {
      "code": "VALID_ENTRY_COUNT",
      "expected": 17,
      "actual": 16
    }
  ]
}
