{
  "schemaVersion": 1,
  "status": "PASS",
  "manifest": "/private/tmp/seedlands-git41-browser25-evidence/changes/2026-09-23-classic-functional-completion/evidence/git-41-browser25-evidence/SOURCE-MANIFEST.sha256",
  "root": "/private/tmp/seedlands-git41-browser25-evidence",
  "expectedCount": 6,
  "lineCount": 6,
  "validEntryCount": 6,
  "verifiedCount": 6,
  "errors": []
}
{
  "schemaVersion": 1,
  "status": "PASS",
  "manifest": "/private/tmp/seedlands-git41-browser25-evidence/changes/2026-09-23-classic-functional-completion/evidence/git-41-browser25-evidence/MANIFEST.sha256",
  "root": "/private/tmp/seedlands-git41-browser25-evidence/changes/2026-09-23-classic-functional-completion/evidence/git-41-browser25-evidence",
  "expectedCount": 8,
  "lineCount": 8,
  "validEntryCount": 8,
  "verifiedCount": 8,
  "errors": []
}
{
  "schemaVersion": 1,
  "status": "PASS",
  "manifest": "/private/tmp/seedlands-git41-browser25-evidence/changes/2026-09-23-classic-functional-completion/evidence/v2-canonical-browser-25/MANIFEST.sha256",
  "root": "/private/tmp/seedlands-git41-browser25-evidence/changes/2026-09-23-classic-functional-completion/evidence/v2-canonical-browser-25",
  "expectedCount": 84,
  "lineCount": 84,
  "validEntryCount": 84,
  "verifiedCount": 84,
  "errors": []
}
MAX_STAGED_BLOB_BYTES=19499461
DIFF_CHECK=PASS
Checking formatting...
All matched files use Prettier code style!
GIT41_FINAL_SELFCHECK=PASS
