{
  "schemaVersion": 1,
  "kind": "seedlands-performance-window",
  "status": "PASS",
  "version": 2,
  "ownerThread": "seedlands-performance-validator",
  "runId": "git41-browser25-metadata-format",
  "pid": 68172,
  "startedAt": "2026-09-29T00:25:14.022Z",
  "windowId": "git41-browser25-metadata-format",
  "evidencePath": "changes/2026-09-23-classic-functional-completion/evidence/git-41-browser25-evidence/metadata-format.window.json.log",
  "waitedMs": 2,
  "endedAt": "2026-09-29T00:25:14.540Z",
  "exitCode": 0,
  "signal": null,
  "measurement": {
    "status": "NOT_RECORDED"
  },
  "samples": [
    {
      "at": "2026-09-29T00:25:14.024Z",
      "loadAverage": [
        3.15625,
        3.400390625,
        3.0927734375
      ],
      "freeMemoryBytes": 6283083776,
      "totalMemoryBytes": 38654705664
    },
    {
      "at": "2026-09-29T00:25:14.538Z",
      "loadAverage": [
        3.15625,
        3.400390625,
        3.0927734375
      ],
      "freeMemoryBytes": 6352568320,
      "totalMemoryBytes": 38654705664
    }
  ]
}
