{
  "schemaVersion": 1,
  "kind": "seedlands-performance-window",
  "status": "PASS",
  "version": 2,
  "ownerThread": "seedlands-performance-validator",
  "runId": "git21-delivery-format",
  "pid": 46312,
  "startedAt": "2026-09-25T11:58:31.637Z",
  "windowId": "git21-delivery-format",
  "evidencePath": "changes/2026-09-23-classic-functional-completion/evidence/v2-equipment-core-git-21/delivery-format-window.json.log",
  "waitedMs": 1,
  "endedAt": "2026-09-25T11:58:31.755Z",
  "exitCode": 0,
  "signal": null,
  "measurement": {
    "status": "NOT_RECORDED"
  },
  "samples": [
    {
      "at": "2026-09-25T11:58:31.637Z",
      "loadAverage": [
        3.52197265625,
        3.25634765625,
        3.19091796875
      ],
      "freeMemoryBytes": 300826624,
      "totalMemoryBytes": 38654705664
    },
    {
      "at": "2026-09-25T11:58:31.754Z",
      "loadAverage": [
        3.52197265625,
        3.25634765625,
        3.19091796875
      ],
      "freeMemoryBytes": 300826624,
      "totalMemoryBytes": 38654705664
    }
  ]
}
