{
  "schemaVersion": 1,
  "kind": "seedlands-performance-window",
  "status": "PASS",
  "version": 2,
  "ownerThread": "seedlands-performance-validator",
  "runId": "git21-evidence-doc-format",
  "pid": 45492,
  "startedAt": "2026-09-25T11:57:13.380Z",
  "windowId": "git21-evidence-doc-format",
  "evidencePath": "changes/2026-09-23-classic-functional-completion/evidence/v2-equipment-core-git-21/evidence-doc-format-window.json.log",
  "waitedMs": 1,
  "endedAt": "2026-09-25T11:57:13.641Z",
  "exitCode": 0,
  "signal": null,
  "measurement": {
    "status": "NOT_RECORDED"
  },
  "samples": [
    {
      "at": "2026-09-25T11:57:13.381Z",
      "loadAverage": [
        3.212890625,
        3.20166015625,
        3.1728515625
      ],
      "freeMemoryBytes": 418430976,
      "totalMemoryBytes": 38654705664
    },
    {
      "at": "2026-09-25T11:57:13.639Z",
      "loadAverage": [
        3.212890625,
        3.20166015625,
        3.1728515625
      ],
      "freeMemoryBytes": 444874752,
      "totalMemoryBytes": 38654705664
    }
  ]
}
