{
  "schemaVersion": 1,
  "kind": "seedlands-performance-window",
  "status": "PASS",
  "version": 2,
  "ownerThread": "seedlands-performance-validator",
  "runId": "git21-revision-green",
  "pid": 38416,
  "startedAt": "2026-09-25T11:50:03.005Z",
  "windowId": "git21-revision-green",
  "evidencePath": "changes/2026-09-23-classic-functional-completion/evidence/v2-equipment-core-git-21/revision-green-window.json.log",
  "waitedMs": 1,
  "endedAt": "2026-09-25T11:50:03.731Z",
  "exitCode": 0,
  "signal": null,
  "measurement": {
    "status": "NOT_RECORDED"
  },
  "samples": [
    {
      "at": "2026-09-25T11:50:03.006Z",
      "loadAverage": [
        2.66845703125,
        2.896484375,
        3.10693359375
      ],
      "freeMemoryBytes": 161005568,
      "totalMemoryBytes": 38654705664
    },
    {
      "at": "2026-09-25T11:50:03.729Z",
      "loadAverage": [
        2.66845703125,
        2.896484375,
        3.10693359375
      ],
      "freeMemoryBytes": 66469888,
      "totalMemoryBytes": 38654705664
    }
  ]
}
