{
  "schemaVersion": 1,
  "kind": "seedlands-performance-window",
  "status": "PASS",
  "version": 2,
  "ownerThread": "seedlands-performance-validator",
  "runId": "git21-scoped-diff",
  "pid": 40697,
  "startedAt": "2026-09-25T11:52:33.268Z",
  "windowId": "git21-scoped-diff",
  "evidencePath": "changes/2026-09-23-classic-functional-completion/evidence/v2-equipment-core-git-21/scoped-diff-window.json.log",
  "waitedMs": 2,
  "endedAt": "2026-09-25T11:52:33.321Z",
  "exitCode": 0,
  "signal": null,
  "measurement": {
    "status": "NOT_RECORDED"
  },
  "samples": [
    {
      "at": "2026-09-25T11:52:33.270Z",
      "loadAverage": [
        3.1376953125,
        3.01611328125,
        3.11865234375
      ],
      "freeMemoryBytes": 761954304,
      "totalMemoryBytes": 38654705664
    },
    {
      "at": "2026-09-25T11:52:33.319Z",
      "loadAverage": [
        3.1376953125,
        3.01611328125,
        3.11865234375
      ],
      "freeMemoryBytes": 756596736,
      "totalMemoryBytes": 38654705664
    }
  ]
}
