{
  "schemaVersion": 1,
  "kind": "seedlands-performance-window",
  "status": "PASS",
  "version": 2,
  "ownerThread": "seedlands-performance-validator",
  "runId": "git21-spine-contract",
  "pid": 38041,
  "startedAt": "2026-09-25T11:49:39.324Z",
  "windowId": "git21-spine-contract",
  "evidencePath": "changes/2026-09-23-classic-functional-completion/evidence/v2-equipment-core-git-21/spine-contract-window.json.log",
  "waitedMs": 1,
  "endedAt": "2026-09-25T11:49:41.978Z",
  "exitCode": 0,
  "signal": null,
  "measurement": {
    "status": "NOT_RECORDED"
  },
  "samples": [
    {
      "at": "2026-09-25T11:49:39.325Z",
      "loadAverage": [
        2.861328125,
        2.95703125,
        3.13525390625
      ],
      "freeMemoryBytes": 349536256,
      "totalMemoryBytes": 38654705664
    },
    {
      "at": "2026-09-25T11:49:41.976Z",
      "loadAverage": [
        2.7119140625,
        2.92431640625,
        3.12255859375
      ],
      "freeMemoryBytes": 507084800,
      "totalMemoryBytes": 38654705664
    }
  ]
}
