{
  "schemaVersion": 1,
  "kind": "seedlands-performance-window",
  "status": "PASS",
  "version": 2,
  "ownerThread": "seedlands-performance-validator",
  "runId": "git21-station-host-green",
  "pid": 38445,
  "startedAt": "2026-09-25T11:50:10.283Z",
  "windowId": "git21-station-host-green",
  "evidencePath": "changes/2026-09-23-classic-functional-completion/evidence/v2-equipment-core-git-21/station-host-green-window.json.log",
  "waitedMs": 1,
  "endedAt": "2026-09-25T11:50:11.647Z",
  "exitCode": 0,
  "signal": null,
  "measurement": {
    "status": "NOT_RECORDED"
  },
  "samples": [
    {
      "at": "2026-09-25T11:50:10.284Z",
      "loadAverage": [
        2.93505859375,
        2.94775390625,
        3.12353515625
      ],
      "freeMemoryBytes": 485965824,
      "totalMemoryBytes": 38654705664
    },
    {
      "at": "2026-09-25T11:50:11.645Z",
      "loadAverage": [
        2.93994140625,
        2.9482421875,
        3.12255859375
      ],
      "freeMemoryBytes": 457146368,
      "totalMemoryBytes": 38654705664
    }
  ]
}
