{
  "schemaVersion": 1,
  "kind": "seedlands-performance-window",
  "status": "PASS",
  "version": 2,
  "ownerThread": "seedlands-performance-validator",
  "runId": "v1-route-aim-bounded-close-11-affected",
  "pid": 12758,
  "startedAt": "2026-09-28T09:17:47.419Z",
  "windowId": "v1-route-aim-bounded-close-11-affected",
  "evidencePath": "changes/2026-09-23-classic-functional-completion/evidence/v1-route-aim-bounded-close-11/affected-window.json.log",
  "waitedMs": 1,
  "endedAt": "2026-09-28T09:17:49.952Z",
  "exitCode": 0,
  "signal": null,
  "measurement": {
    "status": "NOT_RECORDED"
  },
  "samples": [
    {
      "at": "2026-09-28T09:17:47.420Z",
      "loadAverage": [
        2.79833984375,
        2.71240234375,
        2.74609375
      ],
      "freeMemoryBytes": 1110114304,
      "totalMemoryBytes": 38654705664
    },
    {
      "at": "2026-09-28T09:17:49.950Z",
      "loadAverage": [
        2.79833984375,
        2.71240234375,
        2.74609375
      ],
      "freeMemoryBytes": 988577792,
      "totalMemoryBytes": 38654705664
    }
  ]
}
