{
  "schemaVersion": 1,
  "kind": "seedlands-performance-window",
  "status": "PASS",
  "version": 2,
  "ownerThread": "seedlands-performance-validator",
  "runId": "v1-route-aim-bounded-close-11-classic-types-02",
  "pid": 14954,
  "startedAt": "2026-09-28T09:18:50.005Z",
  "windowId": "v1-route-aim-bounded-close-11-classic-types-02",
  "evidencePath": "changes/2026-09-23-classic-functional-completion/evidence/v1-route-aim-bounded-close-11/classic-types-02-window.json.log",
  "waitedMs": 2,
  "endedAt": "2026-09-28T09:18:53.175Z",
  "exitCode": 0,
  "signal": null,
  "measurement": {
    "status": "NOT_RECORDED"
  },
  "samples": [
    {
      "at": "2026-09-28T09:18:50.007Z",
      "loadAverage": [
        2.64990234375,
        2.68603515625,
        2.734375
      ],
      "freeMemoryBytes": 966082560,
      "totalMemoryBytes": 38654705664
    },
    {
      "at": "2026-09-28T09:18:53.173Z",
      "loadAverage": [
        2.59765625,
        2.67431640625,
        2.72998046875
      ],
      "freeMemoryBytes": 1004388352,
      "totalMemoryBytes": 38654705664
    }
  ]
}
