{
  "schemaVersion": 1,
  "kind": "seedlands-performance-window",
  "status": "PASS",
  "version": 2,
  "ownerThread": "seedlands-performance-validator",
  "runId": "v1-route-aim-bounded-close-11-eslint",
  "pid": 15878,
  "startedAt": "2026-09-28T09:19:57.526Z",
  "windowId": "v1-route-aim-bounded-close-11-eslint",
  "evidencePath": "changes/2026-09-23-classic-functional-completion/evidence/v1-route-aim-bounded-close-11/eslint-window.json.log",
  "waitedMs": 1,
  "endedAt": "2026-09-28T09:19:59.121Z",
  "exitCode": 0,
  "signal": null,
  "measurement": {
    "status": "NOT_RECORDED"
  },
  "samples": [
    {
      "at": "2026-09-28T09:19:57.527Z",
      "loadAverage": [
        2.58935546875,
        2.6943359375,
        2.73388671875
      ],
      "freeMemoryBytes": 902332416,
      "totalMemoryBytes": 38654705664
    },
    {
      "at": "2026-09-28T09:19:59.120Z",
      "loadAverage": [
        2.58935546875,
        2.6943359375,
        2.73388671875
      ],
      "freeMemoryBytes": 1013219328,
      "totalMemoryBytes": 38654705664
    }
  ]
}
