apps/web/tests/e2e/classic-support/target-aim.ts: OK
apps/web/tests/e2e/classic-support/route-aim-contract.test.ts: OK
changes/2026-09-23-classic-functional-completion/spec.md: OK
changes/2026-09-23-classic-functional-completion/route-aim-contract.md: OK
changes/2026-09-23-classic-functional-completion/route-aim-evidence.md: OK
changes/2026-09-23-classic-functional-completion/evidence/v1-route-aim-bounded-close-11/SOURCE-MANIFEST.sha256: OK
changes/2026-09-23-classic-functional-completion/evidence/v1-route-aim-bounded-close-11/affected-final-window.json.log: OK
changes/2026-09-23-classic-functional-completion/evidence/v1-route-aim-bounded-close-11/affected-final.stdout.log: OK
changes/2026-09-23-classic-functional-completion/evidence/v1-route-aim-bounded-close-11/affected-release-window.json.log: OK
changes/2026-09-23-classic-functional-completion/evidence/v1-route-aim-bounded-close-11/affected-release.stdout.log: OK
changes/2026-09-23-classic-functional-completion/evidence/v1-route-aim-bounded-close-11/affected-window.json.log: OK
changes/2026-09-23-classic-functional-completion/evidence/v1-route-aim-bounded-close-11/affected.stdout.log: OK
changes/2026-09-23-classic-functional-completion/evidence/v1-route-aim-bounded-close-11/classic-types-02-window.json.log: OK
changes/2026-09-23-classic-functional-completion/evidence/v1-route-aim-bounded-close-11/classic-types-02.stdout.log: OK
changes/2026-09-23-classic-functional-completion/evidence/v1-route-aim-bounded-close-11/classic-types-release-window.json.log: OK
changes/2026-09-23-classic-functional-completion/evidence/v1-route-aim-bounded-close-11/classic-types-release.stdout.log: OK
changes/2026-09-23-classic-functional-completion/evidence/v1-route-aim-bounded-close-11/classic-types-window.json.log: OK
changes/2026-09-23-classic-functional-completion/evidence/v1-route-aim-bounded-close-11/classic-types.stdout.log: OK
changes/2026-09-23-classic-functional-completion/evidence/v1-route-aim-bounded-close-11/eslint-release-window.json.log: OK
changes/2026-09-23-classic-functional-completion/evidence/v1-route-aim-bounded-close-11/eslint-release.stdout.log: OK
changes/2026-09-23-classic-functional-completion/evidence/v1-route-aim-bounded-close-11/eslint-window.json.log: OK
changes/2026-09-23-classic-functional-completion/evidence/v1-route-aim-bounded-close-11/eslint.stdout.log: OK
changes/2026-09-23-classic-functional-completion/evidence/v1-route-aim-bounded-close-11/format-final-window.json.log: OK
changes/2026-09-23-classic-functional-completion/evidence/v1-route-aim-bounded-close-11/format-final.stdout.log: OK
changes/2026-09-23-classic-functional-completion/evidence/v1-route-aim-bounded-close-11/format-release-window.json.log: OK
changes/2026-09-23-classic-functional-completion/evidence/v1-route-aim-bounded-close-11/format-release.stdout.log: OK
changes/2026-09-23-classic-functional-completion/evidence/v1-route-aim-bounded-close-11/format-window.json.log: OK
changes/2026-09-23-classic-functional-completion/evidence/v1-route-aim-bounded-close-11/format-write-window.json.log: OK
changes/2026-09-23-classic-functional-completion/evidence/v1-route-aim-bounded-close-11/format-write.stdout.log: OK
changes/2026-09-23-classic-functional-completion/evidence/v1-route-aim-bounded-close-11/format.stdout.log: OK
changes/2026-09-23-classic-functional-completion/evidence/v1-route-aim-bounded-close-11/green-final-window.json.log: OK
changes/2026-09-23-classic-functional-completion/evidence/v1-route-aim-bounded-close-11/green-final.stdout.log: OK
changes/2026-09-23-classic-functional-completion/evidence/v1-route-aim-bounded-close-11/green-release-window.json.log: OK
changes/2026-09-23-classic-functional-completion/evidence/v1-route-aim-bounded-close-11/green-release.stdout.log: OK
changes/2026-09-23-classic-functional-completion/evidence/v1-route-aim-bounded-close-11/green-window.json.log: OK
changes/2026-09-23-classic-functional-completion/evidence/v1-route-aim-bounded-close-11/green.stdout.log: OK
changes/2026-09-23-classic-functional-completion/evidence/v1-route-aim-bounded-close-11/red-02-window.json.log: OK
changes/2026-09-23-classic-functional-completion/evidence/v1-route-aim-bounded-close-11/red-02.stdout.log: OK
changes/2026-09-23-classic-functional-completion/evidence/v1-route-aim-bounded-close-11/red-window.json.log: OK
changes/2026-09-23-classic-functional-completion/evidence/v1-route-aim-bounded-close-11/red.stdout.log: OK
changes/2026-09-23-classic-functional-completion/evidence/v1-route-aim-bounded-close-11/root-types-release-window.json.log: OK
changes/2026-09-23-classic-functional-completion/evidence/v1-route-aim-bounded-close-11/root-types-release.stdout.log: OK
changes/2026-09-23-classic-functional-completion/evidence/v1-route-aim-bounded-close-11/root-types-window.json.log: OK
changes/2026-09-23-classic-functional-completion/evidence/v1-route-aim-bounded-close-11/root-types.stdout.log: OK
changes/2026-09-23-classic-functional-completion/evidence/v1-route-aim-bounded-close-11/scoped-diff-final-window.json.log: OK
changes/2026-09-23-classic-functional-completion/evidence/v1-route-aim-bounded-close-11/scoped-diff-final.stdout.log: OK
changes/2026-09-23-classic-functional-completion/evidence/v1-route-aim-bounded-close-11/scoped-diff-release-window.json.log: OK
changes/2026-09-23-classic-functional-completion/evidence/v1-route-aim-bounded-close-11/scoped-diff-release.stdout.log: OK
changes/2026-09-23-classic-functional-completion/evidence/v1-route-aim-bounded-close-11/validation-argv.txt: OK
FINAL_SELFCHECK_PASS
