{
  "schemaVersion": 1,
  "kind": "seedlands-performance-window",
  "status": "PASS",
  "version": 2,
  "ownerThread": "seedlands-performance-validator",
  "runId": "v1-route-aim-bounded-close-11-format-final",
  "pid": 19581,
  "startedAt": "2026-09-28T09:23:13.506Z",
  "windowId": "v1-route-aim-bounded-close-11-format-final",
  "evidencePath": "changes/2026-09-23-classic-functional-completion/evidence/v1-route-aim-bounded-close-11/format-final-window.json.log",
  "waitedMs": 1,
  "endedAt": "2026-09-28T09:23:13.949Z",
  "exitCode": 0,
  "signal": null,
  "measurement": {
    "status": "NOT_RECORDED"
  },
  "samples": [
    {
      "at": "2026-09-28T09:23:13.507Z",
      "loadAverage": [
        2.59521484375,
        2.86328125,
        2.8125
      ],
      "freeMemoryBytes": 1048838144,
      "totalMemoryBytes": 38654705664
    },
    {
      "at": "2026-09-28T09:23:13.947Z",
      "loadAverage": [
        2.59521484375,
        2.86328125,
        2.8125
      ],
      "freeMemoryBytes": 1070268416,
      "totalMemoryBytes": 38654705664
    }
  ]
}
