{
  "schemaVersion": 1,
  "kind": "seedlands-performance-window",
  "status": "FAIL",
  "version": 2,
  "ownerThread": "seedlands-performance-validator",
  "runId": "v1-route-aim-bounded-close-11-format",
  "pid": 16705,
  "startedAt": "2026-09-28T09:20:17.670Z",
  "windowId": "v1-route-aim-bounded-close-11-format",
  "evidencePath": "changes/2026-09-23-classic-functional-completion/evidence/v1-route-aim-bounded-close-11/format-window.json.log",
  "waitedMs": 2,
  "endedAt": "2026-09-28T09:20:18.182Z",
  "exitCode": 1,
  "signal": null,
  "measurement": {
    "status": "NOT_RECORDED"
  },
  "samples": [
    {
      "at": "2026-09-28T09:20:17.672Z",
      "loadAverage": [
        2.84619140625,
        2.74560546875,
        2.75146484375
      ],
      "freeMemoryBytes": 856801280,
      "totalMemoryBytes": 38654705664
    },
    {
      "at": "2026-09-28T09:20:18.180Z",
      "loadAverage": [
        2.84619140625,
        2.74560546875,
        2.75146484375
      ],
      "freeMemoryBytes": 801013760,
      "totalMemoryBytes": 38654705664
    }
  ]
}
