{
  "schemaVersion": 1,
  "kind": "seedlands-performance-window",
  "status": "PASS",
  "version": 2,
  "ownerThread": "seedlands-performance-validator",
  "runId": "v1-route-aim-bounded-close-11-green-final",
  "pid": 15200,
  "startedAt": "2026-09-28T09:19:08.940Z",
  "windowId": "v1-route-aim-bounded-close-11-green-final",
  "evidencePath": "changes/2026-09-23-classic-functional-completion/evidence/v1-route-aim-bounded-close-11/green-final-window.json.log",
  "waitedMs": 1,
  "endedAt": "2026-09-28T09:19:09.777Z",
  "exitCode": 0,
  "signal": null,
  "measurement": {
    "status": "NOT_RECORDED"
  },
  "samples": [
    {
      "at": "2026-09-28T09:19:08.941Z",
      "loadAverage": [
        3.01904296875,
        2.75634765625,
        2.7578125
      ],
      "freeMemoryBytes": 975437824,
      "totalMemoryBytes": 38654705664
    },
    {
      "at": "2026-09-28T09:19:09.775Z",
      "loadAverage": [
        3.01904296875,
        2.75634765625,
        2.7578125
      ],
      "freeMemoryBytes": 1004732416,
      "totalMemoryBytes": 38654705664
    }
  ]
}
