{
  "schemaVersion": 1,
  "kind": "seedlands-performance-window",
  "status": "PASS",
  "version": 2,
  "ownerThread": "seedlands-performance-validator",
  "runId": "v1-route-aim-bounded-close-11-green-release",
  "pid": 18307,
  "startedAt": "2026-09-28T09:20:56.724Z",
  "windowId": "v1-route-aim-bounded-close-11-green-release",
  "evidencePath": "changes/2026-09-23-classic-functional-completion/evidence/v1-route-aim-bounded-close-11/green-release-window.json.log",
  "waitedMs": 1,
  "endedAt": "2026-09-28T09:20:57.571Z",
  "exitCode": 0,
  "signal": null,
  "measurement": {
    "status": "NOT_RECORDED"
  },
  "samples": [
    {
      "at": "2026-09-28T09:20:56.725Z",
      "loadAverage": [
        3.44091796875,
        2.912109375,
        2.81103515625
      ],
      "freeMemoryBytes": 935510016,
      "totalMemoryBytes": 38654705664
    },
    {
      "at": "2026-09-28T09:20:57.570Z",
      "loadAverage": [
        3.3251953125,
        2.896484375,
        2.80615234375
      ],
      "freeMemoryBytes": 974929920,
      "totalMemoryBytes": 38654705664
    }
  ]
}
