{
  "schemaVersion": 1,
  "kind": "seedlands-performance-window",
  "status": "FAIL",
  "version": 2,
  "ownerThread": "seedlands-performance-validator",
  "runId": "v1-route-aim-bounded-close-11-metadata-format",
  "pid": 23057,
  "startedAt": "2026-09-28T09:25:22.531Z",
  "windowId": "v1-route-aim-bounded-close-11-metadata-format",
  "evidencePath": "changes/2026-09-23-classic-functional-completion/evidence/v1-route-aim-bounded-close-11/metadata-format-window.json.log",
  "waitedMs": 1,
  "endedAt": "2026-09-28T09:25:22.846Z",
  "exitCode": 1,
  "signal": null,
  "measurement": {
    "status": "NOT_RECORDED"
  },
  "samples": [
    {
      "at": "2026-09-28T09:25:22.532Z",
      "loadAverage": [
        3.06982421875,
        2.97216796875,
        2.8583984375
      ],
      "freeMemoryBytes": 1047527424,
      "totalMemoryBytes": 38654705664
    },
    {
      "at": "2026-09-28T09:25:22.844Z",
      "loadAverage": [
        3.06982421875,
        2.97216796875,
        2.8583984375
      ],
      "freeMemoryBytes": 1044250624,
      "totalMemoryBytes": 38654705664
    }
  ]
}
