{
  "schemaVersion": 1,
  "kind": "seedlands-performance-window",
  "status": "PASS",
  "version": 2,
  "ownerThread": "seedlands-performance-validator",
  "runId": "v1-route-aim-bounded-close-11-metadata-write",
  "pid": 23141,
  "startedAt": "2026-09-28T09:25:32.885Z",
  "windowId": "v1-route-aim-bounded-close-11-metadata-write",
  "evidencePath": "changes/2026-09-23-classic-functional-completion/evidence/v1-route-aim-bounded-close-11/metadata-write-window.json.log",
  "waitedMs": 2,
  "endedAt": "2026-09-28T09:25:33.202Z",
  "exitCode": 0,
  "signal": null,
  "measurement": {
    "status": "NOT_RECORDED"
  },
  "samples": [
    {
      "at": "2026-09-28T09:25:32.887Z",
      "loadAverage": [
        3.45263671875,
        3.05517578125,
        2.888671875
      ],
      "freeMemoryBytes": 1022820352,
      "totalMemoryBytes": 38654705664
    },
    {
      "at": "2026-09-28T09:25:33.200Z",
      "loadAverage": [
        3.45263671875,
        3.05517578125,
        2.888671875
      ],
      "freeMemoryBytes": 1019625472,
      "totalMemoryBytes": 38654705664
    }
  ]
}
