{
  "schemaVersion": 1,
  "kind": "seedlands-performance-window",
  "status": "PASS",
  "version": 2,
  "ownerThread": "seedlands-performance-validator",
  "runId": "v1-route-aim-bounded-close-11-metadata-final-02",
  "pid": 23677,
  "startedAt": "2026-09-28T09:26:31.553Z",
  "windowId": "v1-route-aim-bounded-close-11-metadata-final-02",
  "evidencePath": "changes/2026-09-23-classic-functional-completion/evidence/v1-route-aim-bounded-close-11/metadata-final-02-window.json.log",
  "waitedMs": 1,
  "endedAt": "2026-09-28T09:26:31.920Z",
  "exitCode": 0,
  "signal": null,
  "measurement": {
    "status": "NOT_RECORDED"
  },
  "samples": [
    {
      "at": "2026-09-28T09:26:31.554Z",
      "loadAverage": [
        3.77978515625,
        3.24609375,
        2.9716796875
      ],
      "freeMemoryBytes": 772489216,
      "totalMemoryBytes": 38654705664
    },
    {
      "at": "2026-09-28T09:26:31.918Z",
      "loadAverage": [
        3.77978515625,
        3.24609375,
        2.9716796875
      ],
      "freeMemoryBytes": 769310720,
      "totalMemoryBytes": 38654705664
    }
  ]
}
