{
  "schemaVersion": 1,
  "kind": "seedlands-performance-window",
  "status": "FAIL",
  "version": 2,
  "ownerThread": "seedlands-performance-validator",
  "runId": "v1-route-aim-bounded-close-11-red-02",
  "pid": 11879,
  "startedAt": "2026-09-28T09:15:59.934Z",
  "windowId": "v1-route-aim-bounded-close-11-red-02",
  "evidencePath": "changes/2026-09-23-classic-functional-completion/evidence/v1-route-aim-bounded-close-11/red-02-window.json.log",
  "waitedMs": 1,
  "endedAt": "2026-09-28T09:16:00.771Z",
  "exitCode": 1,
  "signal": null,
  "measurement": {
    "status": "NOT_RECORDED"
  },
  "samples": [
    {
      "at": "2026-09-28T09:15:59.935Z",
      "loadAverage": [
        2.68505859375,
        2.68408203125,
        2.7470703125
      ],
      "freeMemoryBytes": 1158610944,
      "totalMemoryBytes": 38654705664
    },
    {
      "at": "2026-09-28T09:16:00.770Z",
      "loadAverage": [
        2.68505859375,
        2.68408203125,
        2.7470703125
      ],
      "freeMemoryBytes": 1025081344,
      "totalMemoryBytes": 38654705664
    }
  ]
}
