{
  "schemaVersion": 1,
  "kind": "seedlands-performance-window",
  "status": "PASS",
  "version": 2,
  "ownerThread": "seedlands-performance-validator",
  "runId": "v1-route-aim-bounded-close-11-scoped-diff-release",
  "pid": 19113,
  "startedAt": "2026-09-28T09:22:11.327Z",
  "windowId": "v1-route-aim-bounded-close-11-scoped-diff-release",
  "evidencePath": "changes/2026-09-23-classic-functional-completion/evidence/v1-route-aim-bounded-close-11/scoped-diff-release-window.json.log",
  "waitedMs": 1,
  "endedAt": "2026-09-28T09:22:11.363Z",
  "exitCode": 0,
  "signal": null,
  "measurement": {
    "status": "NOT_RECORDED"
  },
  "samples": [
    {
      "at": "2026-09-28T09:22:11.328Z",
      "loadAverage": [
        3.337890625,
        3.037109375,
        2.86767578125
      ],
      "freeMemoryBytes": 944324608,
      "totalMemoryBytes": 38654705664
    },
    {
      "at": "2026-09-28T09:22:11.361Z",
      "loadAverage": [
        3.337890625,
        3.037109375,
        2.86767578125
      ],
      "freeMemoryBytes": 944439296,
      "totalMemoryBytes": 38654705664
    }
  ]
}
