{
  "schemaVersion": 1,
  "kind": "seedlands-performance-window",
  "status": "PASS",
  "version": 2,
  "ownerThread": "seedlands-performance-validator",
  "runId": "v1-route-aim-bounded-close-11-scoped-diff-final",
  "pid": 21276,
  "startedAt": "2026-09-28T09:23:19.735Z",
  "windowId": "v1-route-aim-bounded-close-11-scoped-diff-final",
  "evidencePath": "changes/2026-09-23-classic-functional-completion/evidence/v1-route-aim-bounded-close-11/scoped-diff-final-window.json.log",
  "waitedMs": 2,
  "endedAt": "2026-09-28T09:23:19.767Z",
  "exitCode": 0,
  "signal": null,
  "measurement": {
    "status": "NOT_RECORDED"
  },
  "samples": [
    {
      "at": "2026-09-28T09:23:19.737Z",
      "loadAverage": [
        2.46728515625,
        2.83203125,
        2.8017578125
      ],
      "freeMemoryBytes": 948666368,
      "totalMemoryBytes": 38654705664
    },
    {
      "at": "2026-09-28T09:23:19.766Z",
      "loadAverage": [
        2.46728515625,
        2.83203125,
        2.8017578125
      ],
      "freeMemoryBytes": 1020444672,
      "totalMemoryBytes": 38654705664
    }
  ]
}
