{
  "schemaVersion": 1,
  "kind": "seedlands-performance-window",
  "status": "PASS",
  "version": 2,
  "ownerThread": "seedlands-performance-validator",
  "runId": "v2-equipment-web-ui-bridge-regression-01",
  "pid": 73656,
  "startedAt": "2026-09-25T13:52:52.914Z",
  "windowId": "v2-equipment-web-ui-bridge-regression-01",
  "evidencePath": "changes/2026-09-23-classic-functional-completion/evidence/v2-equipment-web-ui-01/bridge-regression-01-window.json.log",
  "waitedMs": 1,
  "endedAt": "2026-09-25T13:52:53.639Z",
  "exitCode": 0,
  "signal": null,
  "measurement": {
    "status": "NOT_RECORDED"
  },
  "samples": [
    {
      "at": "2026-09-25T13:52:52.915Z",
      "loadAverage": [
        3.3134765625,
        3.3310546875,
        3.2939453125
      ],
      "freeMemoryBytes": 825917440,
      "totalMemoryBytes": 38654705664
    },
    {
      "at": "2026-09-25T13:52:53.637Z",
      "loadAverage": [
        3.3134765625,
        3.3310546875,
        3.2939453125
      ],
      "freeMemoryBytes": 825917440,
      "totalMemoryBytes": 38654705664
    }
  ]
}
