{
  "schemaVersion": 1,
  "kind": "seedlands-performance-window",
  "status": "PASS",
  "version": 2,
  "ownerThread": "seedlands-performance-validator",
  "runId": "v2-equipment-web-ui-browser-format-01",
  "pid": 64765,
  "startedAt": "2026-09-25T13:44:44.146Z",
  "windowId": "v2-equipment-web-ui-browser-format-01",
  "evidencePath": "changes/2026-09-23-classic-functional-completion/evidence/v2-equipment-web-ui-01/browser-format-01-window.json.log",
  "waitedMs": 1,
  "endedAt": "2026-09-25T13:44:44.527Z",
  "exitCode": 0,
  "signal": null,
  "measurement": {
    "status": "NOT_RECORDED"
  },
  "samples": [
    {
      "at": "2026-09-25T13:44:44.147Z",
      "loadAverage": [
        3.7529296875,
        3.37646484375,
        3.30078125
      ],
      "freeMemoryBytes": 419332096,
      "totalMemoryBytes": 38654705664
    },
    {
      "at": "2026-09-25T13:44:44.525Z",
      "loadAverage": [
        3.7529296875,
        3.37646484375,
        3.30078125
      ],
      "freeMemoryBytes": 363266048,
      "totalMemoryBytes": 38654705664
    }
  ]
}
