{
  "schemaVersion": 1,
  "kind": "seedlands-performance-window",
  "status": "PASS",
  "version": 2,
  "ownerThread": "seedlands-performance-validator",
  "runId": "v2-equipment-web-ui-docs-format-final",
  "pid": 77568,
  "startedAt": "2026-09-25T13:57:55.465Z",
  "windowId": "v2-equipment-web-ui-docs-format-final",
  "evidencePath": "changes/2026-09-23-classic-functional-completion/evidence/v2-equipment-web-ui-01/docs-format-final-window.json.log",
  "waitedMs": 2,
  "endedAt": "2026-09-25T13:57:55.871Z",
  "exitCode": 0,
  "signal": null,
  "measurement": {
    "status": "NOT_RECORDED"
  },
  "samples": [
    {
      "at": "2026-09-25T13:57:55.467Z",
      "loadAverage": [
        4.7265625,
        3.71044921875,
        3.4267578125
      ],
      "freeMemoryBytes": 319766528,
      "totalMemoryBytes": 38654705664
    },
    {
      "at": "2026-09-25T13:57:55.869Z",
      "loadAverage": [
        4.7265625,
        3.71044921875,
        3.4267578125
      ],
      "freeMemoryBytes": 339869696,
      "totalMemoryBytes": 38654705664
    }
  ]
}
