{
  "schemaVersion": 1,
  "kind": "seedlands-performance-window",
  "status": "FAIL",
  "version": 2,
  "ownerThread": "seedlands-performance-validator",
  "runId": "v2-equipment-web-ui-eslint-03",
  "pid": 64859,
  "startedAt": "2026-09-25T13:44:52.014Z",
  "windowId": "v2-equipment-web-ui-eslint-03",
  "evidencePath": "changes/2026-09-23-classic-functional-completion/evidence/v2-equipment-web-ui-01/eslint-03-window.json.log",
  "waitedMs": 2,
  "endedAt": "2026-09-25T13:44:53.227Z",
  "exitCode": 1,
  "signal": null,
  "measurement": {
    "status": "NOT_RECORDED"
  },
  "samples": [
    {
      "at": "2026-09-25T13:44:52.016Z",
      "loadAverage": [
        3.8525390625,
        3.4033203125,
        3.310546875
      ],
      "freeMemoryBytes": 529743872,
      "totalMemoryBytes": 38654705664
    },
    {
      "at": "2026-09-25T13:44:53.225Z",
      "loadAverage": [
        4.3447265625,
        3.5126953125,
        3.349609375
      ],
      "freeMemoryBytes": 576454656,
      "totalMemoryBytes": 38654705664
    }
  ]
}
