{
  "schemaVersion": 1,
  "kind": "seedlands-performance-window",
  "status": "PASS",
  "version": 2,
  "ownerThread": "seedlands-performance-validator",
  "runId": "v2-equipment-web-ui-eslint-frozen",
  "pid": 74022,
  "startedAt": "2026-09-25T13:53:35.212Z",
  "windowId": "v2-equipment-web-ui-eslint-frozen",
  "evidencePath": "changes/2026-09-23-classic-functional-completion/evidence/v2-equipment-web-ui-01/eslint-frozen-window.json.log",
  "waitedMs": 1,
  "endedAt": "2026-09-25T13:53:36.834Z",
  "exitCode": 0,
  "signal": null,
  "measurement": {
    "status": "NOT_RECORDED"
  },
  "samples": [
    {
      "at": "2026-09-25T13:53:35.213Z",
      "loadAverage": [
        2.8818359375,
        3.21923828125,
        3.2529296875
      ],
      "freeMemoryBytes": 827965440,
      "totalMemoryBytes": 38654705664
    },
    {
      "at": "2026-09-25T13:53:36.832Z",
      "loadAverage": [
        2.8818359375,
        3.21923828125,
        3.2529296875
      ],
      "freeMemoryBytes": 809254912,
      "totalMemoryBytes": 38654705664
    }
  ]
}
