{
  "schemaVersion": 1,
  "kind": "seedlands-performance-window",
  "status": "FAIL",
  "version": 2,
  "ownerThread": "seedlands-performance-validator",
  "runId": "v2-equipment-web-ui-eslint-02",
  "pid": 64115,
  "startedAt": "2026-09-25T13:43:52.674Z",
  "windowId": "v2-equipment-web-ui-eslint-02",
  "evidencePath": "changes/2026-09-23-classic-functional-completion/evidence/v2-equipment-web-ui-01/eslint-02-window.json.log",
  "waitedMs": 1,
  "endedAt": "2026-09-25T13:43:53.860Z",
  "exitCode": 1,
  "signal": null,
  "measurement": {
    "status": "NOT_RECORDED"
  },
  "samples": [
    {
      "at": "2026-09-25T13:43:52.675Z",
      "loadAverage": [
        2.74169921875,
        3.14404296875,
        3.2197265625
      ],
      "freeMemoryBytes": 572194816,
      "totalMemoryBytes": 38654705664
    },
    {
      "at": "2026-09-25T13:43:53.859Z",
      "loadAverage": [
        2.74169921875,
        3.14404296875,
        3.2197265625
      ],
      "freeMemoryBytes": 615366656,
      "totalMemoryBytes": 38654705664
    }
  ]
}
