{
  "schemaVersion": 1,
  "kind": "seedlands-performance-window",
  "status": "PASS",
  "version": 2,
  "ownerThread": "seedlands-performance-validator",
  "runId": "v2-equipment-web-ui-evidence-final",
  "pid": 78531,
  "startedAt": "2026-09-25T13:58:57.308Z",
  "windowId": "v2-equipment-web-ui-evidence-final",
  "evidencePath": "changes/2026-09-23-classic-functional-completion/evidence/v2-equipment-web-ui-01/evidence-final-window.json.log",
  "waitedMs": 1,
  "endedAt": "2026-09-25T13:58:58.028Z",
  "exitCode": 0,
  "signal": null,
  "measurement": {
    "status": "NOT_RECORDED"
  },
  "samples": [
    {
      "at": "2026-09-25T13:58:57.309Z",
      "loadAverage": [
        4.1552734375,
        3.7177734375,
        3.44482421875
      ],
      "freeMemoryBytes": 589578240,
      "totalMemoryBytes": 38654705664
    },
    {
      "at": "2026-09-25T13:58:58.026Z",
      "loadAverage": [
        4.1552734375,
        3.7177734375,
        3.44482421875
      ],
      "freeMemoryBytes": 654049280,
      "totalMemoryBytes": 38654705664
    }
  ]
}
