{
  "schemaVersion": 1,
  "kind": "seedlands-performance-window",
  "status": "PASS",
  "version": 2,
  "ownerThread": "seedlands-performance-validator",
  "runId": "v2-equipment-web-ui-format-03",
  "pid": 64025,
  "startedAt": "2026-09-25T13:43:42.773Z",
  "windowId": "v2-equipment-web-ui-format-03",
  "evidencePath": "changes/2026-09-23-classic-functional-completion/evidence/v2-equipment-web-ui-01/format-03-window.json.log",
  "waitedMs": 4,
  "endedAt": "2026-09-25T13:43:43.449Z",
  "exitCode": 0,
  "signal": null,
  "measurement": {
    "status": "NOT_RECORDED"
  },
  "samples": [
    {
      "at": "2026-09-25T13:43:42.777Z",
      "loadAverage": [
        2.6005859375,
        3.13232421875,
        3.216796875
      ],
      "freeMemoryBytes": 707215360,
      "totalMemoryBytes": 38654705664
    },
    {
      "at": "2026-09-25T13:43:43.448Z",
      "loadAverage": [
        2.6005859375,
        3.13232421875,
        3.216796875
      ],
      "freeMemoryBytes": 256851968,
      "totalMemoryBytes": 38654705664
    }
  ]
}
