{
  "schemaVersion": 1,
  "kind": "seedlands-performance-window",
  "status": "FAIL",
  "version": 2,
  "ownerThread": "seedlands-performance-validator",
  "runId": "v2-equipment-web-ui-green-final2",
  "pid": 68576,
  "startedAt": "2026-09-25T13:47:59.517Z",
  "windowId": "v2-equipment-web-ui-green-final2",
  "evidencePath": "changes/2026-09-23-classic-functional-completion/evidence/v2-equipment-web-ui-01/green-final2-window.json.log",
  "waitedMs": 1,
  "endedAt": "2026-09-25T13:48:02.283Z",
  "exitCode": 1,
  "signal": null,
  "measurement": {
    "status": "NOT_RECORDED"
  },
  "samples": [
    {
      "at": "2026-09-25T13:47:59.518Z",
      "loadAverage": [
        2.29345703125,
        3.1484375,
        3.24072265625
      ],
      "freeMemoryBytes": 826474496,
      "totalMemoryBytes": 38654705664
    },
    {
      "at": "2026-09-25T13:48:02.282Z",
      "loadAverage": [
        2.29345703125,
        3.1484375,
        3.24072265625
      ],
      "freeMemoryBytes": 723451904,
      "totalMemoryBytes": 38654705664
    }
  ]
}
