{
  "schemaVersion": 1,
  "kind": "seedlands-performance-window",
  "status": "PASS",
  "version": 2,
  "ownerThread": "seedlands-performance-validator",
  "runId": "v2-equipment-web-ui-green-02",
  "pid": 52973,
  "startedAt": "2026-09-25T13:33:47.510Z",
  "windowId": "v2-equipment-web-ui-green-02",
  "evidencePath": "changes/2026-09-23-classic-functional-completion/evidence/v2-equipment-web-ui-01/green-02-window.json.log",
  "waitedMs": 1,
  "endedAt": "2026-09-25T13:33:50.253Z",
  "exitCode": 0,
  "signal": null,
  "measurement": {
    "status": "NOT_RECORDED"
  },
  "samples": [
    {
      "at": "2026-09-25T13:33:47.511Z",
      "loadAverage": [
        4.1396484375,
        3.51416015625,
        3.2509765625
      ],
      "freeMemoryBytes": 446021632,
      "totalMemoryBytes": 38654705664
    },
    {
      "at": "2026-09-25T13:33:50.252Z",
      "loadAverage": [
        4.1396484375,
        3.51416015625,
        3.2509765625
      ],
      "freeMemoryBytes": 581468160,
      "totalMemoryBytes": 38654705664
    }
  ]
}
