{
  "schemaVersion": 1,
  "kind": "seedlands-performance-window",
  "status": "PASS",
  "version": 2,
  "ownerThread": "seedlands-performance-validator",
  "runId": "v2-equipment-web-ui-green-final3",
  "pid": 69493,
  "startedAt": "2026-09-25T13:49:11.177Z",
  "windowId": "v2-equipment-web-ui-green-final3",
  "evidencePath": "changes/2026-09-23-classic-functional-completion/evidence/v2-equipment-web-ui-01/green-final3-window.json.log",
  "waitedMs": 2,
  "endedAt": "2026-09-25T13:49:13.853Z",
  "exitCode": 0,
  "signal": null,
  "measurement": {
    "status": "NOT_RECORDED"
  },
  "samples": [
    {
      "at": "2026-09-25T13:49:11.179Z",
      "loadAverage": [
        3.470703125,
        3.25146484375,
        3.2666015625
      ],
      "freeMemoryBytes": 675315712,
      "totalMemoryBytes": 38654705664
    },
    {
      "at": "2026-09-25T13:49:13.852Z",
      "loadAverage": [
        3.4326171875,
        3.2470703125,
        3.2646484375
      ],
      "freeMemoryBytes": 758841344,
      "totalMemoryBytes": 38654705664
    }
  ]
}
