{
  "schemaVersion": 1,
  "kind": "seedlands-performance-window",
  "status": "FAIL",
  "version": 2,
  "ownerThread": "seedlands-performance-validator",
  "runId": "v2-equipment-web-ui-red-01",
  "pid": 47998,
  "startedAt": "2026-09-25T13:29:54.910Z",
  "windowId": "v2-equipment-web-ui-red-01",
  "evidencePath": "changes/2026-09-23-classic-functional-completion/evidence/v2-equipment-web-ui-01/red-01-window.json.log",
  "waitedMs": 1,
  "endedAt": "2026-09-25T13:29:57.511Z",
  "exitCode": 1,
  "signal": null,
  "measurement": {
    "status": "NOT_RECORDED"
  },
  "samples": [
    {
      "at": "2026-09-25T13:29:54.911Z",
      "loadAverage": [
        3.7255859375,
        3.50048828125,
        3.1953125
      ],
      "freeMemoryBytes": 734248960,
      "totalMemoryBytes": 38654705664
    },
    {
      "at": "2026-09-25T13:29:57.510Z",
      "loadAverage": [
        3.66748046875,
        3.49169921875,
        3.19384765625
      ],
      "freeMemoryBytes": 654311424,
      "totalMemoryBytes": 38654705664
    }
  ]
}
