{
  "schemaVersion": 1,
  "kind": "seedlands-performance-window",
  "status": "PASS",
  "version": 2,
  "ownerThread": "seedlands-performance-validator",
  "runId": "v2-equipment-web-ui-static-final",
  "pid": 78045,
  "startedAt": "2026-09-25T13:58:31.655Z",
  "windowId": "v2-equipment-web-ui-static-final",
  "evidencePath": "changes/2026-09-23-classic-functional-completion/evidence/v2-equipment-web-ui-01/static-final-window.json.log",
  "waitedMs": 1,
  "endedAt": "2026-09-25T13:58:34.110Z",
  "exitCode": 0,
  "signal": null,
  "measurement": {
    "status": "NOT_RECORDED"
  },
  "samples": [
    {
      "at": "2026-09-25T13:58:31.656Z",
      "loadAverage": [
        4.1455078125,
        3.67724609375,
        3.42431640625
      ],
      "freeMemoryBytes": 273416192,
      "totalMemoryBytes": 38654705664
    },
    {
      "at": "2026-09-25T13:58:34.108Z",
      "loadAverage": [
        4.1455078125,
        3.67724609375,
        3.42431640625
      ],
      "freeMemoryBytes": 608354304,
      "totalMemoryBytes": 38654705664
    }
  ]
}
