{
  "schemaVersion": 1,
  "kind": "seedlands-performance-window",
  "status": "PASS",
  "version": 2,
  "ownerThread": "seedlands-performance-validator",
  "runId": "v2-equipment-web-ui-web-types-frozen",
  "pid": 67897,
  "startedAt": "2026-09-25T13:46:34.888Z",
  "windowId": "v2-equipment-web-ui-web-types-frozen",
  "evidencePath": "changes/2026-09-23-classic-functional-completion/evidence/v2-equipment-web-ui-01/web-types-frozen-window.json.log",
  "waitedMs": 2,
  "endedAt": "2026-09-25T13:46:42.987Z",
  "exitCode": 0,
  "signal": null,
  "measurement": {
    "status": "NOT_RECORDED"
  },
  "samples": [
    {
      "at": "2026-09-25T13:46:34.890Z",
      "loadAverage": [
        3.53369140625,
        3.525390625,
        3.3720703125
      ],
      "freeMemoryBytes": 555253760,
      "totalMemoryBytes": 38654705664
    },
    {
      "at": "2026-09-25T13:46:39.891Z",
      "loadAverage": [
        3.57080078125,
        3.533203125,
        3.37548828125
      ],
      "freeMemoryBytes": 749535232,
      "totalMemoryBytes": 38654705664
    },
    {
      "at": "2026-09-25T13:46:42.986Z",
      "loadAverage": [
        3.57080078125,
        3.533203125,
        3.37548828125
      ],
      "freeMemoryBytes": 1017102336,
      "totalMemoryBytes": 38654705664
    }
  ]
}
