{
  "schemaVersion": 1,
  "kind": "seedlands-performance-window",
  "status": "PASS",
  "version": 2,
  "ownerThread": "seedlands-performance-validator",
  "runId": "v2-equipment-web-ui-web-types-release",
  "pid": 74849,
  "startedAt": "2026-09-25T13:55:07.154Z",
  "windowId": "v2-equipment-web-ui-web-types-release",
  "evidencePath": "changes/2026-09-23-classic-functional-completion/evidence/v2-equipment-web-ui-01/web-types-release-window.json.log",
  "waitedMs": 1,
  "endedAt": "2026-09-25T13:55:15.021Z",
  "exitCode": 0,
  "signal": null,
  "measurement": {
    "status": "NOT_RECORDED"
  },
  "samples": [
    {
      "at": "2026-09-25T13:55:07.155Z",
      "loadAverage": [
        2.86962890625,
        3.11572265625,
        3.2080078125
      ],
      "freeMemoryBytes": 522960896,
      "totalMemoryBytes": 38654705664
    },
    {
      "at": "2026-09-25T13:55:12.157Z",
      "loadAverage": [
        3.0400390625,
        3.14697265625,
        3.21826171875
      ],
      "freeMemoryBytes": 846364672,
      "totalMemoryBytes": 38654705664
    },
    {
      "at": "2026-09-25T13:55:15.019Z",
      "loadAverage": [
        3.67724609375,
        3.27734375,
        3.263671875
      ],
      "freeMemoryBytes": 1314619392,
      "totalMemoryBytes": 38654705664
    }
  ]
}
