{
  "schemaVersion": 1,
  "kind": "seedlands-performance-window",
  "status": "PASS",
  "version": 2,
  "ownerThread": "seedlands-performance-validator",
  "runId": "v2-equipment-web-ui-web-types-02",
  "pid": 53975,
  "startedAt": "2026-09-25T13:35:06.362Z",
  "windowId": "v2-equipment-web-ui-web-types-02",
  "evidencePath": "changes/2026-09-23-classic-functional-completion/evidence/v2-equipment-web-ui-01/web-types-02-window.json.log",
  "waitedMs": 1,
  "endedAt": "2026-09-25T13:35:14.349Z",
  "exitCode": 0,
  "signal": null,
  "measurement": {
    "status": "NOT_RECORDED"
  },
  "samples": [
    {
      "at": "2026-09-25T13:35:06.363Z",
      "loadAverage": [
        3.85302734375,
        3.57763671875,
        3.29638671875
      ],
      "freeMemoryBytes": 1039876096,
      "totalMemoryBytes": 38654705664
    },
    {
      "at": "2026-09-25T13:35:11.366Z",
      "loadAverage": [
        3.78466796875,
        3.56787109375,
        3.29443359375
      ],
      "freeMemoryBytes": 876101632,
      "totalMemoryBytes": 38654705664
    },
    {
      "at": "2026-09-25T13:35:14.347Z",
      "loadAverage": [
        3.78466796875,
        3.56787109375,
        3.29443359375
      ],
      "freeMemoryBytes": 1278803968,
      "totalMemoryBytes": 38654705664
    }
  ]
}
