{
  "schemaVersion": 1,
  "kind": "seedlands-performance-window",
  "status": "FAIL",
  "version": 2,
  "ownerThread": "seedlands-performance-validator",
  "runId": "v2-equipment-web-ui-web-types-01",
  "pid": 53684,
  "startedAt": "2026-09-25T13:34:47.205Z",
  "windowId": "v2-equipment-web-ui-web-types-01",
  "evidencePath": "changes/2026-09-23-classic-functional-completion/evidence/v2-equipment-web-ui-01/web-types-01-window.json.log",
  "waitedMs": 1,
  "endedAt": "2026-09-25T13:34:52.884Z",
  "exitCode": 1,
  "signal": null,
  "measurement": {
    "status": "NOT_RECORDED"
  },
  "samples": [
    {
      "at": "2026-09-25T13:34:47.206Z",
      "loadAverage": [
        4.1064453125,
        3.60205078125,
        3.29833984375
      ],
      "freeMemoryBytes": 73531392,
      "totalMemoryBytes": 38654705664
    },
    {
      "at": "2026-09-25T13:34:52.208Z",
      "loadAverage": [
        4.017578125,
        3.591796875,
        3.29638671875
      ],
      "freeMemoryBytes": 83935232,
      "totalMemoryBytes": 38654705664
    },
    {
      "at": "2026-09-25T13:34:52.882Z",
      "loadAverage": [
        4.017578125,
        3.591796875,
        3.29638671875
      ],
      "freeMemoryBytes": 1215807488,
      "totalMemoryBytes": 38654705664
    }
  ]
}
