{
  "schemaVersion": 1,
  "kind": "seedlands-performance-window",
  "status": "FAIL",
  "version": 2,
  "ownerThread": "seedlands-performance-validator",
  "runId": "f8c8c820-8145-49b9-bffe-a83f52203fca",
  "pid": 95948,
  "startedAt": "2026-09-24T23:06:54.252Z",
  "windowId": "f8c8c820-8145-49b9-bffe-a83f52203fca",
  "evidencePath": "harness/results/performance-windows/f8c8c820-8145-49b9-bffe-a83f52203fca.json",
  "waitedMs": 1,
  "endedAt": "2026-09-24T23:09:09.134Z",
  "exitCode": 1,
  "signal": null,
  "measurement": {
    "status": "NOT_RECORDED"
  },
  "samples": [
    {
      "at": "2026-09-24T23:06:54.253Z",
      "loadAverage": [
        3.4833984375,
        3.59423828125,
        3.41845703125
      ],
      "freeMemoryBytes": 355205120,
      "totalMemoryBytes": 38654705664
    },
    {
      "at": "2026-09-24T23:06:59.255Z",
      "loadAverage": [
        3.6044921875,
        3.6171875,
        3.42724609375
      ],
      "freeMemoryBytes": 75186176,
      "totalMemoryBytes": 38654705664
    },
    {
      "at": "2026-09-24T23:07:04.258Z",
      "loadAverage": [
        3.7158203125,
        3.64013671875,
        3.43603515625
      ],
      "freeMemoryBytes": 106856448,
      "totalMemoryBytes": 38654705664
    },
    {
      "at": "2026-09-24T23:07:09.259Z",
      "loadAverage": [
        3.8984375,
        3.67919921875,
        3.45068359375
      ],
      "freeMemoryBytes": 84049920,
      "totalMemoryBytes": 38654705664
    },
    {
      "at": "2026-09-24T23:07:14.262Z",
      "loadAverage": [
        3.986328125,
        3.70068359375,
        3.45947265625
      ],
      "freeMemoryBytes": 110837760,
      "totalMemoryBytes": 38654705664
    },
    {
      "at": "2026-09-24T23:07:19.264Z",
      "loadAverage": [
        4.0673828125,
        3.72216796875,
        3.46826171875
      ],
      "freeMemoryBytes": 77938688,
      "totalMemoryBytes": 38654705664
    },
    {
      "at": "2026-09-24T23:07:24.264Z",
      "loadAverage": [
        3.9814453125,
        3.7099609375,
        3.46533203125
      ],
      "freeMemoryBytes": 78086144,
      "totalMemoryBytes": 38654705664
    },
    {
      "at": "2026-09-24T23:07:29.266Z",
      "loadAverage": [
        3.82275390625,
        3.68115234375,
        3.45654296875
      ],
      "freeMemoryBytes": 172163072,
      "totalMemoryBytes": 38654705664
    },
    {
      "at": "2026-09-24T23:07:34.268Z",
      "loadAverage": [
        3.6767578125,
        3.65283203125,
        3.44775390625
      ],
      "freeMemoryBytes": 108560384,
      "totalMemoryBytes": 38654705664
    },
    {
      "at": "2026-09-24T23:07:39.269Z",
      "loadAverage": [
        3.62255859375,
        3.6416015625,
        3.44482421875
      ],
      "freeMemoryBytes": 97665024,
      "totalMemoryBytes": 38654705664
    },
    {
      "at": "2026-09-24T23:07:44.271Z",
      "loadAverage": [
        3.4921875,
        3.6142578125,
        3.43603515625
      ],
      "freeMemoryBytes": 157794304,
      "totalMemoryBytes": 38654705664
    },
    {
      "at": "2026-09-24T23:07:49.273Z",
      "loadAverage": [
        3.45263671875,
        3.60400390625,
        3.43310546875
      ],
      "freeMemoryBytes": 140918784,
      "totalMemoryBytes": 38654705664
    },
    {
      "at": "2026-09-24T23:07:54.275Z",
      "loadAverage": [
        3.49609375,
        3.6103515625,
        3.43603515625
      ],
      "freeMemoryBytes": 74989568,
      "totalMemoryBytes": 38654705664
    },
    {
      "at": "2026-09-24T23:07:59.277Z",
      "loadAverage": [
        3.6962890625,
        3.64990234375,
        3.45068359375
      ],
      "freeMemoryBytes": 154910720,
      "totalMemoryBytes": 38654705664
    },
    {
      "at": "2026-09-24T23:08:04.279Z",
      "loadAverage": [
        3.39990234375,
        3.5888671875,
        3.43017578125
      ],
      "freeMemoryBytes": 137658368,
      "totalMemoryBytes": 38654705664
    },
    {
      "at": "2026-09-24T23:08:09.279Z",
      "loadAverage": [
        3.44775390625,
        3.59521484375,
        3.43310546875
      ],
      "freeMemoryBytes": 72744960,
      "totalMemoryBytes": 38654705664
    },
    {
      "at": "2026-09-24T23:08:14.280Z",
      "loadAverage": [
        3.49169921875,
        3.6015625,
        3.43603515625
      ],
      "freeMemoryBytes": 170770432,
      "totalMemoryBytes": 38654705664
    },
    {
      "at": "2026-09-24T23:08:19.282Z",
      "loadAverage": [
        3.4521484375,
        3.59130859375,
        3.43310546875
      ],
      "freeMemoryBytes": 76578816,
      "totalMemoryBytes": 38654705664
    },
    {
      "at": "2026-09-24T23:08:24.285Z",
      "loadAverage": [
        3.17529296875,
        3.53125,
        3.41259765625
      ],
      "freeMemoryBytes": 94666752,
      "totalMemoryBytes": 38654705664
    },
    {
      "at": "2026-09-24T23:08:29.286Z",
      "loadAverage": [
        2.9208984375,
        3.47216796875,
        3.392578125
      ],
      "freeMemoryBytes": 130531328,
      "totalMemoryBytes": 38654705664
    },
    {
      "at": "2026-09-24T23:08:34.287Z",
      "loadAverage": [
        3.0869140625,
        3.4970703125,
        3.40185546875
      ],
      "freeMemoryBytes": 1499693056,
      "totalMemoryBytes": 38654705664
    },
    {
      "at": "2026-09-24T23:08:39.287Z",
      "loadAverage": [
        2.99951171875,
        3.47216796875,
        3.3935546875
      ],
      "freeMemoryBytes": 1521385472,
      "totalMemoryBytes": 38654705664
    },
    {
      "at": "2026-09-24T23:08:44.289Z",
      "loadAverage": [
        2.91943359375,
        3.447265625,
        3.38525390625
      ],
      "freeMemoryBytes": 666959872,
      "totalMemoryBytes": 38654705664
    },
    {
      "at": "2026-09-24T23:08:49.291Z",
      "loadAverage": [
        3.40625,
        3.5390625,
        3.41796875
      ],
      "freeMemoryBytes": 512589824,
      "totalMemoryBytes": 38654705664
    },
    {
      "at": "2026-09-24T23:08:54.292Z",
      "loadAverage": [
        3.45361328125,
        3.54638671875,
        3.4208984375
      ],
      "freeMemoryBytes": 530857984,
      "totalMemoryBytes": 38654705664
    },
    {
      "at": "2026-09-24T23:08:59.293Z",
      "loadAverage": [
        3.4970703125,
        3.5537109375,
        3.423828125
      ],
      "freeMemoryBytes": 629227520,
      "totalMemoryBytes": 38654705664
    },
    {
      "at": "2026-09-24T23:09:04.293Z",
      "loadAverage": [
        3.45703125,
        3.54443359375,
        3.4208984375
      ],
      "freeMemoryBytes": 355418112,
      "totalMemoryBytes": 38654705664
    },
    {
      "at": "2026-09-24T23:09:09.132Z",
      "loadAverage": [
        3.34033203125,
        3.5185546875,
        3.412109375
      ],
      "freeMemoryBytes": 2849603584,
      "totalMemoryBytes": 38654705664
    }
  ]
}
