{
  "schemaVersion": 1,
  "kind": "seedlands-performance-window",
  "status": "PASS",
  "version": 2,
  "ownerThread": "seedlands-performance-validator",
  "runId": "v2-equipment-revision-format-final",
  "pid": 64253,
  "startedAt": "2026-09-25T10:23:31.270Z",
  "windowId": "v2-equipment-revision-format-final",
  "evidencePath": "changes/2026-09-23-classic-functional-completion/evidence/v2-equipment-revision-01/format-final-window.json",
  "waitedMs": 1,
  "endedAt": "2026-09-25T10:23:31.774Z",
  "exitCode": 0,
  "signal": null,
  "measurement": {
    "status": "NOT_RECORDED"
  },
  "samples": [
    {
      "at": "2026-09-25T10:23:31.271Z",
      "loadAverage": [
        2.55517578125,
        2.85546875,
        3.08203125
      ],
      "freeMemoryBytes": 913539072,
      "totalMemoryBytes": 38654705664
    },
    {
      "at": "2026-09-25T10:23:31.773Z",
      "loadAverage": [
        2.55517578125,
        2.85546875,
        3.08203125
      ],
      "freeMemoryBytes": 907706368,
      "totalMemoryBytes": 38654705664
    }
  ]
}
