{
  "schemaVersion": 1,
  "kind": "seedlands-performance-window",
  "status": "PASS",
  "version": 2,
  "ownerThread": "seedlands-performance-validator",
  "runId": "v2-equipment-revision-static-final2",
  "pid": 68987,
  "startedAt": "2026-09-25T10:28:12.959Z",
  "windowId": "v2-equipment-revision-static-final2",
  "evidencePath": "changes/2026-09-23-classic-functional-completion/evidence/v2-equipment-revision-01/static-final2-window.json",
  "waitedMs": 1,
  "endedAt": "2026-09-25T10:28:14.517Z",
  "exitCode": 0,
  "signal": null,
  "measurement": {
    "status": "NOT_RECORDED"
  },
  "samples": [
    {
      "at": "2026-09-25T10:28:12.960Z",
      "loadAverage": [
        2.96337890625,
        3.0830078125,
        3.1240234375
      ],
      "freeMemoryBytes": 891486208,
      "totalMemoryBytes": 38654705664
    },
    {
      "at": "2026-09-25T10:28:14.516Z",
      "loadAverage": [
        2.88623046875,
        3.06494140625,
        3.1171875
      ],
      "freeMemoryBytes": 920666112,
      "totalMemoryBytes": 38654705664
    }
  ]
}
