{
  "schemaVersion": 1,
  "kind": "seedlands-performance-window",
  "status": "PASS",
  "version": 2,
  "ownerThread": "seedlands-performance-validator",
  "runId": "v2-equipment-revision-stdlib-types-final",
  "pid": 65057,
  "startedAt": "2026-09-25T10:24:43.638Z",
  "windowId": "v2-equipment-revision-stdlib-types-final",
  "evidencePath": "changes/2026-09-23-classic-functional-completion/evidence/v2-equipment-revision-01/stdlib-types-final-window.json",
  "waitedMs": 1,
  "endedAt": "2026-09-25T10:24:45.836Z",
  "exitCode": 0,
  "signal": null,
  "measurement": {
    "status": "NOT_RECORDED"
  },
  "samples": [
    {
      "at": "2026-09-25T10:24:43.639Z",
      "loadAverage": [
        2.84814453125,
        2.89404296875,
        3.07666015625
      ],
      "freeMemoryBytes": 1013760000,
      "totalMemoryBytes": 38654705664
    },
    {
      "at": "2026-09-25T10:24:45.835Z",
      "loadAverage": [
        2.84814453125,
        2.89404296875,
        3.07666015625
      ],
      "freeMemoryBytes": 982417408,
      "totalMemoryBytes": 38654705664
    }
  ]
}
