{
  "schemaVersion": 1,
  "kind": "seedlands-performance-window",
  "status": "PASS",
  "version": 2,
  "ownerThread": "seedlands-performance-validator",
  "runId": "v2-equipment-revision-web-regression-01",
  "pid": 63668,
  "startedAt": "2026-09-25T10:22:35.181Z",
  "windowId": "v2-equipment-revision-web-regression-01",
  "evidencePath": "changes/2026-09-23-classic-functional-completion/evidence/v2-equipment-revision-01/web-regression-01-window.json",
  "waitedMs": 1,
  "endedAt": "2026-09-25T10:22:37.388Z",
  "exitCode": 0,
  "signal": null,
  "measurement": {
    "status": "NOT_RECORDED"
  },
  "samples": [
    {
      "at": "2026-09-25T10:22:35.182Z",
      "loadAverage": [
        2.234375,
        2.8681640625,
        3.10400390625
      ],
      "freeMemoryBytes": 692944896,
      "totalMemoryBytes": 38654705664
    },
    {
      "at": "2026-09-25T10:22:37.387Z",
      "loadAverage": [
        2.234375,
        2.8681640625,
        3.10400390625
      ],
      "freeMemoryBytes": 758677504,
      "totalMemoryBytes": 38654705664
    }
  ]
}
