{
  "schemaVersion": 1,
  "kind": "seedlands-performance-window",
  "status": "PASS",
  "version": 2,
  "ownerThread": "seedlands-performance-validator",
  "runId": "v2-equipment-revision-web-regression-final",
  "pid": 64687,
  "startedAt": "2026-09-25T10:24:11.112Z",
  "windowId": "v2-equipment-revision-web-regression-final",
  "evidencePath": "changes/2026-09-23-classic-functional-completion/evidence/v2-equipment-revision-01/web-regression-final-window.json",
  "waitedMs": 1,
  "endedAt": "2026-09-25T10:24:13.327Z",
  "exitCode": 0,
  "signal": null,
  "measurement": {
    "status": "NOT_RECORDED"
  },
  "samples": [
    {
      "at": "2026-09-25T10:24:11.113Z",
      "loadAverage": [
        2.7734375,
        2.88427734375,
        3.08154296875
      ],
      "freeMemoryBytes": 1057030144,
      "totalMemoryBytes": 38654705664
    },
    {
      "at": "2026-09-25T10:24:13.326Z",
      "loadAverage": [
        3.03173828125,
        2.935546875,
        3.0986328125
      ],
      "freeMemoryBytes": 1125138432,
      "totalMemoryBytes": 38654705664
    }
  ]
}
