# Instructions

- Following Playwright test failed.
- Explain why, be concise, respect Playwright best practices.
- Provide a snippet of code with the fix, if possible.

# Test info

- Name: apps/web/tests/e2e/classic-runtime.spec.ts >> Classic 生产旅程以真实输入完成 C0-C5，并复用同一运行时性能场景
- Location: apps/web/tests/e2e/classic-runtime.spec.ts:73:1

# Error details

```
Error: expect(received).toBe(expected) // Object.is equality

Expected: true
Received: false

Call Log:
- Timeout 20000ms exceeded while waiting on the predicate
```

# Page snapshot

```yaml
- generic [ref=e1]:
  - main:
    - dialog "暂停游戏" [ref=e4]:
      - paragraph [ref=e5]: A MOMENT OF STILLNESS
      - heading "旅途暂歇" [level=2] [ref=e6]
      - paragraph [ref=e7]: 世界正在等待你
      - generic [ref=e8]:
        - button "继续游戏" [active] [ref=e9] [cursor=pointer]
        - button "设置" [ref=e10] [cursor=pointer]
        - button "操作指南" [ref=e11] [cursor=pointer]
        - button "保存并返回主菜单" [ref=e12] [cursor=pointer]
```

# Test source

```ts
  94  |     completedChunkTraces: number;
  95  |     traceEventCount: number;
  96  |     uploadQueueDepth: number;
  97  |     estimatedMeshBytes: number;
  98  |   }>;
  99  |   gameplay: Readonly<{
  100 |     npcCount: number;
  101 |     worldItemCount: number;
  102 |     inventoryOperationCount: number;
  103 |     actionCompletionCount: number;
  104 |     behaviorEvaluationCount: number;
  105 |     presentedEntityCount: number;
  106 |   }>;
  107 |   visualEffects: Readonly<{
  108 |     blockLightReady: boolean;
  109 |     blockLightSourceRevision: number | null;
  110 |     blockLightRebuildCount: number;
  111 |     shadowUpdateCount: number;
  112 |     shadowStableFrameCount: number;
  113 |   }>;
  114 | }>;
  115 | 
  116 | export type ChromeTrace = Readonly<{
  117 |   traceEvents: readonly Readonly<{
  118 |     name: string;
  119 |     cat: string;
  120 |     ph: 'X';
  121 |     ts: number;
  122 |     dur: number;
  123 |     pid: string;
  124 |     tid: string;
  125 |     args?: Readonly<Record<string, string | number> & { traceId?: string; traceName?: string }>;
  126 |   }>[];
  127 | }>;
  128 | 
  129 | export type HarnessApi = {
  130 |   snapshot(): ClassicSnapshot;
  131 |   presentedEntityPosition(entityId: string): Point | null;
  132 |   aimedEntityId(): string | null;
  133 |   aimedVoxelTarget(): Readonly<{ position: Point; adjacent: Point | null }> | null;
  134 |   setView(yaw: number, pitch: number): void;
  135 |   setTimePaused(paused: boolean): void;
  136 |   setTimeSpeed(speed: number): void;
  137 |   setWorldTime(hour: number): Promise<void>;
  138 |   fillWorld(command: { from: Point; to: Point; voxel: number }): Promise<WorldCommitProjection | undefined>;
  139 |   setVoxelAt(x: number, y: number, z: number, voxel: number): Promise<WorldCommitProjection | undefined>;
  140 |   getVoxelAt?(x: number, y: number, z: number): number | null;
  141 |   getChunkRevision?(cx: number, cy: number, cz: number): number | null;
  142 |   getRenderedChunkRevision?(cx: number, cy: number, cz: number): number | null;
  143 |   getFluidCell?(x: number, y: number, z: number): Readonly<{ level: number; source: boolean }> | null;
  144 |   getVoxelGeometry(voxel: number): VoxelGeometryDefinitionV1 | null;
  145 |   getRenderedMaterialMesh(cx: number, cy: number, cz: number, material: FaceMaterialId): RenderedMaterialMeshSummary | null; // prettier-ignore
  146 |   mediaSnapshot(): HarnessMediaSnapshot;
  147 |   equipmentSnapshot(): HarnessEquipmentSnapshot | null;
  148 |   flushSave(): Promise<void>;
  149 |   beginPerformanceScenario(name: string): string;
  150 |   exportPerformanceTrace(): ChromeTrace;
  151 |   world: {
  152 |     identity(): Promise<HarnessResult<Record<string, unknown>>>;
  153 |     prepare(command: Record<string, unknown>): Promise<HarnessResult<Record<string, unknown>>>;
  154 |     inspect(command: Record<string, unknown>): Promise<HarnessResult<Record<string, unknown>>>;
  155 |     command(command: Record<string, unknown>): Promise<HarnessResult<Record<string, unknown>>>;
  156 |     clock(command: Record<string, unknown>): Promise<HarnessResult<Record<string, unknown>>>;
  157 |     logic(command: Record<string, unknown>): Promise<HarnessResult<Record<string, unknown>>>;
  158 |     character(command: Record<string, unknown>): Promise<HarnessResult<Record<string, unknown>>>;
  159 |     trace(command: Record<string, unknown>): Promise<HarnessResult<Record<string, unknown>>>;
  160 |     checkpoint(command: Record<string, unknown>): Promise<HarnessResult<Record<string, unknown>>>;
  161 |   };
  162 | };
  163 | 
  164 | export type ClassicWindow = Window & {
  165 |   __seedlandsHarness?: HarnessApi;
  166 |   __seedlandsAudio?: { snapshot(): ReturnType<GlobalAudio['snapshot']> };
  167 | };
  168 | 
  169 | export const snapshot = (page: Page) =>
  170 |   page.evaluate(() => (window as unknown as ClassicWindow).__seedlandsHarness?.snapshot() ?? null);
  171 | 
  172 | export const voxelAt = (page: Page, target: Point) =>
  173 |   page.evaluate(
  174 |     (target) => (window as unknown as ClassicWindow).__seedlandsHarness?.getVoxelAt?.(...target) ?? null,
  175 |     target,
  176 |   );
  177 | 
  178 | export async function waitForSnapshot(
  179 |   page: Page,
  180 |   predicate: (value: ClassicSnapshot) => boolean,
  181 |   timeout = 20_000,
  182 | ): Promise<ClassicSnapshot> {
  183 |   let matched: ClassicSnapshot | null = null;
  184 |   await expect
  185 |     .poll(
  186 |       async () => {
  187 |         const current = await snapshot(page);
  188 |         if (!current || !predicate(current)) return false;
  189 |         matched = structuredClone(current);
  190 |         return true;
  191 |       },
  192 |       { timeout, intervals: [16, 32, 64, 100] },
  193 |     )
> 194 |     .toBe(true);
      |      ^ Error: expect(received).toBe(expected) // Object.is equality
  195 |   return matched!;
  196 | }
  197 | 
  198 | export const performanceTrace = (page: Page): Promise<ChromeTrace> => page.evaluate(() => (window as unknown as ClassicWindow).__seedlandsHarness!.exportPerformanceTrace()); // prettier-ignore
  199 | 
  200 | export async function prepareInitialState(
  201 |   page: Page,
  202 |   scenario: ClassicScenario,
  203 | ): Promise<{
  204 |   hostileId: string;
  205 |   identity: Record<string, unknown>;
  206 | }> {
  207 |   await prepareFixtureChunks(page, scenario);
  208 |   return page.evaluate(async (scenario) => {
  209 |     const unwrap = <T>(result: HarnessResult<T>, operation: string): T => {
  210 |       if (!result.ok) throw new Error(`${operation}: ${result.error.code}: ${result.error.message}`);
  211 |       return result.data;
  212 |     };
  213 |     const harness = (window as unknown as ClassicWindow).__seedlandsHarness;
  214 |     if (!harness) throw new Error('Classic Harness is unavailable.');
  215 |     const requireWorldEdit = (result: WorldCommitProjection | undefined, operation: string) => {
  216 |       if (!result) throw new Error(`${operation} failed: unavailable.`);
  217 |       if (result.reason) throw new Error(`${operation} failed: ${result.reason}.`);
  218 |     };
  219 |     unwrap(await harness.world.clock({ kind: 'pause' }), 'pause');
  220 |     const nearby = unwrap(await harness.world.command({ type: 'query-nearby', radius: 512 }), 'query-nearby');
  221 |     const entities = (
  222 |       (nearby as { data?: { entities?: Array<{ id: string; type: string }> } }).data?.entities ?? []
  223 |     ).filter(({ type }) => type !== 'player');
  224 |     for (const entity of entities)
  225 |       unwrap(await harness.world.command({ type: 'despawn-entity', entityId: entity.id }), `despawn ${entity.id}`);
  226 |     const playerState = unwrap(await harness.world.command({ type: 'query-player-state' }), 'query player state') as {
  227 |       data?: { player?: { inventory?: Array<{ itemId: string; count: number } | null> } };
  228 |     };
  229 |     for (const item of playerState.data?.player?.inventory ?? []) {
  230 |       if (item)
  231 |         unwrap(
  232 |           await harness.world.command({ type: 'remove-item', itemId: item.itemId, count: item.count }),
  233 |           `remove initial ${item.itemId}`,
  234 |         );
  235 |     }
  236 |     requireWorldEdit(await harness.fillWorld(scenario.initialState.floor), 'fixture floor');
  237 |     requireWorldEdit(await harness.fillWorld(scenario.initialState.air), 'fixture air');
  238 |     for (const resource of scenario.initialState.resourceVoxels)
  239 |       requireWorldEdit(await harness.setVoxelAt(...resource.position, resource.voxel), `fixture ${resource.itemId}`);
  240 |     unwrap(
  241 |       await harness.world.command({ type: 'teleport', position: scenario.initialState.player }),
  242 |       'initial player position',
  243 |     );
  244 |     await harness.setWorldTime(scenario.initialState.worldTime);
  245 |     for (let remaining = scenario.initialState.hungerAdvanceMs; remaining > 0; remaining -= 60_000)
  246 |       unwrap(await harness.world.clock({ kind: 'advance', elapsedMs: Math.min(remaining, 60_000) }), 'hunger setup');
  247 |     unwrap(await harness.world.command({ type: 'apply-damage', amount: 6 }), 'initial injured player');
  248 |     const hostile = unwrap(
  249 |       await harness.world.command({
  250 |         type: 'spawn-creature',
  251 |         id: scenario.initialState.hostile.id,
  252 |         position: scenario.initialState.hostile.position,
  253 |       }),
  254 |       'hostile setup',
  255 |     ) as { data?: { entity?: { id?: string } } };
  256 |     const hostileId = hostile.data?.entity?.id;
  257 |     if (!hostileId) throw new Error('Classic hostile setup returned no entity.');
  258 |     harness.setView(scenario.initialState.view.yaw, scenario.initialState.view.pitch);
  259 |     await harness.flushSave();
  260 |     unwrap(await harness.world.clock({ kind: 'run' }), 'run');
  261 |     const identity = unwrap(await harness.world.identity(), 'identity');
  262 |     return { hostileId, identity };
  263 |   }, scenario);
  264 | }
  265 | 
  266 | export async function walkTo(
  267 |   page: Page,
  268 |   target: RoutePoint,
  269 |   options: Readonly<{
  270 |     key?: 'KeyW' | 'KeyS';
  271 |     jump?: boolean;
  272 |     tolerance?: number;
  273 |     corridorTolerance?: number;
  274 |     timeout?: number;
  275 |     pulseMs?: number;
  276 |   }> = {},
  277 | ): Promise<ClassicSnapshot> {
  278 |   const key = options.key ?? 'KeyW';
  279 |   const tolerance = options.tolerance ?? 0.65;
  280 |   const corridorTolerance = options.corridorTolerance ?? 1.5;
  281 |   const deadline = Date.now() + (options.timeout ?? 45_000);
  282 |   let current = await snapshot(page);
  283 |   if (!current) throw new Error('Classic snapshot is unavailable before route movement.');
  284 |   while (!reachedRouteTarget(current.player, target, key, tolerance, corridorTolerance)) {
  285 |     if (Date.now() >= deadline) throw new Error(`Real input route timed out before ${target.join(',')}.`);
  286 |     await correctMouseToRoute({
  287 |       target,
  288 |       direction: key,
  289 |       observe: () => snapshot(page),
  290 |       move: (dx, dy) => moveMouseBy(page, dx, dy),
  291 |     });
  292 |     const segmentStart = current;
  293 |     const sequenceBeforeInput = current.authority.acknowledgedInputSequence;
  294 |     await page.keyboard.down(key);
```