{
  "schemaVersion": 1,
  "kind": "seedlands-performance-window",
  "status": "PASS",
  "version": 2,
  "ownerThread": "seedlands-performance-validator",
  "runId": "v2-canonical-browser-17-delivery-format-write",
  "pid": 32570,
  "startedAt": "2026-09-26T07:28:42.590Z",
  "windowId": "v2-canonical-browser-17-delivery-format-write",
  "evidencePath": "changes/2026-09-23-classic-functional-completion/evidence/v2-canonical-browser-17/delivery-format-write-window.json.log",
  "waitedMs": 2,
  "endedAt": "2026-09-26T07:28:42.973Z",
  "exitCode": 0,
  "signal": null,
  "measurement": {
    "status": "NOT_RECORDED"
  },
  "samples": [
    {
      "at": "2026-09-26T07:28:42.592Z",
      "loadAverage": [
        2.88818359375,
        3.43408203125,
        3.55615234375
      ],
      "freeMemoryBytes": 916504576,
      "totalMemoryBytes": 38654705664
    },
    {
      "at": "2026-09-26T07:28:42.971Z",
      "loadAverage": [
        2.88818359375,
        3.43408203125,
        3.55615234375
      ],
      "freeMemoryBytes": 938164224,
      "totalMemoryBytes": 38654705664
    }
  ]
}
