{
  "schemaVersion": 1,
  "kind": "seedlands-performance-window",
  "status": "FAIL",
  "version": 2,
  "ownerThread": "seedlands-performance-validator",
  "runId": "v2-canonical-browser-17-final-selfcheck",
  "pid": 32425,
  "startedAt": "2026-09-26T07:28:24.571Z",
  "windowId": "v2-canonical-browser-17-final-selfcheck",
  "evidencePath": "changes/2026-09-23-classic-functional-completion/evidence/v2-canonical-browser-17/final-selfcheck-window.json.log",
  "waitedMs": 1,
  "endedAt": "2026-09-26T07:28:24.953Z",
  "exitCode": 1,
  "signal": null,
  "measurement": {
    "status": "NOT_RECORDED"
  },
  "samples": [
    {
      "at": "2026-09-26T07:28:24.572Z",
      "loadAverage": [
        3.37646484375,
        3.55322265625,
        3.6005859375
      ],
      "freeMemoryBytes": 854212608,
      "totalMemoryBytes": 38654705664
    },
    {
      "at": "2026-09-26T07:28:24.951Z",
      "loadAverage": [
        3.37646484375,
        3.55322265625,
        3.6005859375
      ],
      "freeMemoryBytes": 860094464,
      "totalMemoryBytes": 38654705664
    }
  ]
}
