{
  "schemaVersion": 1,
  "kind": "seedlands-performance-window",
  "status": "PASS",
  "version": 2,
  "ownerThread": "seedlands-performance-validator",
  "runId": "v2-canonical-browser-17-final-selfcheck-02",
  "pid": 32662,
  "startedAt": "2026-09-26T07:29:00.193Z",
  "windowId": "v2-canonical-browser-17-final-selfcheck-02",
  "evidencePath": "changes/2026-09-23-classic-functional-completion/evidence/v2-canonical-browser-17/final-selfcheck-02-window.json.log",
  "waitedMs": 2,
  "endedAt": "2026-09-26T07:29:02.830Z",
  "exitCode": 0,
  "signal": null,
  "measurement": {
    "status": "NOT_RECORDED"
  },
  "samples": [
    {
      "at": "2026-09-26T07:29:00.195Z",
      "loadAverage": [
        2.7646484375,
        3.3798828125,
        3.5341796875
      ],
      "freeMemoryBytes": 794984448,
      "totalMemoryBytes": 38654705664
    },
    {
      "at": "2026-09-26T07:29:02.828Z",
      "loadAverage": [
        2.783203125,
        3.37353515625,
        3.53076171875
      ],
      "freeMemoryBytes": 735510528,
      "totalMemoryBytes": 38654705664
    }
  ]
}
