{
  "schemaVersion": 1,
  "kind": "seedlands-performance-window",
  "status": "PASS",
  "version": 2,
  "ownerThread": "seedlands-performance-validator",
  "runId": "v2-canonical-browser-17-metadata-final",
  "pid": 30257,
  "startedAt": "2026-09-26T07:27:15.207Z",
  "windowId": "v2-canonical-browser-17-metadata-final",
  "evidencePath": "changes/2026-09-23-classic-functional-completion/evidence/v2-canonical-browser-17/metadata-final-window.json.log",
  "waitedMs": 1,
  "endedAt": "2026-09-26T07:27:15.672Z",
  "exitCode": 0,
  "signal": null,
  "measurement": {
    "status": "NOT_RECORDED"
  },
  "samples": [
    {
      "at": "2026-09-26T07:27:15.208Z",
      "loadAverage": [
        3.09326171875,
        3.568359375,
        3.6123046875
      ],
      "freeMemoryBytes": 897875968,
      "totalMemoryBytes": 38654705664
    },
    {
      "at": "2026-09-26T07:27:15.670Z",
      "loadAverage": [
        3.09326171875,
        3.568359375,
        3.6123046875
      ],
      "freeMemoryBytes": 894025728,
      "totalMemoryBytes": 38654705664
    }
  ]
}
