{
  "schemaVersion": 1,
  "kind": "seedlands-performance-window",
  "status": "PASS",
  "version": 2,
  "ownerThread": "seedlands-performance-validator",
  "runId": "v2-canonical-browser-17-report-format-final",
  "pid": 29958,
  "startedAt": "2026-09-26T07:26:30.347Z",
  "windowId": "v2-canonical-browser-17-report-format-final",
  "evidencePath": "changes/2026-09-23-classic-functional-completion/evidence/v2-canonical-browser-17/report-format-final-window.json.log",
  "waitedMs": 1,
  "endedAt": "2026-09-26T07:26:30.812Z",
  "exitCode": 0,
  "signal": null,
  "measurement": {
    "status": "NOT_RECORDED"
  },
  "samples": [
    {
      "at": "2026-09-26T07:26:30.348Z",
      "loadAverage": [
        2.7861328125,
        3.607421875,
        3.6298828125
      ],
      "freeMemoryBytes": 1024442368,
      "totalMemoryBytes": 38654705664
    },
    {
      "at": "2026-09-26T07:26:30.810Z",
      "loadAverage": [
        2.7861328125,
        3.607421875,
        3.6298828125
      ],
      "freeMemoryBytes": 1044398080,
      "totalMemoryBytes": 38654705664
    }
  ]
}
