{
  "schemaVersion": 1,
  "kind": "seedlands-performance-window",
  "status": "FAIL",
  "version": 2,
  "ownerThread": "seedlands-performance-validator",
  "runId": "v2-canonical-browser-17-report-format",
  "pid": 29774,
  "startedAt": "2026-09-26T07:25:58.970Z",
  "windowId": "v2-canonical-browser-17-report-format",
  "evidencePath": "changes/2026-09-23-classic-functional-completion/evidence/v2-canonical-browser-17/report-format-window.json.log",
  "waitedMs": 1,
  "endedAt": "2026-09-26T07:25:59.508Z",
  "exitCode": 1,
  "signal": null,
  "measurement": {
    "status": "NOT_RECORDED"
  },
  "samples": [
    {
      "at": "2026-09-26T07:25:58.971Z",
      "loadAverage": [
        3.20068359375,
        3.74755859375,
        3.67919921875
      ],
      "freeMemoryBytes": 1001193472,
      "totalMemoryBytes": 38654705664
    },
    {
      "at": "2026-09-26T07:25:59.506Z",
      "loadAverage": [
        3.20068359375,
        3.74755859375,
        3.67919921875
      ],
      "freeMemoryBytes": 1010253824,
      "totalMemoryBytes": 38654705664
    }
  ]
}
