Scope: all 8 workspace projects
✓ Lockfile passes supply-chain policies (verified 20h ago)
Lockfile is up to date, resolution step is skipped
Already up to date

. prepare$ husky
. prepare: Done
Done in 1.3s using pnpm v11.25.0
$ node scripts/harness/artifact.mjs --build
$ pnpm --filter @seedlands/web build
$ pnpm packs:build && pnpm wasm:rust:verify && pnpm ssg:check && pnpm typecheck && vite build
$ node ../../scripts/build-gameplay-packs.mjs --out public/packs
{"ok":true,"lockPath":"/private/tmp/seedlands-v1-acceptance-244b18e3/apps/web/public/packs/packs.lock.json"}
$ node ../../scripts/rust-kernel-artifact.mjs
Rust source/artifact fingerprints verified.
$ node scripts/render-prerendered-start-screen.mjs --check
$ svelte-check --tsconfig ./tsconfig.json && tsc -p tsconfig.json --noEmit && tsc -p tsconfig.tools.json --noEmit
Loading svelte-check in workspace: /private/tmp/seedlands-v1-acceptance-244b18e3/apps/web
Getting Svelte diagnostics...

svelte-check found 0 errors and 0 warnings
1:49:41 PM [vite-plugin-svelte] no Svelte config found at /private/tmp/seedlands-v1-acceptance-244b18e3/apps/web - using default configuration.
vite v7.3.6 building client environment for production...
transforming...
✓ 2742 modules transformed.
rendering chunks...
computing gzip size...
dist/assets/capability-probe-worker-Ck8l_HX8.js          0.14 kB
dist/asset-workbench.html                                1.08 kB │ gzip:   0.49 kB
dist/.vite/manifest.json                                 3.10 kB │ gzip:   0.62 kB
dist/index.html                                          4.61 kB │ gzip:   2.01 kB
dist/assets/fluid-compute-worker-DIUIxUK4.js            13.89 kB
dist/assets/game-logic-worker-HPU57qHj.js               17.44 kB
dist/assets/rust-kernels-scalar-hRRXiZem.wasm           32.65 kB │ gzip:  14.83 kB
dist/assets/rust-kernels-simd-cUjVQL8I.wasm             34.21 kB │ gzip:  15.69 kB
dist/assets/persistence-worker-ZQ_CYCjn.js              74.09 kB
dist/assets/world-worker-DiexBVyO.js                   105.51 kB
dist/assets/authority-worker-R-urXYSz.js             1,010.14 kB
dist/assets/game-DCCgC_AS.css                            5.54 kB │ gzip:   1.93 kB
dist/assets/assets-D5PBeSxB.css                         18.36 kB │ gzip:   4.64 kB
dist/assets/bootstrap-DBNdjq5k.css                      49.52 kB │ gzip:  11.13 kB
dist/assets/modulepreload-polyfill-B5Qt9EMX.js           0.71 kB │ gzip:   0.40 kB
dist/assets/game-BLlahW9G.js                             0.96 kB │ gzip:   0.57 kB
dist/assets/preload-helper-BXl3LOEh.js                   1.11 kB │ gzip:   0.65 kB
dist/assets/chunk-persistence-benchmark-DqdGTMgA.js      2.24 kB │ gzip:   1.10 kB
dist/assets/vendor-svelte-CVxNowTz.js                   46.80 kB │ gzip:  17.88 kB
dist/assets/assets-Bz-_2ghC.js                          59.03 kB │ gzip:  21.91 kB
dist/assets/vendor-common-D3-4p7n_.js                  104.54 kB │ gzip:  29.70 kB
dist/assets/vendor-tone-CKLKH-mG.js                    131.70 kB │ gzip:  31.17 kB
dist/assets/glb-model-resource-BobomOWg.js             185.17 kB │ gzip:  60.07 kB
dist/assets/bootstrap-6WdU72tK.js                      493.49 kB │ gzip: 156.88 kB
dist/assets/vendor-playcanvas-7APsQ7DR.js            1,999.37 kB │ gzip: 516.97 kB

(!) Some chunks are larger than 500 kB after minification. Consider:
- Using dynamic import() to code-split the application
- Use build.rollupOptions.output.manualChunks to improve chunking: https://rollupjs.org/configuration-options/#output-manualchunks
- Adjust chunk size limit for this warning via build.chunkSizeWarningLimit.
✓ built in 4.62s
{"status":"PASS","schemaVersion":1,"sourceSha":"244b18e311c2091ab4bd03082aa02deee1a9c09f","sourceDigest":"78246a53f8f391e5aa4d1a4aeccc1318de26325909b96a544cb5a041eefe5f02","lockDigest":"44db46fb0f159ebe6d88435c8cfb5d46127d1c7f363a50d19217d454c30e1169","artifactDigest":"ea44e00745788392cd668daf67fe3b0eb2ca17bdef8f9804ad6275656891dd0e","files":276,"builtAt":"2026-09-25T05:49:47.329Z"}
