{
  "schemaVersion": 1,
  "kind": "seedlands-performance-window",
  "status": "PASS",
  "version": 2,
  "ownerThread": "seedlands-performance-validator",
  "runId": "2b365902-4fe9-4353-8197-8418a9ab80dc",
  "pid": 48552,
  "startedAt": "2026-09-25T20:22:23.727Z",
  "windowId": "2b365902-4fe9-4353-8197-8418a9ab80dc",
  "evidencePath": "changes/2026-09-23-classic-functional-completion/evidence/v2-equipment-harness-oracle-01/green/docs-format-write.window.json.log",
  "waitedMs": 1,
  "endedAt": "2026-09-25T20:22:24.193Z",
  "exitCode": 0,
  "signal": null,
  "measurement": {
    "status": "NOT_RECORDED"
  },
  "samples": [
    {
      "at": "2026-09-25T20:22:23.728Z",
      "loadAverage": [
        3.24072265625,
        3.263671875,
        3.19775390625
      ],
      "freeMemoryBytes": 540213248,
      "totalMemoryBytes": 38654705664
    },
    {
      "at": "2026-09-25T20:22:24.192Z",
      "loadAverage": [
        3.24072265625,
        3.263671875,
        3.19775390625
      ],
      "freeMemoryBytes": 464732160,
      "totalMemoryBytes": 38654705664
    }
  ]
}
