{
  "schemaVersion": 1,
  "kind": "seedlands-performance-window",
  "status": "PASS",
  "version": 2,
  "ownerThread": "seedlands-performance-validator",
  "runId": "56084902-7e55-44f6-ba33-3932c2bf50fc",
  "pid": 39074,
  "startedAt": "2026-09-25T20:11:37.358Z",
  "windowId": "56084902-7e55-44f6-ba33-3932c2bf50fc",
  "evidencePath": "changes/2026-09-23-classic-functional-completion/evidence/v2-equipment-harness-oracle-01/green/format-final.window.json.log",
  "waitedMs": 1,
  "endedAt": "2026-09-25T20:11:37.778Z",
  "exitCode": 0,
  "signal": null,
  "measurement": {
    "status": "NOT_RECORDED"
  },
  "samples": [
    {
      "at": "2026-09-25T20:11:37.359Z",
      "loadAverage": [
        3.55126953125,
        3.3740234375,
        3.08935546875
      ],
      "freeMemoryBytes": 620462080,
      "totalMemoryBytes": 38654705664
    },
    {
      "at": "2026-09-25T20:11:37.776Z",
      "loadAverage": [
        3.55126953125,
        3.3740234375,
        3.08935546875
      ],
      "freeMemoryBytes": 635043840,
      "totalMemoryBytes": 38654705664
    }
  ]
}
