{
  "schemaVersion": 1,
  "kind": "seedlands-performance-window",
  "status": "PASS",
  "version": 2,
  "ownerThread": "seedlands-performance-validator",
  "runId": "12b82785-e9b1-4e95-8a9d-4a28a96a3890",
  "pid": 41212,
  "startedAt": "2026-09-25T20:14:43.240Z",
  "windowId": "12b82785-e9b1-4e95-8a9d-4a28a96a3890",
  "evidencePath": "changes/2026-09-23-classic-functional-completion/evidence/v2-equipment-harness-oracle-01/green/format-strong.window.json.log",
  "waitedMs": 1,
  "endedAt": "2026-09-25T20:14:43.626Z",
  "exitCode": 0,
  "signal": null,
  "measurement": {
    "status": "NOT_RECORDED"
  },
  "samples": [
    {
      "at": "2026-09-25T20:14:43.241Z",
      "loadAverage": [
        6.0791015625,
        4.05419921875,
        3.39208984375
      ],
      "freeMemoryBytes": 1058291712,
      "totalMemoryBytes": 38654705664
    },
    {
      "at": "2026-09-25T20:14:43.624Z",
      "loadAverage": [
        6.0791015625,
        4.05419921875,
        3.39208984375
      ],
      "freeMemoryBytes": 1052065792,
      "totalMemoryBytes": 38654705664
    }
  ]
}
