{
  "schemaVersion": 1,
  "kind": "seedlands-performance-window",
  "status": "PASS",
  "version": 2,
  "ownerThread": "seedlands-performance-validator",
  "runId": "d147e350-ac2d-402c-aebc-fe8771d314ca",
  "pid": 43839,
  "startedAt": "2026-09-25T20:16:43.576Z",
  "windowId": "d147e350-ac2d-402c-aebc-fe8771d314ca",
  "evidencePath": "changes/2026-09-23-classic-functional-completion/evidence/v2-equipment-harness-oracle-01/green/observability-after-format.window.json.log",
  "waitedMs": 2,
  "endedAt": "2026-09-25T20:16:45.037Z",
  "exitCode": 0,
  "signal": null,
  "measurement": {
    "status": "NOT_RECORDED"
  },
  "samples": [
    {
      "at": "2026-09-25T20:16:43.578Z",
      "loadAverage": [
        2.875,
        3.4423828125,
        3.22802734375
      ],
      "freeMemoryBytes": 686931968,
      "totalMemoryBytes": 38654705664
    },
    {
      "at": "2026-09-25T20:16:45.035Z",
      "loadAverage": [
        2.875,
        3.4423828125,
        3.22802734375
      ],
      "freeMemoryBytes": 756285440,
      "totalMemoryBytes": 38654705664
    }
  ]
}
