{
  "schemaVersion": 1,
  "kind": "seedlands-performance-window",
  "status": "PASS",
  "version": 2,
  "ownerThread": "seedlands-performance-validator",
  "runId": "5d9d814b-a596-4a15-8c39-9743f8bf9b76",
  "pid": 39161,
  "startedAt": "2026-09-25T20:11:49.837Z",
  "windowId": "5d9d814b-a596-4a15-8c39-9743f8bf9b76",
  "evidencePath": "changes/2026-09-23-classic-functional-completion/evidence/v2-equipment-harness-oracle-01/green/observability-final.window.json.log",
  "waitedMs": 2,
  "endedAt": "2026-09-25T20:11:51.216Z",
  "exitCode": 0,
  "signal": null,
  "measurement": {
    "status": "NOT_RECORDED"
  },
  "samples": [
    {
      "at": "2026-09-25T20:11:49.839Z",
      "loadAverage": [
        3.3056640625,
        3.328125,
        3.07568359375
      ],
      "freeMemoryBytes": 567099392,
      "totalMemoryBytes": 38654705664
    },
    {
      "at": "2026-09-25T20:11:51.215Z",
      "loadAverage": [
        3.3056640625,
        3.328125,
        3.07568359375
      ],
      "freeMemoryBytes": 600064000,
      "totalMemoryBytes": 38654705664
    }
  ]
}
