{
  "schemaVersion": 1,
  "kind": "seedlands-performance-window",
  "status": "PASS",
  "version": 2,
  "ownerThread": "seedlands-performance-validator",
  "runId": "c61b2482-e282-400e-ad72-885db1d93efc",
  "pid": 36985,
  "startedAt": "2026-09-25T20:10:31.466Z",
  "windowId": "c61b2482-e282-400e-ad72-885db1d93efc",
  "evidencePath": "changes/2026-09-23-classic-functional-completion/evidence/v2-equipment-harness-oracle-01/green/observability-02.window.json.log",
  "waitedMs": 1,
  "endedAt": "2026-09-25T20:10:32.987Z",
  "exitCode": 0,
  "signal": null,
  "measurement": {
    "status": "NOT_RECORDED"
  },
  "samples": [
    {
      "at": "2026-09-25T20:10:31.467Z",
      "loadAverage": [
        3.92431640625,
        3.43603515625,
        3.09130859375
      ],
      "freeMemoryBytes": 541212672,
      "totalMemoryBytes": 38654705664
    },
    {
      "at": "2026-09-25T20:10:32.986Z",
      "loadAverage": [
        3.92431640625,
        3.43603515625,
        3.09130859375
      ],
      "freeMemoryBytes": 590577664,
      "totalMemoryBytes": 38654705664
    }
  ]
}
