{
  "schemaVersion": 1,
  "kind": "seedlands-performance-window",
  "status": "PASS",
  "version": 2,
  "ownerThread": "seedlands-performance-validator",
  "runId": "80c28569-3e45-4d7a-be5c-6718446c3cc7",
  "pid": 41284,
  "startedAt": "2026-09-25T20:14:57.252Z",
  "windowId": "80c28569-3e45-4d7a-be5c-6718446c3cc7",
  "evidencePath": "changes/2026-09-23-classic-functional-completion/evidence/v2-equipment-harness-oracle-01/green/observability-release.window.json.log",
  "waitedMs": 2,
  "endedAt": "2026-09-25T20:14:58.687Z",
  "exitCode": 0,
  "signal": null,
  "measurement": {
    "status": "NOT_RECORDED"
  },
  "samples": [
    {
      "at": "2026-09-25T20:14:57.254Z",
      "loadAverage": [
        5.1748046875,
        3.953125,
        3.3671875
      ],
      "freeMemoryBytes": 1082671104,
      "totalMemoryBytes": 38654705664
    },
    {
      "at": "2026-09-25T20:14:58.686Z",
      "loadAverage": [
        5.1748046875,
        3.953125,
        3.3671875
      ],
      "freeMemoryBytes": 1149861888,
      "totalMemoryBytes": 38654705664
    }
  ]
}
