{
  "schemaVersion": 1,
  "kind": "seedlands-performance-window",
  "status": "PASS",
  "version": 2,
  "ownerThread": "seedlands-performance-validator",
  "runId": "0f260551-903e-4a7e-bafc-ad349af4b437",
  "pid": 44549,
  "startedAt": "2026-09-25T20:18:15.567Z",
  "windowId": "0f260551-903e-4a7e-bafc-ad349af4b437",
  "evidencePath": "changes/2026-09-23-classic-functional-completion/evidence/v2-equipment-harness-oracle-01/green/scoped-diff.window.json.log",
  "waitedMs": 1,
  "endedAt": "2026-09-25T20:18:15.593Z",
  "exitCode": 0,
  "signal": null,
  "measurement": {
    "status": "NOT_RECORDED"
  },
  "samples": [
    {
      "at": "2026-09-25T20:18:15.568Z",
      "loadAverage": [
        4.02880859375,
        3.50830078125,
        3.26123046875
      ],
      "freeMemoryBytes": 1079132160,
      "totalMemoryBytes": 38654705664
    },
    {
      "at": "2026-09-25T20:18:15.591Z",
      "loadAverage": [
        4.02880859375,
        3.50830078125,
        3.26123046875
      ],
      "freeMemoryBytes": 1069465600,
      "totalMemoryBytes": 38654705664
    }
  ]
}
