{
  "schemaVersion": 1,
  "kind": "seedlands-performance-window",
  "status": "PASS",
  "version": 2,
  "ownerThread": "seedlands-performance-validator",
  "runId": "341c17ba-5cdb-4757-802d-6d43ac4def31",
  "pid": 48809,
  "startedAt": "2026-09-25T20:22:50.893Z",
  "windowId": "341c17ba-5cdb-4757-802d-6d43ac4def31",
  "evidencePath": "changes/2026-09-23-classic-functional-completion/evidence/v2-equipment-harness-oracle-01/green/scoped-diff-final.window.json.log",
  "waitedMs": 1,
  "endedAt": "2026-09-25T20:22:50.925Z",
  "exitCode": 0,
  "signal": null,
  "measurement": {
    "status": "NOT_RECORDED"
  },
  "samples": [
    {
      "at": "2026-09-25T20:22:50.894Z",
      "loadAverage": [
        3.58203125,
        3.3388671875,
        3.2255859375
      ],
      "freeMemoryBytes": 332251136,
      "totalMemoryBytes": 38654705664
    },
    {
      "at": "2026-09-25T20:22:50.923Z",
      "loadAverage": [
        3.58203125,
        3.3388671875,
        3.2255859375
      ],
      "freeMemoryBytes": 331661312,
      "totalMemoryBytes": 38654705664
    }
  ]
}
