{
  "schemaVersion": 1,
  "kind": "seedlands-performance-window",
  "status": "PASS",
  "version": 2,
  "ownerThread": "seedlands-performance-validator",
  "runId": "84e77631-c574-4c7d-b646-1b16a4de9eb4",
  "pid": 44092,
  "startedAt": "2026-09-25T20:17:09.479Z",
  "windowId": "84e77631-c574-4c7d-b646-1b16a4de9eb4",
  "evidencePath": "changes/2026-09-23-classic-functional-completion/evidence/v2-equipment-harness-oracle-01/green/web-types-final.window.json.log",
  "waitedMs": 1,
  "endedAt": "2026-09-25T20:17:17.205Z",
  "exitCode": 0,
  "signal": null,
  "measurement": {
    "status": "NOT_RECORDED"
  },
  "samples": [
    {
      "at": "2026-09-25T20:17:09.480Z",
      "loadAverage": [
        2.67822265625,
        3.3427734375,
        3.197265625
      ],
      "freeMemoryBytes": 631980032,
      "totalMemoryBytes": 38654705664
    },
    {
      "at": "2026-09-25T20:17:14.483Z",
      "loadAverage": [
        2.62353515625,
        3.3203125,
        3.18994140625
      ],
      "freeMemoryBytes": 779796480,
      "totalMemoryBytes": 38654705664
    },
    {
      "at": "2026-09-25T20:17:17.203Z",
      "loadAverage": [
        2.62353515625,
        3.3203125,
        3.18994140625
      ],
      "freeMemoryBytes": 1345667072,
      "totalMemoryBytes": 38654705664
    }
  ]
}
