{
  "schemaVersion": 1,
  "kind": "seedlands-performance-window",
  "status": "PASS",
  "version": 2,
  "ownerThread": "seedlands-performance-validator",
  "runId": "fb5d67c2-eb29-47f3-b4ec-e655860eeb5b",
  "pid": 40066,
  "startedAt": "2026-09-25T20:13:00.242Z",
  "windowId": "fb5d67c2-eb29-47f3-b4ec-e655860eeb5b",
  "evidencePath": "changes/2026-09-23-classic-functional-completion/evidence/v2-equipment-harness-oracle-01/green/web-types-02.window.json.log",
  "waitedMs": 1,
  "endedAt": "2026-09-25T20:13:07.953Z",
  "exitCode": 0,
  "signal": null,
  "measurement": {
    "status": "NOT_RECORDED"
  },
  "samples": [
    {
      "at": "2026-09-25T20:13:00.243Z",
      "loadAverage": [
        4.11328125,
        3.54638671875,
        3.173828125
      ],
      "freeMemoryBytes": 1093582848,
      "totalMemoryBytes": 38654705664
    },
    {
      "at": "2026-09-25T20:13:05.245Z",
      "loadAverage": [
        4.02392578125,
        3.537109375,
        3.17236328125
      ],
      "freeMemoryBytes": 769261568,
      "totalMemoryBytes": 38654705664
    },
    {
      "at": "2026-09-25T20:13:07.951Z",
      "loadAverage": [
        4.10205078125,
        3.56103515625,
        3.1826171875
      ],
      "freeMemoryBytes": 1227194368,
      "totalMemoryBytes": 38654705664
    }
  ]
}
