{
  "schemaVersion": 1,
  "kind": "seedlands-performance-window",
  "status": "PASS",
  "version": 2,
  "ownerThread": "seedlands-performance-validator",
  "runId": "ad07cacf-cab9-4755-a260-457de1220339",
  "pid": 27901,
  "startedAt": "2026-09-25T06:28:51.316Z",
  "windowId": "ad07cacf-cab9-4755-a260-457de1220339",
  "evidencePath": "changes/2026-09-23-classic-functional-completion/evidence/v1-closed-door-oracle-close-01/door-oracle-final-2-window.json.log",
  "waitedMs": 1,
  "endedAt": "2026-09-25T06:28:52.275Z",
  "exitCode": 0,
  "signal": null,
  "measurement": {
    "status": "NOT_RECORDED"
  },
  "samples": [
    {
      "at": "2026-09-25T06:28:51.317Z",
      "loadAverage": [
        2.751953125,
        3.0205078125,
        3.11865234375
      ],
      "freeMemoryBytes": 518438912,
      "totalMemoryBytes": 38654705664
    },
    {
      "at": "2026-09-25T06:28:52.274Z",
      "loadAverage": [
        2.751953125,
        3.0205078125,
        3.11865234375
      ],
      "freeMemoryBytes": 496795648,
      "totalMemoryBytes": 38654705664
    }
  ]
}
