{
  "schemaVersion": 1,
  "kind": "seedlands-performance-window",
  "status": "FAIL",
  "version": 2,
  "ownerThread": "seedlands-performance-validator",
  "runId": "77caf3df-b809-43c0-b35f-708893640169",
  "pid": 25109,
  "startedAt": "2026-09-25T06:25:07.234Z",
  "windowId": "77caf3df-b809-43c0-b35f-708893640169",
  "evidencePath": "changes/2026-09-23-classic-functional-completion/evidence/v1-closed-door-oracle-close-01/door-oracle-red-window.json.log",
  "waitedMs": 1,
  "endedAt": "2026-09-25T06:25:08.222Z",
  "exitCode": 1,
  "signal": null,
  "measurement": {
    "status": "NOT_RECORDED"
  },
  "samples": [
    {
      "at": "2026-09-25T06:25:07.235Z",
      "loadAverage": [
        3.0927734375,
        2.7958984375,
        3.0634765625
      ],
      "freeMemoryBytes": 269975552,
      "totalMemoryBytes": 38654705664
    },
    {
      "at": "2026-09-25T06:25:08.218Z",
      "loadAverage": [
        3.0849609375,
        2.798828125,
        3.06298828125
      ],
      "freeMemoryBytes": 524992512,
      "totalMemoryBytes": 38654705664
    }
  ]
}
