{
  "schemaVersion": 1,
  "kind": "seedlands-performance-window",
  "status": "PASS",
  "version": 2,
  "ownerThread": "seedlands-performance-validator",
  "runId": "f20f7c5a-5551-4e8d-95aa-1527188544ef",
  "pid": 31741,
  "startedAt": "2026-09-25T06:33:13.895Z",
  "windowId": "f20f7c5a-5551-4e8d-95aa-1527188544ef",
  "evidencePath": "changes/2026-09-23-classic-functional-completion/evidence/v1-closed-door-oracle-close-01/eslint-verified-window.json.log",
  "waitedMs": 1,
  "endedAt": "2026-09-25T06:33:14.947Z",
  "exitCode": 0,
  "signal": null,
  "measurement": {
    "status": "NOT_RECORDED"
  },
  "samples": [
    {
      "at": "2026-09-25T06:33:13.896Z",
      "loadAverage": [
        3.296875,
        2.87060546875,
        3
      ],
      "freeMemoryBytes": 1039679488,
      "totalMemoryBytes": 38654705664
    },
    {
      "at": "2026-09-25T06:33:14.944Z",
      "loadAverage": [
        3.296875,
        2.87060546875,
        3
      ],
      "freeMemoryBytes": 1046593536,
      "totalMemoryBytes": 38654705664
    }
  ]
}
