{
  "schemaVersion": 1,
  "kind": "seedlands-performance-window",
  "status": "PASS",
  "version": 2,
  "ownerThread": "seedlands-performance-validator",
  "runId": "d79be4d7-6433-4d7f-8de1-5dd8584d6077",
  "pid": 31180,
  "startedAt": "2026-09-25T06:31:53.901Z",
  "windowId": "d79be4d7-6433-4d7f-8de1-5dd8584d6077",
  "evidencePath": "changes/2026-09-23-classic-functional-completion/evidence/v1-closed-door-oracle-close-01/fixture-regressions-window.json.log",
  "waitedMs": 2,
  "endedAt": "2026-09-25T06:31:55.024Z",
  "exitCode": 0,
  "signal": null,
  "measurement": {
    "status": "NOT_RECORDED"
  },
  "samples": [
    {
      "at": "2026-09-25T06:31:53.903Z",
      "loadAverage": [
        2.50439453125,
        2.7548828125,
        2.982421875
      ],
      "freeMemoryBytes": 694517760,
      "totalMemoryBytes": 38654705664
    },
    {
      "at": "2026-09-25T06:31:55.023Z",
      "loadAverage": [
        2.50439453125,
        2.7548828125,
        2.982421875
      ],
      "freeMemoryBytes": 581828608,
      "totalMemoryBytes": 38654705664
    }
  ]
}
