{
  "schemaVersion": 1,
  "kind": "seedlands-performance-window",
  "status": "PASS",
  "version": 2,
  "ownerThread": "seedlands-performance-validator",
  "runId": "b8af42c8-38a5-4e3d-b1a8-b682e13113f4",
  "pid": 43094,
  "startedAt": "2026-09-25T06:44:25.483Z",
  "windowId": "b8af42c8-38a5-4e3d-b1a8-b682e13113f4",
  "evidencePath": "changes/2026-09-23-classic-functional-completion/evidence/v1-closed-door-oracle-close-01/format-write-final-2-window.json.log",
  "waitedMs": 1,
  "endedAt": "2026-09-25T06:44:25.932Z",
  "exitCode": 0,
  "signal": null,
  "measurement": {
    "status": "NOT_RECORDED"
  },
  "samples": [
    {
      "at": "2026-09-25T06:44:25.484Z",
      "loadAverage": [
        2.46533203125,
        3.0712890625,
        3.1865234375
      ],
      "freeMemoryBytes": 1096941568,
      "totalMemoryBytes": 38654705664
    },
    {
      "at": "2026-09-25T06:44:25.931Z",
      "loadAverage": [
        2.46533203125,
        3.0712890625,
        3.1865234375
      ],
      "freeMemoryBytes": 1138737152,
      "totalMemoryBytes": 38654705664
    }
  ]
}
