{
  "schemaVersion": 1,
  "kind": "seedlands-performance-window",
  "status": "PASS",
  "version": 2,
  "ownerThread": "seedlands-performance-validator",
  "runId": "14cc9e42-f120-4e78-bcc1-a4bd4e28c124",
  "pid": 46263,
  "startedAt": "2026-09-25T06:46:59.587Z",
  "windowId": "14cc9e42-f120-4e78-bcc1-a4bd4e28c124",
  "evidencePath": "changes/2026-09-23-classic-functional-completion/evidence/v1-closed-door-oracle-close-01/format-write-fixed-2-window.json.log",
  "waitedMs": 1,
  "endedAt": "2026-09-25T06:47:00.040Z",
  "exitCode": 0,
  "signal": null,
  "measurement": {
    "status": "NOT_RECORDED"
  },
  "samples": [
    {
      "at": "2026-09-25T06:46:59.588Z",
      "loadAverage": [
        3.39599609375,
        3.21875,
        3.2216796875
      ],
      "freeMemoryBytes": 1084145664,
      "totalMemoryBytes": 38654705664
    },
    {
      "at": "2026-09-25T06:47:00.038Z",
      "loadAverage": [
        3.39599609375,
        3.21875,
        3.2216796875
      ],
      "freeMemoryBytes": 970571776,
      "totalMemoryBytes": 38654705664
    }
  ]
}
