{
  "schemaVersion": 1,
  "kind": "seedlands-performance-window",
  "status": "PASS",
  "version": 2,
  "ownerThread": "seedlands-performance-validator",
  "runId": "6d96984a-3b35-44ff-ada3-691804498977",
  "pid": 54833,
  "startedAt": "2026-09-25T06:56:20.474Z",
  "windowId": "6d96984a-3b35-44ff-ada3-691804498977",
  "evidencePath": "harness/results/performance-windows/6d96984a-3b35-44ff-ada3-691804498977.json",
  "waitedMs": 1,
  "endedAt": "2026-09-25T06:56:23.436Z",
  "exitCode": 0,
  "signal": null,
  "measurement": {
    "status": "NOT_RECORDED"
  },
  "samples": [
    {
      "at": "2026-09-25T06:56:20.475Z",
      "loadAverage": [
        3.5517578125,
        3.26806640625,
        3.22119140625
      ],
      "freeMemoryBytes": 445906944,
      "totalMemoryBytes": 38654705664
    },
    {
      "at": "2026-09-25T06:56:23.435Z",
      "loadAverage": [
        3.50732421875,
        3.26318359375,
        3.2197265625
      ],
      "freeMemoryBytes": 525565952,
      "totalMemoryBytes": 38654705664
    }
  ]
}
