{
  "schemaVersion": 1,
  "kind": "seedlands-performance-window",
  "status": "FAIL",
  "version": 2,
  "ownerThread": "seedlands-performance-validator",
  "runId": "86457f89-afaa-469c-9ea5-07cbb704c7be",
  "pid": 44419,
  "startedAt": "2026-09-25T06:46:18.322Z",
  "windowId": "86457f89-afaa-469c-9ea5-07cbb704c7be",
  "evidencePath": "changes/2026-09-23-classic-functional-completion/evidence/v1-closed-door-oracle-close-01/typecheck-classic-fixed-window.json.log",
  "waitedMs": 1,
  "endedAt": "2026-09-25T06:46:21.448Z",
  "exitCode": 2,
  "signal": null,
  "measurement": {
    "status": "NOT_RECORDED"
  },
  "samples": [
    {
      "at": "2026-09-25T06:46:18.323Z",
      "loadAverage": [
        3.6826171875,
        3.25048828125,
        3.2333984375
      ],
      "freeMemoryBytes": 931037184,
      "totalMemoryBytes": 38654705664
    },
    {
      "at": "2026-09-25T06:46:21.446Z",
      "loadAverage": [
        3.6279296875,
        3.24609375,
        3.23193359375
      ],
      "freeMemoryBytes": 1017266176,
      "totalMemoryBytes": 38654705664
    }
  ]
}
