{
  "schemaVersion": 1,
  "kind": "seedlands-performance-window",
  "status": "PASS",
  "version": 2,
  "ownerThread": "seedlands-performance-validator",
  "runId": "03e11e34-d045-4edf-b9a6-fffc5b11b03c",
  "pid": 34617,
  "startedAt": "2026-09-25T06:36:27.435Z",
  "windowId": "03e11e34-d045-4edf-b9a6-fffc5b11b03c",
  "evidencePath": "changes/2026-09-23-classic-functional-completion/evidence/v1-closed-door-oracle-close-01/typecheck-classic-final-2-window.json.log",
  "waitedMs": 1,
  "endedAt": "2026-09-25T06:36:30.682Z",
  "exitCode": 0,
  "signal": null,
  "measurement": {
    "status": "NOT_RECORDED"
  },
  "samples": [
    {
      "at": "2026-09-25T06:36:27.436Z",
      "loadAverage": [
        2.95458984375,
        3.12255859375,
        3.091796875
      ],
      "freeMemoryBytes": 741015552,
      "totalMemoryBytes": 38654705664
    },
    {
      "at": "2026-09-25T06:36:30.681Z",
      "loadAverage": [
        4.2392578125,
        3.3857421875,
        3.1845703125
      ],
      "freeMemoryBytes": 983646208,
      "totalMemoryBytes": 38654705664
    }
  ]
}
