{
  "schemaVersion": 1,
  "kind": "seedlands-performance-window",
  "status": "PASS",
  "version": 2,
  "ownerThread": "seedlands-performance-validator",
  "runId": "7e32609d-f087-4d69-b81b-a3fd7df95b1f",
  "pid": 43332,
  "startedAt": "2026-09-25T06:44:39.725Z",
  "windowId": "7e32609d-f087-4d69-b81b-a3fd7df95b1f",
  "evidencePath": "changes/2026-09-23-classic-functional-completion/evidence/v1-closed-door-oracle-close-01/typecheck-classic-final-3-window.json.log",
  "waitedMs": 1,
  "endedAt": "2026-09-25T06:44:42.800Z",
  "exitCode": 0,
  "signal": null,
  "measurement": {
    "status": "NOT_RECORDED"
  },
  "samples": [
    {
      "at": "2026-09-25T06:44:39.726Z",
      "loadAverage": [
        2.546875,
        3.068359375,
        3.18359375
      ],
      "freeMemoryBytes": 1059930112,
      "totalMemoryBytes": 38654705664
    },
    {
      "at": "2026-09-25T06:44:42.797Z",
      "loadAverage": [
        2.6630859375,
        3.08349609375,
        3.18798828125
      ],
      "freeMemoryBytes": 964100096,
      "totalMemoryBytes": 38654705664
    }
  ]
}
