{
  "schemaVersion": 1,
  "kind": "seedlands-performance-window",
  "status": "PASS",
  "version": 2,
  "ownerThread": "seedlands-performance-validator",
  "runId": "65a9a986-7688-42de-b5dc-2b763b1e8d60",
  "pid": 46497,
  "startedAt": "2026-09-25T06:47:16.663Z",
  "windowId": "65a9a986-7688-42de-b5dc-2b763b1e8d60",
  "evidencePath": "changes/2026-09-23-classic-functional-completion/evidence/v1-closed-door-oracle-close-01/typecheck-classic-fixed-2-window.json.log",
  "waitedMs": 1,
  "endedAt": "2026-09-25T06:47:19.719Z",
  "exitCode": 0,
  "signal": null,
  "measurement": {
    "status": "NOT_RECORDED"
  },
  "samples": [
    {
      "at": "2026-09-25T06:47:16.664Z",
      "loadAverage": [
        3.53515625,
        3.25341796875,
        3.2333984375
      ],
      "freeMemoryBytes": 1025179648,
      "totalMemoryBytes": 38654705664
    },
    {
      "at": "2026-09-25T06:47:19.717Z",
      "loadAverage": [
        3.53515625,
        3.25341796875,
        3.2333984375
      ],
      "freeMemoryBytes": 1023639552,
      "totalMemoryBytes": 38654705664
    }
  ]
}
