{
  "schemaVersion": 1,
  "kind": "seedlands-performance-window",
  "status": "PASS",
  "version": 2,
  "ownerThread": "seedlands-performance-validator",
  "runId": "ab26e81b-37e3-4279-8f4b-53deb0fdbe7c",
  "pid": 38416,
  "startedAt": "2026-09-25T06:39:25.078Z",
  "windowId": "ab26e81b-37e3-4279-8f4b-53deb0fdbe7c",
  "evidencePath": "changes/2026-09-23-classic-functional-completion/evidence/v1-closed-door-oracle-close-01/typecheck-classic-closure-window.json.log",
  "waitedMs": 1,
  "endedAt": "2026-09-25T06:39:28.160Z",
  "exitCode": 0,
  "signal": null,
  "measurement": {
    "status": "NOT_RECORDED"
  },
  "samples": [
    {
      "at": "2026-09-25T06:39:25.079Z",
      "loadAverage": [
        4.18408203125,
        3.87109375,
        3.42626953125
      ],
      "freeMemoryBytes": 1255112704,
      "totalMemoryBytes": 38654705664
    },
    {
      "at": "2026-09-25T06:39:28.158Z",
      "loadAverage": [
        4.18408203125,
        3.87109375,
        3.42626953125
      ],
      "freeMemoryBytes": 1273462784,
      "totalMemoryBytes": 38654705664
    }
  ]
}
