{
  "schemaVersion": 1,
  "kind": "seedlands-performance-window",
  "status": "PASS",
  "version": 2,
  "ownerThread": "seedlands-performance-validator",
  "runId": "git40-evidence-format",
  "pid": 73346,
  "startedAt": "2026-09-28T22:47:52.974Z",
  "windowId": "git40-evidence-format",
  "evidencePath": "changes/2026-09-23-classic-functional-completion/evidence/git-40-canonical-discovery/evidence-format.window.json.log",
  "waitedMs": 1,
  "endedAt": "2026-09-28T22:47:53.510Z",
  "exitCode": 0,
  "signal": null,
  "measurement": {
    "status": "NOT_RECORDED"
  },
  "samples": [
    {
      "at": "2026-09-28T22:47:52.975Z",
      "loadAverage": [
        3.05126953125,
        3.60400390625,
        3.25048828125
      ],
      "freeMemoryBytes": 664600576,
      "totalMemoryBytes": 38654705664
    },
    {
      "at": "2026-09-28T22:47:53.509Z",
      "loadAverage": [
        3.05126953125,
        3.60400390625,
        3.25048828125
      ],
      "freeMemoryBytes": 675463168,
      "totalMemoryBytes": 38654705664
    }
  ]
}
