{
  "schemaVersion": 1,
  "kind": "seedlands-performance-window",
  "status": "PASS",
  "version": 2,
  "ownerThread": "seedlands-performance-validator",
  "runId": "git40-staged-gate-02",
  "pid": 70077,
  "startedAt": "2026-09-28T22:43:33.883Z",
  "windowId": "git40-staged-gate-02",
  "evidencePath": "/private/tmp/seedlands-git40-staged-gate-02.window.json.log",
  "waitedMs": 1,
  "endedAt": "2026-09-28T22:44:05.524Z",
  "exitCode": 0,
  "signal": null,
  "measurement": {
    "status": "NOT_RECORDED"
  },
  "samples": [
    {
      "at": "2026-09-28T22:43:33.884Z",
      "loadAverage": [
        2.84375,
        2.96337890625,
        2.92578125
      ],
      "freeMemoryBytes": 590692352,
      "totalMemoryBytes": 38654705664
    },
    {
      "at": "2026-09-28T22:43:38.887Z",
      "loadAverage": [
        2.77587890625,
        2.947265625,
        2.919921875
      ],
      "freeMemoryBytes": 64520192,
      "totalMemoryBytes": 38654705664
    },
    {
      "at": "2026-09-28T22:43:43.889Z",
      "loadAverage": [
        2.71337890625,
        2.93115234375,
        2.9140625
      ],
      "freeMemoryBytes": 283918336,
      "totalMemoryBytes": 38654705664
    },
    {
      "at": "2026-09-28T22:43:48.891Z",
      "loadAverage": [
        2.81640625,
        2.94873046875,
        2.92041015625
      ],
      "freeMemoryBytes": 59473920,
      "totalMemoryBytes": 38654705664
    },
    {
      "at": "2026-09-28T22:43:53.893Z",
      "loadAverage": [
        2.7509765625,
        2.9326171875,
        2.91455078125
      ],
      "freeMemoryBytes": 1103986688,
      "totalMemoryBytes": 38654705664
    },
    {
      "at": "2026-09-28T22:43:58.894Z",
      "loadAverage": [
        2.7705078125,
        2.93359375,
        2.9150390625
      ],
      "freeMemoryBytes": 386990080,
      "totalMemoryBytes": 38654705664
    },
    {
      "at": "2026-09-28T22:44:03.896Z",
      "loadAverage": [
        2.78857421875,
        2.9345703125,
        2.91552734375
      ],
      "freeMemoryBytes": 894664704,
      "totalMemoryBytes": 38654705664
    },
    {
      "at": "2026-09-28T22:44:05.522Z",
      "loadAverage": [
        2.96533203125,
        2.96875,
        2.927734375
      ],
      "freeMemoryBytes": 1024835584,
      "totalMemoryBytes": 38654705664
    }
  ]
}
