{
  "schemaVersion": 1,
  "kind": "seedlands-performance-window",
  "status": "FAIL",
  "version": 2,
  "ownerThread": "seedlands-performance-validator",
  "runId": "v2-reference-candidate-full-01",
  "pid": 36752,
  "startedAt": "2026-09-29T03:19:52.545Z",
  "windowId": "v2-reference-candidate-full-01",
  "evidencePath": "changes/2026-09-23-classic-functional-completion/evidence/v2-restore-reference-baseline-control-01/candidate-full.window.json.log",
  "waitedMs": 1,
  "endedAt": "2026-09-29T03:20:32.962Z",
  "exitCode": 1,
  "signal": null,
  "measurement": {
    "status": "NOT_RECORDED"
  },
  "samples": [
    {
      "at": "2026-09-29T03:19:52.546Z",
      "loadAverage": [
        3.6474609375,
        3.58056640625,
        3.2041015625
      ],
      "freeMemoryBytes": 68583424,
      "totalMemoryBytes": 38654705664
    },
    {
      "at": "2026-09-29T03:19:57.548Z",
      "loadAverage": [
        3.59521484375,
        3.57080078125,
        3.20263671875
      ],
      "freeMemoryBytes": 75497472,
      "totalMemoryBytes": 38654705664
    },
    {
      "at": "2026-09-29T03:20:02.550Z",
      "loadAverage": [
        3.78759765625,
        3.61083984375,
        3.21875
      ],
      "freeMemoryBytes": 83623936,
      "totalMemoryBytes": 38654705664
    },
    {
      "at": "2026-09-29T03:20:07.552Z",
      "loadAverage": [
        4.04443359375,
        3.6669921875,
        3.24072265625
      ],
      "freeMemoryBytes": 236896256,
      "totalMemoryBytes": 38654705664
    },
    {
      "at": "2026-09-29T03:20:12.554Z",
      "loadAverage": [
        4.44091796875,
        3.75537109375,
        3.2744140625
      ],
      "freeMemoryBytes": 142786560,
      "totalMemoryBytes": 38654705664
    },
    {
      "at": "2026-09-29T03:20:17.556Z",
      "loadAverage": [
        4.4052734375,
        3.75927734375,
        3.2783203125
      ],
      "freeMemoryBytes": 313196544,
      "totalMemoryBytes": 38654705664
    },
    {
      "at": "2026-09-29T03:20:22.558Z",
      "loadAverage": [
        5.09326171875,
        3.91259765625,
        3.3349609375
      ],
      "freeMemoryBytes": 329351168,
      "totalMemoryBytes": 38654705664
    },
    {
      "at": "2026-09-29T03:20:27.561Z",
      "loadAverage": [
        5.00537109375,
        3.91357421875,
        3.33837890625
      ],
      "freeMemoryBytes": 437272576,
      "totalMemoryBytes": 38654705664
    },
    {
      "at": "2026-09-29T03:20:32.563Z",
      "loadAverage": [
        4.9248046875,
        3.91455078125,
        3.341796875
      ],
      "freeMemoryBytes": 293715968,
      "totalMemoryBytes": 38654705664
    },
    {
      "at": "2026-09-29T03:20:32.960Z",
      "loadAverage": [
        4.9248046875,
        3.91455078125,
        3.341796875
      ],
      "freeMemoryBytes": 1064992768,
      "totalMemoryBytes": 38654705664
    }
  ]
}
