{
  "schemaVersion": 1,
  "kind": "seedlands-performance-window",
  "status": "FAIL",
  "version": 2,
  "ownerThread": "seedlands-performance-validator",
  "runId": "v2-reference-candidate-old-case-01",
  "pid": 34587,
  "startedAt": "2026-09-29T03:18:30.065Z",
  "windowId": "v2-reference-candidate-old-case-01",
  "evidencePath": "changes/2026-09-23-classic-functional-completion/evidence/v2-restore-reference-baseline-control-01/candidate-old-case.window.json.log",
  "waitedMs": 1,
  "endedAt": "2026-09-29T03:18:35.472Z",
  "exitCode": 1,
  "signal": null,
  "measurement": {
    "status": "NOT_RECORDED"
  },
  "samples": [
    {
      "at": "2026-09-29T03:18:30.066Z",
      "loadAverage": [
        3.888671875,
        3.515625,
        3.14453125
      ],
      "freeMemoryBytes": 480280576,
      "totalMemoryBytes": 38654705664
    },
    {
      "at": "2026-09-29T03:18:35.067Z",
      "loadAverage": [
        4.0576171875,
        3.556640625,
        3.1611328125
      ],
      "freeMemoryBytes": 73318400,
      "totalMemoryBytes": 38654705664
    },
    {
      "at": "2026-09-29T03:18:35.471Z",
      "loadAverage": [
        4.0576171875,
        3.556640625,
        3.1611328125
      ],
      "freeMemoryBytes": 720928768,
      "totalMemoryBytes": 38654705664
    }
  ]
}
