{
  "schemaVersion": 1,
  "kind": "seedlands-performance-window",
  "status": "PASS",
  "version": 2,
  "ownerThread": "seedlands-performance-validator",
  "runId": "v2-reference-control-install-01",
  "pid": 34147,
  "startedAt": "2026-09-29T03:17:30.173Z",
  "windowId": "v2-reference-control-install-01",
  "evidencePath": "changes/2026-09-23-classic-functional-completion/evidence/v2-restore-reference-baseline-control-01/control-install.window.json.log",
  "waitedMs": 1,
  "endedAt": "2026-09-29T03:17:30.913Z",
  "exitCode": 0,
  "signal": null,
  "measurement": {
    "status": "NOT_RECORDED"
  },
  "samples": [
    {
      "at": "2026-09-29T03:17:30.174Z",
      "loadAverage": [
        3.849609375,
        3.47509765625,
        3.109375
      ],
      "freeMemoryBytes": 86065152,
      "totalMemoryBytes": 38654705664
    },
    {
      "at": "2026-09-29T03:17:30.911Z",
      "loadAverage": [
        3.849609375,
        3.47509765625,
        3.109375
      ],
      "freeMemoryBytes": 340033536,
      "totalMemoryBytes": 38654705664
    }
  ]
}
