{
  "schemaVersion": 1,
  "kind": "seedlands-performance-window",
  "status": "FAIL",
  "version": 2,
  "ownerThread": "seedlands-performance-validator",
  "runId": "v2-reference-control-final-selfcheck-02",
  "pid": 47563,
  "startedAt": "2026-09-29T03:32:22.640Z",
  "windowId": "v2-reference-control-final-selfcheck-02",
  "evidencePath": "changes/2026-09-23-classic-functional-completion/evidence/v2-restore-reference-baseline-control-01/final-selfcheck-02.window.json.log",
  "waitedMs": 1,
  "endedAt": "2026-09-29T03:32:23.650Z",
  "exitCode": 1,
  "signal": null,
  "measurement": {
    "status": "NOT_RECORDED"
  },
  "samples": [
    {
      "at": "2026-09-29T03:32:22.641Z",
      "loadAverage": [
        2.72607421875,
        3.0478515625,
        3.16943359375
      ],
      "freeMemoryBytes": 331399168,
      "totalMemoryBytes": 38654705664
    },
    {
      "at": "2026-09-29T03:32:23.646Z",
      "loadAverage": [
        2.72607421875,
        3.0478515625,
        3.16943359375
      ],
      "freeMemoryBytes": 361938944,
      "totalMemoryBytes": 38654705664
    }
  ]
}
