{
  "schemaVersion": 1,
  "kind": "seedlands-performance-window",
  "status": "FAIL",
  "version": 2,
  "ownerThread": "seedlands-performance-validator",
  "runId": "v2-reference-control-final-selfcheck-03",
  "pid": 48150,
  "startedAt": "2026-09-29T03:33:35.645Z",
  "windowId": "v2-reference-control-final-selfcheck-03",
  "evidencePath": "changes/2026-09-23-classic-functional-completion/evidence/v2-restore-reference-baseline-control-01/final-selfcheck-03.window.json.log",
  "waitedMs": 1,
  "endedAt": "2026-09-29T03:33:36.643Z",
  "exitCode": 1,
  "signal": null,
  "measurement": {
    "status": "NOT_RECORDED"
  },
  "samples": [
    {
      "at": "2026-09-29T03:33:35.646Z",
      "loadAverage": [
        3.669921875,
        3.26025390625,
        3.23681640625
      ],
      "freeMemoryBytes": 405045248,
      "totalMemoryBytes": 38654705664
    },
    {
      "at": "2026-09-29T03:33:36.638Z",
      "loadAverage": [
        4.0966796875,
        3.35546875,
        3.2705078125
      ],
      "freeMemoryBytes": 434290688,
      "totalMemoryBytes": 38654705664
    }
  ]
}
