METHOD	task-owned GIT_INDEX_FILE initialized with read-tree HEAD, then update-index --refresh against each temporary work tree
FIRST_ATTEMPT	INVALID_STAT_CACHE	7090 false tracked differences because the new temporary index had not been refreshed
FIRST_ATTEMPT_USED_FOR_CONCLUSION	false
CONTROL_ROOT	/private/tmp/seedlands-v2-reference-control-01
CONTROL_TRACKED_COUNT	0
CONTROL_UNTRACKED_COUNT	0
CANDIDATE_ROOT	/private/tmp/seedlands-v2-reference-candidate-01
CANDIDATE_TRACKED_COUNT	8
TRACKED	apps/web/tests/e2e/classic-runtime.spec.ts
TRACKED	apps/web/tests/e2e/classic-support/equipment-journey.ts
TRACKED	changes/2026-09-23-classic-functional-completion/spec.md
TRACKED	docs/harness-contracts.md
TRACKED	packages/stdlib/src/server/harness/authority-world-harness.ts
TRACKED	packages/stdlib/src/server/harness/world-harness-contract.ts
TRACKED	packages/stdlib/src/server/harness/world-harness-operations.ts
TRACKED	packages/stdlib/src/server/harness/world-harness-validation.ts
CANDIDATE_UNTRACKED_COUNT	3
UNTRACKED	apps/web/tests/e2e/classic-support/equipment-restore-reference.test.ts
UNTRACKED	changes/2026-09-23-classic-functional-completion/restore-reference-observability-contract.md
UNTRACKED	changes/2026-09-23-classic-functional-completion/restore-reference-observability-evidence.md
