{
  "schemaVersion": 1,
  "kind": "seedlands-performance-window",
  "status": "FAIL",
  "version": 2,
  "ownerThread": "seedlands-performance-validator",
  "runId": "v2-browser23-budget-map-final-selfcheck-03",
  "pid": 52937,
  "startedAt": "2026-09-28T17:11:42.490Z",
  "windowId": "v2-browser23-budget-map-final-selfcheck-03",
  "evidencePath": "changes/2026-09-23-classic-functional-completion/evidence/v2-browser23-canonical-budget-map-01/final-selfcheck-03-window.json.log",
  "waitedMs": 1,
  "endedAt": "2026-09-28T17:11:42.635Z",
  "exitCode": 1,
  "signal": null,
  "measurement": {
    "status": "NOT_RECORDED"
  },
  "samples": [
    {
      "at": "2026-09-28T17:11:42.491Z",
      "loadAverage": [
        2.3193359375,
        2.5908203125,
        2.693359375
      ],
      "freeMemoryBytes": 7712030720,
      "totalMemoryBytes": 38654705664
    },
    {
      "at": "2026-09-28T17:11:42.633Z",
      "loadAverage": [
        2.3193359375,
        2.5908203125,
        2.693359375
      ],
      "freeMemoryBytes": 7714127872,
      "totalMemoryBytes": 38654705664
    }
  ]
}
