{
  "schemaVersion": 1,
  "kind": "seedlands-performance-window",
  "status": "PASS",
  "version": 2,
  "ownerThread": "seedlands-performance-validator",
  "runId": "v2-browser23-budget-map-final-selfcheck-04",
  "pid": 53419,
  "startedAt": "2026-09-28T17:12:55.735Z",
  "windowId": "v2-browser23-budget-map-final-selfcheck-04",
  "evidencePath": "changes/2026-09-23-classic-functional-completion/evidence/v2-browser23-canonical-budget-map-01/final-selfcheck-04-window.json.log",
  "waitedMs": 2,
  "endedAt": "2026-09-28T17:12:56.060Z",
  "exitCode": 0,
  "signal": null,
  "measurement": {
    "status": "NOT_RECORDED"
  },
  "samples": [
    {
      "at": "2026-09-28T17:12:55.737Z",
      "loadAverage": [
        2.2333984375,
        2.50146484375,
        2.64794921875
      ],
      "freeMemoryBytes": 7736508416,
      "totalMemoryBytes": 38654705664
    },
    {
      "at": "2026-09-28T17:12:56.059Z",
      "loadAverage": [
        2.2333984375,
        2.50146484375,
        2.64794921875
      ],
      "freeMemoryBytes": 7881392128,
      "totalMemoryBytes": 38654705664
    }
  ]
}
