{
  "schemaVersion": 1,
  "kind": "seedlands-performance-window",
  "status": "FAIL",
  "version": 2,
  "ownerThread": "seedlands-performance-validator",
  "runId": "v2-browser23-budget-map-final-selfcheck",
  "pid": 51997,
  "startedAt": "2026-09-28T17:10:10.915Z",
  "windowId": "v2-browser23-budget-map-final-selfcheck",
  "evidencePath": "changes/2026-09-23-classic-functional-completion/evidence/v2-browser23-canonical-budget-map-01/final-selfcheck-window.json.log",
  "waitedMs": 2,
  "endedAt": "2026-09-28T17:10:11.060Z",
  "exitCode": 1,
  "signal": null,
  "measurement": {
    "status": "NOT_RECORDED"
  },
  "samples": [
    {
      "at": "2026-09-28T17:10:10.917Z",
      "loadAverage": [
        2.32421875,
        2.6865234375,
        2.7373046875
      ],
      "freeMemoryBytes": 7662501888,
      "totalMemoryBytes": 38654705664
    },
    {
      "at": "2026-09-28T17:10:11.058Z",
      "loadAverage": [
        2.32421875,
        2.6865234375,
        2.7373046875
      ],
      "freeMemoryBytes": 7654588416,
      "totalMemoryBytes": 38654705664
    }
  ]
}
