{
  "schemaVersion": 1,
  "kind": "seedlands-performance-window",
  "status": "FAIL",
  "version": 2,
  "ownerThread": "seedlands-performance-validator",
  "runId": "v2-browser23-budget-map-format",
  "pid": 49088,
  "startedAt": "2026-09-28T17:07:42.444Z",
  "windowId": "v2-browser23-budget-map-format",
  "evidencePath": "changes/2026-09-23-classic-functional-completion/evidence/v2-browser23-canonical-budget-map-01/format-window.json.log",
  "waitedMs": 1,
  "endedAt": "2026-09-28T17:07:42.868Z",
  "exitCode": 2,
  "signal": null,
  "measurement": {
    "status": "NOT_RECORDED"
  },
  "samples": [
    {
      "at": "2026-09-28T17:07:42.445Z",
      "loadAverage": [
        3.56494140625,
        2.896484375,
        2.80517578125
      ],
      "freeMemoryBytes": 7745667072,
      "totalMemoryBytes": 38654705664
    },
    {
      "at": "2026-09-28T17:07:42.867Z",
      "loadAverage": [
        3.56494140625,
        2.896484375,
        2.80517578125
      ],
      "freeMemoryBytes": 7749074944,
      "totalMemoryBytes": 38654705664
    }
  ]
}
