{
  "schemaVersion": 1,
  "kind": "seedlands-performance-window",
  "status": "PASS",
  "version": 2,
  "ownerThread": "seedlands-performance-validator",
  "runId": "v2-browser23-budget-map-format-delivery",
  "pid": 51406,
  "startedAt": "2026-09-28T17:08:49.149Z",
  "windowId": "v2-browser23-budget-map-format-delivery",
  "evidencePath": "changes/2026-09-23-classic-functional-completion/evidence/v2-browser23-canonical-budget-map-01/format-delivery-window.json.log",
  "waitedMs": 1,
  "endedAt": "2026-09-28T17:08:49.461Z",
  "exitCode": 0,
  "signal": null,
  "measurement": {
    "status": "NOT_RECORDED"
  },
  "samples": [
    {
      "at": "2026-09-28T17:08:49.150Z",
      "loadAverage": [
        3.11376953125,
        2.91162109375,
        2.81884765625
      ],
      "freeMemoryBytes": 7691517952,
      "totalMemoryBytes": 38654705664
    },
    {
      "at": "2026-09-28T17:08:49.459Z",
      "loadAverage": [
        3.11376953125,
        2.91162109375,
        2.81884765625
      ],
      "freeMemoryBytes": 7691862016,
      "totalMemoryBytes": 38654705664
    }
  ]
}
