{
  "schemaVersion": 1,
  "kind": "seedlands-performance-window",
  "status": "PASS",
  "version": 2,
  "ownerThread": "seedlands-performance-validator",
  "runId": "git39-browser23-delivery-refreeze",
  "pid": 14242,
  "startedAt": "2026-09-28T20:07:25.933Z",
  "windowId": "git39-browser23-delivery-refreeze",
  "evidencePath": "changes/2026-09-23-classic-functional-completion/evidence/git-39-canonical-budget-terminal/browser23-delivery-refreeze.window.json.log",
  "waitedMs": 2,
  "endedAt": "2026-09-28T20:07:26.242Z",
  "exitCode": 0,
  "signal": null,
  "measurement": {
    "status": "NOT_RECORDED"
  },
  "samples": [
    {
      "at": "2026-09-28T20:07:25.935Z",
      "loadAverage": [
        2.6240234375,
        3.02783203125,
        2.8896484375
      ],
      "freeMemoryBytes": 703676416,
      "totalMemoryBytes": 38654705664
    },
    {
      "at": "2026-09-28T20:07:26.241Z",
      "loadAverage": [
        2.6240234375,
        3.02783203125,
        2.8896484375
      ],
      "freeMemoryBytes": 704397312,
      "totalMemoryBytes": 38654705664
    }
  ]
}
