apps/web/tests/e2e/classic-runtime.spec.ts: OK
apps/web/tests/e2e/classic-support/canonical-reporter.test.ts: OK
apps/web/tests/e2e/classic-support/canonical-reporter.ts: OK
apps/web/tests/e2e/classic-support/evidence.ts: OK
changes/2026-09-23-classic-functional-completion/canonical-budget-contract.md: OK
changes/2026-09-23-classic-functional-completion/canonical-terminal-receipt-contract.md: OK
changes/2026-09-23-classic-functional-completion/spec.md: OK
docs/code-map.md: OK
playwright.config.ts: OK
scripts/harness/classic-receipt.d.mts: OK
scripts/harness/classic-receipt.mjs: OK
scripts/harness/classic-receipt.test.mjs: OK
scripts/harness/classic.mjs: OK
./README.md: OK
./SOURCE-MANIFEST.sha256: OK
./code-staged.actual.paths: OK
./code-staged.patch: OK
./code-staged.paths: OK
./dependency-setup.stdout.log: OK
./dependency-setup.window.json.log: OK
./evidence-allowlist-filter-failure.txt: OK
./evidence-staged.actual.paths: OK
./evidence-staged.paths: OK
./final-selfcheck.zsh: OK
./metadata-format.stdout.log: OK
./metadata-format.window.json.log: OK
./stage-allowlist-initial-failure.txt: OK
./staged-diff-check.raw.log: OK
./staged-gate-environment-failure-window.json.log: OK
./staged-gate-environment-failure.stdout.log: OK
./staged-gate.stdout.log: OK
./staged-gate.window.json.log: OK
./validation-argv.txt: OK
README.md: OK
SOURCE-MANIFEST.sha256: OK
artifact-postcheck-window.json.log: OK
artifact-postcheck.stdout.log: OK
artifact-readback.json: OK
attachments/test-0-classic-runtime-evidence-json.json.log: OK
attachments/test-0-classic-runtime-failure-json.json.log: OK
attachments/test-0-diamond-block-after-restore.png: OK
attachments/test-0-drop-34.png: OK
attachments/test-0-drop-38.png: OK
attachments/test-0-drop-42.png: OK
attachments/test-0-drop-45.png: OK
attachments/test-0-drop-49.png: OK
attachments/test-0-error-context.md: OK
attachments/test-0-glass-built-after-restore.png: OK
attachments/test-1-animated-gallery-early-camera.json.log: OK
attachments/test-1-animated-gallery-early.png: OK
attachments/test-1-animated-gallery-later-camera.json.log: OK
attachments/test-1-animated-gallery-later.png: OK
attachments/test-1-creative-catalog-icons.png: OK
attachments/test-1-creative-one-click-one-block-camera.json.log: OK
attachments/test-1-creative-one-click-one-block.png: OK
attachments/test-1-creative-stair-icons.png: OK
attachments/test-1-day-gallery-camera.json.log: OK
attachments/test-1-day-gallery.png: OK
attachments/test-1-night-eight-light-types-camera.json.log: OK
attachments/test-1-night-eight-light-types.png: OK
attachments/test-1-night-isolated-fire-camera.json.log: OK
attachments/test-1-night-isolated-fire.png: OK
attachments/test-1-night-isolated-glowstone-camera.json.log: OK
attachments/test-1-night-isolated-glowstone.png: OK
attachments/test-1-night-isolated-jack-o-lantern-camera.json.log: OK
attachments/test-1-night-isolated-jack-o-lantern.png: OK
attachments/test-1-night-isolated-lantern-camera.json.log: OK
attachments/test-1-night-isolated-lantern.png: OK
attachments/test-1-night-isolated-lava-camera.json.log: OK
attachments/test-1-night-isolated-lava.png: OK
attachments/test-1-night-isolated-lit-furnace-camera.json.log: OK
attachments/test-1-night-isolated-lit-furnace.png: OK
attachments/test-1-night-isolated-lit-redstone-ore-camera.json.log: OK
attachments/test-1-night-isolated-lit-redstone-ore.png: OK
attachments/test-1-night-isolated-torch-camera.json.log: OK
attachments/test-1-night-isolated-torch.png: OK
attachments/test-1-night-sources-removed-camera.json.log: OK
attachments/test-1-night-sources-removed.png: OK
attachments/test-1-pig-front-closeup-camera.json.log: OK
attachments/test-1-pig-front-closeup.png: OK
attachments/test-1-plant-real-input-selection-and-walk-through-camera.json.log: OK
attachments/test-1-plant-real-input-selection-and-walk-through.png: OK
attachments/test-1-plants-closeup-camera.json.log: OK
attachments/test-1-plants-closeup.png: OK
attachments/test-1-sealed-room-glowstone-camera.json.log: OK
attachments/test-1-sealed-room-glowstone.png: OK
attachments/test-1-sealed-room-occluding-wall-camera.json.log: OK
attachments/test-1-sealed-room-occluding-wall.png: OK
attachments/test-1-sealed-room-unlit-camera.json.log: OK
attachments/test-1-sealed-room-unlit.png: OK
attachments/test-1-skeleton-bow-front-closeup-camera.json.log: OK
attachments/test-1-skeleton-bow-front-closeup.png: OK
attachments/test-1-skeleton-bow-side-closeup-camera.json.log: OK
attachments/test-1-skeleton-bow-side-closeup.png: OK
attachments/test-1-visual-identity-and-observations.json.log: OK
attachments/test-2-classic-runtime-failure-json.json.log: OK
canonical-error-context.md.log: OK
canonical-window.json.log: OK
classic.json.log: OK
command.txt: OK
diagnosis.json: OK
harness-artifact.json.log: OK
main-step-timeline.json: OK
playwright-attachments.json: OK
playwright-last-run.json.log: OK
playwright-report-index.html.log: OK
playwright-report-initial-extraction-failure.exit-code.txt: OK
playwright-report-initial-extraction-failure.stdout.log: OK
playwright-report-recovered-complete-zipinfo.exit-code.txt: OK
playwright-report-recovered-complete-zipinfo.stdout.log: OK
playwright-report-recovered-complete.zip: OK
playwright-report-recovery-method.txt: OK
playwright-report.json.log: OK
playwright-test-detail.json.log: OK
prelaunch-output-directory-failure-window.json.log: OK
receipt-readback.json: OK
result-summary.json: OK
runner.stdout.log: OK
trace-50m/canonical-trace.zip.part-aa: OK
trace-50m/canonical-trace.zip.part-ab: OK
trace-50m/canonical-trace.zip.part-ac: OK
trace-50m/canonical-trace.zip.part-ad: OK
trace-50m/canonical-trace.zip.part-ae: OK
trace-50m/canonical-trace.zip.part-af: OK
trace-50m/canonical-trace.zip.part-ag: OK
trace-50m/canonical-trace.zip.part-ah: OK
trace-50m/canonical-trace.zip.part-ai: OK
trace-50m/canonical-trace.zip.part-aj: OK
trace-50m/canonical-trace.zip.part-ak: OK
trace-50m/canonical-trace.zip.part-al: OK
trace-50m/canonical-trace.zip.part-am: OK
trace-50m/canonical-trace.zip.part-an: OK
trace-50m/canonical-trace.zip.part-ao: OK
trace-50m/canonical-trace.zip.part-ap: OK
trace-50m/canonical-trace.zip.part-aq: OK
trace-50m/canonical-trace.zip.part-ar: OK
trace-50m/canonical-trace.zip.part-as: OK
trace-50m/canonical-trace.zip.part-at: OK
trace-50m/canonical-trace.zip.part-au: OK
trace-50m/canonical-trace.zip.part-av: OK
trace-50m/canonical-trace.zip.part-aw: OK
trace-50m/canonical-trace.zip.part-ax: OK
trace-50m/canonical-trace.zip.part-ay: OK
trace-local-header-scan-helper-failure.exit-code.txt: OK
trace-local-header-scan-helper-failure.stdout.log: OK
trace-original.sha256: OK
trace-parts.sha256: OK
trace-reassembly.sha256: OK
trace-recovery-analysis.json: OK
trace-recovery-log-50m/zip-ff.stdout.log.gz.part-aa: OK
trace-recovery-log-50m/zip-ff.stdout.log.gz.part-ab: OK
trace-recovery-log-50m/zip-ff.stdout.log.gz.part-ac: OK
trace-recovery-log-parts.sha256: OK
trace-recovery-log-reassembly.sha256: OK
trace-recovery-zip-ff.exit-code.txt: OK
trace-recovery-zip-ff.stdout.original-bytes.txt: OK
trace-recovery-zip-ff.stdout.original.sha256: OK
trace-size-bytes.txt: OK
trace-zipinfo.exit-code.txt: OK
trace-zipinfo.stdout.log: OK
README.md: OK
canonical-timing.json.log: OK
diagnosis.json: OK
final-selfcheck-02-window.json.log: OK
final-selfcheck-03-window.json.log: OK
final-selfcheck-04-window.json.log: OK
final-selfcheck-window.json.log: OK
format-delivery-window.json.log: OK
format-window.json.log: OK
format-json-log-window.json.log: OK
SOURCE-MANIFEST.sha256: OK
budget-structure-check.mjs: OK
budget-structure-final-readback.json.log: OK
budget-structure-readback-failure-02.log: OK
budget-structure-readback-failure-03.log: OK
budget-structure-readback-failure.log: OK
budget-structure-readback.json.log: OK
classic-types-window.json.log: OK
classic-types.stdout.log: OK
eslint-window.json.log: OK
eslint.stdout.log: OK
format-final-window.json.log: OK
format-final.stdout.log: OK
format-window.json.log: OK
root-types-window.json.log: OK
root-types.stdout.log: OK
scope-window.json.log: OK
scope.stdout.log: OK
structure-failure-02-window.json.log: OK
structure-failure-03-window.json.log: OK
structure-failure-window.json.log: OK
structure-final-window.json.log: OK
structure-window.json.log: OK
./SOURCE-MANIFEST.sha256: OK
./classic-types-window.json.log: OK
./classic-types.stdout.log: OK
./eslint-failure-window.json.log: OK
./eslint-failure.stdout.log: OK
./eslint-window.json.log: OK
./eslint.stdout.log: OK
./format-final-02-window.json.log: OK
./format-final-02.stdout.log: OK
./format-final-window.json.log: OK
./format-final.stdout.log: OK
./format-fix-window.json.log: OK
./format-fix.stdout.log: OK
./format-implementation-window.json.log: OK
./format-implementation.stdout.log: OK
./green-final-02-window.json.log: OK
./green-final-02.stdout.log: OK
./green-final-03-window.json.log: OK
./green-final-03.stdout.log: OK
./green-final-04-window.json.log: OK
./green-final-04.stdout.log: OK
./green-final-05-window.json.log: OK
./green-final-05.stdout.log: OK
./green-final-06-window.json.log: OK
./green-final-06.stdout.log: OK
./green-final-07-window.json.log: OK
./green-final-07.stdout.log: OK
./green-final-08-window.json.log: OK
./green-final-08.stdout.log: OK
./green-final-09-window.json.log: OK
./green-final-09.stdout.log: OK
./green-final-window.json.log: OK
./green-final.stdout.log: OK
./green-receipt-failure-02-window.json.log: OK
./green-receipt-failure-02.stdout.log: OK
./green-receipt-failure-window.json.log: OK
./green-receipt-failure.stdout.log: OK
./green-receipt-window.json.log: OK
./green-receipt.stdout.log: OK
./green-reporter-window.json.log: OK
./green-reporter.stdout.log: OK
./measurement-consumer-window.json.log: OK
./measurement-consumer.stdout.log: OK
./predecessor-close15/PREDECESSOR.sha256: OK
./predecessor-close15/README.md: OK
./predecessor-close15/files/apps/web/tests/e2e/classic-runtime.spec.ts: OK
./predecessor-close15/files/changes/2026-09-23-classic-functional-completion/canonical-budget-contract.md: OK
./predecessor-close15/files/changes/2026-09-23-classic-functional-completion/canonical-budget-evidence.md: OK
./predecessor-close15/files/changes/2026-09-23-classic-functional-completion/spec.md: OK
./predecessor-close15/files/playwright.config.ts: OK
./predecessor-close15/identity/SOURCE-MANIFEST.sha256: OK
./red-window.json.log: OK
./red.stdout.log: OK
./root-types-window.json.log: OK
./root-types.stdout.log: OK
./scope-final-window.json.log: OK
./scope-final.stdout.log: OK
./scope-format-window.json.log: OK
./scope-format.stdout.log: OK
./seal-static-02-window.json.log: OK
./seal-static-02.stdout.log: OK
./seal-static-window.json.log: OK
./seal-static.stdout.log: OK
./static-final-02-window.json.log: OK
./static-final-02.stdout.log: OK
./static-final-03-window.json.log: OK
./static-final-03.stdout.log: OK
./static-final-04-window.json.log: OK
./static-final-04.stdout.log: OK
./static-final-window.json.log: OK
./static-final.stdout.log: OK
./structure-final-window.json.log: OK
./terminal-receipt-structure-check.mjs: OK
./terminal-receipt-structure-final.json.log: OK
./terminal-receipt-structure-readback.json.log: OK
./types-eslint-final-window.json.log: OK
./types-eslint-final.stdout.log: OK
./types-final-window.json.log: OK
./types-final.stdout.log: OK
./README.md: OK
./SOURCE-MANIFEST.sha256: OK
./diagnosis.json: OK
./final-static-scope-failure-window.json.log: OK
./final-static-scope-failure.stdout.log: OK
./green-failure-window.json.log: OK
./green-failure.stdout.log: OK
./green-final-02-window.json.log: OK
./green-final-02.stdout.log: OK
./green-final-03-window.json.log: OK
./green-final-03.stdout.log: OK
./green-final-window.json.log: OK
./green-final.stdout.log: OK
./green-sealed-window.json.log: OK
./green-sealed.stdout.log: OK
./null-closure-scope-check.mjs: OK
./null-closure-scope-final.json.log: OK
./null-closure-scope-readback.json.log: OK
./null-closure-scope-sealed.json.log: OK
./prior-release/PREDECESSOR.sha256: OK
./prior-release/README.md: OK
./prior-release/files/apps/web/tests/e2e/classic-runtime.spec.ts: OK
./prior-release/files/apps/web/tests/e2e/classic-support/canonical-reporter.test.ts: OK
./prior-release/files/apps/web/tests/e2e/classic-support/canonical-reporter.ts: OK
./prior-release/files/apps/web/tests/e2e/classic-support/evidence.ts: OK
./prior-release/files/changes/2026-09-23-classic-functional-completion/canonical-budget-contract.md: OK
./prior-release/files/changes/2026-09-23-classic-functional-completion/canonical-budget-evidence.md: OK
./prior-release/files/changes/2026-09-23-classic-functional-completion/canonical-terminal-receipt-contract.md: OK
./prior-release/files/changes/2026-09-23-classic-functional-completion/canonical-terminal-receipt-evidence.md: OK
./prior-release/files/changes/2026-09-23-classic-functional-completion/spec.md: OK
./prior-release/files/docs/code-map.md: OK
./prior-release/files/playwright.config.ts: OK
./prior-release/files/scripts/harness/classic-receipt.d.mts: OK
./prior-release/files/scripts/harness/classic-receipt.mjs: OK
./prior-release/files/scripts/harness/classic-receipt.test.mjs: OK
./prior-release/files/scripts/harness/classic.mjs: OK
./prior-release/identity/SOURCE-MANIFEST.sha256: OK
./pure-red-window.json.log: OK
./pure-red.stdout.log: OK
./reporter-red-window.json.log: OK
./reporter-red.stdout.log: OK
./scope-final-window.json.log: OK
./scope-final.stdout.log: OK
./scope-sealed-window.json.log: OK
./scope-sealed.stdout.log: OK
./seal-static-window.json.log: OK
./seal-static.stdout.log: OK
./static-final-02-window.json.log: OK
./static-final-02.stdout.log: OK
./static-final-window.json.log: OK
./static-final.stdout.log: OK
MAX_STAGED_BLOB_BYTES=52428800
Checking formatting...
[warn] changes/2026-09-23-classic-functional-completion/evidence/v2-canonical-browser-23/attachments/test-0-error-context.md
[warn] Code style issues found in the above file. Run Prettier with --write to fix.
