{
  "schemaVersion": 1,
  "kind": "seedlands-performance-window",
  "status": "PASS",
  "version": 2,
  "ownerThread": "seedlands-performance-validator",
  "runId": "git39-recovery-current-metadata-format",
  "pid": 18623,
  "startedAt": "2026-09-28T20:12:33.714Z",
  "windowId": "git39-recovery-current-metadata-format",
  "evidencePath": "changes/2026-09-23-classic-functional-completion/evidence/git-39-canonical-budget-terminal/recovery-current-metadata-format.window.json.log",
  "waitedMs": 1,
  "endedAt": "2026-09-28T20:12:34.181Z",
  "exitCode": 0,
  "signal": null,
  "measurement": {
    "status": "NOT_RECORDED"
  },
  "samples": [
    {
      "at": "2026-09-28T20:12:33.715Z",
      "loadAverage": [
        2.45703125,
        3.0009765625,
        2.92333984375
      ],
      "freeMemoryBytes": 615759872,
      "totalMemoryBytes": 38654705664
    },
    {
      "at": "2026-09-28T20:12:34.179Z",
      "loadAverage": [
        2.45703125,
        3.0009765625,
        2.92333984375
      ],
      "freeMemoryBytes": 650870784,
      "totalMemoryBytes": 38654705664
    }
  ]
}
