{
  "schemaVersion": 1,
  "kind": "seedlands-performance-window",
  "status": "PASS",
  "version": 2,
  "ownerThread": "seedlands-performance-validator",
  "runId": "git39-recovery-metadata-format-final",
  "pid": 14631,
  "startedAt": "2026-09-28T20:08:03.798Z",
  "windowId": "git39-recovery-metadata-format-final",
  "evidencePath": "changes/2026-09-23-classic-functional-completion/evidence/git-39-canonical-budget-terminal/recovery-metadata-format-final.window.json.log",
  "waitedMs": 1,
  "endedAt": "2026-09-28T20:08:04.256Z",
  "exitCode": 0,
  "signal": null,
  "measurement": {
    "status": "NOT_RECORDED"
  },
  "samples": [
    {
      "at": "2026-09-28T20:08:03.799Z",
      "loadAverage": [
        2.3359375,
        2.9111328125,
        2.8525390625
      ],
      "freeMemoryBytes": 581533696,
      "totalMemoryBytes": 38654705664
    },
    {
      "at": "2026-09-28T20:08:04.254Z",
      "loadAverage": [
        2.3359375,
        2.9111328125,
        2.8525390625
      ],
      "freeMemoryBytes": 622510080,
      "totalMemoryBytes": 38654705664
    }
  ]
}
