apps/web/tests/e2e/classic-runtime.spec.ts: OK
apps/web/tests/e2e/classic-support/canonical-reporter.test.ts: OK
apps/web/tests/e2e/classic-support/canonical-reporter.ts: OK
apps/web/tests/e2e/classic-support/evidence.ts: OK
changes/2026-09-23-classic-functional-completion/canonical-budget-contract.md: OK
changes/2026-09-23-classic-functional-completion/canonical-terminal-receipt-contract.md: OK
changes/2026-09-23-classic-functional-completion/spec.md: OK
docs/code-map.md: OK
playwright.config.ts: OK
scripts/harness/classic-receipt.d.mts: OK
scripts/harness/classic-receipt.mjs: OK
scripts/harness/classic-receipt.test.mjs: OK
scripts/harness/classic.mjs: OK
./README.md: OK
./SOURCE-MANIFEST.sha256: OK
./browser23-delivery-refreeze.stdout.log: OK
./browser23-delivery-refreeze.window.json.log: OK
./browser23-packaging-format.stdout.log: OK
./browser23-packaging-format.window.json.log: OK
./code-staged.actual.paths: OK
./code-staged.patch: OK
./code-staged.paths: OK
./dependency-setup.stdout.log: OK
./dependency-setup.window.json.log: OK
./evidence-allowlist-filter-failure.txt: OK
./evidence-staged.actual.paths: OK
./evidence-staged.paths: OK
./final-selfcheck.stdout.log: OK
./final-selfcheck.window.json.log: OK
./final-selfcheck.zsh: OK
./map-packaging-format.stdout.log: OK
./map-packaging-format.window.json.log: OK
./metadata-format.stdout.log: OK
./metadata-format.window.json.log: OK
./prior-packaging/PRIOR-MANIFEST.sha256: OK
./prior-packaging/README.md: OK
./prior-packaging/files/changes/2026-09-23-classic-functional-completion/evidence/git-39-canonical-budget-terminal/MANIFEST.sha256: OK
./prior-packaging/files/changes/2026-09-23-classic-functional-completion/evidence/git-39-canonical-budget-terminal/README.md: OK
./prior-packaging/files/changes/2026-09-23-classic-functional-completion/evidence/git-39-canonical-budget-terminal/SOURCE-MANIFEST.sha256: OK
./prior-packaging/files/changes/2026-09-23-classic-functional-completion/evidence/git-39-canonical-budget-terminal/delivery-validation.json: OK
./prior-packaging/files/changes/2026-09-23-classic-functional-completion/evidence/git-39-canonical-budget-terminal/evidence-staged.actual.paths: OK
./prior-packaging/files/changes/2026-09-23-classic-functional-completion/evidence/git-39-canonical-budget-terminal/evidence-staged.paths: OK
./prior-packaging/files/changes/2026-09-23-classic-functional-completion/evidence/git-39-canonical-budget-terminal/final-selfcheck.zsh: OK
./prior-packaging/files/changes/2026-09-23-classic-functional-completion/evidence/v2-browser23-canonical-budget-map-01/MANIFEST.sha256: OK
./prior-packaging/files/changes/2026-09-23-classic-functional-completion/evidence/v2-browser23-canonical-budget-map-01/README.md: OK
./prior-packaging/files/changes/2026-09-23-classic-functional-completion/evidence/v2-browser23-canonical-budget-map-01/SOURCE-MANIFEST.sha256: OK
./prior-packaging/files/changes/2026-09-23-classic-functional-completion/evidence/v2-browser23-canonical-budget-map-01/delivery-validation.json: OK
./prior-packaging/files/changes/2026-09-23-classic-functional-completion/evidence/v2-browser23-canonical-budget-map-01/diagnosis.json: OK
./prior-packaging/files/changes/2026-09-23-classic-functional-completion/evidence/v2-canonical-browser-23/MANIFEST.sha256: OK
./prior-packaging/files/changes/2026-09-23-classic-functional-completion/evidence/v2-canonical-browser-23/README.md: OK
./prior-packaging/files/changes/2026-09-23-classic-functional-completion/evidence/v2-canonical-browser-23/SOURCE-MANIFEST.sha256: OK
./prior-packaging/files/changes/2026-09-23-classic-functional-completion/evidence/v2-canonical-browser-23/attachments/test-0-error-context.md.log: OK
./prior-packaging/files/changes/2026-09-23-classic-functional-completion/evidence/v2-canonical-browser-23/delivery-validation.json: OK
./prior-packaging/files/changes/2026-09-23-classic-functional-completion/evidence/v2-canonical-browser-23/playwright-attachments.json: OK
./prior-packaging/files/changes/2026-09-23-classic-functional-completion/execution-state.md: OK
./prior-packaging/files/changes/2026-09-23-classic-functional-completion/tasks.md: OK
./prior-packaging/files/changes/2026-09-23-classic-functional-completion/v2-canonical-browser-evidence.md: OK
./prior-packaging/raw-path-mapping.json: OK
./recovery-current-metadata-format.stdout.log: OK
./recovery-current-metadata-format.window.json.log: OK
./recovery-metadata-format-final.stdout.log: OK
./recovery-metadata-format-final.window.json.log: OK
./recovery-metadata-format-sealed.stdout.log: OK
./recovery-metadata-format-sealed.window.json.log: OK
./recovery-metadata-format.stdout.log: OK
./recovery-metadata-format.window.json.log: OK
./recovery-selfcheck.zsh: OK
./stage-allowlist-initial-failure.txt: OK
./staged-diff-check.raw.log: OK
./staged-gate-environment-failure-window.json.log: OK
./staged-gate-environment-failure.stdout.log: OK
./staged-gate.stdout.log: OK
./staged-gate.window.json.log: OK
./validation-argv.txt: OK
./verify-prior-packaging.zsh: OK
./changes/2026-09-23-classic-functional-completion/evidence/git-39-canonical-budget-terminal/MANIFEST.sha256: OK
./changes/2026-09-23-classic-functional-completion/evidence/git-39-canonical-budget-terminal/README.md: OK
./changes/2026-09-23-classic-functional-completion/evidence/git-39-canonical-budget-terminal/SOURCE-MANIFEST.sha256: OK
./changes/2026-09-23-classic-functional-completion/evidence/git-39-canonical-budget-terminal/delivery-validation.json: OK
./changes/2026-09-23-classic-functional-completion/evidence/git-39-canonical-budget-terminal/evidence-staged.actual.paths: OK
./changes/2026-09-23-classic-functional-completion/evidence/git-39-canonical-budget-terminal/evidence-staged.paths: OK
./changes/2026-09-23-classic-functional-completion/evidence/git-39-canonical-budget-terminal/final-selfcheck.zsh: OK
./changes/2026-09-23-classic-functional-completion/evidence/v2-browser23-canonical-budget-map-01/MANIFEST.sha256: OK
./changes/2026-09-23-classic-functional-completion/evidence/v2-browser23-canonical-budget-map-01/README.md: OK
./changes/2026-09-23-classic-functional-completion/evidence/v2-browser23-canonical-budget-map-01/SOURCE-MANIFEST.sha256: OK
./changes/2026-09-23-classic-functional-completion/evidence/v2-browser23-canonical-budget-map-01/delivery-validation.json: OK
./changes/2026-09-23-classic-functional-completion/evidence/v2-browser23-canonical-budget-map-01/diagnosis.json: OK
./changes/2026-09-23-classic-functional-completion/evidence/v2-canonical-browser-23/MANIFEST.sha256: OK
./changes/2026-09-23-classic-functional-completion/evidence/v2-canonical-browser-23/README.md: OK
./changes/2026-09-23-classic-functional-completion/evidence/v2-canonical-browser-23/SOURCE-MANIFEST.sha256: OK
./changes/2026-09-23-classic-functional-completion/evidence/v2-canonical-browser-23/attachments/test-0-error-context.md.log: OK
./changes/2026-09-23-classic-functional-completion/evidence/v2-canonical-browser-23/delivery-validation.json: OK
./changes/2026-09-23-classic-functional-completion/evidence/v2-canonical-browser-23/playwright-attachments.json: OK
./changes/2026-09-23-classic-functional-completion/execution-state.md: OK
./changes/2026-09-23-classic-functional-completion/tasks.md: OK
./changes/2026-09-23-classic-functional-completion/v2-canonical-browser-evidence.md: OK
PRIOR_BROWSER23_MANIFEST127=PASS
PRIOR_MAP_SOURCE23_MANIFEST10=PASS
PRIOR_GIT39_MANIFEST20=PASS
PRIOR_PACKAGING_MAPPING=PASS
