EXACT_STAGED_SCOPE=PASS
apps/web/tests/e2e/classic-runtime.spec.ts: OK
apps/web/tests/e2e/classic-support/canonical-reporter.test.ts: OK
apps/web/tests/e2e/classic-support/canonical-reporter.ts: OK
apps/web/tests/e2e/classic-support/evidence.ts: OK
changes/2026-09-23-classic-functional-completion/canonical-budget-contract.md: OK
changes/2026-09-23-classic-functional-completion/canonical-terminal-receipt-contract.md: OK
changes/2026-09-23-classic-functional-completion/spec.md: OK
docs/code-map.md: OK
playwright.config.ts: OK
scripts/harness/classic-receipt.d.mts: OK
scripts/harness/classic-receipt.mjs: OK
scripts/harness/classic-receipt.test.mjs: OK
scripts/harness/classic.mjs: OK
./README.md: OK
./SOURCE-MANIFEST.sha256: OK
./browser23-delivery-refreeze.stdout.log: OK
./browser23-delivery-refreeze.window.json.log: OK
./browser23-packaging-format.stdout.log: OK
./browser23-packaging-format.window.json.log: OK
./code-staged.actual.paths: OK
./code-staged.patch: OK
./code-staged.paths: OK
./dependency-setup.stdout.log: OK
./dependency-setup.window.json.log: OK
./evidence-allowlist-filter-failure.txt: OK
./evidence-staged.actual.paths: OK
./evidence-staged.paths: OK
./final-selfcheck.stdout.log: OK
./final-selfcheck.window.json.log: OK
./final-selfcheck.zsh: OK
./map-packaging-format.stdout.log: OK
./map-packaging-format.window.json.log: OK
./metadata-format.stdout.log: OK
./metadata-format.window.json.log: OK
./prior-hook-json/PRIOR-MANIFEST.sha256: OK
./prior-hook-json/README.md: OK
./prior-hook-json/archive-manifest-first-failure.txt: OK
./prior-hook-json/files/changes/2026-09-23-classic-functional-completion/evidence/git-39-canonical-budget-terminal/MANIFEST.sha256: OK
./prior-hook-json/files/changes/2026-09-23-classic-functional-completion/evidence/git-39-canonical-budget-terminal/README.md: OK
./prior-hook-json/files/changes/2026-09-23-classic-functional-completion/evidence/git-39-canonical-budget-terminal/SOURCE-MANIFEST.sha256: OK
./prior-hook-json/files/changes/2026-09-23-classic-functional-completion/evidence/git-39-canonical-budget-terminal/delivery-validation.json: OK
./prior-hook-json/files/changes/2026-09-23-classic-functional-completion/evidence/git-39-canonical-budget-terminal/evidence-staged.actual.paths: OK
./prior-hook-json/files/changes/2026-09-23-classic-functional-completion/evidence/git-39-canonical-budget-terminal/evidence-staged.paths: OK
./prior-hook-json/files/changes/2026-09-23-classic-functional-completion/evidence/git-39-canonical-budget-terminal/recovery-selfcheck.stdout.log: OK
./prior-hook-json/files/changes/2026-09-23-classic-functional-completion/evidence/git-39-canonical-budget-terminal/recovery-selfcheck.window.json.log: OK
./prior-hook-json/files/changes/2026-09-23-classic-functional-completion/evidence/git-39-canonical-budget-terminal/recovery-selfcheck.zsh: OK
./prior-hook-json/files/changes/2026-09-23-classic-functional-completion/evidence/git-39-canonical-budget-terminal/verify-prior-packaging.zsh: OK
./prior-hook-json/files/changes/2026-09-23-classic-functional-completion/evidence/v2-browser23-canonical-budget-map-01/MANIFEST.sha256: OK
./prior-hook-json/files/changes/2026-09-23-classic-functional-completion/evidence/v2-browser23-canonical-budget-map-01/README.md: OK
./prior-hook-json/files/changes/2026-09-23-classic-functional-completion/evidence/v2-browser23-canonical-budget-map-01/SOURCE-MANIFEST.sha256: OK
./prior-hook-json/files/changes/2026-09-23-classic-functional-completion/evidence/v2-browser23-canonical-budget-map-01/delivery-validation.json: OK
./prior-hook-json/files/changes/2026-09-23-classic-functional-completion/evidence/v2-browser23-canonical-budget-map-01/diagnosis.json: OK
./prior-hook-json/files/changes/2026-09-23-classic-functional-completion/evidence/v2-canonical-browser-23/MANIFEST.sha256: OK
./prior-hook-json/files/changes/2026-09-23-classic-functional-completion/evidence/v2-canonical-browser-23/README.md: OK
./prior-hook-json/files/changes/2026-09-23-classic-functional-completion/evidence/v2-canonical-browser-23/SOURCE-MANIFEST.sha256: OK
./prior-hook-json/files/changes/2026-09-23-classic-functional-completion/evidence/v2-canonical-browser-23/artifact-readback.json.log: OK
./prior-hook-json/files/changes/2026-09-23-classic-functional-completion/evidence/v2-canonical-browser-23/delivery-validation.json: OK
./prior-hook-json/files/changes/2026-09-23-classic-functional-completion/evidence/v2-canonical-browser-23/playwright-attachments.json.log: OK
./prior-hook-json/files/changes/2026-09-23-classic-functional-completion/evidence/v2-canonical-browser-23/receipt-readback.json.log: OK
./prior-hook-json/files/changes/2026-09-23-classic-functional-completion/evidence/v2-canonical-browser-23/result-summary.json.log: OK
./prior-hook-json/files/changes/2026-09-23-classic-functional-completion/execution-state.md: OK
./prior-hook-json/files/changes/2026-09-23-classic-functional-completion/tasks.md: OK
./prior-hook-json/files/changes/2026-09-23-classic-functional-completion/v2-canonical-browser-evidence.md: OK
./prior-hook-json/metadata-identity-mapping.json: OK
./prior-hook-json/raw-path-mapping.json: OK
./prior-packaging/PRIOR-MANIFEST.sha256: OK
./prior-packaging/README.md: OK
./prior-packaging/files/changes/2026-09-23-classic-functional-completion/evidence/git-39-canonical-budget-terminal/MANIFEST.sha256: OK
./prior-packaging/files/changes/2026-09-23-classic-functional-completion/evidence/git-39-canonical-budget-terminal/README.md: OK
./prior-packaging/files/changes/2026-09-23-classic-functional-completion/evidence/git-39-canonical-budget-terminal/SOURCE-MANIFEST.sha256: OK
./prior-packaging/files/changes/2026-09-23-classic-functional-completion/evidence/git-39-canonical-budget-terminal/delivery-validation.json: OK
./prior-packaging/files/changes/2026-09-23-classic-functional-completion/evidence/git-39-canonical-budget-terminal/evidence-staged.actual.paths: OK
./prior-packaging/files/changes/2026-09-23-classic-functional-completion/evidence/git-39-canonical-budget-terminal/evidence-staged.paths: OK
./prior-packaging/files/changes/2026-09-23-classic-functional-completion/evidence/git-39-canonical-budget-terminal/final-selfcheck.zsh: OK
./prior-packaging/files/changes/2026-09-23-classic-functional-completion/evidence/v2-browser23-canonical-budget-map-01/MANIFEST.sha256: OK
./prior-packaging/files/changes/2026-09-23-classic-functional-completion/evidence/v2-browser23-canonical-budget-map-01/README.md: OK
./prior-packaging/files/changes/2026-09-23-classic-functional-completion/evidence/v2-browser23-canonical-budget-map-01/SOURCE-MANIFEST.sha256: OK
./prior-packaging/files/changes/2026-09-23-classic-functional-completion/evidence/v2-browser23-canonical-budget-map-01/delivery-validation.json: OK
./prior-packaging/files/changes/2026-09-23-classic-functional-completion/evidence/v2-browser23-canonical-budget-map-01/diagnosis.json: OK
./prior-packaging/files/changes/2026-09-23-classic-functional-completion/evidence/v2-canonical-browser-23/MANIFEST.sha256: OK
./prior-packaging/files/changes/2026-09-23-classic-functional-completion/evidence/v2-canonical-browser-23/README.md: OK
./prior-packaging/files/changes/2026-09-23-classic-functional-completion/evidence/v2-canonical-browser-23/SOURCE-MANIFEST.sha256: OK
./prior-packaging/files/changes/2026-09-23-classic-functional-completion/evidence/v2-canonical-browser-23/attachments/test-0-error-context.md.log: OK
./prior-packaging/files/changes/2026-09-23-classic-functional-completion/evidence/v2-canonical-browser-23/delivery-validation.json: OK
./prior-packaging/files/changes/2026-09-23-classic-functional-completion/evidence/v2-canonical-browser-23/playwright-attachments.json: OK
./prior-packaging/files/changes/2026-09-23-classic-functional-completion/execution-state.md: OK
./prior-packaging/files/changes/2026-09-23-classic-functional-completion/tasks.md: OK
./prior-packaging/files/changes/2026-09-23-classic-functional-completion/v2-canonical-browser-evidence.md: OK
./prior-packaging/metadata-identity-mapping.json: OK
./prior-packaging/raw-path-mapping.json: OK
./recovery-current-metadata-format.stdout.log: OK
./recovery-current-metadata-format.window.json.log: OK
./recovery-metadata-format-canonical.stdout.log: OK
./recovery-metadata-format-canonical.window.json.log: OK
./recovery-metadata-format-final.stdout.log: OK
./recovery-metadata-format-final.window.json.log: OK
./recovery-metadata-format-sealed.stdout.log: OK
./recovery-metadata-format-sealed.window.json.log: OK
./recovery-metadata-format.stdout.log: OK
./recovery-metadata-format.window.json.log: OK
./recovery-selfcheck-acceptance-variable-failure.stdout.log: OK
./recovery-selfcheck-acceptance-variable-failure.window.json.log: OK
./recovery-selfcheck-identity-superseded-failure.stdout.log: OK
./recovery-selfcheck-identity-superseded-failure.window.json.log: OK
./recovery-selfcheck.stdout.log: OK
./recovery-selfcheck.window.json.log: OK
./recovery-selfcheck.zsh: OK
./scope-correction-final-selfcheck-manifest-stale-failure.stdout.log: OK
./scope-correction-final-selfcheck-manifest-stale-failure.window.json.log: OK
./scope-correction-final-selfcheck.zsh: OK
./scope-correction/INTERMEDIATE-MANIFEST.sha256: OK
./scope-correction/README.md: OK
./scope-correction/files/changes/2026-09-23-classic-functional-completion/evidence/v2-browser23-canonical-budget-map-01/MANIFEST.sha256: OK
./scope-correction/files/changes/2026-09-23-classic-functional-completion/evidence/v2-browser23-canonical-budget-map-01/README.md: OK
./scope-correction/files/changes/2026-09-23-classic-functional-completion/evidence/v2-browser23-canonical-budget-map-01/SOURCE-MANIFEST.sha256: OK
./scope-correction/files/changes/2026-09-23-classic-functional-completion/evidence/v2-browser23-canonical-budget-map-01/delivery-validation.json: OK
./scope-correction/files/changes/2026-09-23-classic-functional-completion/evidence/v2-browser23-canonical-budget-map-01/diagnosis.json: OK
./scope-correction/files/changes/2026-09-23-classic-functional-completion/evidence/v2-canonical-browser-23/MANIFEST.sha256: OK
./scope-correction/files/changes/2026-09-23-classic-functional-completion/evidence/v2-canonical-browser-23/README.md: OK
./scope-correction/files/changes/2026-09-23-classic-functional-completion/evidence/v2-canonical-browser-23/SOURCE-MANIFEST.sha256: OK
./scope-correction/files/changes/2026-09-23-classic-functional-completion/evidence/v2-canonical-browser-23/delivery-validation.json: OK
./stage-allowlist-initial-failure.txt: OK
./staged-diff-check.raw.log: OK
./staged-gate-environment-failure-window.json.log: OK
./staged-gate-environment-failure.stdout.log: OK
./staged-gate.stdout.log: OK
./staged-gate.window.json.log: OK
./validation-argv.txt: OK
./verify-prior-packaging.zsh: OK
GIT39_SOURCE_AND_MANIFEST=PASS
./README.md: OK
./SOURCE-MANIFEST.sha256: OK
./artifact-postcheck-window.json.log: OK
./artifact-postcheck.stdout.log: OK
./artifact-readback.json: OK
./attachments/test-0-classic-runtime-evidence-json.json.log: OK
./attachments/test-0-classic-runtime-failure-json.json.log: OK
./attachments/test-0-diamond-block-after-restore.png: OK
./attachments/test-0-drop-34.png: OK
./attachments/test-0-drop-38.png: OK
./attachments/test-0-drop-42.png: OK
./attachments/test-0-drop-45.png: OK
./attachments/test-0-drop-49.png: OK
./attachments/test-0-error-context.md.log: OK
./attachments/test-0-glass-built-after-restore.png: OK
./attachments/test-1-animated-gallery-early-camera.json.log: OK
./attachments/test-1-animated-gallery-early.png: OK
./attachments/test-1-animated-gallery-later-camera.json.log: OK
./attachments/test-1-animated-gallery-later.png: OK
./attachments/test-1-creative-catalog-icons.png: OK
./attachments/test-1-creative-one-click-one-block-camera.json.log: OK
./attachments/test-1-creative-one-click-one-block.png: OK
./attachments/test-1-creative-stair-icons.png: OK
./attachments/test-1-day-gallery-camera.json.log: OK
./attachments/test-1-day-gallery.png: OK
./attachments/test-1-night-eight-light-types-camera.json.log: OK
./attachments/test-1-night-eight-light-types.png: OK
./attachments/test-1-night-isolated-fire-camera.json.log: OK
./attachments/test-1-night-isolated-fire.png: OK
./attachments/test-1-night-isolated-glowstone-camera.json.log: OK
./attachments/test-1-night-isolated-glowstone.png: OK
./attachments/test-1-night-isolated-jack-o-lantern-camera.json.log: OK
./attachments/test-1-night-isolated-jack-o-lantern.png: OK
./attachments/test-1-night-isolated-lantern-camera.json.log: OK
./attachments/test-1-night-isolated-lantern.png: OK
./attachments/test-1-night-isolated-lava-camera.json.log: OK
./attachments/test-1-night-isolated-lava.png: OK
./attachments/test-1-night-isolated-lit-furnace-camera.json.log: OK
./attachments/test-1-night-isolated-lit-furnace.png: OK
./attachments/test-1-night-isolated-lit-redstone-ore-camera.json.log: OK
./attachments/test-1-night-isolated-lit-redstone-ore.png: OK
./attachments/test-1-night-isolated-torch-camera.json.log: OK
./attachments/test-1-night-isolated-torch.png: OK
./attachments/test-1-night-sources-removed-camera.json.log: OK
./attachments/test-1-night-sources-removed.png: OK
./attachments/test-1-pig-front-closeup-camera.json.log: OK
./attachments/test-1-pig-front-closeup.png: OK
./attachments/test-1-plant-real-input-selection-and-walk-through-camera.json.log: OK
./attachments/test-1-plant-real-input-selection-and-walk-through.png: OK
./attachments/test-1-plants-closeup-camera.json.log: OK
./attachments/test-1-plants-closeup.png: OK
./attachments/test-1-sealed-room-glowstone-camera.json.log: OK
./attachments/test-1-sealed-room-glowstone.png: OK
./attachments/test-1-sealed-room-occluding-wall-camera.json.log: OK
./attachments/test-1-sealed-room-occluding-wall.png: OK
./attachments/test-1-sealed-room-unlit-camera.json.log: OK
./attachments/test-1-sealed-room-unlit.png: OK
./attachments/test-1-skeleton-bow-front-closeup-camera.json.log: OK
./attachments/test-1-skeleton-bow-front-closeup.png: OK
./attachments/test-1-skeleton-bow-side-closeup-camera.json.log: OK
./attachments/test-1-skeleton-bow-side-closeup.png: OK
./attachments/test-1-visual-identity-and-observations.json.log: OK
./attachments/test-2-classic-runtime-failure-json.json.log: OK
./canonical-error-context.md.log: OK
./canonical-window.json.log: OK
./classic.json.log: OK
./command.txt: OK
./diagnosis.json: OK
./harness-artifact.json.log: OK
./main-step-timeline.json: OK
./playwright-attachments.json: OK
./playwright-last-run.json.log: OK
./playwright-report-index.html.log: OK
./playwright-report-initial-extraction-failure.exit-code.txt: OK
./playwright-report-initial-extraction-failure.stdout.log: OK
./playwright-report-recovered-complete-zipinfo.exit-code.txt: OK
./playwright-report-recovered-complete-zipinfo.stdout.log: OK
./playwright-report-recovered-complete.zip: OK
./playwright-report-recovery-method.txt: OK
./playwright-report.json.log: OK
./playwright-test-detail.json.log: OK
./prelaunch-output-directory-failure-window.json.log: OK
./receipt-readback.json: OK
./result-summary.json: OK
./runner.stdout.log: OK
./trace-50m/canonical-trace.zip.part-aa: OK
./trace-50m/canonical-trace.zip.part-ab: OK
./trace-50m/canonical-trace.zip.part-ac: OK
./trace-50m/canonical-trace.zip.part-ad: OK
./trace-50m/canonical-trace.zip.part-ae: OK
./trace-50m/canonical-trace.zip.part-af: OK
./trace-50m/canonical-trace.zip.part-ag: OK
./trace-50m/canonical-trace.zip.part-ah: OK
./trace-50m/canonical-trace.zip.part-ai: OK
./trace-50m/canonical-trace.zip.part-aj: OK
./trace-50m/canonical-trace.zip.part-ak: OK
./trace-50m/canonical-trace.zip.part-al: OK
./trace-50m/canonical-trace.zip.part-am: OK
./trace-50m/canonical-trace.zip.part-an: OK
./trace-50m/canonical-trace.zip.part-ao: OK
./trace-50m/canonical-trace.zip.part-ap: OK
./trace-50m/canonical-trace.zip.part-aq: OK
./trace-50m/canonical-trace.zip.part-ar: OK
./trace-50m/canonical-trace.zip.part-as: OK
./trace-50m/canonical-trace.zip.part-at: OK
./trace-50m/canonical-trace.zip.part-au: OK
./trace-50m/canonical-trace.zip.part-av: OK
./trace-50m/canonical-trace.zip.part-aw: OK
./trace-50m/canonical-trace.zip.part-ax: OK
./trace-50m/canonical-trace.zip.part-ay: OK
./trace-local-header-scan-helper-failure.exit-code.txt: OK
./trace-local-header-scan-helper-failure.stdout.log: OK
./trace-original.sha256: OK
./trace-parts.sha256: OK
./trace-reassembly.sha256: OK
./trace-recovery-analysis.json: OK
./trace-recovery-log-50m/zip-ff.stdout.log.gz.part-aa: OK
./trace-recovery-log-50m/zip-ff.stdout.log.gz.part-ab: OK
./trace-recovery-log-50m/zip-ff.stdout.log.gz.part-ac: OK
./trace-recovery-log-parts.sha256: OK
./trace-recovery-log-reassembly.sha256: OK
./trace-recovery-zip-ff.exit-code.txt: OK
./trace-recovery-zip-ff.stdout.original-bytes.txt: OK
./trace-recovery-zip-ff.stdout.original.sha256: OK
./trace-size-bytes.txt: OK
./trace-zipinfo.exit-code.txt: OK
./trace-zipinfo.stdout.log: OK
./README.md: OK
./canonical-timing.json.log: OK
./diagnosis.json: OK
./final-selfcheck-02-window.json.log: OK
./final-selfcheck-03-window.json.log: OK
./final-selfcheck-04-window.json.log: OK
./final-selfcheck-window.json.log: OK
./format-delivery-window.json.log: OK
./format-json-log-window.json.log: OK
./format-window.json.log: OK
BROWSER23_AND_MAP_RESTORED=PASS
./changes/2026-09-23-classic-functional-completion/evidence/git-39-canonical-budget-terminal/MANIFEST.sha256: OK
./changes/2026-09-23-classic-functional-completion/evidence/git-39-canonical-budget-terminal/README.md: OK
./changes/2026-09-23-classic-functional-completion/evidence/git-39-canonical-budget-terminal/SOURCE-MANIFEST.sha256: OK
./changes/2026-09-23-classic-functional-completion/evidence/git-39-canonical-budget-terminal/delivery-validation.json: OK
./changes/2026-09-23-classic-functional-completion/evidence/git-39-canonical-budget-terminal/evidence-staged.actual.paths: OK
./changes/2026-09-23-classic-functional-completion/evidence/git-39-canonical-budget-terminal/evidence-staged.paths: OK
./changes/2026-09-23-classic-functional-completion/evidence/git-39-canonical-budget-terminal/recovery-selfcheck.stdout.log: OK
./changes/2026-09-23-classic-functional-completion/evidence/git-39-canonical-budget-terminal/recovery-selfcheck.window.json.log: OK
./changes/2026-09-23-classic-functional-completion/evidence/git-39-canonical-budget-terminal/recovery-selfcheck.zsh: OK
./changes/2026-09-23-classic-functional-completion/evidence/git-39-canonical-budget-terminal/verify-prior-packaging.zsh: OK
./changes/2026-09-23-classic-functional-completion/evidence/v2-browser23-canonical-budget-map-01/MANIFEST.sha256: OK
./changes/2026-09-23-classic-functional-completion/evidence/v2-browser23-canonical-budget-map-01/README.md: OK
./changes/2026-09-23-classic-functional-completion/evidence/v2-browser23-canonical-budget-map-01/SOURCE-MANIFEST.sha256: OK
./changes/2026-09-23-classic-functional-completion/evidence/v2-browser23-canonical-budget-map-01/delivery-validation.json: OK
./changes/2026-09-23-classic-functional-completion/evidence/v2-browser23-canonical-budget-map-01/diagnosis.json: OK
./changes/2026-09-23-classic-functional-completion/evidence/v2-canonical-browser-23/MANIFEST.sha256: OK
./changes/2026-09-23-classic-functional-completion/evidence/v2-canonical-browser-23/README.md: OK
./changes/2026-09-23-classic-functional-completion/evidence/v2-canonical-browser-23/SOURCE-MANIFEST.sha256: OK
./changes/2026-09-23-classic-functional-completion/evidence/v2-canonical-browser-23/artifact-readback.json.log: OK
./changes/2026-09-23-classic-functional-completion/evidence/v2-canonical-browser-23/delivery-validation.json: OK
./changes/2026-09-23-classic-functional-completion/evidence/v2-canonical-browser-23/playwright-attachments.json.log: OK
./changes/2026-09-23-classic-functional-completion/evidence/v2-canonical-browser-23/receipt-readback.json.log: OK
./changes/2026-09-23-classic-functional-completion/evidence/v2-canonical-browser-23/result-summary.json.log: OK
./changes/2026-09-23-classic-functional-completion/execution-state.md: OK
./changes/2026-09-23-classic-functional-completion/tasks.md: OK
./changes/2026-09-23-classic-functional-completion/v2-canonical-browser-evidence.md: OK
./changes/2026-09-23-classic-functional-completion/evidence/v2-browser23-canonical-budget-map-01/MANIFEST.sha256: OK
./changes/2026-09-23-classic-functional-completion/evidence/v2-browser23-canonical-budget-map-01/README.md: OK
./changes/2026-09-23-classic-functional-completion/evidence/v2-browser23-canonical-budget-map-01/SOURCE-MANIFEST.sha256: OK
./changes/2026-09-23-classic-functional-completion/evidence/v2-browser23-canonical-budget-map-01/delivery-validation.json: OK
./changes/2026-09-23-classic-functional-completion/evidence/v2-browser23-canonical-budget-map-01/diagnosis.json: OK
./changes/2026-09-23-classic-functional-completion/evidence/v2-canonical-browser-23/MANIFEST.sha256: OK
./changes/2026-09-23-classic-functional-completion/evidence/v2-canonical-browser-23/README.md: OK
./changes/2026-09-23-classic-functional-completion/evidence/v2-canonical-browser-23/SOURCE-MANIFEST.sha256: OK
./changes/2026-09-23-classic-functional-completion/evidence/v2-canonical-browser-23/delivery-validation.json: OK
PRIOR26_AND_SCOPE_CORRECTION=PASS
RAW_PACKAGING_SCOPE=PASS
EXISTING_16_TEST_GATE=PASS
MAX_STAGED_BLOB_BYTES=52428800
MAIN_INDEX_EMPTY=PASS
Checking formatting...
All matched files use Prettier code style!
$ ls-lint
NATURAL_FORMAT_AND_SCOPE=PASS
GIT39_SCOPE_CORRECTION_FINAL_SELFCHECK=PASS
