✔ Browser23 failure and local PASS become one terminal FAIL in either attachment order (0.894084ms)
✔ test outcome and local failure both fail closed while complete PASS preserves measurement (0.169208ms)
✔ present non-object failure attachments fail closed without losing detailed evidence (0.615459ms)
✔ non-main tests do not pollute receipt and duplicate keys are idempotent or conflicting (0.090542ms)
✔ different retries remain visible and the unique-attempt gate rejects them (0.098625ms)
✔ runner validation rejects process failure and stale or missing full receipts (0.18975ms)
✔ missing receipt files and ambiguous main selections fail closed (2.513084ms)
✔ benchmark requires MEASURED while non-main correctness and modular selections remain valid (0.190292ms)
ℹ tests 8
ℹ suites 0
ℹ pass 8
ℹ fail 0
ℹ cancelled 0
ℹ skipped 0
ℹ todo 0
ℹ duration_ms 45.231166
3:42:41 AM [vite-plugin-svelte] no Svelte config found at /private/tmp/seedlands-git39-canonical-budget-terminal - using default configuration.

 RUN  v4.1.11 /private/tmp/seedlands-git39-canonical-budget-terminal

 ✓ |@seedlands/web| apps/web/tests/e2e/classic-support/canonical-reporter.test.ts (5 tests) 14ms

 Test Files  1 passed (1)
      Tests  5 passed (5)
   Start at  03:42:42
   Duration  119ms (transform 26ms, setup 0ms, import 33ms, tests 14ms, environment 0ms)

3:42:42 AM [vite-plugin-svelte] no Svelte config found at /private/tmp/seedlands-git39-canonical-budget-terminal - using default configuration.

 RUN  v4.1.11 /private/tmp/seedlands-git39-canonical-budget-terminal

 ✓ |@seedlands/web| apps/web/tests/integration/engineering/performance-window.test.ts (3 tests) 164ms

 Test Files  1 passed (1)
      Tests  3 passed (3)
   Start at  03:42:42
   Duration  277ms (transform 24ms, setup 0ms, import 33ms, tests 164ms, environment 0ms)

$ tsc -p tsconfig.classic-tests.json --noEmit
$ pnpm --filter @seedlands/kernel typecheck && pnpm --filter @seedlands/stdlib typecheck && pnpm --filter @seedlands/playbook-classic typecheck && pnpm --filter @seedlands/eslint-plugin typecheck && pnpm --filter @seedlands/web typecheck && pnpm --filter @seedlands/agent-server typecheck && tsc -p tsconfig.test.json --noEmit && tsc -p tsconfig.tools.json --noEmit && tsc -p tsconfig.classic-tests.json --noEmit
$ tsc -p tsconfig.json --noEmit
$ tsc -p tsconfig.json --noEmit
$ tsc -p tsconfig.json --noEmit
$ tsc -p tsconfig.json --noEmit
$ svelte-check --tsconfig ./tsconfig.json && tsc -p tsconfig.json --noEmit && tsc -p tsconfig.tools.json --noEmit
Loading svelte-check in workspace: /private/tmp/seedlands-git39-canonical-budget-terminal/apps/web
Getting Svelte diagnostics...

svelte-check found 0 errors and 0 warnings
$ tsc -p tsconfig.json --noEmit
Checking formatting...
All matched files use Prettier code style!
