{
  "schemaVersion": 1,
  "kind": "seedlands-performance-window",
  "status": "PASS",
  "version": 2,
  "ownerThread": "seedlands-performance-validator",
  "runId": "v2-close16-null-final-selfcheck",
  "pid": 73990,
  "startedAt": "2026-09-28T19:21:00.364Z",
  "windowId": "v2-close16-null-final-selfcheck",
  "evidencePath": "changes/2026-09-23-classic-functional-completion/evidence/v2-canonical-terminal-receipt-close-16-null-closure/final-selfcheck-window.json.log",
  "waitedMs": 1,
  "endedAt": "2026-09-28T19:21:01.202Z",
  "exitCode": 0,
  "signal": null,
  "measurement": {
    "status": "NOT_RECORDED"
  },
  "samples": [
    {
      "at": "2026-09-28T19:21:00.365Z",
      "loadAverage": [
        3.1962890625,
        2.82177734375,
        2.78564453125
      ],
      "freeMemoryBytes": 2663809024,
      "totalMemoryBytes": 38654705664
    },
    {
      "at": "2026-09-28T19:21:01.200Z",
      "loadAverage": [
        3.1962890625,
        2.82177734375,
        2.78564453125
      ],
      "freeMemoryBytes": 2623045632,
      "totalMemoryBytes": 38654705664
    }
  ]
}
