{
  "schemaVersion": 1,
  "kind": "seedlands-performance-window",
  "status": "FAIL",
  "version": 2,
  "ownerThread": "seedlands-performance-validator",
  "runId": "v2-close16-null-final-static-scope",
  "pid": 64537,
  "startedAt": "2026-09-28T19:10:50.642Z",
  "windowId": "v2-close16-null-final-static-scope",
  "evidencePath": "changes/2026-09-23-classic-functional-completion/evidence/v2-canonical-terminal-receipt-close-16-null-closure/final-static-scope-window.json.log",
  "waitedMs": 2,
  "endedAt": "2026-09-28T19:11:17.780Z",
  "exitCode": 1,
  "signal": null,
  "measurement": {
    "status": "NOT_RECORDED"
  },
  "samples": [
    {
      "at": "2026-09-28T19:10:50.644Z",
      "loadAverage": [
        2.55322265625,
        2.74462890625,
        2.81787109375
      ],
      "freeMemoryBytes": 2704687104,
      "totalMemoryBytes": 38654705664
    },
    {
      "at": "2026-09-28T19:10:55.646Z",
      "loadAverage": [
        2.6689453125,
        2.76513671875,
        2.82470703125
      ],
      "freeMemoryBytes": 1996259328,
      "totalMemoryBytes": 38654705664
    },
    {
      "at": "2026-09-28T19:11:00.648Z",
      "loadAverage": [
        3.736328125,
        2.984375,
        2.90185546875
      ],
      "freeMemoryBytes": 1982283776,
      "totalMemoryBytes": 38654705664
    },
    {
      "at": "2026-09-28T19:11:05.650Z",
      "loadAverage": [
        3.67724609375,
        2.984375,
        2.90234375
      ],
      "freeMemoryBytes": 1840627712,
      "totalMemoryBytes": 38654705664
    },
    {
      "at": "2026-09-28T19:11:10.651Z",
      "loadAverage": [
        3.62255859375,
        2.984375,
        2.90283203125
      ],
      "freeMemoryBytes": 2332311552,
      "totalMemoryBytes": 38654705664
    },
    {
      "at": "2026-09-28T19:11:15.653Z",
      "loadAverage": [
        3.65234375,
        3.0009765625,
        2.9091796875
      ],
      "freeMemoryBytes": 2104770560,
      "totalMemoryBytes": 38654705664
    },
    {
      "at": "2026-09-28T19:11:17.778Z",
      "loadAverage": [
        3.65234375,
        3.0009765625,
        2.9091796875
      ],
      "freeMemoryBytes": 2986295296,
      "totalMemoryBytes": 38654705664
    }
  ]
}
