{
  "schemaVersion": 1,
  "kind": "seedlands-performance-window",
  "status": "PASS",
  "version": 2,
  "ownerThread": "seedlands-performance-validator",
  "runId": "v2-close16-null-manifest",
  "pid": 66172,
  "startedAt": "2026-09-28T19:13:37.451Z",
  "windowId": "v2-close16-null-manifest",
  "evidencePath": "changes/2026-09-23-classic-functional-completion/evidence/v2-canonical-terminal-receipt-close-16-null-closure/manifest-window.json.log",
  "waitedMs": 1,
  "endedAt": "2026-09-28T19:13:38.089Z",
  "exitCode": 0,
  "signal": null,
  "measurement": {
    "status": "NOT_RECORDED"
  },
  "samples": [
    {
      "at": "2026-09-28T19:13:37.452Z",
      "loadAverage": [
        2.462890625,
        2.716796875,
        2.8046875
      ],
      "freeMemoryBytes": 2884435968,
      "totalMemoryBytes": 38654705664
    },
    {
      "at": "2026-09-28T19:13:38.088Z",
      "loadAverage": [
        2.462890625,
        2.716796875,
        2.8046875
      ],
      "freeMemoryBytes": 2911453184,
      "totalMemoryBytes": 38654705664
    }
  ]
}
