./README.md: OK
./SOURCE-MANIFEST.sha256: OK
./diagnosis.json: OK
./final-static-scope-failure-window.json.log: OK
./final-static-scope-failure.stdout.log: OK
./green-failure-window.json.log: OK
./green-failure.stdout.log: OK
./green-final-02-window.json.log: OK
./green-final-02.stdout.log: OK
./green-final-03-window.json.log: OK
./green-final-03.stdout.log: OK
./green-final-window.json.log: OK
./green-final.stdout.log: OK
./null-closure-scope-check.mjs: OK
./null-closure-scope-readback.json.log: OK
./prior-release/PREDECESSOR.sha256: OK
./prior-release/README.md: OK
./prior-release/files/apps/web/tests/e2e/classic-runtime.spec.ts: OK
./prior-release/files/apps/web/tests/e2e/classic-support/canonical-reporter.test.ts: OK
./prior-release/files/apps/web/tests/e2e/classic-support/canonical-reporter.ts: OK
./prior-release/files/apps/web/tests/e2e/classic-support/evidence.ts: OK
./prior-release/files/changes/2026-09-23-classic-functional-completion/canonical-budget-contract.md: OK
./prior-release/files/changes/2026-09-23-classic-functional-completion/canonical-budget-evidence.md: OK
./prior-release/files/changes/2026-09-23-classic-functional-completion/canonical-terminal-receipt-contract.md: OK
./prior-release/files/changes/2026-09-23-classic-functional-completion/canonical-terminal-receipt-evidence.md: OK
./prior-release/files/changes/2026-09-23-classic-functional-completion/spec.md: OK
./prior-release/files/docs/code-map.md: OK
./prior-release/files/playwright.config.ts: OK
./prior-release/files/scripts/harness/classic-receipt.d.mts: OK
./prior-release/files/scripts/harness/classic-receipt.mjs: OK
./prior-release/files/scripts/harness/classic-receipt.test.mjs: OK
./prior-release/files/scripts/harness/classic.mjs: OK
./prior-release/identity/SOURCE-MANIFEST.sha256: OK
./pure-red-window.json.log: OK
./pure-red.stdout.log: OK
./reporter-red-window.json.log: OK
./reporter-red.stdout.log: OK
./scope-final-window.json.log: OK
./scope-final.stdout.log: OK
./static-final-02-window.json.log: OK
./static-final-02.stdout.log: OK
./static-final-window.json.log: OK
./static-final.stdout.log: OK
       6 SOURCE-MANIFEST.sha256
      43 MANIFEST.sha256
      49 total
413e46c2c2c2ae5e3e5c6266087ab6f0f5b0a38f0387171f690e669708dcd5eb  SOURCE-MANIFEST.sha256
be137e5d28af335a479e9357442e0441d7d91ff34d5eaac49de6604214887ec5  MANIFEST.sha256
