{
  "schemaVersion": 1,
  "kind": "seedlands-performance-window",
  "status": "PASS",
  "version": 2,
  "ownerThread": "seedlands-performance-validator",
  "runId": "v2-close16-null-manifest-final",
  "pid": 70173,
  "startedAt": "2026-09-28T19:17:38.698Z",
  "windowId": "v2-close16-null-manifest-final",
  "evidencePath": "changes/2026-09-23-classic-functional-completion/evidence/v2-canonical-terminal-receipt-close-16-null-closure/manifest-final-window.json.log",
  "waitedMs": 1,
  "endedAt": "2026-09-28T19:17:39.444Z",
  "exitCode": 0,
  "signal": null,
  "measurement": {
    "status": "NOT_RECORDED"
  },
  "samples": [
    {
      "at": "2026-09-28T19:17:38.700Z",
      "loadAverage": [
        3.16015625,
        2.81689453125,
        2.80615234375
      ],
      "freeMemoryBytes": 2793373696,
      "totalMemoryBytes": 38654705664
    },
    {
      "at": "2026-09-28T19:17:39.442Z",
      "loadAverage": [
        3.16015625,
        2.81689453125,
        2.80615234375
      ],
      "freeMemoryBytes": 2880552960,
      "totalMemoryBytes": 38654705664
    }
  ]
}
