{
  "schemaVersion": 1,
  "kind": "seedlands-performance-window",
  "status": "PASS",
  "version": 2,
  "ownerThread": "seedlands-performance-validator",
  "runId": "v2-close16-null-metadata-format",
  "pid": 73886,
  "startedAt": "2026-09-28T19:20:40.567Z",
  "windowId": "v2-close16-null-metadata-format",
  "evidencePath": "changes/2026-09-23-classic-functional-completion/evidence/v2-canonical-terminal-receipt-close-16-null-closure/metadata-format-window.json.log",
  "waitedMs": 1,
  "endedAt": "2026-09-28T19:20:40.947Z",
  "exitCode": 0,
  "signal": null,
  "measurement": {
    "status": "NOT_RECORDED"
  },
  "samples": [
    {
      "at": "2026-09-28T19:20:40.568Z",
      "loadAverage": [
        3.67333984375,
        2.87890625,
        2.80517578125
      ],
      "freeMemoryBytes": 2656698368,
      "totalMemoryBytes": 38654705664
    },
    {
      "at": "2026-09-28T19:20:40.945Z",
      "loadAverage": [
        3.67333984375,
        2.87890625,
        2.80517578125
      ],
      "freeMemoryBytes": 2608791552,
      "totalMemoryBytes": 38654705664
    }
  ]
}
