{
  "schemaVersion": 1,
  "kind": "seedlands-performance-window",
  "status": "FAIL",
  "version": 2,
  "ownerThread": "seedlands-performance-validator",
  "runId": "v2-close16-null-reporter-red",
  "pid": 56634,
  "startedAt": "2026-09-28T19:02:06.636Z",
  "windowId": "v2-close16-null-reporter-red",
  "evidencePath": "changes/2026-09-23-classic-functional-completion/evidence/v2-canonical-terminal-receipt-close-16-null-closure/reporter-red-window.json.log",
  "waitedMs": 1,
  "endedAt": "2026-09-28T19:02:07.375Z",
  "exitCode": 1,
  "signal": null,
  "measurement": {
    "status": "NOT_RECORDED"
  },
  "samples": [
    {
      "at": "2026-09-28T19:02:06.637Z",
      "loadAverage": [
        4.19921875,
        3.54248046875,
        3.1103515625
      ],
      "freeMemoryBytes": 3164372992,
      "totalMemoryBytes": 38654705664
    },
    {
      "at": "2026-09-28T19:02:07.373Z",
      "loadAverage": [
        4.19921875,
        3.54248046875,
        3.1103515625
      ],
      "freeMemoryBytes": 3195682816,
      "totalMemoryBytes": 38654705664
    }
  ]
}
