{
  "schemaVersion": 1,
  "kind": "seedlands-performance-window",
  "status": "PASS",
  "version": 2,
  "ownerThread": "seedlands-performance-validator",
  "runId": "v2-close16-null-scope-final-02",
  "pid": 65657,
  "startedAt": "2026-09-28T19:12:10.171Z",
  "windowId": "v2-close16-null-scope-final-02",
  "evidencePath": "changes/2026-09-23-classic-functional-completion/evidence/v2-canonical-terminal-receipt-close-16-null-closure/scope-final-window.json.log",
  "waitedMs": 1,
  "endedAt": "2026-09-28T19:12:11.991Z",
  "exitCode": 0,
  "signal": null,
  "measurement": {
    "status": "NOT_RECORDED"
  },
  "samples": [
    {
      "at": "2026-09-28T19:12:10.172Z",
      "loadAverage": [
        2.919921875,
        2.90673828125,
        2.87939453125
      ],
      "freeMemoryBytes": 2940174336,
      "totalMemoryBytes": 38654705664
    },
    {
      "at": "2026-09-28T19:12:11.989Z",
      "loadAverage": [
        2.919921875,
        2.90673828125,
        2.87939453125
      ],
      "freeMemoryBytes": 2814967808,
      "totalMemoryBytes": 38654705664
    }
  ]
}
