{
  "schemaVersion": 1,
  "kind": "seedlands-performance-window",
  "status": "PASS",
  "version": 2,
  "ownerThread": "seedlands-performance-validator",
  "runId": "v2-close16-null-static-final",
  "pid": 59998,
  "startedAt": "2026-09-28T19:06:19.985Z",
  "windowId": "v2-close16-null-static-final",
  "evidencePath": "changes/2026-09-23-classic-functional-completion/evidence/v2-canonical-terminal-receipt-close-16-null-closure/static-final-window.json.log",
  "waitedMs": 1,
  "endedAt": "2026-09-28T19:06:46.565Z",
  "exitCode": 0,
  "signal": null,
  "measurement": {
    "status": "NOT_RECORDED"
  },
  "samples": [
    {
      "at": "2026-09-28T19:06:19.986Z",
      "loadAverage": [
        1.97314453125,
        2.62353515625,
        2.798828125
      ],
      "freeMemoryBytes": 3109404672,
      "totalMemoryBytes": 38654705664
    },
    {
      "at": "2026-09-28T19:06:24.988Z",
      "loadAverage": [
        2.05517578125,
        2.62939453125,
        2.7998046875
      ],
      "freeMemoryBytes": 2594209792,
      "totalMemoryBytes": 38654705664
    },
    {
      "at": "2026-09-28T19:06:29.990Z",
      "loadAverage": [
        2.13037109375,
        2.63525390625,
        2.80078125
      ],
      "freeMemoryBytes": 2460909568,
      "totalMemoryBytes": 38654705664
    },
    {
      "at": "2026-09-28T19:06:34.992Z",
      "loadAverage": [
        2.11962890625,
        2.62451171875,
        2.7958984375
      ],
      "freeMemoryBytes": 2183970816,
      "totalMemoryBytes": 38654705664
    },
    {
      "at": "2026-09-28T19:06:39.994Z",
      "loadAverage": [
        2.02978515625,
        2.59716796875,
        2.78515625
      ],
      "freeMemoryBytes": 2556379136,
      "totalMemoryBytes": 38654705664
    },
    {
      "at": "2026-09-28T19:06:44.996Z",
      "loadAverage": [
        2.267578125,
        2.63671875,
        2.7978515625
      ],
      "freeMemoryBytes": 2239234048,
      "totalMemoryBytes": 38654705664
    },
    {
      "at": "2026-09-28T19:06:46.563Z",
      "loadAverage": [
        2.267578125,
        2.63671875,
        2.7978515625
      ],
      "freeMemoryBytes": 3197108224,
      "totalMemoryBytes": 38654705664
    }
  ]
}
