{
  "schemaVersion": 1,
  "kind": "seedlands-performance-window",
  "status": "PASS",
  "version": 2,
  "ownerThread": "seedlands-performance-validator",
  "runId": "v2-death-direct-vitals-behavior-delivery",
  "pid": 10338,
  "startedAt": "2026-09-25T16:05:21.670Z",
  "windowId": "v2-death-direct-vitals-behavior-delivery",
  "evidencePath": "changes/2026-09-23-classic-functional-completion/evidence/v2-death-direct-vitals-01/behavior-delivery-window.json.log",
  "waitedMs": 1,
  "endedAt": "2026-09-25T16:05:23.049Z",
  "exitCode": 0,
  "signal": null,
  "measurement": {
    "status": "NOT_RECORDED"
  },
  "samples": [
    {
      "at": "2026-09-25T16:05:21.671Z",
      "loadAverage": [
        3.69970703125,
        3.59765625,
        3.708984375
      ],
      "freeMemoryBytes": 1044021248,
      "totalMemoryBytes": 38654705664
    },
    {
      "at": "2026-09-25T16:05:23.048Z",
      "loadAverage": [
        3.9638671875,
        3.65380859375,
        3.72802734375
      ],
      "freeMemoryBytes": 992264192,
      "totalMemoryBytes": 38654705664
    }
  ]
}
