{
  "schemaVersion": 1,
  "kind": "seedlands-performance-window",
  "status": "FAIL",
  "version": 2,
  "ownerThread": "seedlands-performance-validator",
  "runId": "v2-death-direct-vitals-classic-armor-01",
  "pid": 2167,
  "startedAt": "2026-09-25T15:57:43.469Z",
  "windowId": "v2-death-direct-vitals-classic-armor-01",
  "evidencePath": "changes/2026-09-23-classic-functional-completion/evidence/v2-death-direct-vitals-01/classic-armor-01-window.json.log",
  "waitedMs": 1,
  "endedAt": "2026-09-25T15:57:45.243Z",
  "exitCode": 1,
  "signal": null,
  "measurement": {
    "status": "NOT_RECORDED"
  },
  "samples": [
    {
      "at": "2026-09-25T15:57:43.470Z",
      "loadAverage": [
        3.2001953125,
        3.646484375,
        3.810546875
      ],
      "freeMemoryBytes": 681705472,
      "totalMemoryBytes": 38654705664
    },
    {
      "at": "2026-09-25T15:57:45.242Z",
      "loadAverage": [
        3.2001953125,
        3.646484375,
        3.810546875
      ],
      "freeMemoryBytes": 700809216,
      "totalMemoryBytes": 38654705664
    }
  ]
}
