{
  "schemaVersion": 1,
  "kind": "seedlands-performance-window",
  "status": "PASS",
  "version": 2,
  "ownerThread": "seedlands-performance-validator",
  "runId": "v2-death-direct-vitals-final-behavior-05",
  "pid": 15255,
  "startedAt": "2026-09-25T16:08:19.811Z",
  "windowId": "v2-death-direct-vitals-final-behavior-05",
  "evidencePath": "changes/2026-09-23-classic-functional-completion/evidence/v2-death-direct-vitals-01/final-behavior-05-window.json.log",
  "waitedMs": 1,
  "endedAt": "2026-09-25T16:08:21.171Z",
  "exitCode": 0,
  "signal": null,
  "measurement": {
    "status": "NOT_RECORDED"
  },
  "samples": [
    {
      "at": "2026-09-25T16:08:19.812Z",
      "loadAverage": [
        4.7626953125,
        4.06396484375,
        3.86669921875
      ],
      "freeMemoryBytes": 618397696,
      "totalMemoryBytes": 38654705664
    },
    {
      "at": "2026-09-25T16:08:21.170Z",
      "loadAverage": [
        4.7626953125,
        4.06396484375,
        3.86669921875
      ],
      "freeMemoryBytes": 600735744,
      "totalMemoryBytes": 38654705664
    }
  ]
}
