{
  "schemaVersion": 1,
  "kind": "seedlands-performance-window",
  "status": "PASS",
  "version": 2,
  "ownerThread": "seedlands-performance-validator",
  "runId": "v2-death-direct-vitals-final-behavior-04",
  "pid": 8261,
  "startedAt": "2026-09-25T16:03:30.041Z",
  "windowId": "v2-death-direct-vitals-final-behavior-04",
  "evidencePath": "changes/2026-09-23-classic-functional-completion/evidence/v2-death-direct-vitals-01/final-behavior-04-window.json.log",
  "waitedMs": 1,
  "endedAt": "2026-09-25T16:03:31.438Z",
  "exitCode": 0,
  "signal": null,
  "measurement": {
    "status": "NOT_RECORDED"
  },
  "samples": [
    {
      "at": "2026-09-25T16:03:30.042Z",
      "loadAverage": [
        3.1640625,
        3.4609375,
        3.6826171875
      ],
      "freeMemoryBytes": 530415616,
      "totalMemoryBytes": 38654705664
    },
    {
      "at": "2026-09-25T16:03:31.437Z",
      "loadAverage": [
        3.1640625,
        3.4609375,
        3.6826171875
      ],
      "freeMemoryBytes": 506658816,
      "totalMemoryBytes": 38654705664
    }
  ]
}
