{
  "schemaVersion": 1,
  "kind": "seedlands-performance-window",
  "status": "PASS",
  "version": 2,
  "ownerThread": "seedlands-performance-validator",
  "runId": "v2-death-direct-vitals-final-behavior-03",
  "pid": 4369,
  "startedAt": "2026-09-25T16:00:57.448Z",
  "windowId": "v2-death-direct-vitals-final-behavior-03",
  "evidencePath": "changes/2026-09-23-classic-functional-completion/evidence/v2-death-direct-vitals-01/final-behavior-03-window.json.log",
  "waitedMs": 1,
  "endedAt": "2026-09-25T16:00:58.737Z",
  "exitCode": 0,
  "signal": null,
  "measurement": {
    "status": "NOT_RECORDED"
  },
  "samples": [
    {
      "at": "2026-09-25T16:00:57.449Z",
      "loadAverage": [
        3.69287109375,
        3.73974609375,
        3.810546875
      ],
      "freeMemoryBytes": 477167616,
      "totalMemoryBytes": 38654705664
    },
    {
      "at": "2026-09-25T16:00:58.736Z",
      "loadAverage": [
        3.69287109375,
        3.73974609375,
        3.810546875
      ],
      "freeMemoryBytes": 531578880,
      "totalMemoryBytes": 38654705664
    }
  ]
}
