{
  "schemaVersion": 1,
  "kind": "seedlands-performance-window",
  "status": "FAIL",
  "version": 2,
  "ownerThread": "seedlands-performance-validator",
  "runId": "v2-death-direct-vitals-fixture-diag-01",
  "pid": 98599,
  "startedAt": "2026-09-25T15:54:44.074Z",
  "windowId": "v2-death-direct-vitals-fixture-diag-01",
  "evidencePath": "changes/2026-09-23-classic-functional-completion/evidence/v2-death-direct-vitals-01/fixture-diag-01-window.json.log",
  "waitedMs": 1,
  "endedAt": "2026-09-25T15:54:45.393Z",
  "exitCode": 1,
  "signal": null,
  "measurement": {
    "status": "NOT_RECORDED"
  },
  "samples": [
    {
      "at": "2026-09-25T15:54:44.075Z",
      "loadAverage": [
        3.94580078125,
        3.72216796875,
        3.86328125
      ],
      "freeMemoryBytes": 246185984,
      "totalMemoryBytes": 38654705664
    },
    {
      "at": "2026-09-25T15:54:45.392Z",
      "loadAverage": [
        3.94580078125,
        3.72216796875,
        3.86328125
      ],
      "freeMemoryBytes": 472334336,
      "totalMemoryBytes": 38654705664
    }
  ]
}
