{
  "schemaVersion": 1,
  "kind": "seedlands-performance-window",
  "status": "PASS",
  "version": 2,
  "ownerThread": "seedlands-performance-validator",
  "runId": "v2-death-direct-vitals-format-write-01",
  "pid": 9611,
  "startedAt": "2026-09-25T16:04:27.291Z",
  "windowId": "v2-death-direct-vitals-format-write-01",
  "evidencePath": "changes/2026-09-23-classic-functional-completion/evidence/v2-death-direct-vitals-01/format-write-01-window.json.log",
  "waitedMs": 1,
  "endedAt": "2026-09-25T16:04:27.797Z",
  "exitCode": 0,
  "signal": null,
  "measurement": {
    "status": "NOT_RECORDED"
  },
  "samples": [
    {
      "at": "2026-09-25T16:04:27.292Z",
      "loadAverage": [
        3.8603515625,
        3.609375,
        3.72216796875
      ],
      "freeMemoryBytes": 566132736,
      "totalMemoryBytes": 38654705664
    },
    {
      "at": "2026-09-25T16:04:27.795Z",
      "loadAverage": [
        3.87109375,
        3.61572265625,
        3.7236328125
      ],
      "freeMemoryBytes": 547160064,
      "totalMemoryBytes": 38654705664
    }
  ]
}
