{
  "schemaVersion": 1,
  "kind": "seedlands-performance-window",
  "status": "FAIL",
  "version": 2,
  "ownerThread": "seedlands-performance-validator",
  "runId": "v2-death-direct-vitals-foundation-01",
  "pid": 2833,
  "startedAt": "2026-09-25T15:58:54.013Z",
  "windowId": "v2-death-direct-vitals-foundation-01",
  "evidencePath": "changes/2026-09-23-classic-functional-completion/evidence/v2-death-direct-vitals-01/foundation-01-window.json.log",
  "waitedMs": 1,
  "endedAt": "2026-09-25T15:58:55.764Z",
  "exitCode": 1,
  "signal": null,
  "measurement": {
    "status": "NOT_RECORDED"
  },
  "samples": [
    {
      "at": "2026-09-25T15:58:54.014Z",
      "loadAverage": [
        3.453125,
        3.6181640625,
        3.783203125
      ],
      "freeMemoryBytes": 857882624,
      "totalMemoryBytes": 38654705664
    },
    {
      "at": "2026-09-25T15:58:55.763Z",
      "loadAverage": [
        3.453125,
        3.6181640625,
        3.783203125
      ],
      "freeMemoryBytes": 702054400,
      "totalMemoryBytes": 38654705664
    }
  ]
}
