{
  "schemaVersion": 1,
  "kind": "seedlands-performance-window",
  "status": "PASS",
  "version": 2,
  "ownerThread": "seedlands-performance-validator",
  "runId": "v2-death-direct-vitals-green-01",
  "pid": 93952,
  "startedAt": "2026-09-25T15:47:21.712Z",
  "windowId": "v2-death-direct-vitals-green-01",
  "evidencePath": "changes/2026-09-23-classic-functional-completion/evidence/v2-death-direct-vitals-01/green-01-window.json.log",
  "waitedMs": 1,
  "endedAt": "2026-09-25T15:47:23.129Z",
  "exitCode": 0,
  "signal": null,
  "measurement": {
    "status": "NOT_RECORDED"
  },
  "samples": [
    {
      "at": "2026-09-25T15:47:21.713Z",
      "loadAverage": [
        3.0146484375,
        4.03466796875,
        4.0322265625
      ],
      "freeMemoryBytes": 166658048,
      "totalMemoryBytes": 38654705664
    },
    {
      "at": "2026-09-25T15:47:23.127Z",
      "loadAverage": [
        3.0146484375,
        4.03466796875,
        4.0322265625
      ],
      "freeMemoryBytes": 456835072,
      "totalMemoryBytes": 38654705664
    }
  ]
}
