{
  "schemaVersion": 1,
  "kind": "seedlands-performance-window",
  "status": "PASS",
  "version": 2,
  "ownerThread": "seedlands-performance-validator",
  "runId": "v2-death-direct-vitals-legacy-delivery",
  "pid": 10560,
  "startedAt": "2026-09-25T16:05:37.095Z",
  "windowId": "v2-death-direct-vitals-legacy-delivery",
  "evidencePath": "changes/2026-09-23-classic-functional-completion/evidence/v2-death-direct-vitals-01/legacy-delivery-window.json.log",
  "waitedMs": 1,
  "endedAt": "2026-09-25T16:05:38.916Z",
  "exitCode": 0,
  "signal": null,
  "measurement": {
    "status": "NOT_RECORDED"
  },
  "samples": [
    {
      "at": "2026-09-25T16:05:37.096Z",
      "loadAverage": [
        3.5810546875,
        3.58203125,
        3.70166015625
      ],
      "freeMemoryBytes": 1090699264,
      "totalMemoryBytes": 38654705664
    },
    {
      "at": "2026-09-25T16:05:38.914Z",
      "loadAverage": [
        3.5341796875,
        3.572265625,
        3.697265625
      ],
      "freeMemoryBytes": 894500864,
      "totalMemoryBytes": 38654705664
    }
  ]
}
