{
  "schemaVersion": 1,
  "kind": "seedlands-performance-window",
  "status": "FAIL",
  "version": 2,
  "ownerThread": "seedlands-performance-validator",
  "runId": "v2-death-direct-vitals-legacy-regression-01",
  "pid": 1786,
  "startedAt": "2026-09-25T15:57:08.372Z",
  "windowId": "v2-death-direct-vitals-legacy-regression-01",
  "evidencePath": "changes/2026-09-23-classic-functional-completion/evidence/v2-death-direct-vitals-01/legacy-regression-01-window.json.log",
  "waitedMs": 1,
  "endedAt": "2026-09-25T15:57:10.324Z",
  "exitCode": 1,
  "signal": null,
  "measurement": {
    "status": "NOT_RECORDED"
  },
  "samples": [
    {
      "at": "2026-09-25T15:57:08.373Z",
      "loadAverage": [
        3.5625,
        3.73486328125,
        3.84765625
      ],
      "freeMemoryBytes": 156893184,
      "totalMemoryBytes": 38654705664
    },
    {
      "at": "2026-09-25T15:57:10.322Z",
      "loadAverage": [
        3.5625,
        3.73486328125,
        3.84765625
      ],
      "freeMemoryBytes": 602095616,
      "totalMemoryBytes": 38654705664
    }
  ]
}
