{
  "schemaVersion": 1,
  "kind": "seedlands-performance-window",
  "status": "FAIL",
  "version": 2,
  "ownerThread": "seedlands-performance-validator",
  "runId": "v2-death-direct-vitals-matrix-02",
  "pid": 98132,
  "startedAt": "2026-09-25T15:53:56.693Z",
  "windowId": "v2-death-direct-vitals-matrix-02",
  "evidencePath": "changes/2026-09-23-classic-functional-completion/evidence/v2-death-direct-vitals-01/matrix-02-window.json.log",
  "waitedMs": 1,
  "endedAt": "2026-09-25T15:53:58.108Z",
  "exitCode": 1,
  "signal": null,
  "measurement": {
    "status": "NOT_RECORDED"
  },
  "samples": [
    {
      "at": "2026-09-25T15:53:56.694Z",
      "loadAverage": [
        3.32275390625,
        3.63427734375,
        3.84521484375
      ],
      "freeMemoryBytes": 137527296,
      "totalMemoryBytes": 38654705664
    },
    {
      "at": "2026-09-25T15:53:58.107Z",
      "loadAverage": [
        3.32275390625,
        3.63427734375,
        3.84521484375
      ],
      "freeMemoryBytes": 587808768,
      "totalMemoryBytes": 38654705664
    }
  ]
}
