{
  "schemaVersion": 1,
  "kind": "seedlands-performance-window",
  "status": "PASS",
  "version": 2,
  "ownerThread": "seedlands-performance-validator",
  "runId": "v2-death-direct-vitals-matrix-05",
  "pid": 99410,
  "startedAt": "2026-09-25T15:55:56.626Z",
  "windowId": "v2-death-direct-vitals-matrix-05",
  "evidencePath": "changes/2026-09-23-classic-functional-completion/evidence/v2-death-direct-vitals-01/matrix-05-window.json.log",
  "waitedMs": 1,
  "endedAt": "2026-09-25T15:55:57.915Z",
  "exitCode": 0,
  "signal": null,
  "measurement": {
    "status": "NOT_RECORDED"
  },
  "samples": [
    {
      "at": "2026-09-25T15:55:56.627Z",
      "loadAverage": [
        3.75,
        3.7548828125,
        3.8642578125
      ],
      "freeMemoryBytes": 328089600,
      "totalMemoryBytes": 38654705664
    },
    {
      "at": "2026-09-25T15:55:57.914Z",
      "loadAverage": [
        3.75,
        3.7548828125,
        3.8642578125
      ],
      "freeMemoryBytes": 474595328,
      "totalMemoryBytes": 38654705664
    }
  ]
}
