{
  "schemaVersion": 1,
  "kind": "seedlands-performance-window",
  "status": "FAIL",
  "version": 2,
  "ownerThread": "seedlands-performance-validator",
  "runId": "v2-death-direct-vitals-matrix-03",
  "pid": 98335,
  "startedAt": "2026-09-25T15:54:19.767Z",
  "windowId": "v2-death-direct-vitals-matrix-03",
  "evidencePath": "changes/2026-09-23-classic-functional-completion/evidence/v2-death-direct-vitals-01/matrix-03-window.json.log",
  "waitedMs": 1,
  "endedAt": "2026-09-25T15:54:21.075Z",
  "exitCode": 1,
  "signal": null,
  "measurement": {
    "status": "NOT_RECORDED"
  },
  "samples": [
    {
      "at": "2026-09-25T15:54:19.768Z",
      "loadAverage": [
        3.29736328125,
        3.6083984375,
        3.82958984375
      ],
      "freeMemoryBytes": 456704000,
      "totalMemoryBytes": 38654705664
    },
    {
      "at": "2026-09-25T15:54:21.074Z",
      "loadAverage": [
        3.29736328125,
        3.6083984375,
        3.82958984375
      ],
      "freeMemoryBytes": 456114176,
      "totalMemoryBytes": 38654705664
    }
  ]
}
