{
  "schemaVersion": 1,
  "kind": "seedlands-performance-window",
  "status": "PASS",
  "version": 2,
  "ownerThread": "seedlands-performance-validator",
  "runId": "v2-death-direct-vitals-matrix-06",
  "pid": 1519,
  "startedAt": "2026-09-25T15:56:33.433Z",
  "windowId": "v2-death-direct-vitals-matrix-06",
  "evidencePath": "changes/2026-09-23-classic-functional-completion/evidence/v2-death-direct-vitals-01/matrix-06-window.json.log",
  "waitedMs": 1,
  "endedAt": "2026-09-25T15:56:34.797Z",
  "exitCode": 0,
  "signal": null,
  "measurement": {
    "status": "NOT_RECORDED"
  },
  "samples": [
    {
      "at": "2026-09-25T15:56:33.434Z",
      "loadAverage": [
        4.2451171875,
        3.86328125,
        3.89697265625
      ],
      "freeMemoryBytes": 199802880,
      "totalMemoryBytes": 38654705664
    },
    {
      "at": "2026-09-25T15:56:34.796Z",
      "loadAverage": [
        4.2451171875,
        3.86328125,
        3.89697265625
      ],
      "freeMemoryBytes": 457457664,
      "totalMemoryBytes": 38654705664
    }
  ]
}
