{
  "schemaVersion": 1,
  "kind": "seedlands-performance-window",
  "status": "PASS",
  "version": 2,
  "ownerThread": "seedlands-performance-validator",
  "runId": "v2-death-direct-vitals-stdlib-regression-01",
  "pid": 8961,
  "startedAt": "2026-09-25T16:03:57.341Z",
  "windowId": "v2-death-direct-vitals-stdlib-regression-01",
  "evidencePath": "changes/2026-09-23-classic-functional-completion/evidence/v2-death-direct-vitals-01/stdlib-regression-01-window.json.log",
  "waitedMs": 1,
  "endedAt": "2026-09-25T16:03:58.998Z",
  "exitCode": 0,
  "signal": null,
  "measurement": {
    "status": "NOT_RECORDED"
  },
  "samples": [
    {
      "at": "2026-09-25T16:03:57.342Z",
      "loadAverage": [
        3.849609375,
        3.58642578125,
        3.71923828125
      ],
      "freeMemoryBytes": 539082752,
      "totalMemoryBytes": 38654705664
    },
    {
      "at": "2026-09-25T16:03:58.997Z",
      "loadAverage": [
        3.94140625,
        3.60986328125,
        3.7265625
      ],
      "freeMemoryBytes": 533594112,
      "totalMemoryBytes": 38654705664
    }
  ]
}
