{
  "schemaVersion": 1,
  "kind": "seedlands-performance-window",
  "status": "PASS",
  "version": 2,
  "ownerThread": "seedlands-performance-validator",
  "runId": "v2-death-direct-vitals-type-stdlib-02",
  "pid": 94908,
  "startedAt": "2026-09-25T15:49:32.577Z",
  "windowId": "v2-death-direct-vitals-type-stdlib-02",
  "evidencePath": "changes/2026-09-23-classic-functional-completion/evidence/v2-death-direct-vitals-01/type-stdlib-02-window.json.log",
  "waitedMs": 1,
  "endedAt": "2026-09-25T15:49:34.886Z",
  "exitCode": 0,
  "signal": null,
  "measurement": {
    "status": "NOT_RECORDED"
  },
  "samples": [
    {
      "at": "2026-09-25T15:49:32.578Z",
      "loadAverage": [
        3.16650390625,
        3.841796875,
        3.95751953125
      ],
      "freeMemoryBytes": 96567296,
      "totalMemoryBytes": 38654705664
    },
    {
      "at": "2026-09-25T15:49:34.885Z",
      "loadAverage": [
        3.16650390625,
        3.841796875,
        3.95751953125
      ],
      "freeMemoryBytes": 704724992,
      "totalMemoryBytes": 38654705664
    }
  ]
}
