{
  "schemaVersion": 1,
  "kind": "seedlands-performance-window",
  "status": "PASS",
  "version": 2,
  "ownerThread": "seedlands-performance-validator",
  "runId": "v2-death-direct-vitals-type-stdlib-delivery",
  "pid": 15436,
  "startedAt": "2026-09-25T16:08:35.770Z",
  "windowId": "v2-death-direct-vitals-type-stdlib-delivery",
  "evidencePath": "changes/2026-09-23-classic-functional-completion/evidence/v2-death-direct-vitals-01/type-stdlib-delivery-window.json.log",
  "waitedMs": 1,
  "endedAt": "2026-09-25T16:08:37.980Z",
  "exitCode": 0,
  "signal": null,
  "measurement": {
    "status": "NOT_RECORDED"
  },
  "samples": [
    {
      "at": "2026-09-25T16:08:35.771Z",
      "loadAverage": [
        4.1435546875,
        3.9619140625,
        3.8330078125
      ],
      "freeMemoryBytes": 691601408,
      "totalMemoryBytes": 38654705664
    },
    {
      "at": "2026-09-25T16:08:37.978Z",
      "loadAverage": [
        3.9716796875,
        3.92919921875,
        3.822265625
      ],
      "freeMemoryBytes": 689766400,
      "totalMemoryBytes": 38654705664
    }
  ]
}
