{
  "schemaVersion": 1,
  "kind": "seedlands-performance-window",
  "status": "PASS",
  "version": 2,
  "ownerThread": "seedlands-performance-validator",
  "runId": "v2-death-direct-vitals-type-root-delivery",
  "pid": 15732,
  "startedAt": "2026-09-25T16:09:13.431Z",
  "windowId": "v2-death-direct-vitals-type-root-delivery",
  "evidencePath": "changes/2026-09-23-classic-functional-completion/evidence/v2-death-direct-vitals-01/type-root-delivery-window.json.log",
  "waitedMs": 1,
  "endedAt": "2026-09-25T16:09:16.448Z",
  "exitCode": 0,
  "signal": null,
  "measurement": {
    "status": "NOT_RECORDED"
  },
  "samples": [
    {
      "at": "2026-09-25T16:09:13.432Z",
      "loadAverage": [
        3.30419921875,
        3.76318359375,
        3.7646484375
      ],
      "freeMemoryBytes": 780320768,
      "totalMemoryBytes": 38654705664
    },
    {
      "at": "2026-09-25T16:09:16.446Z",
      "loadAverage": [
        3.30419921875,
        3.76318359375,
        3.7646484375
      ],
      "freeMemoryBytes": 1116962816,
      "totalMemoryBytes": 38654705664
    }
  ]
}
