{
  "schemaVersion": 1,
  "kind": "seedlands-performance-window",
  "status": "FAIL",
  "version": 2,
  "ownerThread": "seedlands-performance-validator",
  "runId": "v2-death-direct-vitals-type-stdlib-01",
  "pid": 94229,
  "startedAt": "2026-09-25T15:48:27.357Z",
  "windowId": "v2-death-direct-vitals-type-stdlib-01",
  "evidencePath": "changes/2026-09-23-classic-functional-completion/evidence/v2-death-direct-vitals-01/type-stdlib-01-window.json.log",
  "waitedMs": 1,
  "endedAt": "2026-09-25T15:48:29.781Z",
  "exitCode": 2,
  "signal": null,
  "measurement": {
    "status": "NOT_RECORDED"
  },
  "samples": [
    {
      "at": "2026-09-25T15:48:27.358Z",
      "loadAverage": [
        3.6025390625,
        4.0224609375,
        4.02587890625
      ],
      "freeMemoryBytes": 143147008,
      "totalMemoryBytes": 38654705664
    },
    {
      "at": "2026-09-25T15:48:29.779Z",
      "loadAverage": [
        3.6025390625,
        4.0224609375,
        4.02587890625
      ],
      "freeMemoryBytes": 700301312,
      "totalMemoryBytes": 38654705664
    }
  ]
}
