{
  "schemaVersion": 1,
  "kind": "seedlands-performance-window",
  "status": "PASS",
  "version": 2,
  "ownerThread": "seedlands-performance-validator",
  "runId": "7224c40d-d576-42c6-910d-d981d6893ec0",
  "pid": 81341,
  "startedAt": "2026-09-25T05:37:42.080Z",
  "windowId": "7224c40d-d576-42c6-910d-d981d6893ec0",
  "evidencePath": "changes/2026-09-23-classic-functional-completion/evidence/v1-real-mouse-aim-close-01/diff-evidence-final-window.json.log",
  "waitedMs": 1,
  "endedAt": "2026-09-25T05:37:42.100Z",
  "exitCode": 0,
  "signal": null,
  "measurement": {
    "status": "NOT_RECORDED"
  },
  "samples": [
    {
      "at": "2026-09-25T05:37:42.081Z",
      "loadAverage": [
        4.4755859375,
        4.173828125,
        3.6005859375
      ],
      "freeMemoryBytes": 534413312,
      "totalMemoryBytes": 38654705664
    },
    {
      "at": "2026-09-25T05:37:42.098Z",
      "loadAverage": [
        4.4755859375,
        4.173828125,
        3.6005859375
      ],
      "freeMemoryBytes": 534413312,
      "totalMemoryBytes": 38654705664
    }
  ]
}
