{
  "schemaVersion": 1,
  "kind": "seedlands-performance-window",
  "status": "PASS",
  "version": 2,
  "ownerThread": "seedlands-performance-validator",
  "runId": "07c967d6-fbb1-4aaf-96e7-14e31f8d142a",
  "pid": 81689,
  "startedAt": "2026-09-25T05:38:23.260Z",
  "windowId": "07c967d6-fbb1-4aaf-96e7-14e31f8d142a",
  "evidencePath": "changes/2026-09-23-classic-functional-completion/evidence/v1-real-mouse-aim-close-01/diff-closure-check-window.json.log",
  "waitedMs": 2,
  "endedAt": "2026-09-25T05:38:23.283Z",
  "exitCode": 0,
  "signal": null,
  "measurement": {
    "status": "NOT_RECORDED"
  },
  "samples": [
    {
      "at": "2026-09-25T05:38:23.262Z",
      "loadAverage": [
        4.13232421875,
        4.11962890625,
        3.6044921875
      ],
      "freeMemoryBytes": 923975680,
      "totalMemoryBytes": 38654705664
    },
    {
      "at": "2026-09-25T05:38:23.281Z",
      "loadAverage": [
        4.13232421875,
        4.11962890625,
        3.6044921875
      ],
      "freeMemoryBytes": 923172864,
      "totalMemoryBytes": 38654705664
    }
  ]
}
