{
  "schemaVersion": 1,
  "kind": "seedlands-performance-window",
  "status": "PASS",
  "version": 2,
  "ownerThread": "seedlands-performance-validator",
  "runId": "9fca4eb6-2f0f-45ea-a39a-f7463bfcc6f2",
  "pid": 86828,
  "startedAt": "2026-09-25T05:45:28.913Z",
  "windowId": "9fca4eb6-2f0f-45ea-a39a-f7463bfcc6f2",
  "evidencePath": "harness/results/performance-windows/9fca4eb6-2f0f-45ea-a39a-f7463bfcc6f2.json",
  "waitedMs": 1,
  "endedAt": "2026-09-25T05:45:29.455Z",
  "exitCode": 0,
  "signal": null,
  "measurement": {
    "status": "NOT_RECORDED"
  },
  "samples": [
    {
      "at": "2026-09-25T05:45:28.914Z",
      "loadAverage": [
        3.0400390625,
        3.33935546875,
        3.39697265625
      ],
      "freeMemoryBytes": 695828480,
      "totalMemoryBytes": 38654705664
    },
    {
      "at": "2026-09-25T05:45:29.453Z",
      "loadAverage": [
        3.0400390625,
        3.33935546875,
        3.39697265625
      ],
      "freeMemoryBytes": 693321728,
      "totalMemoryBytes": 38654705664
    }
  ]
}
