{
  "schemaVersion": 1,
  "kind": "seedlands-performance-window",
  "status": "PASS",
  "version": 2,
  "ownerThread": "seedlands-performance-validator",
  "runId": "v2-artifact-build-13-doc-format",
  "pid": 2112,
  "startedAt": "2026-09-28T12:38:27.495Z",
  "windowId": "v2-artifact-build-13-doc-format",
  "evidencePath": "changes/2026-09-23-classic-functional-completion/evidence/v2-artifact-build-13/doc-format.window.json.log",
  "waitedMs": 1,
  "endedAt": "2026-09-28T12:38:28.052Z",
  "exitCode": 0,
  "signal": null,
  "measurement": {
    "status": "NOT_RECORDED"
  },
  "samples": [
    {
      "at": "2026-09-28T12:38:27.496Z",
      "loadAverage": [
        2.59375,
        2.7900390625,
        2.810546875
      ],
      "freeMemoryBytes": 1178304512,
      "totalMemoryBytes": 38654705664
    },
    {
      "at": "2026-09-28T12:38:28.050Z",
      "loadAverage": [
        2.59375,
        2.7900390625,
        2.810546875
      ],
      "freeMemoryBytes": 1248100352,
      "totalMemoryBytes": 38654705664
    }
  ]
}
