{
  "schemaVersion": 1,
  "kind": "seedlands-performance-window",
  "status": "PASS",
  "version": 2,
  "ownerThread": "seedlands-performance-validator",
  "runId": "v2-artifact-build-13-final-selfcheck-release",
  "pid": 9156,
  "startedAt": "2026-09-28T12:45:33.271Z",
  "windowId": "v2-artifact-build-13-final-selfcheck-release",
  "evidencePath": "changes/2026-09-23-classic-functional-completion/evidence/v2-artifact-build-13/final-selfcheck-release.window.json.log",
  "waitedMs": 1,
  "endedAt": "2026-09-28T12:45:33.986Z",
  "exitCode": 0,
  "signal": null,
  "measurement": {
    "status": "NOT_RECORDED"
  },
  "samples": [
    {
      "at": "2026-09-28T12:45:33.272Z",
      "loadAverage": [
        2.6240234375,
        2.6318359375,
        2.72216796875
      ],
      "freeMemoryBytes": 1173635072,
      "totalMemoryBytes": 38654705664
    },
    {
      "at": "2026-09-28T12:45:33.985Z",
      "loadAverage": [
        2.6240234375,
        2.6318359375,
        2.72216796875
      ],
      "freeMemoryBytes": 1171996672,
      "totalMemoryBytes": 38654705664
    }
  ]
}
