{
  "schemaVersion": 1,
  "kind": "seedlands-performance-window",
  "status": "PASS",
  "version": 2,
  "ownerThread": "seedlands-performance-validator",
  "runId": "v2-artifact-build-13-metadata-final",
  "pid": 3001,
  "startedAt": "2026-09-28T12:39:42.321Z",
  "windowId": "v2-artifact-build-13-metadata-final",
  "evidencePath": "changes/2026-09-23-classic-functional-completion/evidence/v2-artifact-build-13/metadata-final.window.json.log",
  "waitedMs": 2,
  "endedAt": "2026-09-28T12:39:42.813Z",
  "exitCode": 0,
  "signal": null,
  "measurement": {
    "status": "NOT_RECORDED"
  },
  "samples": [
    {
      "at": "2026-09-28T12:39:42.323Z",
      "loadAverage": [
        3.06396484375,
        2.92919921875,
        2.86181640625
      ],
      "freeMemoryBytes": 1260929024,
      "totalMemoryBytes": 38654705664
    },
    {
      "at": "2026-09-28T12:39:42.811Z",
      "loadAverage": [
        3.06396484375,
        2.92919921875,
        2.86181640625
      ],
      "freeMemoryBytes": 1256390656,
      "totalMemoryBytes": 38654705664
    }
  ]
}
