sourceSha=8ae9e3545c40cca83798afea0aa52ef156e4e3d3
sourceTree=f91590626a01d1a6b2d771e27fdb74b5d022d47b
sourceDigest=af113628bfdc367da6bfa8e837636d87bc998af36ee346e4116f97e4b56262ee
lockDigest=44db46fb0f159ebe6d88435c8cfb5d46127d1c7f363a50d19217d454c30e1169
artifactDigest=f6f1ea672dc8d19dacf70482aa900538c6d81f33637c16e9a718fc22fc1acfa4
builtAt=2026-09-28T12:34:28.272Z
artifactReceiptSha256=2a1a930b6897e1ea5ec06a9e4189b1f832608e96a49cbebfcbf5a0df37358388
trackedClean=true
indexClean=true
artifactFiles=276
distFilesIncludingReceipt=277
distSymlinks=0
missing=0
extra=0
mismatched=0
receiptMapSha256=d1babe3ba4b9a2326cb1e1304b77f8045838ed7004c708e71bc692dc61ef3aa6
diskMapSha256=d1babe3ba4b9a2326cb1e1304b77f8045838ed7004c708e71bc692dc61ef3aa6
mapsEqual=true
build12MapEqual=true
build12MapDiffSha256=e3b0c44298fc1c149afbf4c8996fb92427ae41e4649b934ca495991b7852b855
taskStatePersisted=false
port4273Listening=false
acceptanceTreeProcesses=0
machineLockFree=true
build09TreePreserved=true
build10TreePreserved=true
build11TreePreserved=true
build12TreePreserved=true
build13TreePreserved=true
backupRefPreserved=true
browser21Status=FAIL_AFTER_FIRST_WOOD_PICKUP
browser21LaterV2=NOT_REACHED
browser19FirstIronInventoryPickup=NOT_PROVEN
performanceMeasured=false
packLockSha256=f362a074758f751d828d3881d9427a0945ae5efbce3237dfd3e287d24676c16f
sourceDistPackLockEqual=true
mp3Bytes=2976045
mp3Mime=audio/mpeg
mp3Sha256=3c69ae745727607de266898ab68a92c7c75f7f08e27daf0c6cec463f7bd119c9
sourcePublicDistMatch=true
packLockEntryCount=1
packLockEntryMatches=true
