{
  "schemaVersion": 1,
  "kind": "seedlands-performance-window",
  "status": "PASS",
  "version": 2,
  "ownerThread": "seedlands-performance-validator",
  "runId": "v2-equipment-arrival-drift-close-06-affected",
  "pid": 37740,
  "startedAt": "2026-09-26T07:35:02.311Z",
  "windowId": "v2-equipment-arrival-drift-close-06-affected",
  "evidencePath": "changes/2026-09-23-classic-functional-completion/evidence/v2-equipment-arrival-drift-close-06/affected-window.json.log",
  "waitedMs": 1,
  "endedAt": "2026-09-26T07:35:04.183Z",
  "exitCode": 0,
  "signal": null,
  "measurement": {
    "status": "NOT_RECORDED"
  },
  "samples": [
    {
      "at": "2026-09-26T07:35:02.312Z",
      "loadAverage": [
        3.240234375,
        3.283203125,
        3.4609375
      ],
      "freeMemoryBytes": 135987200,
      "totalMemoryBytes": 38654705664
    },
    {
      "at": "2026-09-26T07:35:04.181Z",
      "loadAverage": [
        3.541015625,
        3.3447265625,
        3.4814453125
      ],
      "freeMemoryBytes": 571326464,
      "totalMemoryBytes": 38654705664
    }
  ]
}
