{
  "schemaVersion": 1,
  "kind": "seedlands-performance-window",
  "status": "PASS",
  "version": 2,
  "ownerThread": "seedlands-performance-validator",
  "runId": "v2-equipment-arrival-drift-close-06-eslint",
  "pid": 39612,
  "startedAt": "2026-09-26T07:36:33.258Z",
  "windowId": "v2-equipment-arrival-drift-close-06-eslint",
  "evidencePath": "changes/2026-09-23-classic-functional-completion/evidence/v2-equipment-arrival-drift-close-06/eslint-window.json.log",
  "waitedMs": 2,
  "endedAt": "2026-09-26T07:36:34.960Z",
  "exitCode": 0,
  "signal": null,
  "measurement": {
    "status": "NOT_RECORDED"
  },
  "samples": [
    {
      "at": "2026-09-26T07:36:33.260Z",
      "loadAverage": [
        5.4091796875,
        4.34375,
        3.87353515625
      ],
      "freeMemoryBytes": 1422983168,
      "totalMemoryBytes": 38654705664
    },
    {
      "at": "2026-09-26T07:36:34.959Z",
      "loadAverage": [
        5.4091796875,
        4.34375,
        3.87353515625
      ],
      "freeMemoryBytes": 1375158272,
      "totalMemoryBytes": 38654705664
    }
  ]
}
