{
  "schemaVersion": 1,
  "kind": "seedlands-performance-window",
  "status": "PASS",
  "version": 2,
  "ownerThread": "seedlands-performance-validator",
  "runId": "v2-equipment-arrival-drift-close-06-final-selfcheck",
  "pid": 48815,
  "startedAt": "2026-09-26T07:45:39.910Z",
  "windowId": "v2-equipment-arrival-drift-close-06-final-selfcheck",
  "evidencePath": "changes/2026-09-23-classic-functional-completion/evidence/v2-equipment-arrival-drift-close-06/final-selfcheck-window.json.log",
  "waitedMs": 1,
  "endedAt": "2026-09-26T07:45:40.332Z",
  "exitCode": 0,
  "signal": null,
  "measurement": {
    "status": "NOT_RECORDED"
  },
  "samples": [
    {
      "at": "2026-09-26T07:45:39.911Z",
      "loadAverage": [
        3.18017578125,
        3.64306640625,
        3.7646484375
      ],
      "freeMemoryBytes": 1346142208,
      "totalMemoryBytes": 38654705664
    },
    {
      "at": "2026-09-26T07:45:40.330Z",
      "loadAverage": [
        3.18017578125,
        3.64306640625,
        3.7646484375
      ],
      "freeMemoryBytes": 1335754752,
      "totalMemoryBytes": 38654705664
    }
  ]
}
