Checking formatting...
All matched files use Prettier code style!
apps/web/tests/e2e/classic-support/equipment-resource-route.ts: OK
apps/web/tests/e2e/classic-support/equipment-journey-support.ts: OK
apps/web/tests/e2e/classic-support/equipment-resource-route.test.ts: OK
apps/web/tests/e2e/classic-support/equipment-arrival-drift.test.ts: OK
apps/web/tests/e2e/classic-support/scenario.test.ts: OK
apps/web/tests/e2e/classic-support/route-progress.ts: OK
changes/2026-09-23-classic-functional-completion/spec.md: OK
changes/2026-09-23-classic-functional-completion/equipment-resource-route-contract.md: OK
changes/2026-09-23-classic-functional-completion/equipment-resource-route-evidence.md: OK
changes/2026-09-23-classic-functional-completion/evidence/v2-equipment-arrival-drift-close-06/SOURCE-MANIFEST.sha256: OK
changes/2026-09-23-classic-functional-completion/evidence/v2-equipment-arrival-drift-close-06/affected-window.json.log: OK
changes/2026-09-23-classic-functional-completion/evidence/v2-equipment-arrival-drift-close-06/affected.stdout.log: OK
changes/2026-09-23-classic-functional-completion/evidence/v2-equipment-arrival-drift-close-06/classic-types-02-window.json.log: OK
changes/2026-09-23-classic-functional-completion/evidence/v2-equipment-arrival-drift-close-06/classic-types-02.stdout.log: OK
changes/2026-09-23-classic-functional-completion/evidence/v2-equipment-arrival-drift-close-06/classic-types-window.json.log: OK
changes/2026-09-23-classic-functional-completion/evidence/v2-equipment-arrival-drift-close-06/classic-types.stdout.log: OK
changes/2026-09-23-classic-functional-completion/evidence/v2-equipment-arrival-drift-close-06/delivery-format-window.json.log: OK
changes/2026-09-23-classic-functional-completion/evidence/v2-equipment-arrival-drift-close-06/delivery-format.stdout.log: OK
changes/2026-09-23-classic-functional-completion/evidence/v2-equipment-arrival-drift-close-06/eslint-window.json.log: OK
changes/2026-09-23-classic-functional-completion/evidence/v2-equipment-arrival-drift-close-06/eslint.stdout.log: OK
changes/2026-09-23-classic-functional-completion/evidence/v2-equipment-arrival-drift-close-06/final-affected-02-window.json.log: OK
changes/2026-09-23-classic-functional-completion/evidence/v2-equipment-arrival-drift-close-06/final-affected-02.stdout.log: OK
changes/2026-09-23-classic-functional-completion/evidence/v2-equipment-arrival-drift-close-06/final-affected-window.json.log: OK
changes/2026-09-23-classic-functional-completion/evidence/v2-equipment-arrival-drift-close-06/final-affected.stdout.log: OK
changes/2026-09-23-classic-functional-completion/evidence/v2-equipment-arrival-drift-close-06/final-classic-types-02-window.json.log: OK
changes/2026-09-23-classic-functional-completion/evidence/v2-equipment-arrival-drift-close-06/final-classic-types-02.stdout.log: OK
changes/2026-09-23-classic-functional-completion/evidence/v2-equipment-arrival-drift-close-06/final-classic-types-window.json.log: OK
changes/2026-09-23-classic-functional-completion/evidence/v2-equipment-arrival-drift-close-06/final-classic-types.stdout.log: OK
changes/2026-09-23-classic-functional-completion/evidence/v2-equipment-arrival-drift-close-06/final-eslint-02-window.json.log: OK
changes/2026-09-23-classic-functional-completion/evidence/v2-equipment-arrival-drift-close-06/final-eslint-02.stdout.log: OK
changes/2026-09-23-classic-functional-completion/evidence/v2-equipment-arrival-drift-close-06/final-eslint-window.json.log: OK
changes/2026-09-23-classic-functional-completion/evidence/v2-equipment-arrival-drift-close-06/final-eslint.stdout.log: OK
changes/2026-09-23-classic-functional-completion/evidence/v2-equipment-arrival-drift-close-06/final-root-types-02-window.json.log: OK
changes/2026-09-23-classic-functional-completion/evidence/v2-equipment-arrival-drift-close-06/final-root-types-02.stdout.log: OK
changes/2026-09-23-classic-functional-completion/evidence/v2-equipment-arrival-drift-close-06/final-root-types-window.json.log: OK
changes/2026-09-23-classic-functional-completion/evidence/v2-equipment-arrival-drift-close-06/final-root-types.stdout.log: OK
changes/2026-09-23-classic-functional-completion/evidence/v2-equipment-arrival-drift-close-06/final-static-02-window.json.log: OK
changes/2026-09-23-classic-functional-completion/evidence/v2-equipment-arrival-drift-close-06/final-static-02.stdout.log: OK
changes/2026-09-23-classic-functional-completion/evidence/v2-equipment-arrival-drift-close-06/final-static-window.json.log: OK
changes/2026-09-23-classic-functional-completion/evidence/v2-equipment-arrival-drift-close-06/final-static.stdout.log: OK
changes/2026-09-23-classic-functional-completion/evidence/v2-equipment-arrival-drift-close-06/format-write-window.json.log: OK
changes/2026-09-23-classic-functional-completion/evidence/v2-equipment-arrival-drift-close-06/format-write.stdout.log: OK
changes/2026-09-23-classic-functional-completion/evidence/v2-equipment-arrival-drift-close-06/green-02-window.json.log: OK
changes/2026-09-23-classic-functional-completion/evidence/v2-equipment-arrival-drift-close-06/green-02.stdout.log: OK
changes/2026-09-23-classic-functional-completion/evidence/v2-equipment-arrival-drift-close-06/green-window.json.log: OK
changes/2026-09-23-classic-functional-completion/evidence/v2-equipment-arrival-drift-close-06/green.stdout.log: OK
changes/2026-09-23-classic-functional-completion/evidence/v2-equipment-arrival-drift-close-06/metadata-final-02-window.json.log: OK
changes/2026-09-23-classic-functional-completion/evidence/v2-equipment-arrival-drift-close-06/metadata-final-02.stdout.log: OK
changes/2026-09-23-classic-functional-completion/evidence/v2-equipment-arrival-drift-close-06/metadata-final-window.json.log: OK
changes/2026-09-23-classic-functional-completion/evidence/v2-equipment-arrival-drift-close-06/metadata-final.stdout.log: OK
changes/2026-09-23-classic-functional-completion/evidence/v2-equipment-arrival-drift-close-06/prior-release/SOURCE-MANIFEST.sha256: OK
changes/2026-09-23-classic-functional-completion/evidence/v2-equipment-arrival-drift-close-06/prior-release/equipment-journey-support.ts: OK
changes/2026-09-23-classic-functional-completion/evidence/v2-equipment-arrival-drift-close-06/prior-release/equipment-resource-route-contract.md: OK
changes/2026-09-23-classic-functional-completion/evidence/v2-equipment-arrival-drift-close-06/prior-release/equipment-resource-route-evidence.md: OK
changes/2026-09-23-classic-functional-completion/evidence/v2-equipment-arrival-drift-close-06/prior-release/equipment-resource-route.test.ts: OK
changes/2026-09-23-classic-functional-completion/evidence/v2-equipment-arrival-drift-close-06/prior-release/equipment-resource-route.ts: OK
changes/2026-09-23-classic-functional-completion/evidence/v2-equipment-arrival-drift-close-06/prior-release/scenario.test.ts: OK
changes/2026-09-23-classic-functional-completion/evidence/v2-equipment-arrival-drift-close-06/red-window.json.log: OK
changes/2026-09-23-classic-functional-completion/evidence/v2-equipment-arrival-drift-close-06/red.stdout.log: OK
changes/2026-09-23-classic-functional-completion/evidence/v2-equipment-arrival-drift-close-06/root-types-window.json.log: OK
changes/2026-09-23-classic-functional-completion/evidence/v2-equipment-arrival-drift-close-06/root-types.stdout.log: OK
changes/2026-09-23-classic-functional-completion/evidence/v2-equipment-arrival-drift-close-06/source-selfcheck-final-window.json.log: OK
changes/2026-09-23-classic-functional-completion/evidence/v2-equipment-arrival-drift-close-06/source-selfcheck-final.stdout.log: OK
changes/2026-09-23-classic-functional-completion/evidence/v2-equipment-arrival-drift-close-06/source-selfcheck-window.json.log: OK
changes/2026-09-23-classic-functional-completion/evidence/v2-equipment-arrival-drift-close-06/source-selfcheck.stdout.log: OK
changes/2026-09-23-classic-functional-completion/evidence/v2-equipment-arrival-drift-close-06/validation-argv.txt: OK
