{
  "schemaVersion": 1,
  "kind": "seedlands-performance-window",
  "status": "PASS",
  "version": 2,
  "ownerThread": "seedlands-performance-validator",
  "runId": "v2-equipment-arrival-drift-close-06-final-root-types",
  "pid": 41281,
  "startedAt": "2026-09-26T07:37:48.969Z",
  "windowId": "v2-equipment-arrival-drift-close-06-final-root-types",
  "evidencePath": "changes/2026-09-23-classic-functional-completion/evidence/v2-equipment-arrival-drift-close-06/final-root-types-window.json.log",
  "waitedMs": 1,
  "endedAt": "2026-09-26T07:37:52.173Z",
  "exitCode": 0,
  "signal": null,
  "measurement": {
    "status": "NOT_RECORDED"
  },
  "samples": [
    {
      "at": "2026-09-26T07:37:48.970Z",
      "loadAverage": [
        4.9111328125,
        4.4267578125,
        3.94189453125
      ],
      "freeMemoryBytes": 1348501504,
      "totalMemoryBytes": 38654705664
    },
    {
      "at": "2026-09-26T07:37:52.171Z",
      "loadAverage": [
        4.9111328125,
        4.4267578125,
        3.94189453125
      ],
      "freeMemoryBytes": 1330954240,
      "totalMemoryBytes": 38654705664
    }
  ]
}
