{
  "schemaVersion": 1,
  "kind": "seedlands-performance-window",
  "status": "PASS",
  "version": 2,
  "ownerThread": "seedlands-performance-validator",
  "runId": "v2-equipment-arrival-drift-close-06-final-static",
  "pid": 43207,
  "startedAt": "2026-09-26T07:38:20.906Z",
  "windowId": "v2-equipment-arrival-drift-close-06-final-static",
  "evidencePath": "changes/2026-09-23-classic-functional-completion/evidence/v2-equipment-arrival-drift-close-06/final-static-window.json.log",
  "waitedMs": 1,
  "endedAt": "2026-09-26T07:38:21.552Z",
  "exitCode": 0,
  "signal": null,
  "measurement": {
    "status": "NOT_RECORDED"
  },
  "samples": [
    {
      "at": "2026-09-26T07:38:20.907Z",
      "loadAverage": [
        5.98583984375,
        4.734375,
        4.0693359375
      ],
      "freeMemoryBytes": 1346355200,
      "totalMemoryBytes": 38654705664
    },
    {
      "at": "2026-09-26T07:38:21.550Z",
      "loadAverage": [
        5.98583984375,
        4.734375,
        4.0693359375
      ],
      "freeMemoryBytes": 1347207168,
      "totalMemoryBytes": 38654705664
    }
  ]
}
