{
  "schemaVersion": 1,
  "kind": "seedlands-performance-window",
  "status": "PASS",
  "version": 2,
  "ownerThread": "seedlands-performance-validator",
  "runId": "v2-equipment-arrival-drift-close-06-final-eslint-02",
  "pid": 44971,
  "startedAt": "2026-09-26T07:41:00.972Z",
  "windowId": "v2-equipment-arrival-drift-close-06-final-eslint-02",
  "evidencePath": "changes/2026-09-23-classic-functional-completion/evidence/v2-equipment-arrival-drift-close-06/final-eslint-02-window.json.log",
  "waitedMs": 1,
  "endedAt": "2026-09-26T07:41:02.037Z",
  "exitCode": 0,
  "signal": null,
  "measurement": {
    "status": "NOT_RECORDED"
  },
  "samples": [
    {
      "at": "2026-09-26T07:41:00.973Z",
      "loadAverage": [
        3.45068359375,
        4.20166015625,
        3.9658203125
      ],
      "freeMemoryBytes": 1113145344,
      "totalMemoryBytes": 38654705664
    },
    {
      "at": "2026-09-26T07:41:02.035Z",
      "loadAverage": [
        3.45068359375,
        4.20166015625,
        3.9658203125
      ],
      "freeMemoryBytes": 1121812480,
      "totalMemoryBytes": 38654705664
    }
  ]
}
