{
  "schemaVersion": 1,
  "kind": "seedlands-performance-window",
  "status": "PASS",
  "version": 2,
  "ownerThread": "seedlands-performance-validator",
  "runId": "v2-equipment-arrival-drift-close-06-final-affected",
  "pid": 40456,
  "startedAt": "2026-09-26T07:37:04.440Z",
  "windowId": "v2-equipment-arrival-drift-close-06-final-affected",
  "evidencePath": "changes/2026-09-23-classic-functional-completion/evidence/v2-equipment-arrival-drift-close-06/final-affected-window.json.log",
  "waitedMs": 1,
  "endedAt": "2026-09-26T07:37:06.304Z",
  "exitCode": 0,
  "signal": null,
  "measurement": {
    "status": "NOT_RECORDED"
  },
  "samples": [
    {
      "at": "2026-09-26T07:37:04.441Z",
      "loadAverage": [
        5.0947265625,
        4.35888671875,
        3.89404296875
      ],
      "freeMemoryBytes": 1153105920,
      "totalMemoryBytes": 38654705664
    },
    {
      "at": "2026-09-26T07:37:06.303Z",
      "loadAverage": [
        5.0947265625,
        4.35888671875,
        3.89404296875
      ],
      "freeMemoryBytes": 1028472832,
      "totalMemoryBytes": 38654705664
    }
  ]
}
