{
  "schemaVersion": 1,
  "kind": "seedlands-performance-window",
  "status": "PASS",
  "version": 2,
  "ownerThread": "seedlands-performance-validator",
  "runId": "v2-equipment-arrival-drift-close-06-final-affected-02",
  "pid": 44184,
  "startedAt": "2026-09-26T07:40:07.474Z",
  "windowId": "v2-equipment-arrival-drift-close-06-final-affected-02",
  "evidencePath": "changes/2026-09-23-classic-functional-completion/evidence/v2-equipment-arrival-drift-close-06/final-affected-02-window.json.log",
  "waitedMs": 2,
  "endedAt": "2026-09-26T07:40:09.293Z",
  "exitCode": 0,
  "signal": null,
  "measurement": {
    "status": "NOT_RECORDED"
  },
  "samples": [
    {
      "at": "2026-09-26T07:40:07.476Z",
      "loadAverage": [
        3.8291015625,
        4.39404296875,
        4.01513671875
      ],
      "freeMemoryBytes": 1253310464,
      "totalMemoryBytes": 38654705664
    },
    {
      "at": "2026-09-26T07:40:09.292Z",
      "loadAverage": [
        3.7626953125,
        4.37060546875,
        4.0087890625
      ],
      "freeMemoryBytes": 1241251840,
      "totalMemoryBytes": 38654705664
    }
  ]
}
