{
  "schemaVersion": 1,
  "kind": "seedlands-performance-window",
  "status": "PASS",
  "version": 2,
  "ownerThread": "seedlands-performance-validator",
  "runId": "v2-equipment-arrival-drift-close-06-final-root-types-02",
  "pid": 44825,
  "startedAt": "2026-09-26T07:40:42.827Z",
  "windowId": "v2-equipment-arrival-drift-close-06-final-root-types-02",
  "evidencePath": "changes/2026-09-23-classic-functional-completion/evidence/v2-equipment-arrival-drift-close-06/final-root-types-02-window.json.log",
  "waitedMs": 1,
  "endedAt": "2026-09-26T07:40:45.977Z",
  "exitCode": 0,
  "signal": null,
  "measurement": {
    "status": "NOT_RECORDED"
  },
  "samples": [
    {
      "at": "2026-09-26T07:40:42.828Z",
      "loadAverage": [
        3.6689453125,
        4.287109375,
        3.98974609375
      ],
      "freeMemoryBytes": 1263386624,
      "totalMemoryBytes": 38654705664
    },
    {
      "at": "2026-09-26T07:40:45.975Z",
      "loadAverage": [
        3.935546875,
        4.33203125,
        4.00732421875
      ],
      "freeMemoryBytes": 1250590720,
      "totalMemoryBytes": 38654705664
    }
  ]
}
