{
  "schemaVersion": 1,
  "kind": "seedlands-performance-window",
  "status": "PASS",
  "version": 2,
  "ownerThread": "seedlands-performance-validator",
  "runId": "v2-equipment-arrival-drift-close-06-final-classic-types",
  "pid": 41088,
  "startedAt": "2026-09-26T07:37:33.580Z",
  "windowId": "v2-equipment-arrival-drift-close-06-final-classic-types",
  "evidencePath": "changes/2026-09-23-classic-functional-completion/evidence/v2-equipment-arrival-drift-close-06/final-classic-types-window.json.log",
  "waitedMs": 2,
  "endedAt": "2026-09-26T07:37:36.897Z",
  "exitCode": 0,
  "signal": null,
  "measurement": {
    "status": "NOT_RECORDED"
  },
  "samples": [
    {
      "at": "2026-09-26T07:37:33.582Z",
      "loadAverage": [
        5.06787109375,
        4.43212890625,
        3.93603515625
      ],
      "freeMemoryBytes": 1324777472,
      "totalMemoryBytes": 38654705664
    },
    {
      "at": "2026-09-26T07:37:36.895Z",
      "loadAverage": [
        5.06787109375,
        4.43212890625,
        3.93603515625
      ],
      "freeMemoryBytes": 1370619904,
      "totalMemoryBytes": 38654705664
    }
  ]
}
