{
  "schemaVersion": 1,
  "kind": "seedlands-performance-window",
  "status": "PASS",
  "version": 2,
  "ownerThread": "seedlands-performance-validator",
  "runId": "v2-equipment-arrival-drift-close-06-final-eslint",
  "pid": 41426,
  "startedAt": "2026-09-26T07:38:06.447Z",
  "windowId": "v2-equipment-arrival-drift-close-06-final-eslint",
  "evidencePath": "changes/2026-09-23-classic-functional-completion/evidence/v2-equipment-arrival-drift-close-06/final-eslint-window.json.log",
  "waitedMs": 2,
  "endedAt": "2026-09-26T07:38:07.532Z",
  "exitCode": 0,
  "signal": null,
  "measurement": {
    "status": "NOT_RECORDED"
  },
  "samples": [
    {
      "at": "2026-09-26T07:38:06.449Z",
      "loadAverage": [
        5.61767578125,
        4.60205078125,
        4.01220703125
      ],
      "freeMemoryBytes": 1315241984,
      "totalMemoryBytes": 38654705664
    },
    {
      "at": "2026-09-26T07:38:07.531Z",
      "loadAverage": [
        5.61767578125,
        4.60205078125,
        4.01220703125
      ],
      "freeMemoryBytes": 1279000576,
      "totalMemoryBytes": 38654705664
    }
  ]
}
