{
  "schemaVersion": 1,
  "kind": "seedlands-performance-window",
  "status": "PASS",
  "version": 2,
  "ownerThread": "seedlands-performance-validator",
  "runId": "v2-equipment-arrival-drift-close-06-format-write",
  "pid": 39909,
  "startedAt": "2026-09-26T07:36:50.716Z",
  "windowId": "v2-equipment-arrival-drift-close-06-format-write",
  "evidencePath": "changes/2026-09-23-classic-functional-completion/evidence/v2-equipment-arrival-drift-close-06/format-write-window.json.log",
  "waitedMs": 1,
  "endedAt": "2026-09-26T07:36:51.327Z",
  "exitCode": 0,
  "signal": null,
  "measurement": {
    "status": "NOT_RECORDED"
  },
  "samples": [
    {
      "at": "2026-09-26T07:36:50.717Z",
      "loadAverage": [
        5.09033203125,
        4.32568359375,
        3.875
      ],
      "freeMemoryBytes": 1285062656,
      "totalMemoryBytes": 38654705664
    },
    {
      "at": "2026-09-26T07:36:51.325Z",
      "loadAverage": [
        5.09033203125,
        4.32568359375,
        3.875
      ],
      "freeMemoryBytes": 1318141952,
      "totalMemoryBytes": 38654705664
    }
  ]
}
