{
  "schemaVersion": 1,
  "kind": "seedlands-performance-window",
  "status": "FAIL",
  "version": 2,
  "ownerThread": "seedlands-performance-validator",
  "runId": "v2-equipment-arrival-drift-close-06-green",
  "pid": 36645,
  "startedAt": "2026-09-26T07:33:55.228Z",
  "windowId": "v2-equipment-arrival-drift-close-06-green",
  "evidencePath": "changes/2026-09-23-classic-functional-completion/evidence/v2-equipment-arrival-drift-close-06/green-window.json.log",
  "waitedMs": 1,
  "endedAt": "2026-09-26T07:33:56.116Z",
  "exitCode": 1,
  "signal": null,
  "measurement": {
    "status": "NOT_RECORDED"
  },
  "samples": [
    {
      "at": "2026-09-26T07:33:55.229Z",
      "loadAverage": [
        2.810546875,
        3.30419921875,
        3.4873046875
      ],
      "freeMemoryBytes": 361529344,
      "totalMemoryBytes": 38654705664
    },
    {
      "at": "2026-09-26T07:33:56.115Z",
      "loadAverage": [
        2.810546875,
        3.30419921875,
        3.4873046875
      ],
      "freeMemoryBytes": 388759552,
      "totalMemoryBytes": 38654705664
    }
  ]
}
