{
  "schemaVersion": 1,
  "kind": "seedlands-performance-window",
  "status": "PASS",
  "version": 2,
  "ownerThread": "seedlands-performance-validator",
  "runId": "v2-equipment-arrival-drift-close-06-green-02",
  "pid": 37197,
  "startedAt": "2026-09-26T07:34:24.780Z",
  "windowId": "v2-equipment-arrival-drift-close-06-green-02",
  "evidencePath": "changes/2026-09-23-classic-functional-completion/evidence/v2-equipment-arrival-drift-close-06/green-02-window.json.log",
  "waitedMs": 1,
  "endedAt": "2026-09-26T07:34:25.700Z",
  "exitCode": 0,
  "signal": null,
  "measurement": {
    "status": "NOT_RECORDED"
  },
  "samples": [
    {
      "at": "2026-09-26T07:34:24.781Z",
      "loadAverage": [
        2.7060546875,
        3.2265625,
        3.4521484375
      ],
      "freeMemoryBytes": 501907456,
      "totalMemoryBytes": 38654705664
    },
    {
      "at": "2026-09-26T07:34:25.699Z",
      "loadAverage": [
        2.7060546875,
        3.2265625,
        3.4521484375
      ],
      "freeMemoryBytes": 481296384,
      "totalMemoryBytes": 38654705664
    }
  ]
}
