{
  "schemaVersion": 1,
  "kind": "seedlands-performance-window",
  "status": "PASS",
  "version": 2,
  "ownerThread": "seedlands-performance-validator",
  "runId": "v2-equipment-arrival-drift-close-06-metadata-final-02",
  "pid": 45383,
  "startedAt": "2026-09-26T07:42:12.905Z",
  "windowId": "v2-equipment-arrival-drift-close-06-metadata-final-02",
  "evidencePath": "changes/2026-09-23-classic-functional-completion/evidence/v2-equipment-arrival-drift-close-06/metadata-final-02-window.json.log",
  "waitedMs": 2,
  "endedAt": "2026-09-26T07:42:13.398Z",
  "exitCode": 0,
  "signal": null,
  "measurement": {
    "status": "NOT_RECORDED"
  },
  "samples": [
    {
      "at": "2026-09-26T07:42:12.907Z",
      "loadAverage": [
        3.22119140625,
        3.97705078125,
        3.896484375
      ],
      "freeMemoryBytes": 1357758464,
      "totalMemoryBytes": 38654705664
    },
    {
      "at": "2026-09-26T07:42:13.396Z",
      "loadAverage": [
        3.22119140625,
        3.97705078125,
        3.896484375
      ],
      "freeMemoryBytes": 1353383936,
      "totalMemoryBytes": 38654705664
    }
  ]
}
