{
  "schemaVersion": 1,
  "kind": "seedlands-performance-window",
  "status": "PASS",
  "version": 2,
  "ownerThread": "seedlands-performance-validator",
  "runId": "v2-equipment-arrival-drift-close-06-root-types",
  "pid": 39346,
  "startedAt": "2026-09-26T07:36:18.350Z",
  "windowId": "v2-equipment-arrival-drift-close-06-root-types",
  "evidencePath": "changes/2026-09-23-classic-functional-completion/evidence/v2-equipment-arrival-drift-close-06/root-types-window.json.log",
  "waitedMs": 2,
  "endedAt": "2026-09-26T07:36:21.523Z",
  "exitCode": 0,
  "signal": null,
  "measurement": {
    "status": "NOT_RECORDED"
  },
  "samples": [
    {
      "at": "2026-09-26T07:36:18.352Z",
      "loadAverage": [
        5.90478515625,
        4.37939453125,
        3.8779296875
      ],
      "freeMemoryBytes": 667303936,
      "totalMemoryBytes": 38654705664
    },
    {
      "at": "2026-09-26T07:36:21.521Z",
      "loadAverage": [
        5.90478515625,
        4.37939453125,
        3.8779296875
      ],
      "freeMemoryBytes": 975224832,
      "totalMemoryBytes": 38654705664
    }
  ]
}
