{
  "schemaVersion": 1,
  "kind": "seedlands-performance-window",
  "status": "PASS",
  "version": 2,
  "ownerThread": "seedlands-performance-validator",
  "runId": "de5bd556-0477-4a75-b66a-16bf26c5f03f",
  "pid": 50632,
  "startedAt": "2026-09-25T22:11:45.786Z",
  "windowId": "de5bd556-0477-4a75-b66a-16bf26c5f03f",
  "evidencePath": "changes/2026-09-23-classic-functional-completion/evidence/v2-artifact-build-04/metadata-format.window.json.log",
  "waitedMs": 1,
  "endedAt": "2026-09-25T22:11:46.261Z",
  "exitCode": 0,
  "signal": null,
  "measurement": {
    "status": "NOT_RECORDED"
  },
  "samples": [
    {
      "at": "2026-09-25T22:11:45.787Z",
      "loadAverage": [
        3.33154296875,
        3.52001953125,
        3.232421875
      ],
      "freeMemoryBytes": 611467264,
      "totalMemoryBytes": 38654705664
    },
    {
      "at": "2026-09-25T22:11:46.259Z",
      "loadAverage": [
        3.33154296875,
        3.52001953125,
        3.232421875
      ],
      "freeMemoryBytes": 641056768,
      "totalMemoryBytes": 38654705664
    }
  ]
}
