capturedAt=2026-09-25T22:09:22Z
sourceSha=00009bf26c821d115264d224899dafde0d6cc163
sourceTree=e263d29f14a607103c3a80a40a9b7bed4997c58d
trackedChanges=0
indexClean=true
rootStdlib=/private/tmp/seedlands-v2-acceptance-00009bf2/packages/stdlib
stdlibKernel=/private/tmp/seedlands-v2-acceptance-00009bf2/packages/kernel
classicStdlib=/private/tmp/seedlands-v2-acceptance-00009bf2/packages/stdlib
webStdlib=/private/tmp/seedlands-v2-acceptance-00009bf2/packages/stdlib
webClassic=/private/tmp/seedlands-v2-acceptance-00009bf2/playbooks/classic
taskStateLocal=true
distFilesIncludingReceipt=277
port4273Listening=false
acceptanceTreeProcesses=0
artifact={"schemaVersion":1,"sourceSha":"00009bf26c821d115264d224899dafde0d6cc163","sourceDigest":"315820d63fc0ca323380ca45b6a537cb541842a41e396f3bfe94b0507d062dff","lockDigest":"44db46fb0f159ebe6d88435c8cfb5d46127d1c7f363a50d19217d454c30e1169","artifactDigest":"fc7ac0053fd73c08035e95b41d39bf80889c7e23155a9e14d88a096f0b54f6e2","builtAt":"2026-09-25T22:06:39.842Z","fileCount":276}
artifactReceiptSha256=fa846dd12d91662a0f64b6a109df4b9c366f94d18d5108de5e10f94d7ccfb92d
packLockSha256=d365ec8409eee8b1d0155cb0e0ec2fb6e966e1bf351696496314e5cac01950b7
mediaSourceBytes=2976045
mediaSourceMime=audio/mpeg
mediaSourceSha256=3c69ae745727607de266898ab68a92c7c75f7f08e27daf0c6cec463f7bd119c9
mediaDistBytes=2976045
mediaDistMime=audio/mpeg
mediaDistSha256=3c69ae745727607de266898ab68a92c7c75f7f08e27daf0c6cec463f7bd119c9
packLockMedia={"path":"playbooks/classic/assets/audio/to-far-shores.mp3","sha256":"3c69ae745727607de266898ab68a92c7c75f7f08e27daf0c6cec463f7bd119c9","size":2976045,"contentType":"audio/mpeg"}
