{
  "schemaVersion": 1,
  "kind": "seedlands-performance-window",
  "status": "PASS",
  "version": 2,
  "ownerThread": "seedlands-performance-validator",
  "runId": "v2-registered-combat-armor-classic-armor-01",
  "pid": 90680,
  "startedAt": "2026-09-25T12:34:27.810Z",
  "windowId": "v2-registered-combat-armor-classic-armor-01",
  "evidencePath": "changes/2026-09-23-classic-functional-completion/evidence/v2-registered-combat-armor-01/classic-armor-01-window.json.log",
  "waitedMs": 1,
  "endedAt": "2026-09-25T12:34:29.665Z",
  "exitCode": 0,
  "signal": null,
  "measurement": {
    "status": "NOT_RECORDED"
  },
  "samples": [
    {
      "at": "2026-09-25T12:34:27.811Z",
      "loadAverage": [
        4.3955078125,
        3.802734375,
        3.5126953125
      ],
      "freeMemoryBytes": 1061519360,
      "totalMemoryBytes": 38654705664
    },
    {
      "at": "2026-09-25T12:34:29.664Z",
      "loadAverage": [
        4.3955078125,
        3.802734375,
        3.5126953125
      ],
      "freeMemoryBytes": 1095385088,
      "totalMemoryBytes": 38654705664
    }
  ]
}
