{
  "schemaVersion": 1,
  "kind": "seedlands-performance-window",
  "status": "PASS",
  "version": 2,
  "ownerThread": "seedlands-performance-validator",
  "runId": "v2-registered-combat-armor-classic-types-01",
  "pid": 90105,
  "startedAt": "2026-09-25T12:33:57.906Z",
  "windowId": "v2-registered-combat-armor-classic-types-01",
  "evidencePath": "changes/2026-09-23-classic-functional-completion/evidence/v2-registered-combat-armor-01/classic-types-01-window.json.log",
  "waitedMs": 1,
  "endedAt": "2026-09-25T12:34:01.204Z",
  "exitCode": 0,
  "signal": null,
  "measurement": {
    "status": "NOT_RECORDED"
  },
  "samples": [
    {
      "at": "2026-09-25T12:33:57.907Z",
      "loadAverage": [
        5.4482421875,
        3.9072265625,
        3.5390625
      ],
      "freeMemoryBytes": 987086848,
      "totalMemoryBytes": 38654705664
    },
    {
      "at": "2026-09-25T12:34:01.202Z",
      "loadAverage": [
        5.4482421875,
        3.9072265625,
        3.5390625
      ],
      "freeMemoryBytes": 986824704,
      "totalMemoryBytes": 38654705664
    }
  ]
}
