{
  "schemaVersion": 1,
  "kind": "seedlands-performance-window",
  "status": "FAIL",
  "version": 2,
  "ownerThread": "seedlands-performance-validator",
  "runId": "v2-registered-combat-armor-death-red-01",
  "pid": 85235,
  "startedAt": "2026-09-25T12:31:22.962Z",
  "windowId": "v2-registered-combat-armor-death-red-01",
  "evidencePath": "changes/2026-09-23-classic-functional-completion/evidence/v2-registered-combat-armor-01/death-red-01-window.json.log",
  "waitedMs": 1,
  "endedAt": "2026-09-25T12:31:24.706Z",
  "exitCode": 1,
  "signal": null,
  "measurement": {
    "status": "NOT_RECORDED"
  },
  "samples": [
    {
      "at": "2026-09-25T12:31:22.963Z",
      "loadAverage": [
        3.06201171875,
        3.267578125,
        3.30712890625
      ],
      "freeMemoryBytes": 983203840,
      "totalMemoryBytes": 38654705664
    },
    {
      "at": "2026-09-25T12:31:24.705Z",
      "loadAverage": [
        3.06201171875,
        3.267578125,
        3.30712890625
      ],
      "freeMemoryBytes": 868925440,
      "totalMemoryBytes": 38654705664
    }
  ]
}
