{
  "schemaVersion": 1,
  "kind": "seedlands-performance-window",
  "status": "PASS",
  "version": 2,
  "ownerThread": "seedlands-performance-validator",
  "runId": "v2-registered-combat-armor-docs-format-final",
  "pid": 2459,
  "startedAt": "2026-09-25T12:43:02.232Z",
  "windowId": "v2-registered-combat-armor-docs-format-final",
  "evidencePath": "changes/2026-09-23-classic-functional-completion/evidence/v2-registered-combat-armor-01/docs-format-final-window.json.log",
  "waitedMs": 2,
  "endedAt": "2026-09-25T12:43:02.646Z",
  "exitCode": 0,
  "signal": null,
  "measurement": {
    "status": "NOT_RECORDED"
  },
  "samples": [
    {
      "at": "2026-09-25T12:43:02.234Z",
      "loadAverage": [
        2.82275390625,
        3.50830078125,
        3.5595703125
      ],
      "freeMemoryBytes": 535330816,
      "totalMemoryBytes": 38654705664
    },
    {
      "at": "2026-09-25T12:43:02.644Z",
      "loadAverage": [
        2.82275390625,
        3.50830078125,
        3.5595703125
      ],
      "freeMemoryBytes": 570589184,
      "totalMemoryBytes": 38654705664
    }
  ]
}
