{
  "schemaVersion": 1,
  "kind": "seedlands-performance-window",
  "status": "PASS",
  "version": 2,
  "ownerThread": "seedlands-performance-validator",
  "runId": "v2-registered-combat-armor-eslint-01",
  "pid": 91685,
  "startedAt": "2026-09-25T12:35:37.134Z",
  "windowId": "v2-registered-combat-armor-eslint-01",
  "evidencePath": "changes/2026-09-23-classic-functional-completion/evidence/v2-registered-combat-armor-01/eslint-01-window.json.log",
  "waitedMs": 1,
  "endedAt": "2026-09-25T12:35:38.573Z",
  "exitCode": 0,
  "signal": null,
  "measurement": {
    "status": "NOT_RECORDED"
  },
  "samples": [
    {
      "at": "2026-09-25T12:35:37.135Z",
      "loadAverage": [
        3.201171875,
        3.58935546875,
        3.45361328125
      ],
      "freeMemoryBytes": 779190272,
      "totalMemoryBytes": 38654705664
    },
    {
      "at": "2026-09-25T12:35:38.572Z",
      "loadAverage": [
        3.02490234375,
        3.5458984375,
        3.43896484375
      ],
      "freeMemoryBytes": 720125952,
      "totalMemoryBytes": 38654705664
    }
  ]
}
