{
  "schemaVersion": 1,
  "kind": "seedlands-performance-window",
  "status": "PASS",
  "version": 2,
  "ownerThread": "seedlands-performance-validator",
  "runId": "v2-registered-combat-armor-eslint-final",
  "pid": 97964,
  "startedAt": "2026-09-25T12:39:49.994Z",
  "windowId": "v2-registered-combat-armor-eslint-final",
  "evidencePath": "changes/2026-09-23-classic-functional-completion/evidence/v2-registered-combat-armor-01/eslint-final-window.json.log",
  "waitedMs": 1,
  "endedAt": "2026-09-25T12:39:51.424Z",
  "exitCode": 0,
  "signal": null,
  "measurement": {
    "status": "NOT_RECORDED"
  },
  "samples": [
    {
      "at": "2026-09-25T12:39:49.995Z",
      "loadAverage": [
        3.58544921875,
        4.09619140625,
        3.7392578125
      ],
      "freeMemoryBytes": 974192640,
      "totalMemoryBytes": 38654705664
    },
    {
      "at": "2026-09-25T12:39:51.423Z",
      "loadAverage": [
        3.58544921875,
        4.09619140625,
        3.7392578125
      ],
      "freeMemoryBytes": 561807360,
      "totalMemoryBytes": 38654705664
    }
  ]
}
