{
  "schemaVersion": 1,
  "kind": "seedlands-performance-window",
  "status": "PASS",
  "version": 2,
  "ownerThread": "seedlands-performance-validator",
  "runId": "v2-registered-combat-armor-format-01",
  "pid": 91011,
  "startedAt": "2026-09-25T12:34:52.646Z",
  "windowId": "v2-registered-combat-armor-format-01",
  "evidencePath": "changes/2026-09-23-classic-functional-completion/evidence/v2-registered-combat-armor-01/format-01-window.json.log",
  "waitedMs": 1,
  "endedAt": "2026-09-25T12:34:53.127Z",
  "exitCode": 0,
  "signal": null,
  "measurement": {
    "status": "NOT_RECORDED"
  },
  "samples": [
    {
      "at": "2026-09-25T12:34:52.647Z",
      "loadAverage": [
        4.05419921875,
        3.7822265625,
        3.51318359375
      ],
      "freeMemoryBytes": 964722688,
      "totalMemoryBytes": 38654705664
    },
    {
      "at": "2026-09-25T12:34:53.126Z",
      "loadAverage": [
        4.05419921875,
        3.7822265625,
        3.51318359375
      ],
      "freeMemoryBytes": 910671872,
      "totalMemoryBytes": 38654705664
    }
  ]
}
