{
  "schemaVersion": 1,
  "kind": "seedlands-performance-window",
  "status": "PASS",
  "version": 2,
  "ownerThread": "seedlands-performance-validator",
  "runId": "v2-registered-combat-armor-format-check-01",
  "pid": 92407,
  "startedAt": "2026-09-25T12:35:52.303Z",
  "windowId": "v2-registered-combat-armor-format-check-01",
  "evidencePath": "changes/2026-09-23-classic-functional-completion/evidence/v2-registered-combat-armor-01/format-check-01-window.json.log",
  "waitedMs": 1,
  "endedAt": "2026-09-25T12:35:52.768Z",
  "exitCode": 0,
  "signal": null,
  "measurement": {
    "status": "NOT_RECORDED"
  },
  "samples": [
    {
      "at": "2026-09-25T12:35:52.304Z",
      "loadAverage": [
        3.388671875,
        3.60888671875,
        3.46240234375
      ],
      "freeMemoryBytes": 704282624,
      "totalMemoryBytes": 38654705664
    },
    {
      "at": "2026-09-25T12:35:52.767Z",
      "loadAverage": [
        3.197265625,
        3.5654296875,
        3.44775390625
      ],
      "freeMemoryBytes": 777256960,
      "totalMemoryBytes": 38654705664
    }
  ]
}
