{
  "schemaVersion": 1,
  "kind": "seedlands-performance-window",
  "status": "PASS",
  "version": 2,
  "ownerThread": "seedlands-performance-validator",
  "runId": "v2-registered-combat-armor-green-02",
  "pid": 83719,
  "startedAt": "2026-09-25T12:29:50.630Z",
  "windowId": "v2-registered-combat-armor-green-02",
  "evidencePath": "changes/2026-09-23-classic-functional-completion/evidence/v2-registered-combat-armor-01/green-02-window.json.log",
  "waitedMs": 1,
  "endedAt": "2026-09-25T12:29:51.930Z",
  "exitCode": 0,
  "signal": null,
  "measurement": {
    "status": "NOT_RECORDED"
  },
  "samples": [
    {
      "at": "2026-09-25T12:29:50.631Z",
      "loadAverage": [
        3.2587890625,
        3.32080078125,
        3.3291015625
      ],
      "freeMemoryBytes": 905773056,
      "totalMemoryBytes": 38654705664
    },
    {
      "at": "2026-09-25T12:29:51.929Z",
      "loadAverage": [
        3.15771484375,
        3.298828125,
        3.3212890625
      ],
      "freeMemoryBytes": 901316608,
      "totalMemoryBytes": 38654705664
    }
  ]
}
