{
  "schemaVersion": 1,
  "kind": "seedlands-performance-window",
  "status": "PASS",
  "version": 2,
  "ownerThread": "seedlands-performance-validator",
  "runId": "v2-registered-combat-armor-green-final2",
  "pid": 88123,
  "startedAt": "2026-09-25T12:33:11.932Z",
  "windowId": "v2-registered-combat-armor-green-final2",
  "evidencePath": "changes/2026-09-23-classic-functional-completion/evidence/v2-registered-combat-armor-01/green-final2-window.json.log",
  "waitedMs": 1,
  "endedAt": "2026-09-25T12:33:13.417Z",
  "exitCode": 0,
  "signal": null,
  "measurement": {
    "status": "NOT_RECORDED"
  },
  "samples": [
    {
      "at": "2026-09-25T12:33:11.933Z",
      "loadAverage": [
        3.17333984375,
        3.2822265625,
        3.30908203125
      ],
      "freeMemoryBytes": 471236608,
      "totalMemoryBytes": 38654705664
    },
    {
      "at": "2026-09-25T12:33:13.415Z",
      "loadAverage": [
        3.9599609375,
        3.443359375,
        3.36572265625
      ],
      "freeMemoryBytes": 509739008,
      "totalMemoryBytes": 38654705664
    }
  ]
}
