{
  "schemaVersion": 1,
  "kind": "seedlands-performance-window",
  "status": "FAIL",
  "version": 2,
  "ownerThread": "seedlands-performance-validator",
  "runId": "v2-registered-combat-armor-red-01",
  "pid": 78227,
  "startedAt": "2026-09-25T12:24:55.655Z",
  "windowId": "v2-registered-combat-armor-red-01",
  "evidencePath": "changes/2026-09-23-classic-functional-completion/evidence/v2-registered-combat-armor-01/red-01-window.json.log",
  "waitedMs": 1,
  "endedAt": "2026-09-25T12:24:57.007Z",
  "exitCode": 1,
  "signal": null,
  "measurement": {
    "status": "NOT_RECORDED"
  },
  "samples": [
    {
      "at": "2026-09-25T12:24:55.656Z",
      "loadAverage": [
        3.17333984375,
        3.4482421875,
        3.38330078125
      ],
      "freeMemoryBytes": 1423261696,
      "totalMemoryBytes": 38654705664
    },
    {
      "at": "2026-09-25T12:24:57.006Z",
      "loadAverage": [
        3.3994140625,
        3.490234375,
        3.3984375
      ],
      "freeMemoryBytes": 1438302208,
      "totalMemoryBytes": 38654705664
    }
  ]
}
