{
  "schemaVersion": 1,
  "kind": "seedlands-performance-window",
  "status": "PASS",
  "version": 2,
  "ownerThread": "seedlands-performance-validator",
  "runId": "v2-registered-combat-armor-static-final2",
  "pid": 3483,
  "startedAt": "2026-09-25T12:44:58.543Z",
  "windowId": "v2-registered-combat-armor-static-final2",
  "evidencePath": "changes/2026-09-23-classic-functional-completion/evidence/v2-registered-combat-armor-01/static-final2-window.json.log",
  "waitedMs": 1,
  "endedAt": "2026-09-25T12:45:00.106Z",
  "exitCode": 0,
  "signal": null,
  "measurement": {
    "status": "NOT_RECORDED"
  },
  "samples": [
    {
      "at": "2026-09-25T12:44:58.544Z",
      "loadAverage": [
        2.99267578125,
        3.34326171875,
        3.484375
      ],
      "freeMemoryBytes": 847003648,
      "totalMemoryBytes": 38654705664
    },
    {
      "at": "2026-09-25T12:45:00.105Z",
      "loadAverage": [
        2.9130859375,
        3.32080078125,
        3.4755859375
      ],
      "freeMemoryBytes": 753254400,
      "totalMemoryBytes": 38654705664
    }
  ]
}
