{
  "schemaVersion": 1,
  "kind": "seedlands-performance-window",
  "status": "PASS",
  "version": 2,
  "ownerThread": "seedlands-performance-validator",
  "runId": "v2-registered-combat-armor-stdlib-regression-01",
  "pid": 84668,
  "startedAt": "2026-09-25T12:31:03.146Z",
  "windowId": "v2-registered-combat-armor-stdlib-regression-01",
  "evidencePath": "changes/2026-09-23-classic-functional-completion/evidence/v2-registered-combat-armor-01/stdlib-regression-01-window.json.log",
  "waitedMs": 1,
  "endedAt": "2026-09-25T12:31:04.119Z",
  "exitCode": 0,
  "signal": null,
  "measurement": {
    "status": "NOT_RECORDED"
  },
  "samples": [
    {
      "at": "2026-09-25T12:31:03.147Z",
      "loadAverage": [
        3.60302734375,
        3.37451171875,
        3.34521484375
      ],
      "freeMemoryBytes": 807108608,
      "totalMemoryBytes": 38654705664
    },
    {
      "at": "2026-09-25T12:31:04.118Z",
      "loadAverage": [
        3.60302734375,
        3.37451171875,
        3.34521484375
      ],
      "freeMemoryBytes": 848461824,
      "totalMemoryBytes": 38654705664
    }
  ]
}
