{
  "schemaVersion": 1,
  "kind": "seedlands-performance-window",
  "status": "PASS",
  "version": 2,
  "ownerThread": "seedlands-performance-validator",
  "runId": "v2-registered-combat-armor-web-regression-01",
  "pid": 84954,
  "startedAt": "2026-09-25T12:31:11.127Z",
  "windowId": "v2-registered-combat-armor-web-regression-01",
  "evidencePath": "changes/2026-09-23-classic-functional-completion/evidence/v2-registered-combat-armor-01/web-regression-01-window.json.log",
  "waitedMs": 1,
  "endedAt": "2026-09-25T12:31:13.348Z",
  "exitCode": 0,
  "signal": null,
  "measurement": {
    "status": "NOT_RECORDED"
  },
  "samples": [
    {
      "at": "2026-09-25T12:31:11.128Z",
      "loadAverage": [
        3.5546875,
        3.3681640625,
        3.3427734375
      ],
      "freeMemoryBytes": 946094080,
      "totalMemoryBytes": 38654705664
    },
    {
      "at": "2026-09-25T12:31:13.347Z",
      "loadAverage": [
        3.35009765625,
        3.32861328125,
        3.32861328125
      ],
      "freeMemoryBytes": 994525184,
      "totalMemoryBytes": 38654705664
    }
  ]
}
