{
  "schemaVersion": 1,
  "kind": "seedlands-performance-window",
  "status": "PASS",
  "version": 2,
  "ownerThread": "seedlands-performance-validator",
  "runId": "b87d74f2-95b3-4906-bc06-feb9b5e5e805",
  "pid": 51054,
  "startedAt": "2026-09-26T03:58:31.535Z",
  "windowId": "b87d74f2-95b3-4906-bc06-feb9b5e5e805",
  "evidencePath": "changes/2026-09-23-classic-functional-completion/evidence/v2-artifact-build-07/metadata-format.window.json.log",
  "waitedMs": 1,
  "endedAt": "2026-09-26T03:58:32.098Z",
  "exitCode": 0,
  "signal": null,
  "measurement": {
    "status": "NOT_RECORDED"
  },
  "samples": [
    {
      "at": "2026-09-26T03:58:31.536Z",
      "loadAverage": [
        3.5517578125,
        3.52587890625,
        3.55078125
      ],
      "freeMemoryBytes": 907771904,
      "totalMemoryBytes": 38654705664
    },
    {
      "at": "2026-09-26T03:58:32.097Z",
      "loadAverage": [
        3.5517578125,
        3.52587890625,
        3.55078125
      ],
      "freeMemoryBytes": 779534336,
      "totalMemoryBytes": 38654705664
    }
  ]
}
