{
  "schemaVersion": 1,
  "kind": "seedlands-performance-window",
  "status": "PASS",
  "version": 2,
  "ownerThread": "seedlands-performance-validator",
  "runId": "081cf65f-a652-4860-9b54-dd5f324996a5",
  "pid": 52151,
  "startedAt": "2026-09-26T04:00:17.906Z",
  "windowId": "081cf65f-a652-4860-9b54-dd5f324996a5",
  "evidencePath": "changes/2026-09-23-classic-functional-completion/evidence/v2-artifact-build-07/metadata-final.window.json.log",
  "waitedMs": 1,
  "endedAt": "2026-09-26T04:00:18.254Z",
  "exitCode": 0,
  "signal": null,
  "measurement": {
    "status": "NOT_RECORDED"
  },
  "samples": [
    {
      "at": "2026-09-26T04:00:17.907Z",
      "loadAverage": [
        2.80419921875,
        3.232421875,
        3.42919921875
      ],
      "freeMemoryBytes": 643022848,
      "totalMemoryBytes": 38654705664
    },
    {
      "at": "2026-09-26T04:00:18.253Z",
      "loadAverage": [
        2.89990234375,
        3.2451171875,
        3.43212890625
      ],
      "freeMemoryBytes": 635584512,
      "totalMemoryBytes": 38654705664
    }
  ]
}
