capturedAt=2026-09-26T03:56:16Z
sourceSha=659380680628520f6b662b66129a594f5001b612
sourceTree=b7996a7004e7bc9894a051cfedc161b34cbf443b
trackedChanges=0
indexClean=true
rootStdlib=/private/tmp/seedlands-v2-acceptance-65938068/packages/stdlib
stdlibKernel=/private/tmp/seedlands-v2-acceptance-65938068/packages/kernel
classicStdlib=/private/tmp/seedlands-v2-acceptance-65938068/packages/stdlib
webStdlib=/private/tmp/seedlands-v2-acceptance-65938068/packages/stdlib
webClassic=/private/tmp/seedlands-v2-acceptance-65938068/playbooks/classic
taskStateLocal=true
distFilesIncludingReceipt=277
distSymlinks=0
port4273Listening=false
acceptanceTreeProcesses=0
v2AcceptanceTreesPreserved=7
v1AcceptanceTreesPreserved=9
artifact={"schemaVersion":1,"sourceSha":"659380680628520f6b662b66129a594f5001b612","sourceDigest":"c79b1bf7019ef3b4d5ca44b3dad0ca19e3280eaf57fd6bd9cc97ebbe5af0345c","lockDigest":"44db46fb0f159ebe6d88435c8cfb5d46127d1c7f363a50d19217d454c30e1169","artifactDigest":"f6f1ea672dc8d19dacf70482aa900538c6d81f33637c16e9a718fc22fc1acfa4","builtAt":"2026-09-26T03:53:19.146Z","fileCount":276}
artifactReceiptSha256=b55c1d89e3eb10c0014af086f6b09a49a2b4cc1bdf98793f65fcdab844af20ca
artifactMapSha256=d1babe3ba4b9a2326cb1e1304b77f8045838ed7004c708e71bc692dc61ef3aa6
diskFileMapSha256=d1babe3ba4b9a2326cb1e1304b77f8045838ed7004c708e71bc692dc61ef3aa6
packLockSha256=f362a074758f751d828d3881d9427a0945ae5efbce3237dfd3e287d24676c16f
mediaSourceBytes=2976045
mediaSourceMime=audio/mpeg
mediaSourceSha256=3c69ae745727607de266898ab68a92c7c75f7f08e27daf0c6cec463f7bd119c9
mediaDistBytes=2976045
mediaDistMime=audio/mpeg
mediaDistSha256=3c69ae745727607de266898ab68a92c7c75f7f08e27daf0c6cec463f7bd119c9
packLockMedia={"path":"playbooks/classic/assets/audio/to-far-shores.mp3","sha256":"3c69ae745727607de266898ab68a92c7c75f7f08e27daf0c6cec463f7bd119c9","size":2976045,"contentType":"audio/mpeg"}
build06MapDifference=3 files: packs/overworld.mjs contains only an esbuild source-path comment change; packs/host-admissions.json and packs/packs.lock.json contain the derived entry digest change.
