{
  "schemaVersion": 1,
  "kind": "seedlands-performance-window",
  "status": "PASS",
  "version": 2,
  "ownerThread": "seedlands-performance-validator",
  "runId": "1721ae7f-1e0f-4a37-990e-9f25d13ed882",
  "pid": 12695,
  "startedAt": "2026-09-26T01:26:36.675Z",
  "windowId": "1721ae7f-1e0f-4a37-990e-9f25d13ed882",
  "evidencePath": "changes/2026-09-23-classic-functional-completion/evidence/git-30-door-readiness/metadata-format.window.json.log",
  "waitedMs": 1,
  "endedAt": "2026-09-26T01:26:37.505Z",
  "exitCode": 0,
  "signal": null,
  "measurement": {
    "status": "NOT_RECORDED"
  },
  "samples": [
    {
      "at": "2026-09-26T01:26:36.676Z",
      "loadAverage": [
        3.57861328125,
        3.22509765625,
        3.17529296875
      ],
      "freeMemoryBytes": 117030912,
      "totalMemoryBytes": 38654705664
    },
    {
      "at": "2026-09-26T01:26:37.503Z",
      "loadAverage": [
        3.5322265625,
        3.22119140625,
        3.173828125
      ],
      "freeMemoryBytes": 194461696,
      "totalMemoryBytes": 38654705664
    }
  ]
}
