{
  "schemaVersion": 1,
  "kind": "seedlands-performance-window",
  "status": "PASS",
  "version": 2,
  "ownerThread": "seedlands-performance-validator",
  "runId": "69bcd68f-e7a8-49a6-94a6-db2784da0423",
  "pid": 85739,
  "startedAt": "2026-09-25T19:06:44.163Z",
  "windowId": "69bcd68f-e7a8-49a6-94a6-db2784da0423",
  "evidencePath": "changes/2026-09-23-classic-functional-completion/evidence/v2-artifact-build-03/docs-format-write.window.json.log",
  "waitedMs": 1,
  "endedAt": "2026-09-25T19:06:44.652Z",
  "exitCode": 0,
  "signal": null,
  "measurement": {
    "status": "NOT_RECORDED"
  },
  "samples": [
    {
      "at": "2026-09-25T19:06:44.164Z",
      "loadAverage": [
        4.033203125,
        3.630859375,
        3.3330078125
      ],
      "freeMemoryBytes": 371736576,
      "totalMemoryBytes": 38654705664
    },
    {
      "at": "2026-09-25T19:06:44.650Z",
      "loadAverage": [
        4.033203125,
        3.630859375,
        3.3330078125
      ],
      "freeMemoryBytes": 366968832,
      "totalMemoryBytes": 38654705664
    }
  ]
}
