{
  "schemaVersion": 1,
  "kind": "seedlands-performance-window",
  "status": "PASS",
  "version": 2,
  "ownerThread": "seedlands-performance-validator",
  "runId": "v2-artifact-build-12-metadata-final",
  "pid": 64900,
  "startedAt": "2026-09-28T10:04:16.684Z",
  "windowId": "v2-artifact-build-12-metadata-final",
  "evidencePath": "changes/2026-09-23-classic-functional-completion/evidence/v2-artifact-build-12/metadata-final.window.json.log",
  "waitedMs": 1,
  "endedAt": "2026-09-28T10:04:16.998Z",
  "exitCode": 0,
  "signal": null,
  "measurement": {
    "status": "NOT_RECORDED"
  },
  "samples": [
    {
      "at": "2026-09-28T10:04:16.685Z",
      "loadAverage": [
        3.26904296875,
        3.3369140625,
        3.15185546875
      ],
      "freeMemoryBytes": 1658028032,
      "totalMemoryBytes": 38654705664
    },
    {
      "at": "2026-09-28T10:04:16.997Z",
      "loadAverage": [
        3.26904296875,
        3.3369140625,
        3.15185546875
      ],
      "freeMemoryBytes": 1650130944,
      "totalMemoryBytes": 38654705664
    }
  ]
}
