sourceSha=908d0d82881e3e8c7dff7ee27cf3a4785013f37a
sourceTree=eb8a5d9a3cc423378f243e93804a6284f64539e6
sourceDigest=e22c3a5bec65a09deeb271f8aabc30b07044b74e7a2649c56dccc88b93949312
lockDigest=44db46fb0f159ebe6d88435c8cfb5d46127d1c7f363a50d19217d454c30e1169
artifactDigest=f6f1ea672dc8d19dacf70482aa900538c6d81f33637c16e9a718fc22fc1acfa4
builtAt=2026-09-28T09:55:13.206Z
artifactReceiptSha256=982d9156954c395c6bc93913f824562b2cda849330e1e66464095b74595e1a38
trackedClean=true
indexClean=true
artifactFiles=276
distFilesIncludingReceipt=277
distSymlinks=0
missing=0
extra=0
mismatched=0
receiptMapSha256=d1babe3ba4b9a2326cb1e1304b77f8045838ed7004c708e71bc692dc61ef3aa6
diskMapSha256=d1babe3ba4b9a2326cb1e1304b77f8045838ed7004c708e71bc692dc61ef3aa6
mapsEqual=true
build11MapEqual=true
build11MapDiffSha256=e3b0c44298fc1c149afbf4c8996fb92427ae41e4649b934ca495991b7852b855
packLockSha256=f362a074758f751d828d3881d9427a0945ae5efbce3237dfd3e287d24676c16f
sourceDistPackLockEqual=true
mp3Bytes=2976045
mp3Mime=audio/mpeg
mp3Sha256=3c69ae745727607de266898ab68a92c7c75f7f08e27daf0c6cec463f7bd119c9
sourcePublicDistMatch=true
packLockEntryCount=1
packLockEntryMatches=true
taskStatePersisted=false
port4273Listening=false
acceptanceTreeProcesses=0
machineLockFree=true
build09TreePreserved=true
build10TreePreserved=true
build11TreePreserved=true
build12TreePreserved=true
backupRefPreserved=true
browser20Status=FAIL
browser20V2=NOT_REACHED
browser19FirstIronInventoryPickup=NOT_PROVEN
performanceMeasured=false
