{
  "schemaVersion": 1,
  "kind": "seedlands-performance-window",
  "status": "PASS",
  "version": 2,
  "ownerThread": "seedlands-performance-validator",
  "runId": "v2-arrival-during-aim-close-12-format-closure-classic-types",
  "pid": 44553,
  "startedAt": "2026-09-28T11:36:15.708Z",
  "windowId": "v2-arrival-during-aim-close-12-format-closure-classic-types",
  "evidencePath": "changes/2026-09-23-classic-functional-completion/evidence/v2-arrival-during-aim-close-12-format-closure/classic-types-window.json.log",
  "waitedMs": 1,
  "endedAt": "2026-09-28T11:36:18.916Z",
  "exitCode": 0,
  "signal": null,
  "measurement": {
    "status": "NOT_RECORDED"
  },
  "samples": [
    {
      "at": "2026-09-28T11:36:15.709Z",
      "loadAverage": [
        2.42724609375,
        2.54736328125,
        2.63623046875
      ],
      "freeMemoryBytes": 3306979328,
      "totalMemoryBytes": 38654705664
    },
    {
      "at": "2026-09-28T11:36:18.914Z",
      "loadAverage": [
        2.47265625,
        2.5546875,
        2.63818359375
      ],
      "freeMemoryBytes": 3373580288,
      "totalMemoryBytes": 38654705664
    }
  ]
}
