{
  "schemaVersion": 1,
  "kind": "seedlands-performance-window",
  "status": "PASS",
  "version": 2,
  "ownerThread": "seedlands-performance-validator",
  "runId": "v2-arrival-during-aim-close-12-format-closure-delivery-final",
  "pid": 57467,
  "startedAt": "2026-09-28T11:50:43.717Z",
  "windowId": "v2-arrival-during-aim-close-12-format-closure-delivery-final",
  "evidencePath": "changes/2026-09-23-classic-functional-completion/evidence/v2-arrival-during-aim-close-12-format-closure/delivery-final-window.json.log",
  "waitedMs": 1,
  "endedAt": "2026-09-28T11:50:44.048Z",
  "exitCode": 0,
  "signal": null,
  "measurement": {
    "status": "NOT_RECORDED"
  },
  "samples": [
    {
      "at": "2026-09-28T11:50:43.718Z",
      "loadAverage": [
        3.9775390625,
        2.96435546875,
        2.78955078125
      ],
      "freeMemoryBytes": 2780479488,
      "totalMemoryBytes": 38654705664
    },
    {
      "at": "2026-09-28T11:50:44.046Z",
      "loadAverage": [
        3.9775390625,
        2.96435546875,
        2.78955078125
      ],
      "freeMemoryBytes": 2790440960,
      "totalMemoryBytes": 38654705664
    }
  ]
}
