{
  "schemaVersion": 1,
  "kind": "seedlands-performance-window",
  "status": "PASS",
  "version": 2,
  "ownerThread": "seedlands-performance-validator",
  "runId": "v2-arrival-during-aim-close-12-format-closure-delivery-release",
  "pid": 58592,
  "startedAt": "2026-09-28T11:52:15.847Z",
  "windowId": "v2-arrival-during-aim-close-12-format-closure-delivery-release",
  "evidencePath": "changes/2026-09-23-classic-functional-completion/evidence/v2-arrival-during-aim-close-12-format-closure/delivery-release-window.json.log",
  "waitedMs": 1,
  "endedAt": "2026-09-28T11:52:16.186Z",
  "exitCode": 0,
  "signal": null,
  "measurement": {
    "status": "NOT_RECORDED"
  },
  "samples": [
    {
      "at": "2026-09-28T11:52:15.848Z",
      "loadAverage": [
        3.03857421875,
        3.02392578125,
        2.83447265625
      ],
      "freeMemoryBytes": 2015494144,
      "totalMemoryBytes": 38654705664
    },
    {
      "at": "2026-09-28T11:52:16.185Z",
      "loadAverage": [
        3.03857421875,
        3.02392578125,
        2.83447265625
      ],
      "freeMemoryBytes": 2004828160,
      "totalMemoryBytes": 38654705664
    }
  ]
}
