{
  "schemaVersion": 1,
  "kind": "seedlands-performance-window",
  "status": "PASS",
  "version": 2,
  "ownerThread": "seedlands-performance-validator",
  "runId": "v2-arrival-during-aim-close-12-format-closure-write",
  "pid": 44091,
  "startedAt": "2026-09-28T11:35:13.806Z",
  "windowId": "v2-arrival-during-aim-close-12-format-closure-write",
  "evidencePath": "changes/2026-09-23-classic-functional-completion/evidence/v2-arrival-during-aim-close-12-format-closure/format-write-window.json.log",
  "waitedMs": 1,
  "endedAt": "2026-09-28T11:35:14.407Z",
  "exitCode": 0,
  "signal": null,
  "measurement": {
    "status": "NOT_RECORDED"
  },
  "samples": [
    {
      "at": "2026-09-28T11:35:13.807Z",
      "loadAverage": [
        2.63818359375,
        2.61376953125,
        2.66552734375
      ],
      "freeMemoryBytes": 3279126528,
      "totalMemoryBytes": 38654705664
    },
    {
      "at": "2026-09-28T11:35:14.405Z",
      "loadAverage": [
        2.63818359375,
        2.61376953125,
        2.66552734375
      ],
      "freeMemoryBytes": 3327967232,
      "totalMemoryBytes": 38654705664
    }
  ]
}
