{
  "schemaVersion": 1,
  "kind": "seedlands-performance-window",
  "status": "PASS",
  "version": 2,
  "ownerThread": "seedlands-performance-validator",
  "runId": "v2-arrival-during-aim-close-12-format-closure-format",
  "pid": 45011,
  "startedAt": "2026-09-28T11:36:55.783Z",
  "windowId": "v2-arrival-during-aim-close-12-format-closure-format",
  "evidencePath": "changes/2026-09-23-classic-functional-completion/evidence/v2-arrival-during-aim-close-12-format-closure/format-window.json.log",
  "waitedMs": 1,
  "endedAt": "2026-09-28T11:36:56.364Z",
  "exitCode": 0,
  "signal": null,
  "measurement": {
    "status": "NOT_RECORDED"
  },
  "samples": [
    {
      "at": "2026-09-28T11:36:55.784Z",
      "loadAverage": [
        2.64404296875,
        2.57373046875,
        2.64013671875
      ],
      "freeMemoryBytes": 3272589312,
      "totalMemoryBytes": 38654705664
    },
    {
      "at": "2026-09-28T11:36:56.362Z",
      "loadAverage": [
        2.64404296875,
        2.57373046875,
        2.64013671875
      ],
      "freeMemoryBytes": 3291316224,
      "totalMemoryBytes": 38654705664
    }
  ]
}
