{
  "schemaVersion": 1,
  "kind": "seedlands-performance-window",
  "status": "PASS",
  "version": 2,
  "ownerThread": "seedlands-performance-validator",
  "runId": "v2-arrival-during-aim-close-12-format-closure-format-final",
  "pid": 52109,
  "startedAt": "2026-09-28T11:45:44.622Z",
  "windowId": "v2-arrival-during-aim-close-12-format-closure-format-final",
  "evidencePath": "changes/2026-09-23-classic-functional-completion/evidence/v2-arrival-during-aim-close-12-format-closure/format-final-window.json.log",
  "waitedMs": 1,
  "endedAt": "2026-09-28T11:45:45.210Z",
  "exitCode": 0,
  "signal": null,
  "measurement": {
    "status": "NOT_RECORDED"
  },
  "samples": [
    {
      "at": "2026-09-28T11:45:44.623Z",
      "loadAverage": [
        2.31884765625,
        2.69970703125,
        2.7314453125
      ],
      "freeMemoryBytes": 3337912320,
      "totalMemoryBytes": 38654705664
    },
    {
      "at": "2026-09-28T11:45:45.208Z",
      "loadAverage": [
        2.31884765625,
        2.69970703125,
        2.7314453125
      ],
      "freeMemoryBytes": 3338387456,
      "totalMemoryBytes": 38654705664
    }
  ]
}
