{
  "schemaVersion": 1,
  "kind": "seedlands-performance-window",
  "status": "PASS",
  "version": 2,
  "ownerThread": "seedlands-performance-validator",
  "runId": "v2-arrival-during-aim-close-12-format-closure-metadata-write",
  "pid": 51911,
  "startedAt": "2026-09-28T11:45:25.233Z",
  "windowId": "v2-arrival-during-aim-close-12-format-closure-metadata-write",
  "evidencePath": "changes/2026-09-23-classic-functional-completion/evidence/v2-arrival-during-aim-close-12-format-closure/metadata-write-window.json.log",
  "waitedMs": 2,
  "endedAt": "2026-09-28T11:45:25.700Z",
  "exitCode": 0,
  "signal": null,
  "measurement": {
    "status": "NOT_RECORDED"
  },
  "samples": [
    {
      "at": "2026-09-28T11:45:25.235Z",
      "loadAverage": [
        2.5322265625,
        2.76611328125,
        2.755859375
      ],
      "freeMemoryBytes": 3228401664,
      "totalMemoryBytes": 38654705664
    },
    {
      "at": "2026-09-28T11:45:25.698Z",
      "loadAverage": [
        2.5322265625,
        2.76611328125,
        2.755859375
      ],
      "freeMemoryBytes": 3228844032,
      "totalMemoryBytes": 38654705664
    }
  ]
}
