{
  "schemaVersion": 1,
  "kind": "seedlands-performance-window",
  "status": "PASS",
  "version": 2,
  "ownerThread": "seedlands-performance-validator",
  "runId": "v2-arrival-during-aim-close-12-format-closure-metadata-final",
  "pid": 52882,
  "startedAt": "2026-09-28T11:47:18.871Z",
  "windowId": "v2-arrival-during-aim-close-12-format-closure-metadata-final",
  "evidencePath": "changes/2026-09-23-classic-functional-completion/evidence/v2-arrival-during-aim-close-12-format-closure/metadata-final-window.json.log",
  "waitedMs": 2,
  "endedAt": "2026-09-28T11:47:19.229Z",
  "exitCode": 0,
  "signal": null,
  "measurement": {
    "status": "NOT_RECORDED"
  },
  "samples": [
    {
      "at": "2026-09-28T11:47:18.873Z",
      "loadAverage": [
        2.23681640625,
        2.58642578125,
        2.68310546875
      ],
      "freeMemoryBytes": 2476605440,
      "totalMemoryBytes": 38654705664
    },
    {
      "at": "2026-09-28T11:47:19.227Z",
      "loadAverage": [
        2.23681640625,
        2.58642578125,
        2.68310546875
      ],
      "freeMemoryBytes": 2469953536,
      "totalMemoryBytes": 38654705664
    }
  ]
}
