{
  "schemaVersion": 1,
  "kind": "seedlands-performance-window",
  "status": "PASS",
  "version": 2,
  "ownerThread": "seedlands-performance-validator",
  "runId": "v2-arrival-during-aim-close-12-format-closure-scope-final",
  "pid": 52206,
  "startedAt": "2026-09-28T11:45:55.085Z",
  "windowId": "v2-arrival-during-aim-close-12-format-closure-scope-final",
  "evidencePath": "changes/2026-09-23-classic-functional-completion/evidence/v2-arrival-during-aim-close-12-format-closure/scoped-diff-final-window.json.log",
  "waitedMs": 1,
  "endedAt": "2026-09-28T11:45:55.157Z",
  "exitCode": 0,
  "signal": null,
  "measurement": {
    "status": "NOT_RECORDED"
  },
  "samples": [
    {
      "at": "2026-09-28T11:45:55.086Z",
      "loadAverage": [
        2.18896484375,
        2.65966796875,
        2.716796875
      ],
      "freeMemoryBytes": 3183525888,
      "totalMemoryBytes": 38654705664
    },
    {
      "at": "2026-09-28T11:45:55.155Z",
      "loadAverage": [
        2.18896484375,
        2.65966796875,
        2.716796875
      ],
      "freeMemoryBytes": 3226451968,
      "totalMemoryBytes": 38654705664
    }
  ]
}
