{
  "schemaVersion": 1,
  "kind": "seedlands-performance-window",
  "status": "FAIL",
  "version": 2,
  "ownerThread": "seedlands-performance-validator",
  "runId": "v2-arrival-during-aim-close-12-format-closure-type-equivalence-06",
  "pid": 48631,
  "startedAt": "2026-09-28T11:40:38.682Z",
  "windowId": "v2-arrival-during-aim-close-12-format-closure-type-equivalence-06",
  "evidencePath": "changes/2026-09-23-classic-functional-completion/evidence/v2-arrival-during-aim-close-12-format-closure/type-equivalence-06-window.json.log",
  "waitedMs": 1,
  "endedAt": "2026-09-28T11:40:38.855Z",
  "exitCode": 1,
  "signal": null,
  "measurement": {
    "status": "NOT_RECORDED"
  },
  "samples": [
    {
      "at": "2026-09-28T11:40:38.683Z",
      "loadAverage": [
        4.70361328125,
        3.32275390625,
        2.9052734375
      ],
      "freeMemoryBytes": 3166961664,
      "totalMemoryBytes": 38654705664
    },
    {
      "at": "2026-09-28T11:40:38.853Z",
      "loadAverage": [
        4.70361328125,
        3.32275390625,
        2.9052734375
      ],
      "freeMemoryBytes": 3160948736,
      "totalMemoryBytes": 38654705664
    }
  ]
}
