{
  "schemaVersion": 1,
  "kind": "seedlands-performance-window",
  "status": "PASS",
  "version": 2,
  "ownerThread": "seedlands-performance-validator",
  "runId": "v2-arrival-during-aim-close-12-format-closure-type-equivalence-final",
  "pid": 52019,
  "startedAt": "2026-09-28T11:45:35.508Z",
  "windowId": "v2-arrival-during-aim-close-12-format-closure-type-equivalence-final",
  "evidencePath": "changes/2026-09-23-classic-functional-completion/evidence/v2-arrival-during-aim-close-12-format-closure/type-equivalence-final-window.json.log",
  "waitedMs": 2,
  "endedAt": "2026-09-28T11:45:35.763Z",
  "exitCode": 0,
  "signal": null,
  "measurement": {
    "status": "NOT_RECORDED"
  },
  "samples": [
    {
      "at": "2026-09-28T11:45:35.510Z",
      "loadAverage": [
        2.36962890625,
        2.7236328125,
        2.740234375
      ],
      "freeMemoryBytes": 3064463360,
      "totalMemoryBytes": 38654705664
    },
    {
      "at": "2026-09-28T11:45:35.761Z",
      "loadAverage": [
        2.36962890625,
        2.7236328125,
        2.740234375
      ],
      "freeMemoryBytes": 3064659968,
      "totalMemoryBytes": 38654705664
    }
  ]
}
