{
  "schemaVersion": 1,
  "kind": "seedlands-performance-window",
  "status": "PASS",
  "version": 2,
  "ownerThread": "seedlands-performance-validator",
  "runId": "v2-arrival-during-aim-close-12-format-closure-type-equivalence-08",
  "pid": 49338,
  "startedAt": "2026-09-28T11:42:22.024Z",
  "windowId": "v2-arrival-during-aim-close-12-format-closure-type-equivalence-08",
  "evidencePath": "changes/2026-09-23-classic-functional-completion/evidence/v2-arrival-during-aim-close-12-format-closure/type-equivalence-08-window.json.log",
  "waitedMs": 1,
  "endedAt": "2026-09-28T11:42:22.289Z",
  "exitCode": 0,
  "signal": null,
  "measurement": {
    "status": "NOT_RECORDED"
  },
  "samples": [
    {
      "at": "2026-09-28T11:42:22.025Z",
      "loadAverage": [
        2.99853515625,
        3.0888671875,
        2.85693359375
      ],
      "freeMemoryBytes": 3268493312,
      "totalMemoryBytes": 38654705664
    },
    {
      "at": "2026-09-28T11:42:22.288Z",
      "loadAverage": [
        2.99853515625,
        3.0888671875,
        2.85693359375
      ],
      "freeMemoryBytes": 3239411712,
      "totalMemoryBytes": 38654705664
    }
  ]
}
