{
  "schemaVersion": 1,
  "kind": "seedlands-performance-window",
  "status": "PASS",
  "version": 2,
  "ownerThread": "seedlands-performance-validator",
  "runId": "v2-arrival-during-aim-close-12-format-closure-type-equivalence",
  "pid": 45400,
  "startedAt": "2026-09-28T11:38:12.974Z",
  "windowId": "v2-arrival-during-aim-close-12-format-closure-type-equivalence",
  "evidencePath": "changes/2026-09-23-classic-functional-completion/evidence/v2-arrival-during-aim-close-12-format-closure/type-equivalence-window.json.log",
  "waitedMs": 1,
  "endedAt": "2026-09-28T11:38:13.115Z",
  "exitCode": 0,
  "signal": null,
  "measurement": {
    "status": "NOT_RECORDED"
  },
  "samples": [
    {
      "at": "2026-09-28T11:38:12.975Z",
      "loadAverage": [
        2.58056640625,
        2.5751953125,
        2.63427734375
      ],
      "freeMemoryBytes": 3271720960,
      "totalMemoryBytes": 38654705664
    },
    {
      "at": "2026-09-28T11:38:13.113Z",
      "loadAverage": [
        2.58056640625,
        2.5751953125,
        2.63427734375
      ],
      "freeMemoryBytes": 3258597376,
      "totalMemoryBytes": 38654705664
    }
  ]
}
