{
  "schemaVersion": 1,
  "kind": "seedlands-performance-window",
  "status": "FAIL",
  "version": 2,
  "ownerThread": "seedlands-performance-validator",
  "runId": "v2-arrival-during-aim-close-12-format-closure-type-equivalence-04",
  "pid": 47761,
  "startedAt": "2026-09-28T11:39:28.889Z",
  "windowId": "v2-arrival-during-aim-close-12-format-closure-type-equivalence-04",
  "evidencePath": "changes/2026-09-23-classic-functional-completion/evidence/v2-arrival-during-aim-close-12-format-closure/type-equivalence-04-window.json.log",
  "waitedMs": 1,
  "endedAt": "2026-09-28T11:39:29.063Z",
  "exitCode": 1,
  "signal": null,
  "measurement": {
    "status": "NOT_RECORDED"
  },
  "samples": [
    {
      "at": "2026-09-28T11:39:28.890Z",
      "loadAverage": [
        2.26416015625,
        2.48779296875,
        2.59326171875
      ],
      "freeMemoryBytes": 3192438784,
      "totalMemoryBytes": 38654705664
    },
    {
      "at": "2026-09-28T11:39:29.061Z",
      "loadAverage": [
        2.26416015625,
        2.48779296875,
        2.59326171875
      ],
      "freeMemoryBytes": 3188424704,
      "totalMemoryBytes": 38654705664
    }
  ]
}
