{
  "schemaVersion": 1,
  "kind": "seedlands-performance-window",
  "status": "FAIL",
  "version": 2,
  "ownerThread": "seedlands-performance-validator",
  "runId": "v2-arrival-during-aim-close-12-format-closure-type-equivalence-03",
  "pid": 47538,
  "startedAt": "2026-09-28T11:39:05.464Z",
  "windowId": "v2-arrival-during-aim-close-12-format-closure-type-equivalence-03",
  "evidencePath": "changes/2026-09-23-classic-functional-completion/evidence/v2-arrival-during-aim-close-12-format-closure/type-equivalence-03-window.json.log",
  "waitedMs": 2,
  "endedAt": "2026-09-28T11:39:05.603Z",
  "exitCode": 1,
  "signal": null,
  "measurement": {
    "status": "NOT_RECORDED"
  },
  "samples": [
    {
      "at": "2026-09-28T11:39:05.466Z",
      "loadAverage": [
        2.47314453125,
        2.5400390625,
        2.61474609375
      ],
      "freeMemoryBytes": 3104358400,
      "totalMemoryBytes": 38654705664
    },
    {
      "at": "2026-09-28T11:39:05.601Z",
      "loadAverage": [
        2.47314453125,
        2.5400390625,
        2.61474609375
      ],
      "freeMemoryBytes": 3101655040,
      "totalMemoryBytes": 38654705664
    }
  ]
}
