{
  "schemaVersion": 1,
  "kind": "seedlands-performance-window",
  "status": "PASS",
  "version": 2,
  "ownerThread": "seedlands-performance-validator",
  "runId": "v2-arrival-during-aim-close-12-format-closure-type-equivalence-release",
  "pid": 55522,
  "startedAt": "2026-09-28T11:49:43.221Z",
  "windowId": "v2-arrival-during-aim-close-12-format-closure-type-equivalence-release",
  "evidencePath": "changes/2026-09-23-classic-functional-completion/evidence/v2-arrival-during-aim-close-12-format-closure/type-equivalence-release-window.json.log",
  "waitedMs": 1,
  "endedAt": "2026-09-28T11:49:43.476Z",
  "exitCode": 0,
  "signal": null,
  "measurement": {
    "status": "NOT_RECORDED"
  },
  "samples": [
    {
      "at": "2026-09-28T11:49:43.222Z",
      "loadAverage": [
        2.5283203125,
        2.4873046875,
        2.619140625
      ],
      "freeMemoryBytes": 2929360896,
      "totalMemoryBytes": 38654705664
    },
    {
      "at": "2026-09-28T11:49:43.474Z",
      "loadAverage": [
        2.88623046875,
        2.56201171875,
        2.64453125
      ],
      "freeMemoryBytes": 2770583552,
      "totalMemoryBytes": 38654705664
    }
  ]
}
