{
  "schemaVersion": 1,
  "kind": "seedlands-performance-window",
  "status": "PASS",
  "version": 2,
  "ownerThread": "seedlands-performance-validator",
  "runId": "v2-equipment-web-ui-close02-behavior-green",
  "pid": 86889,
  "startedAt": "2026-09-25T14:04:38.666Z",
  "windowId": "v2-equipment-web-ui-close02-behavior-green",
  "evidencePath": "changes/2026-09-23-classic-functional-completion/evidence/v2-equipment-web-ui-close-02/behavior-green-window.json.log",
  "waitedMs": 1,
  "endedAt": "2026-09-25T14:04:41.457Z",
  "exitCode": 0,
  "signal": null,
  "measurement": {
    "status": "NOT_RECORDED"
  },
  "samples": [
    {
      "at": "2026-09-25T14:04:38.667Z",
      "loadAverage": [
        5.1630859375,
        4.18017578125,
        3.6943359375
      ],
      "freeMemoryBytes": 722796544,
      "totalMemoryBytes": 38654705664
    },
    {
      "at": "2026-09-25T14:04:41.455Z",
      "loadAverage": [
        5.39013671875,
        4.2431640625,
        3.71923828125
      ],
      "freeMemoryBytes": 611205120,
      "totalMemoryBytes": 38654705664
    }
  ]
}
