{
  "schemaVersion": 1,
  "kind": "seedlands-performance-window",
  "status": "PASS",
  "version": 2,
  "ownerThread": "seedlands-performance-validator",
  "runId": "v2-equipment-web-ui-close02-retained-green",
  "pid": 86664,
  "startedAt": "2026-09-25T14:04:19.760Z",
  "windowId": "v2-equipment-web-ui-close02-retained-green",
  "evidencePath": "changes/2026-09-23-classic-functional-completion/evidence/v2-equipment-web-ui-close-02/retained-green-window.json.log",
  "waitedMs": 2,
  "endedAt": "2026-09-25T14:04:21.114Z",
  "exitCode": 0,
  "signal": null,
  "measurement": {
    "status": "NOT_RECORDED"
  },
  "samples": [
    {
      "at": "2026-09-25T14:04:19.762Z",
      "loadAverage": [
        4.986328125,
        4.0888671875,
        3.6513671875
      ],
      "freeMemoryBytes": 673693696,
      "totalMemoryBytes": 38654705664
    },
    {
      "at": "2026-09-25T14:04:21.113Z",
      "loadAverage": [
        5.0673828125,
        4.1201171875,
        3.6650390625
      ],
      "freeMemoryBytes": 694616064,
      "totalMemoryBytes": 38654705664
    }
  ]
}
