{
  "schemaVersion": 1,
  "kind": "seedlands-performance-window",
  "status": "PASS",
  "version": 2,
  "ownerThread": "seedlands-performance-validator",
  "runId": "v2-canonical-equipment-fixture-classic-types-final3",
  "pid": 92329,
  "startedAt": "2026-09-25T21:08:04.813Z",
  "windowId": "v2-canonical-equipment-fixture-classic-types-final3",
  "evidencePath": "changes/2026-09-23-classic-functional-completion/evidence/v2-canonical-equipment-fixture-01/classic-types-final3-window.json.log",
  "waitedMs": 1,
  "endedAt": "2026-09-25T21:08:08.273Z",
  "exitCode": 0,
  "signal": null,
  "measurement": {
    "status": "NOT_RECORDED"
  },
  "samples": [
    {
      "at": "2026-09-25T21:08:04.814Z",
      "loadAverage": [
        4.322265625,
        3.7958984375,
        3.94189453125
      ],
      "freeMemoryBytes": 585367552,
      "totalMemoryBytes": 38654705664
    },
    {
      "at": "2026-09-25T21:08:08.271Z",
      "loadAverage": [
        4.69677734375,
        3.8818359375,
        3.97119140625
      ],
      "freeMemoryBytes": 913096704,
      "totalMemoryBytes": 38654705664
    }
  ]
}
