{
  "schemaVersion": 1,
  "kind": "seedlands-performance-window",
  "status": "PASS",
  "version": 2,
  "ownerThread": "seedlands-performance-validator",
  "runId": "v2-canonical-equipment-fixture-classic-types-release",
  "pid": 94913,
  "startedAt": "2026-09-25T21:10:23.940Z",
  "windowId": "v2-canonical-equipment-fixture-classic-types-release",
  "evidencePath": "changes/2026-09-23-classic-functional-completion/evidence/v2-canonical-equipment-fixture-01/classic-types-release-window.json.log",
  "waitedMs": 2,
  "endedAt": "2026-09-25T21:10:27.308Z",
  "exitCode": 0,
  "signal": null,
  "measurement": {
    "status": "NOT_RECORDED"
  },
  "samples": [
    {
      "at": "2026-09-25T21:10:23.942Z",
      "loadAverage": [
        3.04736328125,
        3.52734375,
        3.81201171875
      ],
      "freeMemoryBytes": 628588544,
      "totalMemoryBytes": 38654705664
    },
    {
      "at": "2026-09-25T21:10:27.306Z",
      "loadAverage": [
        3.04736328125,
        3.52734375,
        3.81201171875
      ],
      "freeMemoryBytes": 952025088,
      "totalMemoryBytes": 38654705664
    }
  ]
}
