{
  "schemaVersion": 1,
  "kind": "seedlands-performance-window",
  "status": "PASS",
  "version": 2,
  "ownerThread": "seedlands-performance-validator",
  "runId": "v2-canonical-equipment-fixture-classic-types-release2",
  "pid": 95976,
  "startedAt": "2026-09-25T21:12:53.770Z",
  "windowId": "v2-canonical-equipment-fixture-classic-types-release2",
  "evidencePath": "changes/2026-09-23-classic-functional-completion/evidence/v2-canonical-equipment-fixture-01/classic-types-release2-window.json.log",
  "waitedMs": 1,
  "endedAt": "2026-09-25T21:12:57.219Z",
  "exitCode": 0,
  "signal": null,
  "measurement": {
    "status": "NOT_RECORDED"
  },
  "samples": [
    {
      "at": "2026-09-25T21:12:53.771Z",
      "loadAverage": [
        3.11376953125,
        3.3134765625,
        3.66748046875
      ],
      "freeMemoryBytes": 648101888,
      "totalMemoryBytes": 38654705664
    },
    {
      "at": "2026-09-25T21:12:57.217Z",
      "loadAverage": [
        3.11376953125,
        3.3134765625,
        3.66748046875
      ],
      "freeMemoryBytes": 907034624,
      "totalMemoryBytes": 38654705664
    }
  ]
}
