{
  "schemaVersion": 1,
  "kind": "seedlands-performance-window",
  "status": "PASS",
  "version": 2,
  "ownerThread": "seedlands-performance-validator",
  "runId": "v2-canonical-equipment-fixture-delivery-format-write-01",
  "pid": 13338,
  "startedAt": "2026-09-25T21:36:01.568Z",
  "windowId": "v2-canonical-equipment-fixture-delivery-format-write-01",
  "evidencePath": "changes/2026-09-23-classic-functional-completion/evidence/v2-canonical-equipment-fixture-01/delivery-format-write-window.json.log",
  "waitedMs": 1,
  "endedAt": "2026-09-25T21:36:01.970Z",
  "exitCode": 0,
  "signal": null,
  "measurement": {
    "status": "NOT_RECORDED"
  },
  "samples": [
    {
      "at": "2026-09-25T21:36:01.569Z",
      "loadAverage": [
        3.294921875,
        3.1328125,
        3.14208984375
      ],
      "freeMemoryBytes": 771227648,
      "totalMemoryBytes": 38654705664
    },
    {
      "at": "2026-09-25T21:36:01.968Z",
      "loadAverage": [
        3.43115234375,
        3.16357421875,
        3.15283203125
      ],
      "freeMemoryBytes": 755466240,
      "totalMemoryBytes": 38654705664
    }
  ]
}
