{
  "schemaVersion": 1,
  "kind": "seedlands-performance-window",
  "status": "FAIL",
  "version": 2,
  "ownerThread": "seedlands-performance-validator",
  "runId": "v2-canonical-equipment-fixture-delivery-01",
  "pid": 13185,
  "startedAt": "2026-09-25T21:35:43.966Z",
  "windowId": "v2-canonical-equipment-fixture-delivery-01",
  "evidencePath": "changes/2026-09-23-classic-functional-completion/evidence/v2-canonical-equipment-fixture-01/delivery-window.json.log",
  "waitedMs": 1,
  "endedAt": "2026-09-25T21:35:44.447Z",
  "exitCode": 1,
  "signal": null,
  "measurement": {
    "status": "NOT_RECORDED"
  },
  "samples": [
    {
      "at": "2026-09-25T21:35:43.967Z",
      "loadAverage": [
        3.4833984375,
        3.15771484375,
        3.15087890625
      ],
      "freeMemoryBytes": 318013440,
      "totalMemoryBytes": 38654705664
    },
    {
      "at": "2026-09-25T21:35:44.445Z",
      "loadAverage": [
        3.4833984375,
        3.15771484375,
        3.15087890625
      ],
      "freeMemoryBytes": 295174144,
      "totalMemoryBytes": 38654705664
    }
  ]
}
