{
  "schemaVersion": 1,
  "kind": "seedlands-performance-window",
  "status": "PASS",
  "version": 2,
  "ownerThread": "seedlands-performance-validator",
  "runId": "v2-canonical-equipment-fixture-delivery-format-write-02",
  "pid": 13901,
  "startedAt": "2026-09-25T21:37:01.018Z",
  "windowId": "v2-canonical-equipment-fixture-delivery-format-write-02",
  "evidencePath": "changes/2026-09-23-classic-functional-completion/evidence/v2-canonical-equipment-fixture-01/delivery-format-write-02-window.json.log",
  "waitedMs": 2,
  "endedAt": "2026-09-25T21:37:01.428Z",
  "exitCode": 0,
  "signal": null,
  "measurement": {
    "status": "NOT_RECORDED"
  },
  "samples": [
    {
      "at": "2026-09-25T21:37:01.020Z",
      "loadAverage": [
        3.37890625,
        3.16943359375,
        3.15380859375
      ],
      "freeMemoryBytes": 438026240,
      "totalMemoryBytes": 38654705664
    },
    {
      "at": "2026-09-25T21:37:01.426Z",
      "loadAverage": [
        3.37890625,
        3.16943359375,
        3.15380859375
      ],
      "freeMemoryBytes": 437829632,
      "totalMemoryBytes": 38654705664
    }
  ]
}
