{
  "schemaVersion": 1,
  "kind": "seedlands-performance-window",
  "status": "PASS",
  "version": 2,
  "ownerThread": "seedlands-performance-validator",
  "runId": "v2-canonical-equipment-fixture-eslint-04",
  "pid": 86304,
  "startedAt": "2026-09-25T21:01:38.106Z",
  "windowId": "v2-canonical-equipment-fixture-eslint-04",
  "evidencePath": "changes/2026-09-23-classic-functional-completion/evidence/v2-canonical-equipment-fixture-01/eslint-04-window.json.log",
  "waitedMs": 1,
  "endedAt": "2026-09-25T21:01:39.674Z",
  "exitCode": 0,
  "signal": null,
  "measurement": {
    "status": "NOT_RECORDED"
  },
  "samples": [
    {
      "at": "2026-09-25T21:01:38.107Z",
      "loadAverage": [
        2.64697265625,
        3.44287109375,
        4.02099609375
      ],
      "freeMemoryBytes": 653213696,
      "totalMemoryBytes": 38654705664
    },
    {
      "at": "2026-09-25T21:01:39.673Z",
      "loadAverage": [
        2.64697265625,
        3.44287109375,
        4.02099609375
      ],
      "freeMemoryBytes": 479379456,
      "totalMemoryBytes": 38654705664
    }
  ]
}
