{
  "schemaVersion": 1,
  "kind": "seedlands-performance-window",
  "status": "PASS",
  "version": 2,
  "ownerThread": "seedlands-performance-validator",
  "runId": "v2-canonical-equipment-fixture-evidence-format-final",
  "pid": 8524,
  "startedAt": "2026-09-25T21:29:56.096Z",
  "windowId": "v2-canonical-equipment-fixture-evidence-format-final",
  "evidencePath": "changes/2026-09-23-classic-functional-completion/evidence/v2-canonical-equipment-fixture-01/evidence-format-final-window.json.log",
  "waitedMs": 1,
  "endedAt": "2026-09-25T21:29:56.530Z",
  "exitCode": 0,
  "signal": null,
  "measurement": {
    "status": "NOT_RECORDED"
  },
  "samples": [
    {
      "at": "2026-09-25T21:29:56.097Z",
      "loadAverage": [
        2.9638671875,
        2.94091796875,
        3.12890625
      ],
      "freeMemoryBytes": 472006656,
      "totalMemoryBytes": 38654705664
    },
    {
      "at": "2026-09-25T21:29:56.529Z",
      "loadAverage": [
        2.9638671875,
        2.94091796875,
        3.12890625
      ],
      "freeMemoryBytes": 452493312,
      "totalMemoryBytes": 38654705664
    }
  ]
}
