{
  "schemaVersion": 1,
  "kind": "seedlands-performance-window",
  "status": "PASS",
  "version": 2,
  "ownerThread": "seedlands-performance-validator",
  "runId": "v2-canonical-equipment-fixture-final-gate-03",
  "pid": 2380,
  "startedAt": "2026-09-25T21:20:05.368Z",
  "windowId": "v2-canonical-equipment-fixture-final-gate-03",
  "evidencePath": "changes/2026-09-23-classic-functional-completion/evidence/v2-canonical-equipment-fixture-01/final-gate-03-window.json.log",
  "waitedMs": 1,
  "endedAt": "2026-09-25T21:20:15.249Z",
  "exitCode": 0,
  "signal": null,
  "measurement": {
    "status": "NOT_RECORDED"
  },
  "samples": [
    {
      "at": "2026-09-25T21:20:05.369Z",
      "loadAverage": [
        3.2763671875,
        3.0419921875,
        3.35693359375
      ],
      "freeMemoryBytes": 600014848,
      "totalMemoryBytes": 38654705664
    },
    {
      "at": "2026-09-25T21:20:10.372Z",
      "loadAverage": [
        3.333984375,
        3.0576171875,
        3.3603515625
      ],
      "freeMemoryBytes": 651313152,
      "totalMemoryBytes": 38654705664
    },
    {
      "at": "2026-09-25T21:20:15.247Z",
      "loadAverage": [
        3.70751953125,
        3.1396484375,
        3.38720703125
      ],
      "freeMemoryBytes": 948338688,
      "totalMemoryBytes": 38654705664
    }
  ]
}
