{
  "schemaVersion": 1,
  "kind": "seedlands-performance-window",
  "status": "PASS",
  "version": 2,
  "ownerThread": "seedlands-performance-validator",
  "runId": "v2-canonical-equipment-fixture-final-gate",
  "pid": 98677,
  "startedAt": "2026-09-25T21:16:05.510Z",
  "windowId": "v2-canonical-equipment-fixture-final-gate",
  "evidencePath": "changes/2026-09-23-classic-functional-completion/evidence/v2-canonical-equipment-fixture-01/final-gate-window.json.log",
  "waitedMs": 1,
  "endedAt": "2026-09-25T21:16:15.389Z",
  "exitCode": 0,
  "signal": null,
  "measurement": {
    "status": "NOT_RECORDED"
  },
  "samples": [
    {
      "at": "2026-09-25T21:16:05.511Z",
      "loadAverage": [
        3.36181640625,
        3.1689453125,
        3.5205078125
      ],
      "freeMemoryBytes": 435929088,
      "totalMemoryBytes": 38654705664
    },
    {
      "at": "2026-09-25T21:16:10.513Z",
      "loadAverage": [
        3.25244140625,
        3.1494140625,
        3.51123046875
      ],
      "freeMemoryBytes": 727384064,
      "totalMemoryBytes": 38654705664
    },
    {
      "at": "2026-09-25T21:16:15.387Z",
      "loadAverage": [
        3.15185546875,
        3.1298828125,
        3.501953125
      ],
      "freeMemoryBytes": 1004109824,
      "totalMemoryBytes": 38654705664
    }
  ]
}
