{
  "schemaVersion": 1,
  "kind": "seedlands-performance-window",
  "status": "PASS",
  "version": 2,
  "ownerThread": "seedlands-performance-validator",
  "runId": "v2-canonical-equipment-fixture-format-write-04",
  "pid": 85338,
  "startedAt": "2026-09-25T20:59:55.855Z",
  "windowId": "v2-canonical-equipment-fixture-format-write-04",
  "evidencePath": "changes/2026-09-23-classic-functional-completion/evidence/v2-canonical-equipment-fixture-01/format-write-04-window.json.log",
  "waitedMs": 1,
  "endedAt": "2026-09-25T20:59:56.316Z",
  "exitCode": 0,
  "signal": null,
  "measurement": {
    "status": "NOT_RECORDED"
  },
  "samples": [
    {
      "at": "2026-09-25T20:59:55.856Z",
      "loadAverage": [
        2.97314453125,
        3.78759765625,
        4.2060546875
      ],
      "freeMemoryBytes": 369836032,
      "totalMemoryBytes": 38654705664
    },
    {
      "at": "2026-09-25T20:59:56.315Z",
      "loadAverage": [
        2.97509765625,
        3.7744140625,
        4.19873046875
      ],
      "freeMemoryBytes": 368033792,
      "totalMemoryBytes": 38654705664
    }
  ]
}
