{
  "schemaVersion": 1,
  "kind": "seedlands-performance-window",
  "status": "PASS",
  "version": 2,
  "ownerThread": "seedlands-performance-validator",
  "runId": "v2-canonical-equipment-fixture-format-write-07",
  "pid": 92102,
  "startedAt": "2026-09-25T21:07:45.180Z",
  "windowId": "v2-canonical-equipment-fixture-format-write-07",
  "evidencePath": "changes/2026-09-23-classic-functional-completion/evidence/v2-canonical-equipment-fixture-01/format-write-07-window.json.log",
  "waitedMs": 1,
  "endedAt": "2026-09-25T21:07:45.816Z",
  "exitCode": 0,
  "signal": null,
  "measurement": {
    "status": "NOT_RECORDED"
  },
  "samples": [
    {
      "at": "2026-09-25T21:07:45.181Z",
      "loadAverage": [
        4.33349609375,
        3.76416015625,
        3.93603515625
      ],
      "freeMemoryBytes": 580354048,
      "totalMemoryBytes": 38654705664
    },
    {
      "at": "2026-09-25T21:07:45.814Z",
      "loadAverage": [
        4.33349609375,
        3.76416015625,
        3.93603515625
      ],
      "freeMemoryBytes": 624246784,
      "totalMemoryBytes": 38654705664
    }
  ]
}
