{
  "schemaVersion": 1,
  "kind": "seedlands-performance-window",
  "status": "PASS",
  "version": 2,
  "ownerThread": "seedlands-performance-validator",
  "runId": "v2-canonical-equipment-fixture-format-final",
  "pid": 94686,
  "startedAt": "2026-09-25T21:09:59.504Z",
  "windowId": "v2-canonical-equipment-fixture-format-final",
  "evidencePath": "changes/2026-09-23-classic-functional-completion/evidence/v2-canonical-equipment-fixture-01/format-final-window.json.log",
  "waitedMs": 1,
  "endedAt": "2026-09-25T21:10:00.152Z",
  "exitCode": 0,
  "signal": null,
  "measurement": {
    "status": "NOT_RECORDED"
  },
  "samples": [
    {
      "at": "2026-09-25T21:09:59.505Z",
      "loadAverage": [
        3.31298828125,
        3.6103515625,
        3.85009765625
      ],
      "freeMemoryBytes": 630259712,
      "totalMemoryBytes": 38654705664
    },
    {
      "at": "2026-09-25T21:10:00.150Z",
      "loadAverage": [
        3.31298828125,
        3.6103515625,
        3.85009765625
      ],
      "freeMemoryBytes": 467697664,
      "totalMemoryBytes": 38654705664
    }
  ]
}
