{
  "schemaVersion": 1,
  "kind": "seedlands-performance-window",
  "status": "PASS",
  "version": 2,
  "ownerThread": "seedlands-performance-validator",
  "runId": "v2-canonical-equipment-fixture-format-write-release",
  "pid": 3265,
  "startedAt": "2026-09-25T21:22:12.471Z",
  "windowId": "v2-canonical-equipment-fixture-format-write-release",
  "evidencePath": "changes/2026-09-23-classic-functional-completion/evidence/v2-canonical-equipment-fixture-01/format-write-release-window.json.log",
  "waitedMs": 1,
  "endedAt": "2026-09-25T21:22:12.966Z",
  "exitCode": 0,
  "signal": null,
  "measurement": {
    "status": "NOT_RECORDED"
  },
  "samples": [
    {
      "at": "2026-09-25T21:22:12.472Z",
      "loadAverage": [
        2.65625,
        2.92578125,
        3.26904296875
      ],
      "freeMemoryBytes": 276037632,
      "totalMemoryBytes": 38654705664
    },
    {
      "at": "2026-09-25T21:22:12.965Z",
      "loadAverage": [
        2.65625,
        2.92578125,
        3.26904296875
      ],
      "freeMemoryBytes": 291471360,
      "totalMemoryBytes": 38654705664
    }
  ]
}
