{
  "schemaVersion": 1,
  "kind": "seedlands-performance-window",
  "status": "PASS",
  "version": 2,
  "ownerThread": "seedlands-performance-validator",
  "runId": "v2-canonical-equipment-fixture-format-write-01",
  "pid": 79190,
  "startedAt": "2026-09-25T20:50:04.192Z",
  "windowId": "v2-canonical-equipment-fixture-format-write-01",
  "evidencePath": "changes/2026-09-23-classic-functional-completion/evidence/v2-canonical-equipment-fixture-01/format-write-01-window.json.log",
  "waitedMs": 1,
  "endedAt": "2026-09-25T20:50:05.027Z",
  "exitCode": 0,
  "signal": null,
  "measurement": {
    "status": "NOT_RECORDED"
  },
  "samples": [
    {
      "at": "2026-09-25T20:50:04.193Z",
      "loadAverage": [
        4.662109375,
        5.8779296875,
        4.7822265625
      ],
      "freeMemoryBytes": 675479552,
      "totalMemoryBytes": 38654705664
    },
    {
      "at": "2026-09-25T20:50:05.026Z",
      "loadAverage": [
        5.00927734375,
        5.9296875,
        4.806640625
      ],
      "freeMemoryBytes": 669073408,
      "totalMemoryBytes": 38654705664
    }
  ]
}
