{
  "schemaVersion": 1,
  "kind": "seedlands-performance-window",
  "status": "PASS",
  "version": 2,
  "ownerThread": "seedlands-performance-validator",
  "runId": "v2-canonical-equipment-fixture-format-write-02",
  "pid": 82566,
  "startedAt": "2026-09-25T20:56:30.979Z",
  "windowId": "v2-canonical-equipment-fixture-format-write-02",
  "evidencePath": "changes/2026-09-23-classic-functional-completion/evidence/v2-canonical-equipment-fixture-01/format-write-02-window.json.log",
  "waitedMs": 1,
  "endedAt": "2026-09-25T20:56:31.643Z",
  "exitCode": 0,
  "signal": null,
  "measurement": {
    "status": "NOT_RECORDED"
  },
  "samples": [
    {
      "at": "2026-09-25T20:56:30.980Z",
      "loadAverage": [
        2.70556640625,
        4.30224609375,
        4.4599609375
      ],
      "freeMemoryBytes": 265404416,
      "totalMemoryBytes": 38654705664
    },
    {
      "at": "2026-09-25T20:56:31.641Z",
      "loadAverage": [
        2.70556640625,
        4.30224609375,
        4.4599609375
      ],
      "freeMemoryBytes": 383025152,
      "totalMemoryBytes": 38654705664
    }
  ]
}
