{
  "schemaVersion": 1,
  "kind": "seedlands-performance-window",
  "status": "PASS",
  "version": 2,
  "ownerThread": "seedlands-performance-validator",
  "runId": "v2-canonical-equipment-fixture-format-write-06",
  "pid": 88896,
  "startedAt": "2026-09-25T21:03:40.297Z",
  "windowId": "v2-canonical-equipment-fixture-format-write-06",
  "evidencePath": "changes/2026-09-23-classic-functional-completion/evidence/v2-canonical-equipment-fixture-01/format-write-06-window.json.log",
  "waitedMs": 1,
  "endedAt": "2026-09-25T21:03:40.845Z",
  "exitCode": 0,
  "signal": null,
  "measurement": {
    "status": "NOT_RECORDED"
  },
  "samples": [
    {
      "at": "2026-09-25T21:03:40.298Z",
      "loadAverage": [
        3.3037109375,
        3.517578125,
        3.97314453125
      ],
      "freeMemoryBytes": 779141120,
      "totalMemoryBytes": 38654705664
    },
    {
      "at": "2026-09-25T21:03:40.843Z",
      "loadAverage": [
        3.3037109375,
        3.517578125,
        3.97314453125
      ],
      "freeMemoryBytes": 779468800,
      "totalMemoryBytes": 38654705664
    }
  ]
}
