{
  "schemaVersion": 1,
  "kind": "seedlands-performance-window",
  "status": "PASS",
  "version": 2,
  "ownerThread": "seedlands-performance-validator",
  "runId": "v2-canonical-equipment-fixture-release",
  "pid": 3353,
  "startedAt": "2026-09-25T21:22:22.771Z",
  "windowId": "v2-canonical-equipment-fixture-release",
  "evidencePath": "changes/2026-09-23-classic-functional-completion/evidence/v2-canonical-equipment-fixture-01/release-window.json.log",
  "waitedMs": 2,
  "endedAt": "2026-09-25T21:22:32.686Z",
  "exitCode": 0,
  "signal": null,
  "measurement": {
    "status": "NOT_RECORDED"
  },
  "samples": [
    {
      "at": "2026-09-25T21:22:22.773Z",
      "loadAverage": [
        2.63525390625,
        2.91162109375,
        3.25927734375
      ],
      "freeMemoryBytes": 347275264,
      "totalMemoryBytes": 38654705664
    },
    {
      "at": "2026-09-25T21:22:27.775Z",
      "loadAverage": [
        2.82421875,
        2.9462890625,
        3.26904296875
      ],
      "freeMemoryBytes": 737755136,
      "totalMemoryBytes": 38654705664
    },
    {
      "at": "2026-09-25T21:22:32.685Z",
      "loadAverage": [
        2.677734375,
        2.91357421875,
        3.25537109375
      ],
      "freeMemoryBytes": 855769088,
      "totalMemoryBytes": 38654705664
    }
  ]
}
