{
  "schemaVersion": 1,
  "kind": "seedlands-performance-window",
  "status": "PASS",
  "version": 2,
  "ownerThread": "seedlands-performance-validator",
  "runId": "v2-canonical-equipment-fixture-root-types-final2",
  "pid": 94018,
  "startedAt": "2026-09-25T21:08:20.328Z",
  "windowId": "v2-canonical-equipment-fixture-root-types-final2",
  "evidencePath": "changes/2026-09-23-classic-functional-completion/evidence/v2-canonical-equipment-fixture-01/root-types-final2-window.json.log",
  "waitedMs": 1,
  "endedAt": "2026-09-25T21:08:23.522Z",
  "exitCode": 0,
  "signal": null,
  "measurement": {
    "status": "NOT_RECORDED"
  },
  "samples": [
    {
      "at": "2026-09-25T21:08:20.329Z",
      "loadAverage": [
        4.52197265625,
        3.86962890625,
        3.96533203125
      ],
      "freeMemoryBytes": 795967488,
      "totalMemoryBytes": 38654705664
    },
    {
      "at": "2026-09-25T21:08:23.520Z",
      "loadAverage": [
        4.31982421875,
        3.83837890625,
        3.95361328125
      ],
      "freeMemoryBytes": 946339840,
      "totalMemoryBytes": 38654705664
    }
  ]
}
