{
  "schemaVersion": 1,
  "kind": "seedlands-performance-window",
  "status": "PASS",
  "version": 2,
  "ownerThread": "seedlands-performance-validator",
  "runId": "v2-canonical-equipment-fixture-scenario-final",
  "pid": 89141,
  "startedAt": "2026-09-25T21:04:24.046Z",
  "windowId": "v2-canonical-equipment-fixture-scenario-final",
  "evidencePath": "changes/2026-09-23-classic-functional-completion/evidence/v2-canonical-equipment-fixture-01/scenario-final-window.json.log",
  "waitedMs": 1,
  "endedAt": "2026-09-25T21:04:25.413Z",
  "exitCode": 0,
  "signal": null,
  "measurement": {
    "status": "NOT_RECORDED"
  },
  "samples": [
    {
      "at": "2026-09-25T21:04:24.047Z",
      "loadAverage": [
        3.28076171875,
        3.46337890625,
        3.92626953125
      ],
      "freeMemoryBytes": 650526720,
      "totalMemoryBytes": 38654705664
    },
    {
      "at": "2026-09-25T21:04:25.412Z",
      "loadAverage": [
        3.28076171875,
        3.46337890625,
        3.92626953125
      ],
      "freeMemoryBytes": 620609536,
      "totalMemoryBytes": 38654705664
    }
  ]
}
