{
  "schemaVersion": 1,
  "kind": "seedlands-performance-window",
  "status": "PASS",
  "version": 2,
  "ownerThread": "seedlands-performance-validator",
  "runId": "v2-canonical-equipment-fixture-static-release2",
  "pid": 97959,
  "startedAt": "2026-09-25T21:13:26.775Z",
  "windowId": "v2-canonical-equipment-fixture-static-release2",
  "evidencePath": "changes/2026-09-23-classic-functional-completion/evidence/v2-canonical-equipment-fixture-01/static-release2-window.json.log",
  "waitedMs": 1,
  "endedAt": "2026-09-25T21:13:27.489Z",
  "exitCode": 0,
  "signal": null,
  "measurement": {
    "status": "NOT_RECORDED"
  },
  "samples": [
    {
      "at": "2026-09-25T21:13:26.776Z",
      "loadAverage": [
        2.80322265625,
        3.21826171875,
        3.6201171875
      ],
      "freeMemoryBytes": 640745472,
      "totalMemoryBytes": 38654705664
    },
    {
      "at": "2026-09-25T21:13:27.487Z",
      "loadAverage": [
        2.80322265625,
        3.21826171875,
        3.6201171875
      ],
      "freeMemoryBytes": 694042624,
      "totalMemoryBytes": 38654705664
    }
  ]
}
