{
  "schemaVersion": 1,
  "kind": "seedlands-performance-window",
  "status": "PASS",
  "version": 2,
  "ownerThread": "seedlands-performance-validator",
  "runId": "ee216a87-59b8-41ca-8dd0-4f5d932f7e3f",
  "pid": 90434,
  "startedAt": "2026-09-25T07:23:08.964Z",
  "windowId": "ee216a87-59b8-41ca-8dd0-4f5d932f7e3f",
  "evidencePath": "changes/2026-09-23-classic-functional-completion/evidence/v1-door-contact-target-close-01/diff-untracked-final-window.json.log",
  "waitedMs": 1,
  "endedAt": "2026-09-25T07:23:09.000Z",
  "exitCode": 0,
  "signal": null,
  "measurement": {
    "status": "NOT_RECORDED"
  },
  "samples": [
    {
      "at": "2026-09-25T07:23:08.965Z",
      "loadAverage": [
        3.345703125,
        3.529296875,
        3.5087890625
      ],
      "freeMemoryBytes": 609746944,
      "totalMemoryBytes": 38654705664
    },
    {
      "at": "2026-09-25T07:23:08.998Z",
      "loadAverage": [
        3.345703125,
        3.529296875,
        3.5087890625
      ],
      "freeMemoryBytes": 610746368,
      "totalMemoryBytes": 38654705664
    }
  ]
}
