{
  "schemaVersion": 1,
  "kind": "seedlands-performance-window",
  "status": "PASS",
  "version": 2,
  "ownerThread": "seedlands-performance-validator",
  "runId": "620b46cf-665a-4348-87bc-25e4341e00ed",
  "pid": 87816,
  "startedAt": "2026-09-25T07:21:11.105Z",
  "windowId": "620b46cf-665a-4348-87bc-25e4341e00ed",
  "evidencePath": "changes/2026-09-23-classic-functional-completion/evidence/v1-door-contact-target-close-01/format-write-window.json.log",
  "waitedMs": 1,
  "endedAt": "2026-09-25T07:21:11.566Z",
  "exitCode": 0,
  "signal": null,
  "measurement": {
    "status": "NOT_RECORDED"
  },
  "samples": [
    {
      "at": "2026-09-25T07:21:11.106Z",
      "loadAverage": [
        3.576171875,
        3.58056640625,
        3.5224609375
      ],
      "freeMemoryBytes": 769163264,
      "totalMemoryBytes": 38654705664
    },
    {
      "at": "2026-09-25T07:21:11.564Z",
      "loadAverage": [
        3.576171875,
        3.58056640625,
        3.5224609375
      ],
      "freeMemoryBytes": 620036096,
      "totalMemoryBytes": 38654705664
    }
  ]
}
