{
  "schemaVersion": 1,
  "kind": "seedlands-performance-window",
  "status": "PASS",
  "version": 2,
  "ownerThread": "seedlands-performance-validator",
  "runId": "4d8e8851-7b0f-4124-83d4-6109b700281f",
  "pid": 95424,
  "startedAt": "2026-09-25T07:29:32.367Z",
  "windowId": "4d8e8851-7b0f-4124-83d4-6109b700281f",
  "evidencePath": "harness/results/performance-windows/4d8e8851-7b0f-4124-83d4-6109b700281f.json",
  "waitedMs": 0,
  "endedAt": "2026-09-25T07:29:35.137Z",
  "exitCode": 0,
  "signal": null,
  "measurement": {
    "status": "NOT_RECORDED"
  },
  "samples": [
    {
      "at": "2026-09-25T07:29:32.367Z",
      "loadAverage": [
        3.19970703125,
        3.3115234375,
        3.3818359375
      ],
      "freeMemoryBytes": 994689024,
      "totalMemoryBytes": 38654705664
    },
    {
      "at": "2026-09-25T07:29:35.135Z",
      "loadAverage": [
        3.19970703125,
        3.3115234375,
        3.3818359375
      ],
      "freeMemoryBytes": 913604608,
      "totalMemoryBytes": 38654705664
    }
  ]
}
