{
  "schemaVersion": 1,
  "kind": "seedlands-performance-window",
  "status": "PASS",
  "version": 2,
  "ownerThread": "seedlands-performance-validator",
  "runId": "git-36-route-aim-bounded-evidence-format",
  "pid": 35792,
  "startedAt": "2026-09-28T09:40:27.451Z",
  "windowId": "git-36-route-aim-bounded-evidence-format",
  "evidencePath": "changes/2026-09-23-classic-functional-completion/evidence/git-36-route-aim-bounded/evidence-format.window.json.log",
  "waitedMs": 1,
  "endedAt": "2026-09-28T09:40:27.952Z",
  "exitCode": 0,
  "signal": null,
  "measurement": {
    "status": "NOT_RECORDED"
  },
  "samples": [
    {
      "at": "2026-09-28T09:40:27.452Z",
      "loadAverage": [
        3.0107421875,
        2.890625,
        2.89599609375
      ],
      "freeMemoryBytes": 6015352832,
      "totalMemoryBytes": 38654705664
    },
    {
      "at": "2026-09-28T09:40:27.950Z",
      "loadAverage": [
        3.0107421875,
        2.890625,
        2.89599609375
      ],
      "freeMemoryBytes": 6040682496,
      "totalMemoryBytes": 38654705664
    }
  ]
}
