{
  "schemaVersion": 1,
  "kind": "seedlands-performance-window",
  "status": "PASS",
  "version": 2,
  "ownerThread": "seedlands-performance-validator",
  "runId": "git-36-route-aim-bounded-metadata-final",
  "pid": 40929,
  "startedAt": "2026-09-28T09:44:53.099Z",
  "windowId": "git-36-route-aim-bounded-metadata-final",
  "evidencePath": "changes/2026-09-23-classic-functional-completion/evidence/git-36-route-aim-bounded/metadata-final.window.json.log",
  "waitedMs": 1,
  "endedAt": "2026-09-28T09:44:53.431Z",
  "exitCode": 0,
  "signal": null,
  "measurement": {
    "status": "NOT_RECORDED"
  },
  "samples": [
    {
      "at": "2026-09-28T09:44:53.100Z",
      "loadAverage": [
        2.361328125,
        2.6923828125,
        2.80712890625
      ],
      "freeMemoryBytes": 4491821056,
      "totalMemoryBytes": 38654705664
    },
    {
      "at": "2026-09-28T09:44:53.430Z",
      "loadAverage": [
        2.412109375,
        2.697265625,
        2.80810546875
      ],
      "freeMemoryBytes": 4471914496,
      "totalMemoryBytes": 38654705664
    }
  ]
}
