{
  "schemaVersion": 1,
  "kind": "seedlands-performance-window",
  "status": "PASS",
  "version": 2,
  "ownerThread": "seedlands-performance-validator",
  "runId": "v2-route-driver-reject-recovery-close-13-classic-types",
  "pid": 41525,
  "startedAt": "2026-09-28T13:19:53.589Z",
  "windowId": "v2-route-driver-reject-recovery-close-13-classic-types",
  "evidencePath": "changes/2026-09-23-classic-functional-completion/evidence/v2-route-driver-reject-recovery-close-13/classic-types-window.json.log",
  "waitedMs": 1,
  "endedAt": "2026-09-28T13:19:57.165Z",
  "exitCode": 0,
  "signal": null,
  "measurement": {
    "status": "NOT_RECORDED"
  },
  "samples": [
    {
      "at": "2026-09-28T13:19:53.590Z",
      "loadAverage": [
        2.5,
        2.50341796875,
        2.76171875
      ],
      "freeMemoryBytes": 648216576,
      "totalMemoryBytes": 38654705664
    },
    {
      "at": "2026-09-28T13:19:57.163Z",
      "loadAverage": [
        3.0205078125,
        2.61083984375,
        2.7978515625
      ],
      "freeMemoryBytes": 996343808,
      "totalMemoryBytes": 38654705664
    }
  ]
}
