{
  "schemaVersion": 1,
  "kind": "seedlands-performance-window",
  "status": "FAIL",
  "version": 2,
  "ownerThread": "seedlands-performance-validator",
  "runId": "v2-route-driver-reject-recovery-close-13-red",
  "pid": 40663,
  "startedAt": "2026-09-28T13:18:36.971Z",
  "windowId": "v2-route-driver-reject-recovery-close-13-red",
  "evidencePath": "changes/2026-09-23-classic-functional-completion/evidence/v2-route-driver-reject-recovery-close-13/red-window.json.log",
  "waitedMs": 1,
  "endedAt": "2026-09-28T13:18:37.934Z",
  "exitCode": 1,
  "signal": null,
  "measurement": {
    "status": "NOT_RECORDED"
  },
  "samples": [
    {
      "at": "2026-09-28T13:18:36.972Z",
      "loadAverage": [
        2.173828125,
        2.494140625,
        2.78662109375
      ],
      "freeMemoryBytes": 868384768,
      "totalMemoryBytes": 38654705664
    },
    {
      "at": "2026-09-28T13:18:37.933Z",
      "loadAverage": [
        2.173828125,
        2.494140625,
        2.78662109375
      ],
      "freeMemoryBytes": 905330688,
      "totalMemoryBytes": 38654705664
    }
  ]
}
