{
  "schemaVersion": 1,
  "kind": "seedlands-performance-window",
  "status": "PASS",
  "version": 2,
  "ownerThread": "seedlands-performance-validator",
  "runId": "v2-equipment-pickup-refresh-close-10-affected",
  "pid": 21059,
  "startedAt": "2026-09-28T07:38:17.759Z",
  "windowId": "v2-equipment-pickup-refresh-close-10-affected",
  "evidencePath": "changes/2026-09-23-classic-functional-completion/evidence/v2-equipment-pickup-refresh-close-10/affected-window.json.log",
  "waitedMs": 1,
  "endedAt": "2026-09-28T07:38:19.896Z",
  "exitCode": 0,
  "signal": null,
  "measurement": {
    "status": "NOT_RECORDED"
  },
  "samples": [
    {
      "at": "2026-09-28T07:38:17.760Z",
      "loadAverage": [
        2.70654296875,
        2.60546875,
        2.62109375
      ],
      "freeMemoryBytes": 6585663488,
      "totalMemoryBytes": 38654705664
    },
    {
      "at": "2026-09-28T07:38:19.894Z",
      "loadAverage": [
        2.72998046875,
        2.61181640625,
        2.623046875
      ],
      "freeMemoryBytes": 6613499904,
      "totalMemoryBytes": 38654705664
    }
  ]
}
