{
  "schemaVersion": 1,
  "kind": "seedlands-performance-window",
  "status": "PASS",
  "version": 2,
  "ownerThread": "seedlands-performance-validator",
  "runId": "v2-equipment-pickup-refresh-close-10-metadata-format",
  "pid": 24629,
  "startedAt": "2026-09-28T07:42:43.207Z",
  "windowId": "v2-equipment-pickup-refresh-close-10-metadata-format",
  "evidencePath": "changes/2026-09-23-classic-functional-completion/evidence/v2-equipment-pickup-refresh-close-10/metadata-format-window.json.log",
  "waitedMs": 2,
  "endedAt": "2026-09-28T07:42:43.558Z",
  "exitCode": 0,
  "signal": null,
  "measurement": {
    "status": "NOT_RECORDED"
  },
  "samples": [
    {
      "at": "2026-09-28T07:42:43.209Z",
      "loadAverage": [
        2.4248046875,
        2.4892578125,
        2.5576171875
      ],
      "freeMemoryBytes": 6453854208,
      "totalMemoryBytes": 38654705664
    },
    {
      "at": "2026-09-28T07:42:43.556Z",
      "loadAverage": [
        2.4248046875,
        2.4892578125,
        2.5576171875
      ],
      "freeMemoryBytes": 6499942400,
      "totalMemoryBytes": 38654705664
    }
  ]
}
