{
  "schemaVersion": 1,
  "kind": "seedlands-performance-window",
  "status": "FAIL",
  "version": 2,
  "ownerThread": "seedlands-performance-validator",
  "runId": "v2-equipment-pickup-refresh-close-10-red",
  "pid": 19915,
  "startedAt": "2026-09-28T07:37:03.131Z",
  "windowId": "v2-equipment-pickup-refresh-close-10-red",
  "evidencePath": "changes/2026-09-23-classic-functional-completion/evidence/v2-equipment-pickup-refresh-close-10/red-window.json.log",
  "waitedMs": 1,
  "endedAt": "2026-09-28T07:37:04.011Z",
  "exitCode": 1,
  "signal": null,
  "measurement": {
    "status": "NOT_RECORDED"
  },
  "samples": [
    {
      "at": "2026-09-28T07:37:03.132Z",
      "loadAverage": [
        2.91015625,
        2.63037109375,
        2.634765625
      ],
      "freeMemoryBytes": 6465830912,
      "totalMemoryBytes": 38654705664
    },
    {
      "at": "2026-09-28T07:37:04.010Z",
      "loadAverage": [
        2.91015625,
        2.63037109375,
        2.634765625
      ],
      "freeMemoryBytes": 6343163904,
      "totalMemoryBytes": 38654705664
    }
  ]
}
