{
  "schemaVersion": 1,
  "kind": "seedlands-performance-window",
  "status": "PASS",
  "version": 2,
  "ownerThread": "seedlands-performance-validator",
  "runId": "v2-equipment-pickup-refresh-close-10-root-types",
  "pid": 22513,
  "startedAt": "2026-09-28T07:38:39.147Z",
  "windowId": "v2-equipment-pickup-refresh-close-10-root-types",
  "evidencePath": "changes/2026-09-23-classic-functional-completion/evidence/v2-equipment-pickup-refresh-close-10/root-types-window.json.log",
  "waitedMs": 1,
  "endedAt": "2026-09-28T07:38:42.098Z",
  "exitCode": 0,
  "signal": null,
  "measurement": {
    "status": "NOT_RECORDED"
  },
  "samples": [
    {
      "at": "2026-09-28T07:38:39.148Z",
      "loadAverage": [
        3.173828125,
        2.7177734375,
        2.66015625
      ],
      "freeMemoryBytes": 6596001792,
      "totalMemoryBytes": 38654705664
    },
    {
      "at": "2026-09-28T07:38:42.096Z",
      "loadAverage": [
        3.173828125,
        2.7177734375,
        2.66015625
      ],
      "freeMemoryBytes": 6651494400,
      "totalMemoryBytes": 38654705664
    }
  ]
}
