{
  "schemaVersion": 1,
  "kind": "seedlands-performance-window",
  "status": "PASS",
  "version": 2,
  "ownerThread": "seedlands-performance-validator",
  "runId": "v2-equipment-pickup-refresh-close-10-scoped-diff",
  "pid": 23371,
  "startedAt": "2026-09-28T07:40:03.403Z",
  "windowId": "v2-equipment-pickup-refresh-close-10-scoped-diff",
  "evidencePath": "changes/2026-09-23-classic-functional-completion/evidence/v2-equipment-pickup-refresh-close-10/scoped-diff-window.json.log",
  "waitedMs": 2,
  "endedAt": "2026-09-28T07:40:03.448Z",
  "exitCode": 0,
  "signal": null,
  "measurement": {
    "status": "NOT_RECORDED"
  },
  "samples": [
    {
      "at": "2026-09-28T07:40:03.405Z",
      "loadAverage": [
        2.13671875,
        2.49951171875,
        2.58056640625
      ],
      "freeMemoryBytes": 6396559360,
      "totalMemoryBytes": 38654705664
    },
    {
      "at": "2026-09-28T07:40:03.446Z",
      "loadAverage": [
        2.13671875,
        2.49951171875,
        2.58056640625
      ],
      "freeMemoryBytes": 6403964928,
      "totalMemoryBytes": 38654705664
    }
  ]
}
