{
  "schemaVersion": 1,
  "status": "FAIL",
  "attempts": [
    {
      "schemaVersion": 1,
      "status": "FAIL",
      "attempt": 0,
      "test": "Classic 生产旅程以真实输入完成 C0-C5，并复用同一运行时性能场景",
      "project": "chromium",
      "benchmark": false,
      "stages": {
        "C0": {
          "status": "PASS",
          "observation": "Production preview loaded the fixed seed with a stamped Classic composition, Authority/logic/persistence/compute Workers, consumed Wasm bytes and an actual WebGL2 context."
        },
        "C1": {
          "status": "PASS",
          "observation": "Pointer Lock mouse movement changed the route, then held W+Space crossed from Chunk 0 to Chunk 1 and Authority acknowledged it."
        },
        "C2": {
          "status": "PASS",
          "observation": "Mouse mining produced visible drops; movement picked them up; E opened inventory and real 2x2 pointer interactions produced planks, sticks, a wood sword and a workbench."
        },
        "C3": {
          "status": "PASS",
          "observation": "Right click placed crafted planks with a consumed mesh commit; inventory food restored health; held real mouse input buffered and completed the wood-sword second combo hit before defeating the fixed creature; a crafted workbench was placed, opened through the station runtime, then dismantled and recovered through real actions."
        }
      },
      "errors": [
        "Error: \u001b[2mexpect(\u001b[22m\u001b[31mreceived\u001b[39m\u001b[2m).\u001b[22mtoBe\u001b[2m(\u001b[22m\u001b[32mexpected\u001b[39m\u001b[2m) // Object.is equality\u001b[22m\n\nExpected: \u001b[32m8\u001b[39m\nReceived: \u001b[31m0\u001b[39m\n\nCall Log:\n- Timeout 5000ms exceeded while waiting on the predicate"
      ],
      "current": {
        "frameMs": 16.799999997019768,
        "player": [
          65.95881652832031,
          32.60000228881836,
          2.498157024383545
        ],
        "viewAngles": [
          -77.77999999999999,
          -37.320000000000014
        ],
        "streamCenter": [
          2,
          0
        ],
        "loadedChunks": 24,
        "renderedChunks": 13,
        "generationQueue": 0,
        "meshingQueue": 0,
        "deferredRemeshes": 0,
        "onGround": true,
        "colliding": false,
        "interactionAttempts": 11,
        "mutationCount": 1616,
        "worldRevision": 14,
        "structuralEventCount": 14,
        "remeshSchedulingCount": 9,
        "lastCommitMutationCount": 1,
        "lastCommitMeshChunkCount": 4,
        "storageBytes": 24099997,
        "worldTime": 19.651999999996633,
        "timePaused": false,
        "quality": "low",
        "triangles": 90308,
        "drawCalls": 25,
        "blockLightBricks": 24,
        "blockLightAllocatedBytes": 6291456,
        "blockLightRebuildCount": 794,
        "collisionDebug": {
          "enabled": false,
          "entityCount": 0,
          "meshCount": 0,
          "materialCount": 0,
          "visibleBatchCount": 0,
          "vertexCapacity": 0,
          "buildCount": 0,
          "authorityRequestCount": 0
        },
        "runtime": "authority-worker",
        "workers": {
          "total": 5,
          "authority": 1,
          "logic": 1,
          "persistence": 1,
          "fluid": 1,
          "general": 1
        },
        "authority": {
          "physicsHz": 60,
          "paused": true,
          "physicsTick": 11662,
          "integratedPhysicsTimeMs": 194366.6666666451,
          "acknowledgedInputSequence": 4908,
          "physicsDebtMs": 13.033333341008984,
          "activeTimeMs": 194379.6999999861,
          "commitSequence": 48853,
          "physicsCost": {
            "count": 11662,
            "capacity": 256,
            "samplesMs": [
              0.29999999701976776,
              0.4000000059604645,
              0.4000000059604645,
              0.5,
              0.4000000059604645,
              0.20000000298023224,
              0.3999999910593033,
              0.29999999701976776,
              0.30000001192092896,
              0.29999999701976776,
              0.29999999701976776,
              0.29999999701976776,
              0.30000001192092896,
              0.4000000059604645,
              0.3999999910593033,
              0.29999999701976776,
              0.4000000059604645,
              0.29999999701976776,
              0.4000000059604645,
              0.3999999910593033,
              0.20000000298023224,
              0.29999999701976776,
              0.4000000059604645,
              0.20000000298023224,
              0.19999998807907104,
              0.29999999701976776,
              0.20000000298023224,
              0.29999999701976776,
              0.4000000059604645,
              0.20000000298023224,
              0.3999999910593033,
              0.29999999701976776,
              0.20000000298023224,
              0.29999999701976776,
              0.20000000298023224,
              0.29999999701976776,
              0.29999999701976776,
              0.4000000059604645,
              0.3999999910593033,
              0.3999999910593033,
              0.20000000298023224,
              0.30000001192092896,
              0.30000001192092896,
              0.29999999701976776,
              0.20000000298023224,
              0.29999999701976776,
              0.29999999701976776,
              0.4000000059604645,
              0.29999999701976776,
              0.19999998807907104,
              0.4000000059604645,
              0.29999999701976776,
              0.19999998807907104,
              0.29999999701976776,
              0.29999999701976776,
              0.4000000059604645,
              0.29999999701976776,
              0.5,
              0.3999999910593033,
              0.3999999910593033,
              0.4000000059604645,
              0.29999999701976776,
              0.29999999701976776,
              0.20000000298023224,
              0.29999999701976776,
              0.29999999701976776,
              0.4000000059604645,
              0.19999998807907104,
              0.29999999701976776,
              0.10000000894069672,
              0.30000001192092896,
              0.4000000059604645,
              0.30000001192092896,
              0.3999999910593033,
              0.30000001192092896,
              0.3999999910593033,
              0.29999999701976776,
              0.29999999701976776,
              0.29999999701976776,
              0.30000001192092896,
              0.29999999701976776,
              0.4000000059604645,
              0.3999999910593033,
              0.29999999701976776,
              0.4000000059604645,
              0.20000000298023224,
              0.29999999701976776,
              0.4000000059604645,
              0.29999999701976776,
              0.20000000298023224,
              0.4000000059604645,
              0.29999999701976776,
              0.30000001192092896,
              0.4000000059604645,
              0.30000001192092896,
              0.20000000298023224,
              0.30000001192092896,
              0.29999999701976776,
              0.3999999910593033,
              0.4000000059604645,
              0.29999999701976776,
              0.20000000298023224,
              0.30000001192092896,
              0.29999999701976776,
              0.29999999701976776,
              0.29999999701976776,
              0.29999999701976776,
              0.3999999910593033,
              0.19999998807907104,
              0.29999999701976776,
              0.29999999701976776,
              0.4000000059604645,
              0.4000000059604645,
              0.29999999701976776,
              0.4000000059604645,
              0.29999999701976776,
              0.29999999701976776,
              0.29999999701976776,
              0.4000000059604645,
              0.30000001192092896,
              0.29999999701976776,
              0.3999999910593033,
              0.29999999701976776,
              0.4000000059604645,
              0.29999999701976776,
              0.29999999701976776,
              0.20000000298023224,
              0.29999999701976776,
              0.29999999701976776,
              0.4000000059604645,
              0.4000000059604645,
              0.4000000059604645,
              0.4000000059604645,
              0.29999999701976776,
              0.4000000059604645,
              0.5,
              0.29999999701976776,
              0.29999999701976776,
              0.4000000059604645,
              0.4000000059604645,
              0.29999999701976776,
              0.20000000298023224,
              0.29999999701976776,
              0.3999999910593033,
              0.30000001192092896,
              0.29999999701976776,
              0.3999999910593033,
              0.3999999910593033,
              0.4000000059604645,
              0.29999999701976776,
              0.30000001192092896,
              0.3999999910593033,
              0.29999999701976776,
              0.4000000059604645,
              0.3999999910593033,
              0.29999999701976776,
              0.4000000059604645,
              0.3999999910593033,
              0.29999999701976776,
              0.29999999701976776,
              0.3999999910593033,
              0.29999999701976776,
              0.5,
              0.3999999910593033,
              0.29999999701976776,
              0.20000000298023224,
              0.30000001192092896,
              0.3999999910593033,
              0.20000000298023224,
              0.4000000059604645,
              0.29999999701976776,
              0.29999999701976776,
              0.4000000059604645,
              0.4000000059604645,
              0.29999999701976776,
              0.4000000059604645,
              0.30000001192092896,
              0.5,
              0.4000000059604645,
              0.3999999910593033,
              0.4000000059604645,
              0.29999999701976776,
              0.29999999701976776,
              0.29999999701976776,
              0.4000000059604645,
              0.5,
              0.4000000059604645,
              0.20000000298023224,
              0.29999999701976776,
              0.4000000059604645,
              0.29999999701976776,
              0.3999999910593033,
              0.3999999910593033,
              0.3999999910593033,
              0.30000001192092896,
              0.29999999701976776,
              0.4000000059604645,
              0.19999998807907104,
              0.3999999910593033,
              0.29999999701976776,
              0.3999999910593033,
              0.29999999701976776,
              0.3999999910593033,
              0.3999999910593033,
              0.30000001192092896,
              0.29999999701976776,
              0.29999999701976776,
              0.5,
              0.5,
              0.29999999701976776,
              0.5,
              0.4000000059604645,
              0.29999999701976776,
              0.3999999910593033,
              0.29999999701976776,
              0.4000000059604645,
              0.20000000298023224,
              0.5,
              0.3999999910593033,
              0.7000000029802322,
              0.29999999701976776,
              0.3999999910593033,
              0.4000000059604645,
              0.4000000059604645,
              0.29999999701976776,
              0.3999999910593033,
              0.29999999701976776,
              0.3999999910593033,
              0.3999999910593033,
              0.3999999910593033,
              0.30000001192092896,
              0.4000000059604645,
              0.4000000059604645,
              0.29999999701976776,
              0.3999999910593033,
              0.30000001192092896,
              0.29999999701976776,
              0.29999999701976776,
              0.30000001192092896,
              0.4000000059604645,
              0.3999999910593033,
              0.30000001192092896,
              0.29999999701976776,
              0.29999999701976776,
              0.4000000059604645,
              0.29999999701976776,
              0.3999999910593033,
              0.30000001192092896,
              0.29999999701976776,
              0.29999999701976776,
              0.29999999701976776,
              0.29999999701976776,
              0.20000000298023224,
              0.4000000059604645,
              0.5,
              0.4000000059604645
            ]
          },
          "fluid": {
            "pendingCellCount": 0,
            "inFlightLeaseCount": 0,
            "acceptedCandidateCount": 0,
            "rejectedCandidateCount": 0,
            "returnedLeaseCount": 0,
            "issuedLeaseCount": 0,
            "settledLeaseCount": 0
          },
          "residency": {
            "residentCount": 59,
            "target": 256,
            "hardLimit": 2048,
            "pinnedCount": 38,
            "dirtyCount": 0,
            "evictableCleanCount": 21,
            "evictionCount": 0,
            "rejectedAdmissionCount": 0,
            "oversubscribed": false,
            "autoSaveInFlight": false,
            "autoSaveFailureCount": 0,
            "nextRetryActiveTimeMs": 0,
            "lastSaveError": null
          },
          "bodies": {
            "total": 3,
            "actors": 3,
            "worldItems": 0,
            "nearPlayer": 1
          },
          "snapshotRejections": {
            "wrong-epoch": 0,
            "duplicate": 13,
            "physics-tick-regressed": 0,
            "commit-regressed": 0,
            "ack-regressed": 0
          }
        },
        "logic": {
          "blockStartedCount": 0,
          "blockCompletedCount": 0,
          "observationInFlight": true,
          "pendingObservationCount": 0,
          "submittedObservationCount": 2590,
          "receivedBatchCount": 2589,
          "completedBatchCount": 2589,
          "rejectedBatchCount": 0,
          "lastRoundTripMs": 0.30000001192092896
        },
        "trajectory": [
          {
            "physicsTick": 11327,
            "activeTimeMs": 188791.29999999504,
            "position": [
              65.95881945378738,
              32.73666766666667,
              2.4981569866156805
            ]
          },
          {
            "physicsTick": 11328,
            "activeTimeMs": 188813.29999999504,
            "position": [
              65.95881945378738,
              32.635001,
              2.4981569866156805
            ]
          },
          {
            "physicsTick": 11330,
            "activeTimeMs": 188836.59999999206,
            "position": [
              65.95881945378738,
              32.600001,
              2.4981569866156805
            ]
          },
          {
            "physicsTick": 11331,
            "activeTimeMs": 188861.1999999861,
            "position": [
              65.95881945378738,
              32.600001,
              2.4981569866156805
            ]
          },
          {
            "physicsTick": 11332,
            "activeTimeMs": 188879.89999998908,
            "position": [
              65.95881945378738,
              32.600001,
              2.4981569866156805
            ]
          },
          {
            "physicsTick": 11334,
            "activeTimeMs": 188902.1999999861,
            "position": [
              65.95881945378738,
              32.600001,
              2.4981569866156805
            ]
          },
          {
            "physicsTick": 11335,
            "activeTimeMs": 188919.39999998908,
            "position": [
              65.95881945378738,
              32.600001,
              2.4981569866156805
            ]
          },
          {
            "physicsTick": 11336,
            "activeTimeMs": 188942.59999999206,
            "position": [
              65.95881945378738,
              32.600001,
              2.4981569866156805
            ]
          },
          {
            "physicsTick": 11337,
            "activeTimeMs": 188959.89999998908,
            "position": [
              65.95881945378738,
              32.600001,
              2.4981569866156805
            ]
          },
          {
            "physicsTick": 11338,
            "activeTimeMs": 188981.09999999206,
            "position": [
              65.95881945378738,
              32.600001,
              2.4981569866156805
            ]
          },
          {
            "physicsTick": 11340,
            "activeTimeMs": 189004.89999998908,
            "position": [
              65.95881945378738,
              32.600001,
              2.4981569866156805
            ]
          },
          {
            "physicsTick": 11341,
            "activeTimeMs": 189028.29999999504,
            "position": [
              65.95881945378738,
              32.600001,
              2.4981569866156805
            ]
          },
          {
            "physicsTick": 11342,
            "activeTimeMs": 189044.99999998312,
            "position": [
              65.95881945378738,
              32.600001,
              2.4981569866156805
            ]
          },
          {
            "physicsTick": 11343,
            "activeTimeMs": 189063.59999999206,
            "position": [
              65.95881945378738,
              32.600001,
              2.4981569866156805
            ]
          },
          {
            "physicsTick": 11345,
            "activeTimeMs": 189085.1999999861,
            "position": [
              65.95881945378738,
              32.600001,
              2.4981569866156805
            ]
          },
          {
            "physicsTick": 11346,
            "activeTimeMs": 189107.89999998908,
            "position": [
              65.95881945378738,
              32.600001,
              2.4981569866156805
            ]
          },
          {
            "physicsTick": 11347,
            "activeTimeMs": 189127.89999998908,
            "position": [
              65.95881945378738,
              32.600001,
              2.4981569866156805
            ]
          },
          {
            "physicsTick": 11348,
            "activeTimeMs": 189148.09999999206,
            "position": [
              65.95881945378738,
              32.600001,
              2.4981569866156805
            ]
          },
          {
            "physicsTick": 11350,
            "activeTimeMs": 189176.39999998908,
            "position": [
              65.95881945378738,
              32.600001,
              2.4981569866156805
            ]
          },
          {
            "physicsTick": 11351,
            "activeTimeMs": 189197.1999999861,
            "position": [
              65.95881945378738,
              32.600001,
              2.4981569866156805
            ]
          },
          {
            "physicsTick": 11353,
            "activeTimeMs": 189221.1999999861,
            "position": [
              65.95881945378738,
              32.600001,
              2.4981569866156805
            ]
          },
          {
            "physicsTick": 11354,
            "activeTimeMs": 189245.1999999861,
            "position": [
              65.95881945378738,
              32.600001,
              2.4981569866156805
            ]
          },
          {
            "physicsTick": 11356,
            "activeTimeMs": 189269.39999998908,
            "position": [
              65.95881945378738,
              32.600001,
              2.4981569866156805
            ]
          },
          {
            "physicsTick": 11357,
            "activeTimeMs": 189286.39999998908,
            "position": [
              65.95881945378738,
              32.600001,
              2.4981569866156805
            ]
          },
          {
            "physicsTick": 11358,
            "activeTimeMs": 189309.49999998312,
            "position": [
              65.95881945378738,
              32.600001,
              2.4981569866156805
            ]
          },
          {
            "physicsTick": 11360,
            "activeTimeMs": 189335.49999998312,
            "position": [
              65.95881945378738,
              32.600001,
              2.4981569866156805
            ]
          },
          {
            "physicsTick": 11361,
            "activeTimeMs": 189356.89999998908,
            "position": [
              65.95881945378738,
              32.600001,
              2.4981569866156805
            ]
          },
          {
            "physicsTick": 11362,
            "activeTimeMs": 189375.09999999206,
            "position": [
              65.95881945378738,
              32.600001,
              2.4981569866156805
            ]
          },
          {
            "physicsTick": 11363,
            "activeTimeMs": 189397.89999998908,
            "position": [
              65.95881945378738,
              32.600001,
              2.4981569866156805
            ]
          },
          {
            "physicsTick": 11364,
            "activeTimeMs": 189414.6999999861,
            "position": [
              65.95881945378738,
              32.600001,
              2.4981569866156805
            ]
          },
          {
            "physicsTick": 11366,
            "activeTimeMs": 189437.1999999861,
            "position": [
              65.95881945378738,
              32.600001,
              2.4981569866156805
            ]
          },
          {
            "physicsTick": 11367,
            "activeTimeMs": 189460.49999998312,
            "position": [
              65.95881945378738,
              32.600001,
              2.4981569866156805
            ]
          },
          {
            "physicsTick": 11369,
            "activeTimeMs": 189485.99999998312,
            "position": [
              65.95881945378738,
              32.600001,
              2.4981569866156805
            ]
          },
          {
            "physicsTick": 11370,
            "activeTimeMs": 189502.89999998908,
            "position": [
              65.95881945378738,
              32.600001,
              2.4981569866156805
            ]
          },
          {
            "physicsTick": 11371,
            "activeTimeMs": 189526.89999998908,
            "position": [
              65.95881945378738,
              32.600001,
              2.4981569866156805
            ]
          },
          {
            "physicsTick": 11373,
            "activeTimeMs": 189552.09999999206,
            "position": [
              65.95881945378738,
              32.600001,
              2.4981569866156805
            ]
          },
          {
            "physicsTick": 11374,
            "activeTimeMs": 189573.89999998908,
            "position": [
              65.95881945378738,
              32.600001,
              2.4981569866156805
            ]
          },
          {
            "physicsTick": 11375,
            "activeTimeMs": 189599.59999999206,
            "position": [
              65.95881945378738,
              32.600001,
              2.4981569866156805
            ]
          },
          {
            "physicsTick": 11377,
            "activeTimeMs": 189620.99999998312,
            "position": [
              65.95881945378738,
              32.600001,
              2.4981569866156805
            ]
          },
          {
            "physicsTick": 11378,
            "activeTimeMs": 189637.99999998312,
            "position": [
              65.95881945378738,
              32.600001,
              2.4981569866156805
            ]
          },
          {
            "physicsTick": 11379,
            "activeTimeMs": 189660.79999999504,
            "position": [
              65.95881945378738,
              32.600001,
              2.4981569866156805
            ]
          },
          {
            "physicsTick": 11381,
            "activeTimeMs": 189686.09999999206,
            "position": [
              65.95881945378738,
              32.600001,
              2.4981569866156805
            ]
          },
          {
            "physicsTick": 11382,
            "activeTimeMs": 189711.09999999206,
            "position": [
              65.95881945378738,
              32.600001,
              2.4981569866156805
            ]
          },
          {
            "physicsTick": 11384,
            "activeTimeMs": 189735.79999999504,
            "position": [
              65.95881945378738,
              32.600001,
              2.4981569866156805
            ]
          },
          {
            "physicsTick": 11385,
            "activeTimeMs": 189755.79999999504,
            "position": [
              65.95881945378738,
              32.600001,
              2.4981569866156805
            ]
          },
          {
            "physicsTick": 11386,
            "activeTimeMs": 189773.99999998312,
            "position": [
              65.95881945378738,
              32.600001,
              2.4981569866156805
            ]
          },
          {
            "physicsTick": 11387,
            "activeTimeMs": 189798.29999999504,
            "position": [
              65.95881945378738,
              32.600001,
              2.4981569866156805
            ]
          },
          {
            "physicsTick": 11389,
            "activeTimeMs": 189822.1999999861,
            "position": [
              65.95881945378738,
              32.600001,
              2.4981569866156805
            ]
          },
          {
            "physicsTick": 11390,
            "activeTimeMs": 189847.6999999861,
            "position": [
              65.95881945378738,
              32.600001,
              2.4981569866156805
            ]
          },
          {
            "physicsTick": 11392,
            "activeTimeMs": 189870.99999998312,
            "position": [
              65.95881945378738,
              32.600001,
              2.4981569866156805
            ]
          },
          {
            "physicsTick": 11393,
            "activeTimeMs": 189895.59999999206,
            "position": [
              65.95881945378738,
              32.600001,
              2.4981569866156805
            ]
          },
          {
            "physicsTick": 11395,
            "activeTimeMs": 189919.39999998908,
            "position": [
              65.95881945378738,
              32.600001,
              2.4981569866156805
            ]
          },
          {
            "physicsTick": 11396,
            "activeTimeMs": 189936.29999999504,
            "position": [
              65.95881945378738,
              32.600001,
              2.4981569866156805
            ]
          },
          {
            "physicsTick": 11397,
            "activeTimeMs": 189957.39999998908,
            "position": [
              65.95881945378738,
              32.600001,
              2.4981569866156805
            ]
          },
          {
            "physicsTick": 11398,
            "activeTimeMs": 189974.39999998908,
            "position": [
              65.95881945378738,
              32.600001,
              2.4981569866156805
            ]
          },
          {
            "physicsTick": 11400,
            "activeTimeMs": 189999.99999998312,
            "position": [
              65.95881945378738,
              32.600001,
              2.4981569866156805
            ]
          },
          {
            "physicsTick": 11401,
            "activeTimeMs": 190020.99999998312,
            "position": [
              65.95881945378738,
              32.600001,
              2.4981569866156805
            ]
          },
          {
            "physicsTick": 11402,
            "activeTimeMs": 190048.29999999504,
            "position": [
              65.95881945378738,
              32.600001,
              2.4981569866156805
            ]
          },
          {
            "physicsTick": 11404,
            "activeTimeMs": 190069.59999999206,
            "position": [
              65.95881945378738,
              32.600001,
              2.4981569866156805
            ]
          },
          {
            "physicsTick": 11405,
            "activeTimeMs": 190095.49999998312,
            "position": [
              65.95881945378738,
              32.600001,
              2.4981569866156805
            ]
          },
          {
            "physicsTick": 11407,
            "activeTimeMs": 190118.6999999861,
            "position": [
              65.95881945378738,
              32.600001,
              2.4981569866156805
            ]
          },
          {
            "physicsTick": 11408,
            "activeTimeMs": 190135.6999999861,
            "position": [
              65.95881945378738,
              32.600001,
              2.4981569866156805
            ]
          },
          {
            "physicsTick": 11409,
            "activeTimeMs": 190157.29999999504,
            "position": [
              65.95881945378738,
              32.600001,
              2.4981569866156805
            ]
          },
          {
            "physicsTick": 11410,
            "activeTimeMs": 190175.49999998312,
            "position": [
              65.95881945378738,
              32.600001,
              2.4981569866156805
            ]
          },
          {
            "physicsTick": 11412,
            "activeTimeMs": 190200.09999999206,
            "position": [
              65.95881945378738,
              32.600001,
              2.4981569866156805
            ]
          },
          {
            "physicsTick": 11413,
            "activeTimeMs": 190222.59999999206,
            "position": [
              65.95881945378738,
              32.600001,
              2.4981569866156805
            ]
          },
          {
            "physicsTick": 11414,
            "activeTimeMs": 190244.29999999504,
            "position": [
              65.95881945378738,
              32.600001,
              2.4981569866156805
            ]
          },
          {
            "physicsTick": 11415,
            "activeTimeMs": 190262.79999999504,
            "position": [
              65.95881945378738,
              32.600001,
              2.4981569866156805
            ]
          },
          {
            "physicsTick": 11416,
            "activeTimeMs": 190279.89999998908,
            "position": [
              65.95881945378738,
              32.600001,
              2.4981569866156805
            ]
          },
          {
            "physicsTick": 11418,
            "activeTimeMs": 190302.1999999861,
            "position": [
              65.95881945378738,
              32.600001,
              2.4981569866156805
            ]
          },
          {
            "physicsTick": 11419,
            "activeTimeMs": 190325.99999998312,
            "position": [
              65.95881945378738,
              32.600001,
              2.4981569866156805
            ]
          },
          {
            "physicsTick": 11421,
            "activeTimeMs": 190351.49999998312,
            "position": [
              65.95881945378738,
              32.600001,
              2.4981569866156805
            ]
          },
          {
            "physicsTick": 11422,
            "activeTimeMs": 190368.29999999504,
            "position": [
              65.95881945378738,
              32.600001,
              2.4981569866156805
            ]
          },
          {
            "physicsTick": 11423,
            "activeTimeMs": 190389.29999999504,
            "position": [
              65.95881945378738,
              32.600001,
              2.4981569866156805
            ]
          },
          {
            "physicsTick": 11424,
            "activeTimeMs": 190413.89999998908,
            "position": [
              65.95881945378738,
              32.600001,
              2.4981569866156805
            ]
          },
          {
            "physicsTick": 11425,
            "activeTimeMs": 190431.79999999504,
            "position": [
              65.95881945378738,
              32.600001,
              2.4981569866156805
            ]
          },
          {
            "physicsTick": 11427,
            "activeTimeMs": 190453.09999999206,
            "position": [
              65.95881945378738,
              32.600001,
              2.4981569866156805
            ]
          },
          {
            "physicsTick": 11428,
            "activeTimeMs": 190470.79999999504,
            "position": [
              65.95881945378738,
              32.600001,
              2.4981569866156805
            ]
          },
          {
            "physicsTick": 11429,
            "activeTimeMs": 190494.99999998312,
            "position": [
              65.95881945378738,
              32.600001,
              2.4981569866156805
            ]
          },
          {
            "physicsTick": 11431,
            "activeTimeMs": 190520.6999999861,
            "position": [
              65.95881945378738,
              32.600001,
              2.4981569866156805
            ]
          },
          {
            "physicsTick": 11432,
            "activeTimeMs": 190541.89999998908,
            "position": [
              65.95881945378738,
              32.600001,
              2.4981569866156805
            ]
          },
          {
            "physicsTick": 11434,
            "activeTimeMs": 190567.39999998908,
            "position": [
              65.95881945378738,
              32.600001,
              2.4981569866156805
            ]
          },
          {
            "physicsTick": 11435,
            "activeTimeMs": 190590.39999998908,
            "position": [
              65.95881945378738,
              32.600001,
              2.4981569866156805
            ]
          },
          {
            "physicsTick": 11436,
            "activeTimeMs": 190614.49999998312,
            "position": [
              65.95881945378738,
              32.600001,
              2.4981569866156805
            ]
          },
          {
            "physicsTick": 11438,
            "activeTimeMs": 190637.79999999504,
            "position": [
              65.95881945378738,
              32.600001,
              2.4981569866156805
            ]
          },
          {
            "physicsTick": 11439,
            "activeTimeMs": 190662.89999998908,
            "position": [
              65.95881945378738,
              32.600001,
              2.4981569866156805
            ]
          },
          {
            "physicsTick": 11440,
            "activeTimeMs": 190680.1999999861,
            "position": [
              65.95881945378738,
              32.600001,
              2.4981569866156805
            ]
          },
          {
            "physicsTick": 11442,
            "activeTimeMs": 190701.89999998908,
            "position": [
              65.95881945378738,
              32.600001,
              2.4981569866156805
            ]
          },
          {
            "physicsTick": 11443,
            "activeTimeMs": 190718.6999999861,
            "position": [
              65.95881945378738,
              32.600001,
              2.4981569866156805
            ]
          },
          {
            "physicsTick": 11444,
            "activeTimeMs": 190735.6999999861,
            "position": [
              65.95881945378738,
              32.600001,
              2.4981569866156805
            ]
          },
          {
            "physicsTick": 11445,
            "activeTimeMs": 190758.59999999206,
            "position": [
              65.95881945378738,
              32.600001,
              2.4981569866156805
            ]
          },
          {
            "physicsTick": 11446,
            "activeTimeMs": 190775.59999999206,
            "position": [
              65.95881945378738,
              32.600001,
              2.4981569866156805
            ]
          },
          {
            "physicsTick": 11447,
            "activeTimeMs": 190795.39999998908,
            "position": [
              65.95881945378738,
              32.600001,
              2.4981569866156805
            ]
          },
          {
            "physicsTick": 11448,
            "activeTimeMs": 190814.1999999861,
            "position": [
              65.95881945378738,
              32.600001,
              2.4981569866156805
            ]
          },
          {
            "physicsTick": 11449,
            "activeTimeMs": 190831.89999998908,
            "position": [
              65.95881945378738,
              32.600001,
              2.4981569866156805
            ]
          },
          {
            "physicsTick": 11451,
            "activeTimeMs": 190852.6999999861,
            "position": [
              65.95881945378738,
              32.600001,
              2.4981569866156805
            ]
          },
          {
            "physicsTick": 11452,
            "activeTimeMs": 190880.29999999504,
            "position": [
              65.95881945378738,
              32.600001,
              2.4981569866156805
            ]
          },
          {
            "physicsTick": 11454,
            "activeTimeMs": 190903.1999999861,
            "position": [
              65.95881945378738,
              32.600001,
              2.4981569866156805
            ]
          },
          {
            "physicsTick": 11455,
            "activeTimeMs": 190926.09999999206,
            "position": [
              65.95881945378738,
              32.600001,
              2.4981569866156805
            ]
          },
          {
            "physicsTick": 11457,
            "activeTimeMs": 190950.79999999504,
            "position": [
              65.95881945378738,
              32.600001,
              2.4981569866156805
            ]
          },
          {
            "physicsTick": 11458,
            "activeTimeMs": 190968.59999999206,
            "position": [
              65.95881945378738,
              32.600001,
              2.4981569866156805
            ]
          },
          {
            "physicsTick": 11459,
            "activeTimeMs": 190990.59999999206,
            "position": [
              65.95881945378738,
              32.600001,
              2.4981569866156805
            ]
          },
          {
            "physicsTick": 11460,
            "activeTimeMs": 191013.89999998908,
            "position": [
              65.95881945378738,
              32.600001,
              2.4981569866156805
            ]
          },
          {
            "physicsTick": 11461,
            "activeTimeMs": 191031.6999999861,
            "position": [
              65.95881945378738,
              32.600001,
              2.4981569866156805
            ]
          },
          {
            "physicsTick": 11463,
            "activeTimeMs": 191052.89999998908,
            "position": [
              65.95881945378738,
              32.600001,
              2.4981569866156805
            ]
          },
          {
            "physicsTick": 11464,
            "activeTimeMs": 191076.99999998312,
            "position": [
              65.95881945378738,
              32.600001,
              2.4981569866156805
            ]
          },
          {
            "physicsTick": 11465,
            "activeTimeMs": 191096.29999999504,
            "position": [
              65.95881945378738,
              32.600001,
              2.4981569866156805
            ]
          },
          {
            "physicsTick": 11467,
            "activeTimeMs": 191117.89999998908,
            "position": [
              65.95881945378738,
              32.600001,
              2.4981569866156805
            ]
          },
          {
            "physicsTick": 11468,
            "activeTimeMs": 191142.09999999206,
            "position": [
              65.95881945378738,
              32.600001,
              2.4981569866156805
            ]
          },
          {
            "physicsTick": 11470,
            "activeTimeMs": 191166.99999998312,
            "position": [
              65.95881945378738,
              32.600001,
              2.4981569866156805
            ]
          },
          {
            "physicsTick": 11471,
            "activeTimeMs": 191183.89999998908,
            "position": [
              65.95881945378738,
              32.600001,
              2.4981569866156805
            ]
          },
          {
            "physicsTick": 11472,
            "activeTimeMs": 191205.6999999861,
            "position": [
              65.95881945378738,
              32.600001,
              2.4981569866156805
            ]
          },
          {
            "physicsTick": 11473,
            "activeTimeMs": 191231.1999999861,
            "position": [
              65.95881945378738,
              32.600001,
              2.4981569866156805
            ]
          },
          {
            "physicsTick": 11474,
            "activeTimeMs": 191248.09999999206,
            "position": [
              65.95881945378738,
              32.600001,
              2.4981569866156805
            ]
          },
          {
            "physicsTick": 11476,
            "activeTimeMs": 191268.6999999861,
            "position": [
              65.95881945378738,
              32.600001,
              2.4981569866156805
            ]
          },
          {
            "physicsTick": 11477,
            "activeTimeMs": 191295.79999999504,
            "position": [
              65.95881945378738,
              32.600001,
              2.4981569866156805
            ]
          },
          {
            "physicsTick": 11479,
            "activeTimeMs": 191317.99999998312,
            "position": [
              65.95881945378738,
              32.600001,
              2.4981569866156805
            ]
          },
          {
            "physicsTick": 11480,
            "activeTimeMs": 191342.49999998312,
            "position": [
              65.95881945378738,
              32.600001,
              2.4981569866156805
            ]
          },
          {
            "physicsTick": 11482,
            "activeTimeMs": 191368.09999999206,
            "position": [
              65.95881945378738,
              32.600001,
              2.4981569866156805
            ]
          },
          {
            "physicsTick": 11483,
            "activeTimeMs": 191390.09999999206,
            "position": [
              65.95881945378738,
              32.600001,
              2.4981569866156805
            ]
          },
          {
            "physicsTick": 11484,
            "activeTimeMs": 191414.39999998908,
            "position": [
              65.95881945378738,
              32.600001,
              2.4981569866156805
            ]
          },
          {
            "physicsTick": 11485,
            "activeTimeMs": 191431.89999998908,
            "position": [
              65.95881945378738,
              32.600001,
              2.4981569866156805
            ]
          },
          {
            "physicsTick": 11487,
            "activeTimeMs": 191452.79999999504,
            "position": [
              65.95881945378738,
              32.600001,
              2.4981569866156805
            ]
          },
          {
            "physicsTick": 11488,
            "activeTimeMs": 191469.49999998312,
            "position": [
              65.95881945378738,
              32.600001,
              2.4981569866156805
            ]
          },
          {
            "physicsTick": 11489,
            "activeTimeMs": 191492.59999999206,
            "position": [
              65.95881945378738,
              32.600001,
              2.4981569866156805
            ]
          },
          {
            "physicsTick": 11491,
            "activeTimeMs": 191519.49999998312,
            "position": [
              65.95881945378738,
              32.600001,
              2.4981569866156805
            ]
          },
          {
            "physicsTick": 11492,
            "activeTimeMs": 191536.1999999861,
            "position": [
              65.95881945378738,
              32.600001,
              2.4981569866156805
            ]
          },
          {
            "physicsTick": 11493,
            "activeTimeMs": 191556.89999998908,
            "position": [
              65.95881945378738,
              32.600001,
              2.4981569866156805
            ]
          },
          {
            "physicsTick": 11494,
            "activeTimeMs": 191574.1999999861,
            "position": [
              65.95881945378738,
              32.600001,
              2.4981569866156805
            ]
          },
          {
            "physicsTick": 11496,
            "activeTimeMs": 191600.09999999206,
            "position": [
              65.95881945378738,
              32.600001,
              2.4981569866156805
            ]
          },
          {
            "physicsTick": 11497,
            "activeTimeMs": 191623.39999998908,
            "position": [
              65.95881945378738,
              32.600001,
              2.4981569866156805
            ]
          },
          {
            "physicsTick": 11498,
            "activeTimeMs": 191648.6999999861,
            "position": [
              65.95881945378738,
              32.600001,
              2.4981569866156805
            ]
          },
          {
            "physicsTick": 11500,
            "activeTimeMs": 191669.39999998908,
            "position": [
              65.95881945378738,
              32.600001,
              2.4981569866156805
            ]
          },
          {
            "physicsTick": 11501,
            "activeTimeMs": 191695.89999998908,
            "position": [
              65.95881945378738,
              32.600001,
              2.4981569866156805
            ]
          },
          {
            "physicsTick": 11503,
            "activeTimeMs": 191717.99999998312,
            "position": [
              65.95881945378738,
              32.600001,
              2.4981569866156805
            ]
          },
          {
            "physicsTick": 11504,
            "activeTimeMs": 191736.09999999206,
            "position": [
              65.95881945378738,
              32.600001,
              2.4981569866156805
            ]
          },
          {
            "physicsTick": 11505,
            "activeTimeMs": 191757.6999999861,
            "position": [
              65.95881945378738,
              32.600001,
              2.4981569866156805
            ]
          },
          {
            "physicsTick": 11506,
            "activeTimeMs": 191781.1999999861,
            "position": [
              65.95881945378738,
              32.600001,
              2.4981569866156805
            ]
          },
          {
            "physicsTick": 11508,
            "activeTimeMs": 191799.99999998312,
            "position": [
              65.95881945378738,
              32.600001,
              2.4981569866156805
            ]
          },
          {
            "physicsTick": 11509,
            "activeTimeMs": 191820.99999998312,
            "position": [
              65.95881945378738,
              32.600001,
              2.4981569866156805
            ]
          },
          {
            "physicsTick": 11510,
            "activeTimeMs": 191847.49999998312,
            "position": [
              65.95881945378738,
              32.600001,
              2.4981569866156805
            ]
          },
          {
            "physicsTick": 11512,
            "activeTimeMs": 191869.1999999861,
            "position": [
              65.95881945378738,
              32.600001,
              2.4981569866156805
            ]
          },
          {
            "physicsTick": 11513,
            "activeTimeMs": 191895.09999999206,
            "position": [
              65.95881945378738,
              32.600001,
              2.4981569866156805
            ]
          },
          {
            "physicsTick": 11515,
            "activeTimeMs": 191917.29999999504,
            "position": [
              65.95881945378738,
              32.600001,
              2.4981569866156805
            ]
          },
          {
            "physicsTick": 11516,
            "activeTimeMs": 191936.09999999206,
            "position": [
              65.95881945378738,
              32.600001,
              2.4981569866156805
            ]
          },
          {
            "physicsTick": 11517,
            "activeTimeMs": 191956.99999998312,
            "position": [
              65.95881945378738,
              32.600001,
              2.4981569866156805
            ]
          },
          {
            "physicsTick": 11518,
            "activeTimeMs": 191973.79999999504,
            "position": [
              65.95881945378738,
              32.600001,
              2.4981569866156805
            ]
          },
          {
            "physicsTick": 11519,
            "activeTimeMs": 191997.1999999861,
            "position": [
              65.95881945378738,
              32.600001,
              2.4981569866156805
            ]
          },
          {
            "physicsTick": 11521,
            "activeTimeMs": 192021.29999999504,
            "position": [
              65.95881945378738,
              32.600001,
              2.4981569866156805
            ]
          },
          {
            "physicsTick": 11522,
            "activeTimeMs": 192048.39999998908,
            "position": [
              65.95881945378738,
              32.600001,
              2.4981569866156805
            ]
          },
          {
            "physicsTick": 11524,
            "activeTimeMs": 192068.79999999504,
            "position": [
              65.95881945378738,
              32.600001,
              2.4981569866156805
            ]
          },
          {
            "physicsTick": 11525,
            "activeTimeMs": 192085.89999998908,
            "position": [
              65.95881945378738,
              32.600001,
              2.4981569866156805
            ]
          },
          {
            "physicsTick": 11526,
            "activeTimeMs": 192108.59999999206,
            "position": [
              65.95881945378738,
              32.600001,
              2.4981569866156805
            ]
          },
          {
            "physicsTick": 11528,
            "activeTimeMs": 192134.09999999206,
            "position": [
              65.95881945378738,
              32.600001,
              2.4981569866156805
            ]
          },
          {
            "physicsTick": 11529,
            "activeTimeMs": 192157.29999999504,
            "position": [
              65.95881945378738,
              32.600001,
              2.4981569866156805
            ]
          },
          {
            "physicsTick": 11530,
            "activeTimeMs": 192182.1999999861,
            "position": [
              65.95881945378738,
              32.600001,
              2.4981569866156805
            ]
          },
          {
            "physicsTick": 11531,
            "activeTimeMs": 192199.49999998312,
            "position": [
              65.95881945378738,
              32.600001,
              2.4981569866156805
            ]
          },
          {
            "physicsTick": 11533,
            "activeTimeMs": 192220.89999998908,
            "position": [
              65.95881945378738,
              32.600001,
              2.4981569866156805
            ]
          },
          {
            "physicsTick": 11534,
            "activeTimeMs": 192247.99999998312,
            "position": [
              65.95881945378738,
              32.600001,
              2.4981569866156805
            ]
          },
          {
            "physicsTick": 11536,
            "activeTimeMs": 192268.49999998312,
            "position": [
              65.95881945378738,
              32.600001,
              2.4981569866156805
            ]
          },
          {
            "physicsTick": 11537,
            "activeTimeMs": 192295.89999998908,
            "position": [
              65.95881945378738,
              32.600001,
              2.4981569866156805
            ]
          },
          {
            "physicsTick": 11539,
            "activeTimeMs": 192317.89999998908,
            "position": [
              65.95881945378738,
              32.600001,
              2.4981569866156805
            ]
          },
          {
            "physicsTick": 11540,
            "activeTimeMs": 192335.09999999206,
            "position": [
              65.95881945378738,
              32.600001,
              2.4981569866156805
            ]
          },
          {
            "physicsTick": 11541,
            "activeTimeMs": 192357.6999999861,
            "position": [
              65.95881945378738,
              32.600001,
              2.4981569866156805
            ]
          },
          {
            "physicsTick": 11542,
            "activeTimeMs": 192382.99999998312,
            "position": [
              65.95881945378738,
              32.600001,
              2.4981569866156805
            ]
          },
          {
            "physicsTick": 11544,
            "activeTimeMs": 192400.29999999504,
            "position": [
              65.95881945378738,
              32.600001,
              2.4981569866156805
            ]
          },
          {
            "physicsTick": 11545,
            "activeTimeMs": 192421.6999999861,
            "position": [
              65.95881945378738,
              32.600001,
              2.4981569866156805
            ]
          },
          {
            "physicsTick": 11546,
            "activeTimeMs": 192448.49999998312,
            "position": [
              65.95881945378738,
              32.600001,
              2.4981569866156805
            ]
          },
          {
            "physicsTick": 11548,
            "activeTimeMs": 192468.1999999861,
            "position": [
              65.95881945378738,
              32.600001,
              2.4981569866156805
            ]
          },
          {
            "physicsTick": 11549,
            "activeTimeMs": 192496.6999999861,
            "position": [
              65.95881945378738,
              32.600001,
              2.4981569866156805
            ]
          },
          {
            "physicsTick": 11551,
            "activeTimeMs": 192519.49999998312,
            "position": [
              65.95881945378738,
              32.600001,
              2.4981569866156805
            ]
          },
          {
            "physicsTick": 11552,
            "activeTimeMs": 192536.1999999861,
            "position": [
              65.95881945378738,
              32.600001,
              2.4981569866156805
            ]
          },
          {
            "physicsTick": 11553,
            "activeTimeMs": 192556.59999999206,
            "position": [
              65.95881945378738,
              32.600001,
              2.4981569866156805
            ]
          },
          {
            "physicsTick": 11554,
            "activeTimeMs": 192573.59999999206,
            "position": [
              65.95881945378738,
              32.600001,
              2.4981569866156805
            ]
          },
          {
            "physicsTick": 11556,
            "activeTimeMs": 192600.1999999861,
            "position": [
              65.95881945378738,
              32.600001,
              2.4981569866156805
            ]
          },
          {
            "physicsTick": 11557,
            "activeTimeMs": 192620.99999998312,
            "position": [
              65.95881945378738,
              32.600001,
              2.4981569866156805
            ]
          },
          {
            "physicsTick": 11558,
            "activeTimeMs": 192648.59999999206,
            "position": [
              65.95881945378738,
              32.600001,
              2.4981569866156805
            ]
          },
          {
            "physicsTick": 11560,
            "activeTimeMs": 192669.09999999206,
            "position": [
              65.95881945378738,
              32.600001,
              2.4981569866156805
            ]
          },
          {
            "physicsTick": 11561,
            "activeTimeMs": 192692.39999998908,
            "position": [
              65.95881945378738,
              32.600001,
              2.4981569866156805
            ]
          },
          {
            "physicsTick": 11563,
            "activeTimeMs": 192717.99999998312,
            "position": [
              65.95881945378738,
              32.600001,
              2.4981569866156805
            ]
          },
          {
            "physicsTick": 11564,
            "activeTimeMs": 192742.09999999206,
            "position": [
              65.95881945378738,
              32.600001,
              2.4981569866156805
            ]
          },
          {
            "physicsTick": 11566,
            "activeTimeMs": 192767.89999998908,
            "position": [
              65.95881945378738,
              32.600001,
              2.4981569866156805
            ]
          },
          {
            "physicsTick": 11567,
            "activeTimeMs": 192784.79999999504,
            "position": [
              65.95881945378738,
              32.600001,
              2.4981569866156805
            ]
          },
          {
            "physicsTick": 11568,
            "activeTimeMs": 192805.79999999504,
            "position": [
              65.95881945378738,
              32.600001,
              2.4981569866156805
            ]
          },
          {
            "physicsTick": 11569,
            "activeTimeMs": 192829.29999999504,
            "position": [
              65.95881945378738,
              32.600001,
              2.4981569866156805
            ]
          },
          {
            "physicsTick": 11570,
            "activeTimeMs": 192848.6999999861,
            "position": [
              65.95881945378738,
              32.600001,
              2.4981569866156805
            ]
          },
          {
            "physicsTick": 11572,
            "activeTimeMs": 192869.09999999206,
            "position": [
              65.95881945378738,
              32.600001,
              2.4981569866156805
            ]
          },
          {
            "physicsTick": 11573,
            "activeTimeMs": 192885.99999998312,
            "position": [
              65.95881945378738,
              32.600001,
              2.4981569866156805
            ]
          },
          {
            "physicsTick": 11574,
            "activeTimeMs": 192902.6999999861,
            "position": [
              65.95881945378738,
              32.600001,
              2.4981569866156805
            ]
          },
          {
            "physicsTick": 11575,
            "activeTimeMs": 192928.29999999504,
            "position": [
              65.95881945378738,
              32.600001,
              2.4981569866156805
            ]
          },
          {
            "physicsTick": 11577,
            "activeTimeMs": 192951.6999999861,
            "position": [
              65.95881945378738,
              32.600001,
              2.4981569866156805
            ]
          },
          {
            "physicsTick": 11578,
            "activeTimeMs": 192973.79999999504,
            "position": [
              65.95881945378738,
              32.600001,
              2.4981569866156805
            ]
          },
          {
            "physicsTick": 11579,
            "activeTimeMs": 192999.89999998908,
            "position": [
              65.95881945378738,
              32.600001,
              2.4981569866156805
            ]
          },
          {
            "physicsTick": 11581,
            "activeTimeMs": 193021.09999999206,
            "position": [
              65.95881945378738,
              32.600001,
              2.4981569866156805
            ]
          },
          {
            "physicsTick": 11582,
            "activeTimeMs": 193048.6999999861,
            "position": [
              65.95881945378738,
              32.600001,
              2.4981569866156805
            ]
          },
          {
            "physicsTick": 11584,
            "activeTimeMs": 193069.29999999504,
            "position": [
              65.95881945378738,
              32.600001,
              2.4981569866156805
            ]
          },
          {
            "physicsTick": 11585,
            "activeTimeMs": 193085.99999998312,
            "position": [
              65.95881945378738,
              32.600001,
              2.4981569866156805
            ]
          },
          {
            "physicsTick": 11586,
            "activeTimeMs": 193109.99999998312,
            "position": [
              65.95881945378738,
              32.600001,
              2.4981569866156805
            ]
          },
          {
            "physicsTick": 11587,
            "activeTimeMs": 193126.89999998908,
            "position": [
              65.95881945378738,
              32.600001,
              2.4981569866156805
            ]
          },
          {
            "physicsTick": 11589,
            "activeTimeMs": 193151.6999999861,
            "position": [
              65.95881945378738,
              32.600001,
              2.4981569866156805
            ]
          },
          {
            "physicsTick": 11590,
            "activeTimeMs": 193173.89999998908,
            "position": [
              65.95881945378738,
              32.600001,
              2.4981569866156805
            ]
          },
          {
            "physicsTick": 11591,
            "activeTimeMs": 193190.79999999504,
            "position": [
              65.95881945378738,
              32.600001,
              2.4981569866156805
            ]
          },
          {
            "physicsTick": 11592,
            "activeTimeMs": 193215.29999999504,
            "position": [
              65.95881945378738,
              32.600001,
              2.4981569866156805
            ]
          },
          {
            "physicsTick": 11594,
            "activeTimeMs": 193236.39999998908,
            "position": [
              65.95881945378738,
              32.600001,
              2.4981569866156805
            ]
          },
          {
            "physicsTick": 11595,
            "activeTimeMs": 193262.6999999861,
            "position": [
              65.95881945378738,
              32.600001,
              2.4981569866156805
            ]
          },
          {
            "physicsTick": 11597,
            "activeTimeMs": 193285.99999998312,
            "position": [
              65.95881945378738,
              32.600001,
              2.4981569866156805
            ]
          },
          {
            "physicsTick": 11598,
            "activeTimeMs": 193309.6999999861,
            "position": [
              65.95881945378738,
              32.600001,
              2.4981569866156805
            ]
          },
          {
            "physicsTick": 11599,
            "activeTimeMs": 193326.49999998312,
            "position": [
              65.95881945378738,
              32.600001,
              2.4981569866156805
            ]
          },
          {
            "physicsTick": 11601,
            "activeTimeMs": 193351.89999998908,
            "position": [
              65.95881945378738,
              32.600001,
              2.4981569866156805
            ]
          },
          {
            "physicsTick": 11602,
            "activeTimeMs": 193373.39999998908,
            "position": [
              65.95881945378738,
              32.600001,
              2.4981569866156805
            ]
          },
          {
            "physicsTick": 11603,
            "activeTimeMs": 193390.1999999861,
            "position": [
              65.95881945378738,
              32.600001,
              2.4981569866156805
            ]
          },
          {
            "physicsTick": 11604,
            "activeTimeMs": 193413.1999999861,
            "position": [
              65.95881945378738,
              32.600001,
              2.4981569866156805
            ]
          },
          {
            "physicsTick": 11605,
            "activeTimeMs": 193431.29999999504,
            "position": [
              65.95881945378738,
              32.600001,
              2.4981569866156805
            ]
          },
          {
            "physicsTick": 11607,
            "activeTimeMs": 193452.59999999206,
            "position": [
              65.95881945378738,
              32.600001,
              2.4981569866156805
            ]
          },
          {
            "physicsTick": 11608,
            "activeTimeMs": 193479.89999998908,
            "position": [
              65.95881945378738,
              32.600001,
              2.4981569866156805
            ]
          },
          {
            "physicsTick": 11610,
            "activeTimeMs": 193502.59999999206,
            "position": [
              65.95881945378738,
              32.600001,
              2.4981569866156805
            ]
          },
          {
            "physicsTick": 11611,
            "activeTimeMs": 193519.49999998312,
            "position": [
              65.95881945378738,
              32.600001,
              2.4981569866156805
            ]
          },
          {
            "physicsTick": 11612,
            "activeTimeMs": 193542.09999999206,
            "position": [
              65.95881945378738,
              32.600001,
              2.4981569866156805
            ]
          },
          {
            "physicsTick": 11614,
            "activeTimeMs": 193567.59999999206,
            "position": [
              65.95881945378738,
              32.600001,
              2.4981569866156805
            ]
          },
          {
            "physicsTick": 11615,
            "activeTimeMs": 193589.09999999206,
            "position": [
              65.95881945378738,
              32.600001,
              2.4981569866156805
            ]
          },
          {
            "physicsTick": 11616,
            "activeTimeMs": 193616.59999999206,
            "position": [
              65.95881945378738,
              32.600001,
              2.4981569866156805
            ]
          },
          {
            "physicsTick": 11618,
            "activeTimeMs": 193637.6999999861,
            "position": [
              65.95881945378738,
              32.600001,
              2.4981569866156805
            ]
          },
          {
            "physicsTick": 11619,
            "activeTimeMs": 193662.99999998312,
            "position": [
              65.95881945378738,
              32.600001,
              2.4981569866156805
            ]
          },
          {
            "physicsTick": 11621,
            "activeTimeMs": 193686.09999999206,
            "position": [
              65.95881945378738,
              32.600001,
              2.4981569866156805
            ]
          },
          {
            "physicsTick": 11622,
            "activeTimeMs": 193709.59999999206,
            "position": [
              65.95881945378738,
              32.600001,
              2.4981569866156805
            ]
          },
          {
            "physicsTick": 11624,
            "activeTimeMs": 193734.1999999861,
            "position": [
              65.95881945378738,
              32.600001,
              2.4981569866156805
            ]
          },
          {
            "physicsTick": 11625,
            "activeTimeMs": 193758.49999998312,
            "position": [
              65.95881945378738,
              32.600001,
              2.4981569866156805
            ]
          },
          {
            "physicsTick": 11627,
            "activeTimeMs": 193783.59999999206,
            "position": [
              65.95881945378738,
              32.600001,
              2.4981569866156805
            ]
          },
          {
            "physicsTick": 11628,
            "activeTimeMs": 193805.39999998908,
            "position": [
              65.95881945378738,
              32.600001,
              2.4981569866156805
            ]
          },
          {
            "physicsTick": 11629,
            "activeTimeMs": 193831.89999998908,
            "position": [
              65.95881945378738,
              32.600001,
              2.4981569866156805
            ]
          },
          {
            "physicsTick": 11631,
            "activeTimeMs": 193852.59999999206,
            "position": [
              65.95881945378738,
              32.600001,
              2.4981569866156805
            ]
          },
          {
            "physicsTick": 11632,
            "activeTimeMs": 193869.29999999504,
            "position": [
              65.95881945378738,
              32.600001,
              2.4981569866156805
            ]
          },
          {
            "physicsTick": 11633,
            "activeTimeMs": 193886.09999999206,
            "position": [
              65.95881945378738,
              32.600001,
              2.4981569866156805
            ]
          },
          {
            "physicsTick": 11634,
            "activeTimeMs": 193910.09999999206,
            "position": [
              65.95881945378738,
              32.600001,
              2.4981569866156805
            ]
          },
          {
            "physicsTick": 11635,
            "activeTimeMs": 193926.89999998908,
            "position": [
              65.95881945378738,
              32.600001,
              2.4981569866156805
            ]
          },
          {
            "physicsTick": 11637,
            "activeTimeMs": 193950.89999998908,
            "position": [
              65.95881945378738,
              32.600001,
              2.4981569866156805
            ]
          },
          {
            "physicsTick": 11638,
            "activeTimeMs": 193973.89999998908,
            "position": [
              65.95881945378738,
              32.600001,
              2.4981569866156805
            ]
          },
          {
            "physicsTick": 11640,
            "activeTimeMs": 193999.99999998312,
            "position": [
              65.95881945378738,
              32.600001,
              2.4981569866156805
            ]
          },
          {
            "physicsTick": 11641,
            "activeTimeMs": 194021.6999999861,
            "position": [
              65.95881945378738,
              32.600001,
              2.4981569866156805
            ]
          },
          {
            "physicsTick": 11642,
            "activeTimeMs": 194048.39999998908,
            "position": [
              65.95881945378738,
              32.600001,
              2.4981569866156805
            ]
          },
          {
            "physicsTick": 11644,
            "activeTimeMs": 194069.29999999504,
            "position": [
              65.95881945378738,
              32.600001,
              2.4981569866156805
            ]
          },
          {
            "physicsTick": 11645,
            "activeTimeMs": 194085.99999998312,
            "position": [
              65.95881945378738,
              32.600001,
              2.4981569866156805
            ]
          },
          {
            "physicsTick": 11646,
            "activeTimeMs": 194109.1999999861,
            "position": [
              65.95881945378738,
              32.600001,
              2.4981569866156805
            ]
          },
          {
            "physicsTick": 11647,
            "activeTimeMs": 194127.79999999504,
            "position": [
              65.95881945378738,
              32.600001,
              2.4981569866156805
            ]
          },
          {
            "physicsTick": 11649,
            "activeTimeMs": 194150.6999999861,
            "position": [
              65.95881945378738,
              32.600001,
              2.4981569866156805
            ]
          },
          {
            "physicsTick": 11650,
            "activeTimeMs": 194167.39999998908,
            "position": [
              65.95881945378738,
              32.600001,
              2.4981569866156805
            ]
          },
          {
            "physicsTick": 11651,
            "activeTimeMs": 194188.99999998312,
            "position": [
              65.95881945378738,
              32.600001,
              2.4981569866156805
            ]
          },
          {
            "physicsTick": 11652,
            "activeTimeMs": 194216.39999998908,
            "position": [
              65.95881945378738,
              32.600001,
              2.4981569866156805
            ]
          },
          {
            "physicsTick": 11654,
            "activeTimeMs": 194235.99999998312,
            "position": [
              65.95881945378738,
              32.600001,
              2.4981569866156805
            ]
          },
          {
            "physicsTick": 11655,
            "activeTimeMs": 194261.79999999504,
            "position": [
              65.95881945378738,
              32.600001,
              2.4981569866156805
            ]
          },
          {
            "physicsTick": 11657,
            "activeTimeMs": 194285.89999998908,
            "position": [
              65.95881945378738,
              32.600001,
              2.4981569866156805
            ]
          },
          {
            "physicsTick": 11658,
            "activeTimeMs": 194302.6999999861,
            "position": [
              65.95881945378738,
              32.600001,
              2.4981569866156805
            ]
          },
          {
            "physicsTick": 11659,
            "activeTimeMs": 194326.59999999206,
            "position": [
              65.95881945378738,
              32.600001,
              2.4981569866156805
            ]
          },
          {
            "physicsTick": 11661,
            "activeTimeMs": 194351.49999998312,
            "position": [
              65.95881945378738,
              32.600001,
              2.4981569866156805
            ]
          },
          {
            "physicsTick": 11662,
            "activeTimeMs": 194373.89999998908,
            "position": [
              65.95881945378738,
              32.600001,
              2.4981569866156805
            ]
          },
          {
            "physicsTick": 11662,
            "activeTimeMs": 194379.6999999861,
            "position": [
              65.95881945378738,
              32.600001,
              2.4981569866156805
            ]
          }
        ],
        "generatorVersion": 11,
        "renderPipeline": {
          "drawUnit": "chunk-render-category",
          "batchMode": "category",
          "vertexLayout": "float16-uv-uint16-index",
          "shaderMode": "voxel-array-chunks",
          "backend": "webgl2"
        },
        "experiments": {
          "requested": {
            "renderer": "webgl2",
            "wasm": true,
            "simd": true
          },
          "kernels": [
            "w02",
            "w03",
            "w04",
            "w05",
            "w06"
          ],
          "renderer": {
            "requestedRenderer": "webgl2",
            "effectiveRenderer": "webgl2",
            "rendererStatus": "matched"
          },
          "workers": [
            {
              "epoch": "seedlands:classic-canonical-runtime-v11:1",
              "lane": "fluid",
              "index": 0,
              "status": "off",
              "requestedArtifact": "simd",
              "effectiveArtifact": "off",
              "selected": [],
              "reason": "no-selected-kernel"
            },
            {
              "epoch": "seedlands:classic-canonical-runtime-v11:1",
              "lane": "general",
              "index": 1,
              "status": "matched",
              "requestedArtifact": "simd",
              "effectiveArtifact": "simd",
              "selected": [
                "w02",
                "w03",
                "w04",
                "w05",
                "w06"
              ],
              "artifactSha256": "c1a763778c4eb4873772cf480c758f8b18cbc77beee80c933dda6b2fd19e4b2c"
            }
          ]
        },
        "serverRevision": 1,
        "voxelAtOrigin": 42,
        "serverPlayerPosition": [
          65.95881945378738,
          32.600001,
          2.4981569866156805
        ],
        "serverPlayerVelocity": [
          0,
          0,
          0
        ],
        "prediction": {
          "pendingFrames": 0,
          "lastResetReason": "authority-resync",
          "resetCounts": {
            "input-interrupted": 11,
            "authority-resync": 448,
            "collision-history-missing": 13,
            "movement-mode-changed": 1
          },
          "presentationOffset": {
            "x": 0,
            "y": 0,
            "z": 0
          }
        },
        "serverWorldTime": 19.651999999996633,
        "performance": {
          "scenarioId": "default",
          "frame": {
            "count": 1200,
            "p50Ms": 16.799999997019768,
            "p95Ms": 25.599999994039536,
            "p99Ms": 29.5,
            "maxMs": 160,
            "longFrameCount": 5,
            "lastLongFrameMs": 120.90000000596046
          },
          "chunkVisible": {
            "count": 64,
            "p50Ms": 1023.7000000029802,
            "p95Ms": 16247.79999999702,
            "p99Ms": 16947.60000000894,
            "maxMs": 16947.60000000894
          },
          "completedChunkTraces": 64,
          "traceEventCount": 658,
          "maxMeshCommitsInFrame": 1,
          "maxMeshPartsInFrame": 2,
          "visibleAfterPostrender": true,
          "incidents": 32,
          "droppedEvents": 0,
          "uploadQueueDepth": 0,
          "estimatedMeshBytes": 6321560
        },
        "compute": {
          "workerCount": 2,
          "fluidWorkerCount": 1,
          "generalWorkerCount": 1,
          "running": 0,
          "queued": 0,
          "queuedBytes": 0,
          "cancellationRequests": 0,
          "staleResults": 0,
          "failedTasks": 0,
          "completedTasks": 95,
          "submittedTasks": 95,
          "submittedBytes": 32047104,
          "maxQueued": 1,
          "maxQueuedBytes": 0,
          "workerTaskDuration": {
            "fluid": {
              "count": 0,
              "capacity": 256,
              "samplesMs": []
            },
            "general": {
              "count": 95,
              "capacity": 256,
              "samplesMs": [
                1582.7000000029802,
                336.6000000089407,
                228.79999999701977,
                324.90000000596046,
                43.29999999701977,
                41.8999999910593,
                43.400000005960464,
                42.79999999701977,
                44.29999999701977,
                46.3999999910593,
                49,
                42.19999998807907,
                43.19999998807907,
                45.70000000298023,
                46.599999994039536,
                43.5,
                44.20000000298023,
                48.8999999910593,
                90.20000000298023,
                84.8999999910593,
                92.59999999403954,
                95.59999999403954,
                97,
                95.29999999701977,
                96,
                87,
                89.59999999403954,
                94.29999999701977,
                97.70000000298023,
                99.09999999403954,
                97.59999999403954,
                98.90000000596046,
                349.5,
                275.19999998807907,
                275.90000000596046,
                43.70000000298023,
                276,
                283.5,
                319.79999999701977,
                221.5,
                227,
                224.69999998807907,
                245.70000000298023,
                276,
                271.1000000089407,
                318.70000000298023,
                324.3999999910593,
                228.59999999403954,
                220.80000001192093,
                231.5,
                231.09999999403954,
                291.5,
                237.1000000089407,
                268.80000001192093,
                327.5,
                229.20000000298023,
                232.8999999910593,
                283.1000000089407,
                274.59999999403954,
                224.5,
                217.29999999701977,
                295.3999999910593,
                270.8999999910593,
                223.5,
                220.29999999701977,
                292.3999999910593,
                270.29999999701977,
                234.29999999701977,
                218.90000000596046,
                275,
                269.30000001192093,
                223.5,
                217.8999999910593,
                274.59999999403954,
                270.59999999403954,
                249.40000000596046,
                219.59999999403954,
                274,
                269,
                224.8999999910593,
                218.19999998807907,
                272,
                236,
                273.09999999403954,
                325.5,
                232.30000001192093,
                239.79999999701977,
                272.40000000596046,
                291.59999999403954,
                222.70000000298023,
                228,
                267.09999999403954,
                261.90000000596046,
                219.6000000089407,
                220.1000000089407
              ]
            }
          },
          "workerKernelStates": [
            {
              "epoch": "seedlands:classic-canonical-runtime-v11:1",
              "lane": "fluid",
              "index": 0,
              "status": "off",
              "requestedArtifact": "simd",
              "effectiveArtifact": "off",
              "selected": [],
              "reason": "no-selected-kernel"
            },
            {
              "epoch": "seedlands:classic-canonical-runtime-v11:1",
              "lane": "general",
              "index": 1,
              "status": "matched",
              "requestedArtifact": "simd",
              "effectiveArtifact": "simd",
              "selected": [
                "w02",
                "w03",
                "w04",
                "w05",
                "w06"
              ],
              "artifactSha256": "c1a763778c4eb4873772cf480c758f8b18cbc77beee80c933dda6b2fd19e4b2c"
            }
          ],
          "workerActivity": [
            {
              "lane": "fluid",
              "index": 0,
              "status": "idle",
              "taskId": null,
              "taskCategory": null,
              "taskAgeMs": null,
              "sampledAtMs": null,
              "completedTasks": 0,
              "lastTaskDurationMs": null,
              "kernel": null
            },
            {
              "lane": "general",
              "index": 1,
              "status": "idle",
              "taskId": null,
              "taskCategory": null,
              "taskAgeMs": null,
              "sampledAtMs": 72429.60000000894,
              "completedTasks": 95,
              "lastTaskDurationMs": 220.1000000089407,
              "kernel": {
                "calls": 1213,
                "failures": 0,
                "memoryBytes": 18874368,
                "durationMs": 7.999999910593033,
                "failed": false
              }
            }
          ]
        },
        "fluidFeedback": {
          "count": 0,
          "pending": false,
          "pendingSample": null,
          "p50Ms": 0,
          "p95Ms": 0,
          "p99Ms": 0,
          "maxMs": 0,
          "samples": []
        },
        "waterTransitions": {
          "activeCount": 0,
          "active": [],
          "recent": []
        },
        "ui": {
          "runtime": "svelte5",
          "shellPublishCount": 52,
          "hudPublishCount": 172,
          "interactionPublishCount": 282,
          "debugProjectionCount": 318,
          "debugPublishCount": 320,
          "staleUpdateCount": 0,
          "coalescedUpdateCount": 17022,
          "domCommitCount": 753,
          "projectionDurationMs": 721.8000001162291,
          "publishDurationMs": 16.199999928474426,
          "domCommitDurationMs": 721.4999999850988,
          "debugProjectionRate": 3.845737255822788,
          "totalPublishRate": 9.918594504732823
        },
        "gameplay": {
          "entityCount": 4,
          "worldItemCount": 0,
          "creatureCount": 3,
          "npcCount": 0,
          "nearbyVisitedBucketCount": 27,
          "nearbyCandidateCount": 2,
          "nearbyReturnedCount": 2,
          "inventoryOperationCount": 35,
          "gameplayEventCount": 3388,
          "snapshotBytes": 53511,
          "retainedActorCount": 3,
          "activeActorCount": 1,
          "behaviorEvaluationCount": 0,
          "navigationPlanCount": 0,
          "navigationExpandedNodeCount": 0,
          "pathRecomputeCount": 0,
          "actionCompletionCount": 13,
          "actionFailureCount": 0,
          "actionInterruptionCount": 1,
          "perceptionLineOfSightCheckCount": 0,
          "simulationTime": 194.3,
          "presentedEntityCount": 3
        },
        "breakingOverlay": null,
        "viewmodel": {
          "isolatedLayer": true
        },
        "visualEffects": {
          "activeLocalLights": 0,
          "shadowedLocalLights": 0,
          "localLightLimit": 0,
          "localShadowLimit": 0,
          "sunShadows": false,
          "sunShadowResolution": 0,
          "reflectionEnabled": false,
          "reflectionActive": false,
          "reflectionResolution": 0,
          "reflectionFrameInterval": 0,
          "reflectionRenderCount": 0,
          "waterPlaneY": null,
          "postProcessing": false,
          "shadowUpdateCount": 0,
          "shadowStableFrameCount": 4556,
          "blockLightReady": true,
          "blockLightSourceRevision": 14,
          "blockLightRebuildCount": 794
        },
        "water": {
          "bodyFraction": 0,
          "wading": false,
          "swimming": false,
          "cameraSubmerged": false,
          "cameraDepth": null,
          "waterSurfaceY": null,
          "underwaterBlend": 0
        }
      },
      "logicEvidence": []
    },
    {
      "schemaVersion": 1,
      "status": "FAIL",
      "attempt": 0,
      "test": "非 Classic Playbook 从锁定 production artifact 启动并消费自定义 worldgen/voxel/presentation",
      "project": "chromium",
      "benchmark": false,
      "stages": {},
      "errors": [],
      "current": null,
      "logicEvidence": []
    }
  ]
}
