{
  "schemaVersion": 1,
  "kind": "seedlands-performance-window",
  "status": "FAIL",
  "version": 2,
  "ownerThread": "seedlands-performance-validator",
  "runId": "v2-browser22-workbench-route-map-01-final-selfcheck-02",
  "pid": 84811,
  "startedAt": "2026-09-28T14:12:42.448Z",
  "windowId": "v2-browser22-workbench-route-map-01-final-selfcheck-02",
  "evidencePath": "changes/2026-09-23-classic-functional-completion/evidence/v2-browser22-workbench-route-map-01/final-selfcheck-window.json.log",
  "waitedMs": 1,
  "endedAt": "2026-09-28T14:12:42.711Z",
  "exitCode": 1,
  "signal": null,
  "measurement": {
    "status": "NOT_RECORDED"
  },
  "samples": [
    {
      "at": "2026-09-28T14:12:42.449Z",
      "loadAverage": [
        2.2099609375,
        2.5458984375,
        2.6259765625
      ],
      "freeMemoryBytes": 3988094976,
      "totalMemoryBytes": 38654705664
    },
    {
      "at": "2026-09-28T14:12:42.710Z",
      "loadAverage": [
        2.2099609375,
        2.5458984375,
        2.6259765625
      ],
      "freeMemoryBytes": 3983556608,
      "totalMemoryBytes": 38654705664
    }
  ]
}
