{
  "schemaVersion": 1,
  "kind": "seedlands-performance-window",
  "status": "FAIL",
  "version": 2,
  "ownerThread": "seedlands-performance-validator",
  "runId": "v2-browser22-workbench-route-map-01-final-selfcheck",
  "pid": 83763,
  "startedAt": "2026-09-28T14:10:46.210Z",
  "windowId": "v2-browser22-workbench-route-map-01-final-selfcheck",
  "evidencePath": "changes/2026-09-23-classic-functional-completion/evidence/v2-browser22-workbench-route-map-01/final-selfcheck-window.json.log",
  "waitedMs": 1,
  "endedAt": "2026-09-28T14:10:46.277Z",
  "exitCode": 1,
  "signal": null,
  "measurement": {
    "status": "NOT_RECORDED"
  },
  "samples": [
    {
      "at": "2026-09-28T14:10:46.211Z",
      "loadAverage": [
        2.79052734375,
        2.72998046875,
        2.6962890625
      ],
      "freeMemoryBytes": 3956424704,
      "totalMemoryBytes": 38654705664
    },
    {
      "at": "2026-09-28T14:10:46.275Z",
      "loadAverage": [
        2.79052734375,
        2.72998046875,
        2.6962890625
      ],
      "freeMemoryBytes": 3962109952,
      "totalMemoryBytes": 38654705664
    }
  ]
}
