{
  "schemaVersion": 1,
  "kind": "seedlands-performance-window",
  "status": "PASS",
  "version": 2,
  "ownerThread": "seedlands-performance-validator",
  "runId": "v2-browser22-workbench-route-map-01-final-selfcheck-03",
  "pid": 87249,
  "startedAt": "2026-09-28T14:14:22.046Z",
  "windowId": "v2-browser22-workbench-route-map-01-final-selfcheck-03",
  "evidencePath": "changes/2026-09-23-classic-functional-completion/evidence/v2-browser22-workbench-route-map-01/final-selfcheck-window.json.log",
  "waitedMs": 1,
  "endedAt": "2026-09-28T14:14:22.327Z",
  "exitCode": 0,
  "signal": null,
  "measurement": {
    "status": "NOT_RECORDED"
  },
  "samples": [
    {
      "at": "2026-09-28T14:14:22.047Z",
      "loadAverage": [
        2.04833984375,
        2.45703125,
        2.5830078125
      ],
      "freeMemoryBytes": 4005691392,
      "totalMemoryBytes": 38654705664
    },
    {
      "at": "2026-09-28T14:14:22.326Z",
      "loadAverage": [
        2.04833984375,
        2.45703125,
        2.5830078125
      ],
      "freeMemoryBytes": 3999891456,
      "totalMemoryBytes": 38654705664
    }
  ]
}
