{
  "schemaVersion": 1,
  "kind": "seedlands-performance-window",
  "status": "PASS",
  "version": 2,
  "ownerThread": "seedlands-performance-validator",
  "runId": "v2-browser22-workbench-route-map-01-format-write-final",
  "pid": 84407,
  "startedAt": "2026-09-28T14:11:58.723Z",
  "windowId": "v2-browser22-workbench-route-map-01-format-write-final",
  "evidencePath": "changes/2026-09-23-classic-functional-completion/evidence/v2-browser22-workbench-route-map-01/format-write-final-window.json.log",
  "waitedMs": 2,
  "endedAt": "2026-09-28T14:11:59.116Z",
  "exitCode": 0,
  "signal": null,
  "measurement": {
    "status": "NOT_RECORDED"
  },
  "samples": [
    {
      "at": "2026-09-28T14:11:58.725Z",
      "loadAverage": [
        2.42529296875,
        2.62158203125,
        2.6552734375
      ],
      "freeMemoryBytes": 3886399488,
      "totalMemoryBytes": 38654705664
    },
    {
      "at": "2026-09-28T14:11:59.115Z",
      "loadAverage": [
        2.42529296875,
        2.62158203125,
        2.6552734375
      ],
      "freeMemoryBytes": 3893379072,
      "totalMemoryBytes": 38654705664
    }
  ]
}
