changes/2026-09-23-classic-functional-completion/v2-artifact-build-evidence.md: OK
changes/2026-09-23-classic-functional-completion/spec.md: OK
changes/2026-09-23-classic-functional-completion/tasks.md: OK
changes/2026-09-23-classic-functional-completion/execution-state.md: OK
./SOURCE-MANIFEST.sha256: OK
./artifact-map-compare.stdout.log: OK
./artifact-map-vs-build14.diff.log: OK
./artifact-map.sha256.log: OK
./artifact-verify.stdout.log: OK
./artifact-verify.window.json.log: OK
./build.stdout.log: OK
./build.window.json.log: OK
./dependency-setup.stdout.log: OK
./dependency-setup.window.json.log: OK
./dist-files.sha256.log: OK
./final-selfcheck.zsh: OK
./harness-artifact.json.log: OK
./metadata-format.stdout.log: OK
./metadata-format.window.json.log: OK
./pack-media.stdout.log: OK
./preconditions.stdout.log: OK
./validation-argv.txt: OK
Checking formatting...
All matched files use Prettier code style!
BUILD15_FINAL_SELFCHECK=PASS
