{
  "schemaVersion": 1,
  "kind": "seedlands-performance-window",
  "status": "PASS",
  "version": 2,
  "ownerThread": "seedlands-performance-validator",
  "runId": "v2-equipment-resource-route-close-03-affected",
  "pid": 20728,
  "startedAt": "2026-09-26T03:29:50.836Z",
  "windowId": "v2-equipment-resource-route-close-03-affected",
  "evidencePath": "changes/2026-09-23-classic-functional-completion/evidence/v2-equipment-resource-route-close-03/affected-window.json.log",
  "waitedMs": 2,
  "endedAt": "2026-09-26T03:29:52.388Z",
  "exitCode": 0,
  "signal": null,
  "measurement": {
    "status": "NOT_RECORDED"
  },
  "samples": [
    {
      "at": "2026-09-26T03:29:50.837Z",
      "loadAverage": [
        4.81298828125,
        3.92919921875,
        3.53076171875
      ],
      "freeMemoryBytes": 483672064,
      "totalMemoryBytes": 38654705664
    },
    {
      "at": "2026-09-26T03:29:52.387Z",
      "loadAverage": [
        4.81298828125,
        3.92919921875,
        3.53076171875
      ],
      "freeMemoryBytes": 527679488,
      "totalMemoryBytes": 38654705664
    }
  ]
}
