{
  "schemaVersion": 1,
  "kind": "seedlands-performance-window",
  "status": "PASS",
  "version": 2,
  "ownerThread": "seedlands-performance-validator",
  "runId": "v2-equipment-resource-route-close-03-metadata-final",
  "pid": 22625,
  "startedAt": "2026-09-26T03:32:48.417Z",
  "windowId": "v2-equipment-resource-route-close-03-metadata-final",
  "evidencePath": "changes/2026-09-23-classic-functional-completion/evidence/v2-equipment-resource-route-close-03/metadata-final-window.json.log",
  "waitedMs": 2,
  "endedAt": "2026-09-26T03:32:48.832Z",
  "exitCode": 0,
  "signal": null,
  "measurement": {
    "status": "NOT_RECORDED"
  },
  "samples": [
    {
      "at": "2026-09-26T03:32:48.419Z",
      "loadAverage": [
        3.29541015625,
        3.63232421875,
        3.47607421875
      ],
      "freeMemoryBytes": 363823104,
      "totalMemoryBytes": 38654705664
    },
    {
      "at": "2026-09-26T03:32:48.831Z",
      "loadAverage": [
        3.29541015625,
        3.63232421875,
        3.47607421875
      ],
      "freeMemoryBytes": 270172160,
      "totalMemoryBytes": 38654705664
    }
  ]
}
