{
  "schemaVersion": 1,
  "kind": "seedlands-performance-window",
  "status": "PASS",
  "version": 2,
  "ownerThread": "seedlands-performance-validator",
  "runId": "v2-equipment-resource-route-close-03-metadata-format",
  "pid": 22190,
  "startedAt": "2026-09-26T03:32:00.417Z",
  "windowId": "v2-equipment-resource-route-close-03-metadata-format",
  "evidencePath": "changes/2026-09-23-classic-functional-completion/evidence/v2-equipment-resource-route-close-03/metadata-format-window.json.log",
  "waitedMs": 1,
  "endedAt": "2026-09-26T03:32:00.823Z",
  "exitCode": 0,
  "signal": null,
  "measurement": {
    "status": "NOT_RECORDED"
  },
  "samples": [
    {
      "at": "2026-09-26T03:32:00.418Z",
      "loadAverage": [
        3.568359375,
        3.7353515625,
        3.5029296875
      ],
      "freeMemoryBytes": 507543552,
      "totalMemoryBytes": 38654705664
    },
    {
      "at": "2026-09-26T03:32:00.821Z",
      "loadAverage": [
        3.568359375,
        3.7353515625,
        3.5029296875
      ],
      "freeMemoryBytes": 505774080,
      "totalMemoryBytes": 38654705664
    }
  ]
}
