{
  "schemaVersion": 1,
  "kind": "seedlands-performance-window",
  "status": "FAIL",
  "version": 2,
  "ownerThread": "seedlands-performance-validator",
  "runId": "v2-equipment-resource-route-close-03-red",
  "pid": 18522,
  "startedAt": "2026-09-26T03:28:11.624Z",
  "windowId": "v2-equipment-resource-route-close-03-red",
  "evidencePath": "changes/2026-09-23-classic-functional-completion/evidence/v2-equipment-resource-route-close-03/red-window.json.log",
  "waitedMs": 1,
  "endedAt": "2026-09-26T03:28:12.519Z",
  "exitCode": 1,
  "signal": null,
  "measurement": {
    "status": "NOT_RECORDED"
  },
  "samples": [
    {
      "at": "2026-09-26T03:28:11.625Z",
      "loadAverage": [
        3.48291015625,
        3.32861328125,
        3.29150390625
      ],
      "freeMemoryBytes": 175521792,
      "totalMemoryBytes": 38654705664
    },
    {
      "at": "2026-09-26T03:28:12.518Z",
      "loadAverage": [
        3.48291015625,
        3.32861328125,
        3.29150390625
      ],
      "freeMemoryBytes": 366870528,
      "totalMemoryBytes": 38654705664
    }
  ]
}
