{
  "schemaVersion": 1,
  "kind": "seedlands-performance-window",
  "status": "PASS",
  "version": 2,
  "ownerThread": "seedlands-performance-validator",
  "runId": "v2-equipment-resource-route-close-03-root-types",
  "pid": 21025,
  "startedAt": "2026-09-26T03:30:11.673Z",
  "windowId": "v2-equipment-resource-route-close-03-root-types",
  "evidencePath": "changes/2026-09-23-classic-functional-completion/evidence/v2-equipment-resource-route-close-03/root-types-window.json.log",
  "waitedMs": 1,
  "endedAt": "2026-09-26T03:30:14.890Z",
  "exitCode": 0,
  "signal": null,
  "measurement": {
    "status": "NOT_RECORDED"
  },
  "samples": [
    {
      "at": "2026-09-26T03:30:11.674Z",
      "loadAverage": [
        4.2236328125,
        3.8515625,
        3.51123046875
      ],
      "freeMemoryBytes": 978944000,
      "totalMemoryBytes": 38654705664
    },
    {
      "at": "2026-09-26T03:30:14.889Z",
      "loadAverage": [
        4.04541015625,
        3.82080078125,
        3.501953125
      ],
      "freeMemoryBytes": 950583296,
      "totalMemoryBytes": 38654705664
    }
  ]
}
