{
  "schemaVersion": 1,
  "kind": "seedlands-performance-window",
  "status": "PASS",
  "version": 2,
  "ownerThread": "seedlands-performance-validator",
  "runId": "v2-equipment-resource-route-close-03-static",
  "pid": 21465,
  "startedAt": "2026-09-26T03:30:30.529Z",
  "windowId": "v2-equipment-resource-route-close-03-static",
  "evidencePath": "changes/2026-09-23-classic-functional-completion/evidence/v2-equipment-resource-route-close-03/static-window.json.log",
  "waitedMs": 1,
  "endedAt": "2026-09-26T03:30:31.152Z",
  "exitCode": 0,
  "signal": null,
  "measurement": {
    "status": "NOT_RECORDED"
  },
  "samples": [
    {
      "at": "2026-09-26T03:30:30.530Z",
      "loadAverage": [
        3.6962890625,
        3.76171875,
        3.48583984375
      ],
      "freeMemoryBytes": 749338624,
      "totalMemoryBytes": 38654705664
    },
    {
      "at": "2026-09-26T03:30:31.150Z",
      "loadAverage": [
        3.6962890625,
        3.76171875,
        3.48583984375
      ],
      "freeMemoryBytes": 795459584,
      "totalMemoryBytes": 38654705664
    }
  ]
}
