capturedAt=2026-09-28T10:34:18Z
sourceSha=908d0d82881e3e8c7dff7ee27cf3a4785013f37a
treeSha=eb8a5d9a3cc423378f243e93804a6284f64539e6
artifactReceiptSha256=982d9156954c395c6bc93913f824562b2cda849330e1e66464095b74595e1a38
acceptanceTreeTrackedClean=true
acceptanceTreeIndexClean=true
distFilesIncludingReceipt=277
distSymlinks=0
port4273Listening=false
ownedPlaywrightChromiumPreviewProcesses=0
benchmarkLockPresent=false
build09TreePreserved=true
build10TreePreserved=true
build11TreePreserved=true
build12TreePreserved=true
backupRefPreserved=refs/task-backups/git32-evidence-a402b016
browserAttempts=1
secondAttemptRun=false
buildRun=false
sourceModified=false
