$ node scripts/harness/classic.mjs
[WebServer] (node:77376) Warning: The 'NO_COLOR' env is ignored due to the 'FORCE_COLOR' env being set.
[WebServer] (Use `node --trace-warnings ...` to show where the warning was created)
[WebServer] $ vite preview --host 127.0.0.1 --port 4273 --strictPort
[WebServer] (node:77401) Warning: The 'NO_COLOR' env is ignored due to the 'FORCE_COLOR' env being set.
[WebServer] (Use `node --trace-warnings ...` to show where the warning was created)

Running 3 tests using 1 worker

(node:77408) Warning: The 'NO_COLOR' env is ignored due to the 'FORCE_COLOR' env being set.
(Use `node --trace-warnings ...` to show where the warning was created)
     1.1 [chromium] › apps/web/tests/e2e/classic-runtime.spec.ts:73:1 › Classic 生产旅程以真实输入完成 C0-C5，并复用同一运行时性能场景 › C0 启动固定 Classic 生产世界并冻结初态 (3.5s)
     1.2 [chromium] › apps/web/tests/e2e/classic-runtime.spec.ts:73:1 › Classic 生产旅程以真实输入完成 C0-C5，并复用同一运行时性能场景 › C1 Pointer Lock、真实转向/移动/跳跃并跨越 Chunk (18.4s)
     1.3 [chromium] › apps/web/tests/e2e/classic-runtime.spec.ts:73:1 › Classic 生产旅程以真实输入完成 C0-C5，并复用同一运行时性能场景 › C2 真实采集、掉落拾取、背包与配方 (23.1s)
     1.4 [chromium] › apps/web/tests/e2e/classic-runtime.spec.ts:73:1 › Classic 生产旅程以真实输入完成 C0-C5，并复用同一运行时性能场景 › C3 真实建造、进食和现有战斗 (19.4s)
     1.5 [chromium] › apps/web/tests/e2e/classic-runtime.spec.ts:73:1 › Classic 生产旅程以真实输入完成 C0-C5，并复用同一运行时性能场景 › V1 水桶、跨 Chunk 木门与唱片机均通过正式玩家输入 (1.0m)
     1.6 [chromium] › apps/web/tests/e2e/classic-runtime.spec.ts:73:1 › Classic 生产旅程以真实输入完成 C0-C5，并复用同一运行时性能场景 › V2 真实资源链与背包手势完成四槽装备矩阵 (2.5m)
  ✘  1 [chromium] › apps/web/tests/e2e/classic-runtime.spec.ts:73:1 › Classic 生产旅程以真实输入完成 C0-C5，并复用同一运行时性能场景 (5.1m)
(node:82709) Warning: The 'NO_COLOR' env is ignored due to the 'FORCE_COLOR' env being set.
(Use `node --trace-warnings ...` to show where the warning was created)
  ✓  2 [chromium] › apps/web/tests/e2e/classic-runtime.spec.ts:509:1 › Classic 视觉 v3 生产素材、连续帧与单击破坏回归 (32.2s)
  -  3 [chromium] › apps/web/tests/e2e/classic-runtime.spec.ts:514:1 › 非 Classic Playbook 从锁定 production artifact 启动并消费自定义 worldgen/voxel/presentation


  1) [chromium] › apps/web/tests/e2e/classic-runtime.spec.ts:73:1 › Classic 生产旅程以真实输入完成 C0-C5，并复用同一运行时性能场景 › V2 真实资源链与背包手势完成四槽装备矩阵 

    Error: Classic route aim did not converge: target=80.5,-0.5; direction=KeyS; lastDx=-15.749887530628607.

       at apps/web/tests/e2e/classic-support/target-aim.ts:126

      124 |     await options.move(dx, 0);
      125 |   }
    > 126 |   throw new Error(
          |         ^
      127 |     `Classic route aim did not converge: target=${options.target.join(',')}; direction=${options.direction}; lastDx=${String(lastDx)}.`,
      128 |   );
      129 | }
        at correctMouseToRoute (/private/tmp/seedlands-v2-acceptance-908d0d82/apps/web/tests/e2e/classic-support/target-aim.ts:126:9)
        at walkTo (/private/tmp/seedlands-v2-acceptance-908d0d82/apps/web/tests/e2e/classic-support/harness.ts:286:5)
        at followEquipmentRoute (/private/tmp/seedlands-v2-acceptance-908d0d82/apps/web/tests/e2e/classic-support/equipment-resource-route.ts:131:20)
        at mineResources (/private/tmp/seedlands-v2-acceptance-908d0d82/apps/web/tests/e2e/classic-support/equipment-journey-support.ts:264:5)
        at prepareCraftedIronArmor (/private/tmp/seedlands-v2-acceptance-908d0d82/apps/web/tests/e2e/classic-support/equipment-journey-support.ts:384:3)
        at Module.completeEquipmentJourneyBeforeSave (/private/tmp/seedlands-v2-acceptance-908d0d82/apps/web/tests/e2e/classic-support/equipment-journey.ts:147:3)
        at /private/tmp/seedlands-v2-acceptance-908d0d82/apps/web/tests/e2e/classic-runtime.spec.ts:309:28

    Error Context: test-results/apps-web-tests-e2e-classic-5f18c-程以真实输入完成-C0-C5，并复用同一运行时性能场景-chromium/error-context.md

    attachment #8: trace (application/zip) ─────────────────────────────────────────────────────────
    test-results/apps-web-tests-e2e-classic-5f18c-程以真实输入完成-C0-C5，并复用同一运行时性能场景-chromium/trace.zip
    Usage:

        pnpm exec playwright show-trace test-results/apps-web-tests-e2e-classic-5f18c-程以真实输入完成-C0-C5，并复用同一运行时性能场景-chromium/trace.zip

    ────────────────────────────────────────────────────────────────────────────────────────────────

  1 failed
    [chromium] › apps/web/tests/e2e/classic-runtime.spec.ts:73:1 › Classic 生产旅程以真实输入完成 C0-C5，并复用同一运行时性能场景 
  1 skipped
  1 passed (5.9m)
[ELIFECYCLE] Command failed with exit code 1.
