receiptFiles=276
diskFilesExcludingReceipt=276
diskFilesIncludingReceipt=277
symlinks=0
missing=[]
extra=[]
mismatched=[]
receiptMapSha256=d1babe3ba4b9a2326cb1e1304b77f8045838ed7004c708e71bc692dc61ef3aa6
diskMapSha256=d1babe3ba4b9a2326cb1e1304b77f8045838ed7004c708e71bc692dc61ef3aa6
mapsEqual=true
build13MapEqual=true
build13MapDiffSha256=e3b0c44298fc1c149afbf4c8996fb92427ae41e4649b934ca495991b7852b855
packLockSha256=f362a074758f751d828d3881d9427a0945ae5efbce3237dfd3e287d24676c16f
sourceDistPackLockEqual=true
mp3Bytes=2976045
mp3Mime=audio/mpeg
mp3Sha256=3c69ae745727607de266898ab68a92c7c75f7f08e27daf0c6cec463f7bd119c9
sourcePublicDistMatch=true
packLockEntryCount=1
packLockEntryMatches=true
