sourceSha=0eafd4273bc1f5a23e7d147ded37801436074015
sourceTree=a1cbf676594be93a86c77afcbb59dacc1611899e
sourceDigest=4a280a632e0273b0d77d8637c78f542e8d4e0519280bd784d7a33c7d08accaa8
lockDigest=44db46fb0f159ebe6d88435c8cfb5d46127d1c7f363a50d19217d454c30e1169
artifactDigest=f6f1ea672dc8d19dacf70482aa900538c6d81f33637c16e9a718fc22fc1acfa4
builtAt=2026-09-28T15:34:20.824Z
artifactReceiptSha256=73e3eaa9a0bc431d431f0c1a24ae2f60b1e15fcad0e421b6c8dd3b5d505fec7c
trackedClean=true
indexClean=true
artifactFiles=276
distFilesIncludingReceipt=277
distSymlinks=0
missing=0
extra=0
mismatched=0
receiptMapSha256=d1babe3ba4b9a2326cb1e1304b77f8045838ed7004c708e71bc692dc61ef3aa6
diskMapSha256=d1babe3ba4b9a2326cb1e1304b77f8045838ed7004c708e71bc692dc61ef3aa6
mapsEqual=true
build13MapEqual=true
build13MapDiffSha256=e3b0c44298fc1c149afbf4c8996fb92427ae41e4649b934ca495991b7852b855
taskStatePersisted=false
port4273Listening=false
acceptanceTreeProcesses=0
machineLockFree=true
build09TreePreserved=true
build10TreePreserved=true
build11TreePreserved=true
build12TreePreserved=true
build13TreePreserved=true
build14TreePreserved=true
backupRefPreserved=true
browser22Status=FAIL_AFTER_THREE_WOOD_PICKUPS
browser22LaterV2=NOT_REACHED
browser19FirstIronInventoryPickup=NOT_PROVEN
performanceMeasured=false
packLockSha256=f362a074758f751d828d3881d9427a0945ae5efbce3237dfd3e287d24676c16f
sourceDistPackLockEqual=true
mp3Bytes=2976045
mp3Mime=audio/mpeg
mp3Sha256=3c69ae745727607de266898ab68a92c7c75f7f08e27daf0c6cec463f7bd119c9
sourcePublicDistMatch=true
packLockEntryCount=1
packLockEntryMatches=true
