{
  "schemaVersion": 1,
  "kind": "seedlands-performance-window",
  "status": "PASS",
  "version": 2,
  "ownerThread": "seedlands-performance-validator",
  "runId": "v1-door-exit-face-close-01-metadata-format",
  "pid": 25634,
  "startedAt": "2026-09-25T23:52:39.014Z",
  "windowId": "v1-door-exit-face-close-01-metadata-format",
  "evidencePath": "changes/2026-09-23-classic-functional-completion/evidence/v1-door-exit-face-close-01/metadata-format-window.json.log",
  "waitedMs": 1,
  "endedAt": "2026-09-25T23:52:39.804Z",
  "exitCode": 0,
  "signal": null,
  "measurement": {
    "status": "NOT_RECORDED"
  },
  "samples": [
    {
      "at": "2026-09-25T23:52:39.015Z",
      "loadAverage": [
        5.3115234375,
        5.0810546875,
        4.43798828125
      ],
      "freeMemoryBytes": 256065536,
      "totalMemoryBytes": 38654705664
    },
    {
      "at": "2026-09-25T23:52:39.803Z",
      "loadAverage": [
        5.3115234375,
        5.0810546875,
        4.43798828125
      ],
      "freeMemoryBytes": 272171008,
      "totalMemoryBytes": 38654705664
    }
  ]
}
