{
  "schemaVersion": 1,
  "kind": "seedlands-performance-window",
  "status": "PASS",
  "version": 2,
  "ownerThread": "seedlands-performance-validator",
  "runId": "v2-web-pointer-docs-final",
  "pid": 3718,
  "startedAt": "2026-09-25T12:45:11.416Z",
  "windowId": "v2-web-pointer-docs-final",
  "evidencePath": "changes/2026-09-23-classic-functional-completion/evidence/v2-web-pointer-fixture-close-01/docs-final-window.json.log",
  "waitedMs": 1,
  "endedAt": "2026-09-25T12:45:11.685Z",
  "exitCode": 0,
  "signal": null,
  "measurement": {
    "status": "NOT_RECORDED"
  },
  "samples": [
    {
      "at": "2026-09-25T12:45:11.417Z",
      "loadAverage": [
        2.61865234375,
        3.244140625,
        3.4462890625
      ],
      "freeMemoryBytes": 920535040,
      "totalMemoryBytes": 38654705664
    },
    {
      "at": "2026-09-25T12:45:11.683Z",
      "loadAverage": [
        2.61865234375,
        3.244140625,
        3.4462890625
      ],
      "freeMemoryBytes": 928743424,
      "totalMemoryBytes": 38654705664
    }
  ]
}
