{
  "schemaVersion": 1,
  "kind": "seedlands-performance-window",
  "status": "PASS",
  "version": 2,
  "ownerThread": "seedlands-performance-validator",
  "runId": "git22-evidence-docs-final",
  "pid": 9320,
  "startedAt": "2026-09-25T12:51:04.087Z",
  "windowId": "git22-evidence-docs-final",
  "evidencePath": "changes/2026-09-23-classic-functional-completion/evidence/v2-web-pointer-fixture-close-01/git22-docs-window.json.log",
  "waitedMs": 1,
  "endedAt": "2026-09-25T12:51:04.338Z",
  "exitCode": 0,
  "signal": null,
  "measurement": {
    "status": "NOT_RECORDED"
  },
  "samples": [
    {
      "at": "2026-09-25T12:51:04.088Z",
      "loadAverage": [
        4.046875,
        3.27734375,
        3.337890625
      ],
      "freeMemoryBytes": 208388096,
      "totalMemoryBytes": 38654705664
    },
    {
      "at": "2026-09-25T12:51:04.336Z",
      "loadAverage": [
        4.046875,
        3.27734375,
        3.337890625
      ],
      "freeMemoryBytes": 252084224,
      "totalMemoryBytes": 38654705664
    }
  ]
}
