{
  "schemaVersion": 1,
  "kind": "seedlands-performance-window",
  "status": "PASS",
  "version": 2,
  "ownerThread": "seedlands-performance-validator",
  "runId": "v1-door-exit-face-close-02-affected",
  "pid": 29003,
  "startedAt": "2026-09-25T23:56:59.493Z",
  "windowId": "v1-door-exit-face-close-02-affected",
  "evidencePath": "changes/2026-09-23-classic-functional-completion/evidence/v1-door-exit-face-close-02/affected-window.json.log",
  "waitedMs": 1,
  "endedAt": "2026-09-25T23:57:00.734Z",
  "exitCode": 0,
  "signal": null,
  "measurement": {
    "status": "NOT_RECORDED"
  },
  "samples": [
    {
      "at": "2026-09-25T23:56:59.494Z",
      "loadAverage": [
        3.4052734375,
        4.16162109375,
        4.193359375
      ],
      "freeMemoryBytes": 595279872,
      "totalMemoryBytes": 38654705664
    },
    {
      "at": "2026-09-25T23:57:00.732Z",
      "loadAverage": [
        3.4052734375,
        4.16162109375,
        4.193359375
      ],
      "freeMemoryBytes": 422494208,
      "totalMemoryBytes": 38654705664
    }
  ]
}
