{
  "schemaVersion": 1,
  "kind": "seedlands-performance-window",
  "status": "PASS",
  "version": 2,
  "ownerThread": "seedlands-performance-validator",
  "runId": "v1-door-exit-face-close-02-evidence-final",
  "pid": 31624,
  "startedAt": "2026-09-25T23:58:32.258Z",
  "windowId": "v1-door-exit-face-close-02-evidence-final",
  "evidencePath": "changes/2026-09-23-classic-functional-completion/evidence/v1-door-exit-face-close-02/evidence-final-window.json.log",
  "waitedMs": 2,
  "endedAt": "2026-09-25T23:58:33.025Z",
  "exitCode": 0,
  "signal": null,
  "measurement": {
    "status": "NOT_RECORDED"
  },
  "samples": [
    {
      "at": "2026-09-25T23:58:32.260Z",
      "loadAverage": [
        3.33349609375,
        4.07568359375,
        4.1640625
      ],
      "freeMemoryBytes": 664043520,
      "totalMemoryBytes": 38654705664
    },
    {
      "at": "2026-09-25T23:58:33.024Z",
      "loadAverage": [
        3.306640625,
        4.0576171875,
        4.1572265625
      ],
      "freeMemoryBytes": 717651968,
      "totalMemoryBytes": 38654705664
    }
  ]
}
