{
  "schemaVersion": 1,
  "kind": "seedlands-performance-window",
  "status": "PASS",
  "version": 2,
  "ownerThread": "seedlands-performance-validator",
  "runId": "v1-door-exit-face-close-02-static",
  "pid": 29898,
  "startedAt": "2026-09-25T23:57:47.566Z",
  "windowId": "v1-door-exit-face-close-02-static",
  "evidencePath": "changes/2026-09-23-classic-functional-completion/evidence/v1-door-exit-face-close-02/static-window.json.log",
  "waitedMs": 2,
  "endedAt": "2026-09-25T23:57:48.088Z",
  "exitCode": 0,
  "signal": null,
  "measurement": {
    "status": "NOT_RECORDED"
  },
  "samples": [
    {
      "at": "2026-09-25T23:57:47.568Z",
      "loadAverage": [
        4.458984375,
        4.3623046875,
        4.26611328125
      ],
      "freeMemoryBytes": 829505536,
      "totalMemoryBytes": 38654705664
    },
    {
      "at": "2026-09-25T23:57:48.087Z",
      "loadAverage": [
        4.421875,
        4.35595703125,
        4.26416015625
      ],
      "freeMemoryBytes": 821952512,
      "totalMemoryBytes": 38654705664
    }
  ]
}
