capturedAt=2026-09-28T05:48:06.736Z
sourceSha=f282da95833c5ff568b8b7a4caac7d7a7513514f
sourceTree=ad93a8e1afdbb461a32f7c87ab4b860fd44a2074
trackedChanges=0
indexClean=true
rootStdlib=/private/tmp/seedlands-v2-acceptance-f282da95/packages/stdlib
stdlibKernel=/private/tmp/seedlands-v2-acceptance-f282da95/packages/kernel
classicStdlib=/private/tmp/seedlands-v2-acceptance-f282da95/packages/stdlib
webStdlib=/private/tmp/seedlands-v2-acceptance-f282da95/packages/stdlib
webClassic=/private/tmp/seedlands-v2-acceptance-f282da95/playbooks/classic
taskStateEnvironment=/private/tmp/seedlands-v2-acceptance-f282da95/.pnpm-task-run-state-v1
taskStatePersisted=false
distFilesIncludingReceipt=277
distSymlinks=0
artifact={"schemaVersion":1,"sourceSha":"f282da95833c5ff568b8b7a4caac7d7a7513514f","sourceDigest":"c8463ed87574e1ff1ad4d1c06beb4649fc518ee6815e071a289aec1187c0e865","lockDigest":"44db46fb0f159ebe6d88435c8cfb5d46127d1c7f363a50d19217d454c30e1169","artifactDigest":"f6f1ea672dc8d19dacf70482aa900538c6d81f33637c16e9a718fc22fc1acfa4","builtAt":"2026-09-28T05:47:05.058Z"}
artifactReceiptSha256=fd010be92fce57ffebb254b0eb2b653a385922d22234856d85317074e39d79e0
artifactMapSha256=d1babe3ba4b9a2326cb1e1304b77f8045838ed7004c708e71bc692dc61ef3aa6
diskFileMapSha256=d1babe3ba4b9a2326cb1e1304b77f8045838ed7004c708e71bc692dc61ef3aa6
packLockSha256=f362a074758f751d828d3881d9427a0945ae5efbce3237dfd3e287d24676c16f
mediaSourceBytes=2976045
mediaSourceMime=audio/mpeg
mediaSourceSha256=3c69ae745727607de266898ab68a92c7c75f7f08e27daf0c6cec463f7bd119c9
mediaDistBytes=2976045
mediaDistMime=audio/mpeg
mediaDistSha256=3c69ae745727607de266898ab68a92c7c75f7f08e27daf0c6cec463f7bd119c9
packLockMedia={"path":"playbooks/classic/assets/audio/to-far-shores.mp3","sha256":"3c69ae745727607de266898ab68a92c7c75f7f08e27daf0c6cec463f7bd119c9","size":2976045,"contentType":"audio/mpeg"}
build09ArtifactDigest=f6f1ea672dc8d19dacf70482aa900538c6d81f33637c16e9a718fc22fc1acfa4
build09BuiltAt=2026-09-28T04:06:54.023Z
build09MapDifference=none
port4273Listening=false
acceptanceTreeProcesses=0
v2AcceptanceTreesPresent=2
v1AcceptanceTreesPresent=0
historicalAcceptanceTreesAbsentBeforeBuild10=true
historicalAcceptanceTreesDeletedByThisTask=false
backupRef=a402b01623354a5c78e41260354a0fdd7c35394c
