67d0d41f618e914b0d3c173abf68a5a6df14c20c0da4fb74bc79c3fc476674b1  ./README.md
40190d99bdf880e3d0678e8c6d2efb6477e1754dce57fbd2f509e3e233983c11  ./SOURCE-MANIFEST.sha256
aa196afb38670933e13c2372ea0d6e6aa47a54d89d5f203a75e00c5aa39d0976  ./diagnosis.json
ce5d12b0410f56779349b89e1a6f9eceafd14659b3ddb34da07ab0c188f7081e  ./final-selfcheck-cwd-failure-window.json.log
eb65b3c8c1dc2f603e6eece04e2903474e0dafb7ed73111cb42d51d7ec015ddc  ./final-selfcheck-cwd-failure.stdout.log
cdee392d1240bf797b164f6e231baf1ca5dd476469ecfef73ab38e647c0ef395  ./final-selfcheck-lock-contract-failure-window.json.log
e3b0c44298fc1c149afbf4c8996fb92427ae41e4649b934ca495991b7852b855  ./final-selfcheck-lock-contract-failure.stdout.log
63e6f19d3151e8f2d5327472338f433b0480479ef0278576ee7b7c70782056dc  ./format-pre-window.json.log
ac34603530796c0d8759e53f976c5b9f7fff3751ef38cc71dfd7b3e1ea2dcd59  ./format-pre.stdout.log
56a9f997cb2e96ecd27e5a68bda6d3fcc258340bbda3cee15f6b5375095bd3bc  ./format-write-02-window.json.log
592f1ed6399c899d1fcbaefc73d9f71c9f2e8b02b754db192fbead2b1c31b53b  ./format-write-02.stdout.log
9275f44e1de7806f9ca703c61933cdefff3d2f8e1f4de29e191d9afa05129a8f  ./format-write-final-02-window.json.log
e07a2e4ba197ed0ab06649668dc14d74362faaca68af53b3bf34e20404260197  ./format-write-final-02.stdout.log
dfea3564c66d2be9a7f4467155842214962ee5ba8278d48005078ce86248ef4f  ./format-write-final-window.json.log
a7d84a13675bdddea8a94d4666c3a711ef2f3dfde5fe30988e91073d80cf544c  ./format-write-final.stdout.log
9109f238a7344ac98c445e6c7df44628ac11ddcc8abd9f0b1e873f0c3c78fda3  ./format-write-window.json.log
515ccc1c5f38887b7dcc3064f4da149304ef450db888da76b968dfb8257c0607  ./format-write.stdout.log
963f1171ab923083c245a3c62ecb8f10cd2a4dc2461cd213cb47fbbd9f3b1555  ./route-condition-timeline.tsv
245c8efc79a1a1f144c5eeb1c4181dab972d96ed6705c365a16ae5608d9cb1bc  ./source-validation.stdout.log
78b06270c1a4ee0c5533ed644a9b501ac81bac7197896c5db8c90b5993483e18  ./workbench-route-sample-timeline.json
714973dbf1f6e8ee7b8f0899cb890ac7b0ebe5d314b959931e88951b09b50559  ./workbench-route-timeline.json
