{
  "schemaVersion": 1,
  "kind": "seedlands-performance-window",
  "status": "PASS",
  "version": 2,
  "ownerThread": "seedlands-performance-validator",
  "runId": "v2-canonical-equipment-fixture-close-02-classic-types-final",
  "pid": 22666,
  "startedAt": "2026-09-25T21:45:24.032Z",
  "windowId": "v2-canonical-equipment-fixture-close-02-classic-types-final",
  "evidencePath": "changes/2026-09-23-classic-functional-completion/evidence/v2-canonical-equipment-fixture-close-02/classic-types-final-window.json.log",
  "waitedMs": 1,
  "endedAt": "2026-09-25T21:45:27.347Z",
  "exitCode": 0,
  "signal": null,
  "measurement": {
    "status": "NOT_RECORDED"
  },
  "samples": [
    {
      "at": "2026-09-25T21:45:24.033Z",
      "loadAverage": [
        2.87060546875,
        3.06640625,
        3.123046875
      ],
      "freeMemoryBytes": 700989440,
      "totalMemoryBytes": 38654705664
    },
    {
      "at": "2026-09-25T21:45:27.345Z",
      "loadAverage": [
        2.87060546875,
        3.06640625,
        3.123046875
      ],
      "freeMemoryBytes": 911212544,
      "totalMemoryBytes": 38654705664
    }
  ]
}
