{
  "schemaVersion": 1,
  "kind": "seedlands-performance-window",
  "status": "PASS",
  "version": 2,
  "ownerThread": "seedlands-performance-validator",
  "runId": "v2-canonical-equipment-fixture-close-02-evidence-format",
  "pid": 26211,
  "startedAt": "2026-09-25T21:48:23.556Z",
  "windowId": "v2-canonical-equipment-fixture-close-02-evidence-format",
  "evidencePath": "changes/2026-09-23-classic-functional-completion/evidence/v2-canonical-equipment-fixture-close-02/evidence-format-window.json.log",
  "waitedMs": 1,
  "endedAt": "2026-09-25T21:48:24.006Z",
  "exitCode": 0,
  "signal": null,
  "measurement": {
    "status": "NOT_RECORDED"
  },
  "samples": [
    {
      "at": "2026-09-25T21:48:23.557Z",
      "loadAverage": [
        3.3154296875,
        3.0849609375,
        3.10205078125
      ],
      "freeMemoryBytes": 493600768,
      "totalMemoryBytes": 38654705664
    },
    {
      "at": "2026-09-25T21:48:24.004Z",
      "loadAverage": [
        3.5302734375,
        3.13330078125,
        3.11865234375
      ],
      "freeMemoryBytes": 488128512,
      "totalMemoryBytes": 38654705664
    }
  ]
}
