{
  "schemaVersion": 1,
  "kind": "seedlands-performance-window",
  "status": "PASS",
  "version": 2,
  "ownerThread": "seedlands-performance-validator",
  "runId": "v2-canonical-equipment-fixture-close-02-final-02",
  "pid": 23541,
  "startedAt": "2026-09-25T21:47:21.146Z",
  "windowId": "v2-canonical-equipment-fixture-close-02-final-02",
  "evidencePath": "changes/2026-09-23-classic-functional-completion/evidence/v2-canonical-equipment-fixture-close-02/final-02-window.json.log",
  "waitedMs": 1,
  "endedAt": "2026-09-25T21:47:32.397Z",
  "exitCode": 0,
  "signal": null,
  "measurement": {
    "status": "NOT_RECORDED"
  },
  "samples": [
    {
      "at": "2026-09-25T21:47:21.147Z",
      "loadAverage": [
        2.34375,
        2.80224609375,
        3.0068359375
      ],
      "freeMemoryBytes": 477020160,
      "totalMemoryBytes": 38654705664
    },
    {
      "at": "2026-09-25T21:47:26.149Z",
      "loadAverage": [
        2.55615234375,
        2.83837890625,
        3.01806640625
      ],
      "freeMemoryBytes": 63930368,
      "totalMemoryBytes": 38654705664
    },
    {
      "at": "2026-09-25T21:47:31.151Z",
      "loadAverage": [
        2.75146484375,
        2.8740234375,
        3.029296875
      ],
      "freeMemoryBytes": 570621952,
      "totalMemoryBytes": 38654705664
    },
    {
      "at": "2026-09-25T21:47:32.395Z",
      "loadAverage": [
        2.75146484375,
        2.8740234375,
        3.029296875
      ],
      "freeMemoryBytes": 739508224,
      "totalMemoryBytes": 38654705664
    }
  ]
}
