{
  "schemaVersion": 1,
  "kind": "seedlands-performance-window",
  "status": "PASS",
  "version": 2,
  "ownerThread": "seedlands-performance-validator",
  "runId": "v2-canonical-equipment-fixture-close-02-green-01",
  "pid": 21729,
  "startedAt": "2026-09-25T21:44:13.970Z",
  "windowId": "v2-canonical-equipment-fixture-close-02-green-01",
  "evidencePath": "changes/2026-09-23-classic-functional-completion/evidence/v2-canonical-equipment-fixture-close-02/green-01-window.json.log",
  "waitedMs": 2,
  "endedAt": "2026-09-25T21:44:15.237Z",
  "exitCode": 0,
  "signal": null,
  "measurement": {
    "status": "NOT_RECORDED"
  },
  "samples": [
    {
      "at": "2026-09-25T21:44:13.972Z",
      "loadAverage": [
        3.07958984375,
        3.18994140625,
        3.17236328125
      ],
      "freeMemoryBytes": 501071872,
      "totalMemoryBytes": 38654705664
    },
    {
      "at": "2026-09-25T21:44:15.235Z",
      "loadAverage": [
        3.07958984375,
        3.18994140625,
        3.17236328125
      ],
      "freeMemoryBytes": 482705408,
      "totalMemoryBytes": 38654705664
    }
  ]
}
