{
  "schemaVersion": 1,
  "kind": "seedlands-performance-window",
  "status": "FAIL",
  "version": 2,
  "ownerThread": "seedlands-performance-validator",
  "runId": "v2-canonical-equipment-fixture-close-02-red-01",
  "pid": 21514,
  "startedAt": "2026-09-25T21:43:51.322Z",
  "windowId": "v2-canonical-equipment-fixture-close-02-red-01",
  "evidencePath": "changes/2026-09-23-classic-functional-completion/evidence/v2-canonical-equipment-fixture-close-02/red-01-window.json.log",
  "waitedMs": 1,
  "endedAt": "2026-09-25T21:43:52.759Z",
  "exitCode": 1,
  "signal": null,
  "measurement": {
    "status": "NOT_RECORDED"
  },
  "samples": [
    {
      "at": "2026-09-25T21:43:51.323Z",
      "loadAverage": [
        2.9248046875,
        3.18701171875,
        3.171875
      ],
      "freeMemoryBytes": 414957568,
      "totalMemoryBytes": 38654705664
    },
    {
      "at": "2026-09-25T21:43:52.758Z",
      "loadAverage": [
        2.9248046875,
        3.18701171875,
        3.171875
      ],
      "freeMemoryBytes": 471482368,
      "totalMemoryBytes": 38654705664
    }
  ]
}
