{
  "schemaVersion": 1,
  "kind": "seedlands-performance-window",
  "status": "PASS",
  "version": 2,
  "ownerThread": "seedlands-performance-validator",
  "runId": "v2-equipment-pickup-refresh-close-09-final-selfcheck",
  "pid": 16206,
  "startedAt": "2026-09-28T07:32:17.334Z",
  "windowId": "v2-equipment-pickup-refresh-close-09-final-selfcheck",
  "evidencePath": "changes/2026-09-23-classic-functional-completion/evidence/v2-equipment-pickup-refresh-close-09/final-selfcheck-window.json.log",
  "waitedMs": 1,
  "endedAt": "2026-09-28T07:32:17.725Z",
  "exitCode": 0,
  "signal": null,
  "measurement": {
    "status": "NOT_RECORDED"
  },
  "samples": [
    {
      "at": "2026-09-28T07:32:17.335Z",
      "loadAverage": [
        2.05419921875,
        2.447265625,
        2.62109375
      ],
      "freeMemoryBytes": 6107742208,
      "totalMemoryBytes": 38654705664
    },
    {
      "at": "2026-09-28T07:32:17.723Z",
      "loadAverage": [
        2.05419921875,
        2.447265625,
        2.62109375
      ],
      "freeMemoryBytes": 6083510272,
      "totalMemoryBytes": 38654705664
    }
  ]
}
