{
  "schemaVersion": 1,
  "kind": "seedlands-performance-window",
  "status": "PASS",
  "version": 2,
  "ownerThread": "seedlands-performance-validator",
  "runId": "v2-arrival-during-aim-close-12-affected-03",
  "pid": 27293,
  "startedAt": "2026-09-28T11:17:13.667Z",
  "windowId": "v2-arrival-during-aim-close-12-affected-03",
  "evidencePath": "changes/2026-09-23-classic-functional-completion/evidence/v2-arrival-during-aim-close-12/affected-03-window.json.log",
  "waitedMs": 1,
  "endedAt": "2026-09-28T11:17:16.450Z",
  "exitCode": 0,
  "signal": null,
  "measurement": {
    "status": "NOT_RECORDED"
  },
  "samples": [
    {
      "at": "2026-09-28T11:17:13.668Z",
      "loadAverage": [
        2.3173828125,
        2.55126953125,
        2.60498046875
      ],
      "freeMemoryBytes": 1030520832,
      "totalMemoryBytes": 38654705664
    },
    {
      "at": "2026-09-28T11:17:16.448Z",
      "loadAverage": [
        2.37158203125,
        2.55859375,
        2.60693359375
      ],
      "freeMemoryBytes": 868302848,
      "totalMemoryBytes": 38654705664
    }
  ]
}
