{
  "schemaVersion": 1,
  "kind": "seedlands-performance-window",
  "status": "PASS",
  "version": 2,
  "ownerThread": "seedlands-performance-validator",
  "runId": "v2-arrival-during-aim-close-12-classic-types",
  "pid": 27705,
  "startedAt": "2026-09-28T11:17:50.980Z",
  "windowId": "v2-arrival-during-aim-close-12-classic-types",
  "evidencePath": "changes/2026-09-23-classic-functional-completion/evidence/v2-arrival-during-aim-close-12/classic-types-window.json.log",
  "waitedMs": 1,
  "endedAt": "2026-09-28T11:17:54.382Z",
  "exitCode": 0,
  "signal": null,
  "measurement": {
    "status": "NOT_RECORDED"
  },
  "samples": [
    {
      "at": "2026-09-28T11:17:50.981Z",
      "loadAverage": [
        2.22509765625,
        2.49609375,
        2.58056640625
      ],
      "freeMemoryBytes": 977027072,
      "totalMemoryBytes": 38654705664
    },
    {
      "at": "2026-09-28T11:17:54.380Z",
      "loadAverage": [
        2.20703125,
        2.48779296875,
        2.5771484375
      ],
      "freeMemoryBytes": 1026490368,
      "totalMemoryBytes": 38654705664
    }
  ]
}
