{
  "schemaVersion": 1,
  "kind": "seedlands-performance-window",
  "status": "FAIL",
  "version": 2,
  "ownerThread": "seedlands-performance-validator",
  "runId": "v2-arrival-during-aim-close-12-eslint",
  "pid": 29722,
  "startedAt": "2026-09-28T11:18:22.985Z",
  "windowId": "v2-arrival-during-aim-close-12-eslint",
  "evidencePath": "changes/2026-09-23-classic-functional-completion/evidence/v2-arrival-during-aim-close-12/eslint-window.json.log",
  "waitedMs": 1,
  "endedAt": "2026-09-28T11:18:24.588Z",
  "exitCode": 1,
  "signal": null,
  "measurement": {
    "status": "NOT_RECORDED"
  },
  "samples": [
    {
      "at": "2026-09-28T11:18:22.986Z",
      "loadAverage": [
        2.326171875,
        2.4951171875,
        2.57666015625
      ],
      "freeMemoryBytes": 1109639168,
      "totalMemoryBytes": 38654705664
    },
    {
      "at": "2026-09-28T11:18:24.587Z",
      "loadAverage": [
        2.6201171875,
        2.55322265625,
        2.5966796875
      ],
      "freeMemoryBytes": 1084604416,
      "totalMemoryBytes": 38654705664
    }
  ]
}
