{
  "schemaVersion": 1,
  "kind": "seedlands-performance-window",
  "status": "PASS",
  "version": 2,
  "ownerThread": "seedlands-performance-validator",
  "runId": "v2-arrival-during-aim-close-12-eslint-02",
  "pid": 33367,
  "startedAt": "2026-09-28T11:21:54.505Z",
  "windowId": "v2-arrival-during-aim-close-12-eslint-02",
  "evidencePath": "changes/2026-09-23-classic-functional-completion/evidence/v2-arrival-during-aim-close-12/eslint-02-window.json.log",
  "waitedMs": 1,
  "endedAt": "2026-09-28T11:21:55.546Z",
  "exitCode": 0,
  "signal": null,
  "measurement": {
    "status": "NOT_RECORDED"
  },
  "samples": [
    {
      "at": "2026-09-28T11:21:54.507Z",
      "loadAverage": [
        3.7314453125,
        3.0625,
        2.79052734375
      ],
      "freeMemoryBytes": 1874362368,
      "totalMemoryBytes": 38654705664
    },
    {
      "at": "2026-09-28T11:21:55.544Z",
      "loadAverage": [
        3.9130859375,
        3.11083984375,
        2.80908203125
      ],
      "freeMemoryBytes": 1952808960,
      "totalMemoryBytes": 38654705664
    }
  ]
}
