{
  "schemaVersion": 1,
  "kind": "seedlands-performance-window",
  "status": "PASS",
  "version": 2,
  "ownerThread": "seedlands-performance-validator",
  "runId": "v2-arrival-during-aim-close-12-final-selfcheck",
  "pid": 39637,
  "startedAt": "2026-09-28T11:28:50.324Z",
  "windowId": "v2-arrival-during-aim-close-12-final-selfcheck",
  "evidencePath": "changes/2026-09-23-classic-functional-completion/evidence/v2-arrival-during-aim-close-12/final-selfcheck-window.json.log",
  "waitedMs": 1,
  "endedAt": "2026-09-28T11:28:50.910Z",
  "exitCode": 0,
  "signal": null,
  "measurement": {
    "status": "NOT_RECORDED"
  },
  "samples": [
    {
      "at": "2026-09-28T11:28:50.325Z",
      "loadAverage": [
        2.537109375,
        2.7734375,
        2.74072265625
      ],
      "freeMemoryBytes": 3475816448,
      "totalMemoryBytes": 38654705664
    },
    {
      "at": "2026-09-28T11:28:50.909Z",
      "loadAverage": [
        2.537109375,
        2.7734375,
        2.74072265625
      ],
      "freeMemoryBytes": 3519070208,
      "totalMemoryBytes": 38654705664
    }
  ]
}
