{
  "schemaVersion": 1,
  "kind": "seedlands-performance-window",
  "status": "PASS",
  "version": 2,
  "ownerThread": "seedlands-performance-validator",
  "runId": "v2-arrival-during-aim-close-12-format",
  "pid": 34027,
  "startedAt": "2026-09-28T11:22:18.057Z",
  "windowId": "v2-arrival-during-aim-close-12-format",
  "evidencePath": "changes/2026-09-23-classic-functional-completion/evidence/v2-arrival-during-aim-close-12/format-window.json.log",
  "waitedMs": 1,
  "endedAt": "2026-09-28T11:22:18.585Z",
  "exitCode": 0,
  "signal": null,
  "measurement": {
    "status": "NOT_RECORDED"
  },
  "samples": [
    {
      "at": "2026-09-28T11:22:18.058Z",
      "loadAverage": [
        3.86962890625,
        3.1513671875,
        2.83056640625
      ],
      "freeMemoryBytes": 2080047104,
      "totalMemoryBytes": 38654705664
    },
    {
      "at": "2026-09-28T11:22:18.583Z",
      "loadAverage": [
        3.86962890625,
        3.1513671875,
        2.83056640625
      ],
      "freeMemoryBytes": 2090090496,
      "totalMemoryBytes": 38654705664
    }
  ]
}
