{
  "schemaVersion": 1,
  "kind": "seedlands-performance-window",
  "status": "PASS",
  "version": 2,
  "ownerThread": "seedlands-performance-validator",
  "runId": "v2-arrival-during-aim-close-12-green",
  "pid": 26095,
  "startedAt": "2026-09-28T11:15:37.236Z",
  "windowId": "v2-arrival-during-aim-close-12-green",
  "evidencePath": "changes/2026-09-23-classic-functional-completion/evidence/v2-arrival-during-aim-close-12/green-window.json.log",
  "waitedMs": 1,
  "endedAt": "2026-09-28T11:15:38.084Z",
  "exitCode": 0,
  "signal": null,
  "measurement": {
    "status": "NOT_RECORDED"
  },
  "samples": [
    {
      "at": "2026-09-28T11:15:37.237Z",
      "loadAverage": [
        2.2392578125,
        2.6416015625,
        2.64404296875
      ],
      "freeMemoryBytes": 867942400,
      "totalMemoryBytes": 38654705664
    },
    {
      "at": "2026-09-28T11:15:38.082Z",
      "loadAverage": [
        2.2392578125,
        2.6416015625,
        2.64404296875
      ],
      "freeMemoryBytes": 673136640,
      "totalMemoryBytes": 38654705664
    }
  ]
}
