{
  "schemaVersion": 1,
  "kind": "seedlands-performance-window",
  "status": "PASS",
  "version": 2,
  "ownerThread": "seedlands-performance-validator",
  "runId": "v2-arrival-during-aim-close-12-metadata-final",
  "pid": 39465,
  "startedAt": "2026-09-28T11:28:39.035Z",
  "windowId": "v2-arrival-during-aim-close-12-metadata-final",
  "evidencePath": "changes/2026-09-23-classic-functional-completion/evidence/v2-arrival-during-aim-close-12/metadata-final-window.json.log",
  "waitedMs": 1,
  "endedAt": "2026-09-28T11:28:39.392Z",
  "exitCode": 0,
  "signal": null,
  "measurement": {
    "status": "NOT_RECORDED"
  },
  "samples": [
    {
      "at": "2026-09-28T11:28:39.036Z",
      "loadAverage": [
        2.45361328125,
        2.7666015625,
        2.73779296875
      ],
      "freeMemoryBytes": 3538157568,
      "totalMemoryBytes": 38654705664
    },
    {
      "at": "2026-09-28T11:28:39.391Z",
      "loadAverage": [
        2.45361328125,
        2.7666015625,
        2.73779296875
      ],
      "freeMemoryBytes": 3313549312,
      "totalMemoryBytes": 38654705664
    }
  ]
}
