{
  "schemaVersion": 1,
  "kind": "seedlands-performance-window",
  "status": "FAIL",
  "version": 2,
  "ownerThread": "seedlands-performance-validator",
  "runId": "v2-arrival-during-aim-close-12-red",
  "pid": 25593,
  "startedAt": "2026-09-28T11:14:15.275Z",
  "windowId": "v2-arrival-during-aim-close-12-red",
  "evidencePath": "changes/2026-09-23-classic-functional-completion/evidence/v2-arrival-during-aim-close-12/red-window.json.log",
  "waitedMs": 1,
  "endedAt": "2026-09-28T11:14:16.338Z",
  "exitCode": 1,
  "signal": null,
  "measurement": {
    "status": "NOT_RECORDED"
  },
  "samples": [
    {
      "at": "2026-09-28T11:14:15.276Z",
      "loadAverage": [
        2.63671875,
        2.7744140625,
        2.68994140625
      ],
      "freeMemoryBytes": 738099200,
      "totalMemoryBytes": 38654705664
    },
    {
      "at": "2026-09-28T11:14:16.336Z",
      "loadAverage": [
        2.63671875,
        2.7744140625,
        2.68994140625
      ],
      "freeMemoryBytes": 726892544,
      "totalMemoryBytes": 38654705664
    }
  ]
}
