{
  "schemaVersion": 1,
  "kind": "seedlands-performance-window",
  "status": "PASS",
  "version": 2,
  "ownerThread": "seedlands-performance-validator",
  "runId": "v2-arrival-during-aim-close-12-root-types",
  "pid": 27875,
  "startedAt": "2026-09-28T11:18:07.804Z",
  "windowId": "v2-arrival-during-aim-close-12-root-types",
  "evidencePath": "changes/2026-09-23-classic-functional-completion/evidence/v2-arrival-during-aim-close-12/root-types-window.json.log",
  "waitedMs": 1,
  "endedAt": "2026-09-28T11:18:10.753Z",
  "exitCode": 0,
  "signal": null,
  "measurement": {
    "status": "NOT_RECORDED"
  },
  "samples": [
    {
      "at": "2026-09-28T11:18:07.805Z",
      "loadAverage": [
        2.31591796875,
        2.50390625,
        2.58154296875
      ],
      "freeMemoryBytes": 997064704,
      "totalMemoryBytes": 38654705664
    },
    {
      "at": "2026-09-28T11:18:10.751Z",
      "loadAverage": [
        2.37060546875,
        2.51171875,
        2.583984375
      ],
      "freeMemoryBytes": 991690752,
      "totalMemoryBytes": 38654705664
    }
  ]
}
