{
  "schemaVersion": 1,
  "kind": "seedlands-performance-window",
  "status": "PASS",
  "version": 2,
  "ownerThread": "seedlands-performance-validator",
  "runId": "v2-arrival-during-aim-close-12-scoped-diff",
  "pid": 34110,
  "startedAt": "2026-09-28T11:22:26.066Z",
  "windowId": "v2-arrival-during-aim-close-12-scoped-diff",
  "evidencePath": "changes/2026-09-23-classic-functional-completion/evidence/v2-arrival-during-aim-close-12/scoped-diff-window.json.log",
  "waitedMs": 1,
  "endedAt": "2026-09-28T11:22:26.121Z",
  "exitCode": 0,
  "signal": null,
  "measurement": {
    "status": "NOT_RECORDED"
  },
  "samples": [
    {
      "at": "2026-09-28T11:22:26.067Z",
      "loadAverage": [
        3.9755859375,
        3.1953125,
        2.85009765625
      ],
      "freeMemoryBytes": 2095054848,
      "totalMemoryBytes": 38654705664
    },
    {
      "at": "2026-09-28T11:22:26.119Z",
      "loadAverage": [
        3.9755859375,
        3.1953125,
        2.85009765625
      ],
      "freeMemoryBytes": 2096742400,
      "totalMemoryBytes": 38654705664
    }
  ]
}
