{
  "schemaVersion": 1,
  "kind": "seedlands-performance-window",
  "status": "PASS",
  "version": 2,
  "ownerThread": "seedlands-performance-validator",
  "runId": "05042048-52c6-4d34-8ab2-8721d20faf32",
  "pid": 2933,
  "startedAt": "2026-09-25T07:33:35.567Z",
  "windowId": "05042048-52c6-4d34-8ab2-8721d20faf32",
  "evidencePath": "harness/results/performance-windows/05042048-52c6-4d34-8ab2-8721d20faf32.json",
  "waitedMs": 1,
  "endedAt": "2026-09-25T07:33:37.285Z",
  "exitCode": 0,
  "signal": null,
  "measurement": {
    "status": "NOT_RECORDED"
  },
  "samples": [
    {
      "at": "2026-09-25T07:33:35.568Z",
      "loadAverage": [
        3.88525390625,
        3.267578125,
        3.314453125
      ],
      "freeMemoryBytes": 2483322880,
      "totalMemoryBytes": 38654705664
    },
    {
      "at": "2026-09-25T07:33:37.284Z",
      "loadAverage": [
        3.88525390625,
        3.267578125,
        3.314453125
      ],
      "freeMemoryBytes": 2352726016,
      "totalMemoryBytes": 38654705664
    }
  ]
}
