{
  "schemaVersion": 1,
  "kind": "seedlands-performance-window",
  "status": "PASS",
  "version": 2,
  "ownerThread": "seedlands-performance-validator",
  "runId": "b3cb1f5c-5cb3-4379-be0d-e77f849e6763",
  "pid": 20080,
  "startedAt": "2026-09-25T16:12:31.442Z",
  "windowId": "b3cb1f5c-5cb3-4379-be0d-e77f849e6763",
  "evidencePath": "changes/2026-09-23-classic-functional-completion/evidence/v2-death-mixed-series-01/eslint-final3.window.json.log",
  "waitedMs": 1,
  "endedAt": "2026-09-25T16:12:32.946Z",
  "exitCode": 0,
  "signal": null,
  "measurement": {
    "status": "NOT_RECORDED"
  },
  "samples": [
    {
      "at": "2026-09-25T16:12:31.443Z",
      "loadAverage": [
        3.0927734375,
        3.490234375,
        3.64599609375
      ],
      "freeMemoryBytes": 944553984,
      "totalMemoryBytes": 38654705664
    },
    {
      "at": "2026-09-25T16:12:32.944Z",
      "loadAverage": [
        3.0927734375,
        3.490234375,
        3.64599609375
      ],
      "freeMemoryBytes": 927891456,
      "totalMemoryBytes": 38654705664
    }
  ]
}
