{
  "schemaVersion": 1,
  "kind": "seedlands-performance-window",
  "status": "PASS",
  "version": 2,
  "ownerThread": "seedlands-performance-validator",
  "runId": "0ec3d52a-25c7-4ee4-b46a-2f025ca56559",
  "pid": 11579,
  "startedAt": "2026-09-25T16:06:08.278Z",
  "windowId": "0ec3d52a-25c7-4ee4-b46a-2f025ca56559",
  "evidencePath": "changes/2026-09-23-classic-functional-completion/evidence/v2-death-mixed-series-01/final-eslint.window.json.log",
  "waitedMs": 1,
  "endedAt": "2026-09-25T16:06:09.234Z",
  "exitCode": 0,
  "signal": null,
  "measurement": {
    "status": "NOT_RECORDED"
  },
  "samples": [
    {
      "at": "2026-09-25T16:06:08.279Z",
      "loadAverage": [
        3.48193359375,
        3.57421875,
        3.6943359375
      ],
      "freeMemoryBytes": 414056448,
      "totalMemoryBytes": 38654705664
    },
    {
      "at": "2026-09-25T16:06:09.232Z",
      "loadAverage": [
        3.48193359375,
        3.57421875,
        3.6943359375
      ],
      "freeMemoryBytes": 482394112,
      "totalMemoryBytes": 38654705664
    }
  ]
}
