{
  "schemaVersion": 1,
  "kind": "seedlands-performance-window",
  "status": "FAIL",
  "version": 2,
  "ownerThread": "seedlands-performance-validator",
  "runId": "8489148b-c440-4e32-9a7e-05ea850d9805",
  "pid": 24080,
  "startedAt": "2026-09-25T16:17:09.551Z",
  "windowId": "8489148b-c440-4e32-9a7e-05ea850d9805",
  "evidencePath": "changes/2026-09-23-classic-functional-completion/evidence/v2-death-mixed-series-01/format-final3.window.json.log",
  "waitedMs": 2,
  "endedAt": "2026-09-25T16:17:10.078Z",
  "exitCode": 1,
  "signal": null,
  "measurement": {
    "status": "NOT_RECORDED"
  },
  "samples": [
    {
      "at": "2026-09-25T16:17:09.553Z",
      "loadAverage": [
        2.564453125,
        2.99560546875,
        3.384765625
      ],
      "freeMemoryBytes": 662192128,
      "totalMemoryBytes": 38654705664
    },
    {
      "at": "2026-09-25T16:17:10.076Z",
      "loadAverage": [
        2.564453125,
        2.99560546875,
        3.384765625
      ],
      "freeMemoryBytes": 711753728,
      "totalMemoryBytes": 38654705664
    }
  ]
}
