{
  "schemaVersion": 1,
  "kind": "seedlands-performance-window",
  "status": "PASS",
  "version": 2,
  "ownerThread": "seedlands-performance-validator",
  "runId": "284eee00-43dd-4e9b-bd86-3141925643fe",
  "pid": 24184,
  "startedAt": "2026-09-25T16:17:29.970Z",
  "windowId": "284eee00-43dd-4e9b-bd86-3141925643fe",
  "evidencePath": "changes/2026-09-23-classic-functional-completion/evidence/v2-death-mixed-series-01/format-final4.window.json.log",
  "waitedMs": 1,
  "endedAt": "2026-09-25T16:17:30.485Z",
  "exitCode": 0,
  "signal": null,
  "measurement": {
    "status": "NOT_RECORDED"
  },
  "samples": [
    {
      "at": "2026-09-25T16:17:29.971Z",
      "loadAverage": [
        2.42822265625,
        2.93115234375,
        3.3515625
      ],
      "freeMemoryBytes": 714375168,
      "totalMemoryBytes": 38654705664
    },
    {
      "at": "2026-09-25T16:17:30.484Z",
      "loadAverage": [
        2.42822265625,
        2.93115234375,
        3.3515625
      ],
      "freeMemoryBytes": 676151296,
      "totalMemoryBytes": 38654705664
    }
  ]
}
