{
  "schemaVersion": 1,
  "kind": "seedlands-performance-window",
  "status": "PASS",
  "version": 2,
  "ownerThread": "seedlands-performance-validator",
  "runId": "38e830ae-1438-4876-b5a5-d142d8a0cb64",
  "pid": 25407,
  "startedAt": "2026-09-25T16:20:05.721Z",
  "windowId": "38e830ae-1438-4876-b5a5-d142d8a0cb64",
  "evidencePath": "changes/2026-09-23-classic-functional-completion/evidence/v2-death-mixed-series-01/format-frozen.window.json.log",
  "waitedMs": 1,
  "endedAt": "2026-09-25T16:20:06.289Z",
  "exitCode": 0,
  "signal": null,
  "measurement": {
    "status": "NOT_RECORDED"
  },
  "samples": [
    {
      "at": "2026-09-25T16:20:05.722Z",
      "loadAverage": [
        3.193359375,
        2.9697265625,
        3.2900390625
      ],
      "freeMemoryBytes": 353599488,
      "totalMemoryBytes": 38654705664
    },
    {
      "at": "2026-09-25T16:20:06.287Z",
      "loadAverage": [
        3.193359375,
        2.9697265625,
        3.2900390625
      ],
      "freeMemoryBytes": 350846976,
      "totalMemoryBytes": 38654705664
    }
  ]
}
