{
  "schemaVersion": 1,
  "kind": "seedlands-performance-window",
  "status": "PASS",
  "version": 2,
  "ownerThread": "seedlands-performance-validator",
  "runId": "5efec168-6652-4fbe-9eca-ea7bde74e4ad",
  "pid": 19603,
  "startedAt": "2026-09-25T16:11:56.183Z",
  "windowId": "5efec168-6652-4fbe-9eca-ea7bde74e4ad",
  "evidencePath": "changes/2026-09-23-classic-functional-completion/evidence/v2-death-mixed-series-01/format-final2.window.json.log",
  "waitedMs": 1,
  "endedAt": "2026-09-25T16:11:56.692Z",
  "exitCode": 0,
  "signal": null,
  "measurement": {
    "status": "NOT_RECORDED"
  },
  "samples": [
    {
      "at": "2026-09-25T16:11:56.184Z",
      "loadAverage": [
        3.318359375,
        3.572265625,
        3.68115234375
      ],
      "freeMemoryBytes": 345473024,
      "totalMemoryBytes": 38654705664
    },
    {
      "at": "2026-09-25T16:11:56.690Z",
      "loadAverage": [
        3.318359375,
        3.572265625,
        3.68115234375
      ],
      "freeMemoryBytes": 389382144,
      "totalMemoryBytes": 38654705664
    }
  ]
}
