{
  "schemaVersion": 1,
  "kind": "seedlands-performance-window",
  "status": "PASS",
  "version": 2,
  "ownerThread": "seedlands-performance-validator",
  "runId": "62e9ef41-09c5-4c5b-80d1-5a0cb91457a3",
  "pid": 24351,
  "startedAt": "2026-09-25T16:17:38.947Z",
  "windowId": "62e9ef41-09c5-4c5b-80d1-5a0cb91457a3",
  "evidencePath": "changes/2026-09-23-classic-functional-completion/evidence/v2-death-mixed-series-01/scoped-diff.window.json.log",
  "waitedMs": 2,
  "endedAt": "2026-09-25T16:17:39.024Z",
  "exitCode": 0,
  "signal": null,
  "measurement": {
    "status": "NOT_RECORDED"
  },
  "samples": [
    {
      "at": "2026-09-25T16:17:38.949Z",
      "loadAverage": [
        2.3134765625,
        2.89892578125,
        3.33740234375
      ],
      "freeMemoryBytes": 861339648,
      "totalMemoryBytes": 38654705664
    },
    {
      "at": "2026-09-25T16:17:39.023Z",
      "loadAverage": [
        2.3134765625,
        2.89892578125,
        3.33740234375
      ],
      "freeMemoryBytes": 859832320,
      "totalMemoryBytes": 38654705664
    }
  ]
}
