{
  "schemaVersion": 1,
  "kind": "seedlands-performance-window",
  "status": "PASS",
  "version": 2,
  "ownerThread": "seedlands-performance-validator",
  "runId": "d2a30d93-8de2-4c50-a0e0-0c6048dcb043",
  "pid": 17152,
  "startedAt": "2026-09-25T16:10:41.635Z",
  "windowId": "d2a30d93-8de2-4c50-a0e0-0c6048dcb043",
  "evidencePath": "changes/2026-09-23-classic-functional-completion/evidence/v2-death-mixed-series-01/stdlib-typecheck-final.window.json.log",
  "waitedMs": 2,
  "endedAt": "2026-09-25T16:10:43.828Z",
  "exitCode": 0,
  "signal": null,
  "measurement": {
    "status": "NOT_RECORDED"
  },
  "samples": [
    {
      "at": "2026-09-25T16:10:41.637Z",
      "loadAverage": [
        3.2080078125,
        3.6142578125,
        3.70556640625
      ],
      "freeMemoryBytes": 670892032,
      "totalMemoryBytes": 38654705664
    },
    {
      "at": "2026-09-25T16:10:43.827Z",
      "loadAverage": [
        3.35107421875,
        3.63720703125,
        3.712890625
      ],
      "freeMemoryBytes": 694845440,
      "totalMemoryBytes": 38654705664
    }
  ]
}
