{
  "schemaVersion": 1,
  "kind": "seedlands-performance-window",
  "status": "PASS",
  "version": 2,
  "ownerThread": "seedlands-performance-validator",
  "runId": "fa515674-45e4-46db-b058-694e2509f04b",
  "pid": 6563,
  "startedAt": "2026-09-25T16:01:54.030Z",
  "windowId": "fa515674-45e4-46db-b058-694e2509f04b",
  "evidencePath": "changes/2026-09-23-classic-functional-completion/evidence/v2-death-mixed-series-01/stdlib-typecheck.window.json.log",
  "waitedMs": 1,
  "endedAt": "2026-09-25T16:01:56.363Z",
  "exitCode": 0,
  "signal": null,
  "measurement": {
    "status": "NOT_RECORDED"
  },
  "samples": [
    {
      "at": "2026-09-25T16:01:54.031Z",
      "loadAverage": [
        3.3046875,
        3.650390625,
        3.7744140625
      ],
      "freeMemoryBytes": 364773376,
      "totalMemoryBytes": 38654705664
    },
    {
      "at": "2026-09-25T16:01:56.361Z",
      "loadAverage": [
        3.3046875,
        3.650390625,
        3.7744140625
      ],
      "freeMemoryBytes": 700612608,
      "totalMemoryBytes": 38654705664
    }
  ]
}
