{
  "schemaVersion": 1,
  "kind": "seedlands-performance-window",
  "status": "PASS",
  "version": 2,
  "ownerThread": "seedlands-performance-validator",
  "runId": "b3b7d76e-3a4f-440e-a275-d922a23b7670",
  "pid": 80998,
  "startedAt": "2026-09-25T08:46:56.612Z",
  "windowId": "b3b7d76e-3a4f-440e-a275-d922a23b7670",
  "evidencePath": "harness/results/performance-windows/b3b7d76e-3a4f-440e-a275-d922a23b7670.json",
  "waitedMs": 1,
  "endedAt": "2026-09-25T08:46:57.150Z",
  "exitCode": 0,
  "signal": null,
  "measurement": {
    "status": "NOT_RECORDED"
  },
  "samples": [
    {
      "at": "2026-09-25T08:46:56.613Z",
      "loadAverage": [
        2.94873046875,
        3.3095703125,
        3.55517578125
      ],
      "freeMemoryBytes": 1699823616,
      "totalMemoryBytes": 38654705664
    },
    {
      "at": "2026-09-25T08:46:57.149Z",
      "loadAverage": [
        2.94873046875,
        3.3095703125,
        3.55517578125
      ],
      "freeMemoryBytes": 1685241856,
      "totalMemoryBytes": 38654705664
    }
  ]
}
