{
  "schemaVersion": 1,
  "kind": "seedlands-performance-window",
  "status": "PASS",
  "version": 2,
  "ownerThread": "seedlands-performance-validator",
  "runId": "2401a5ed-b68b-48c7-93f5-138046e9629a",
  "pid": 62037,
  "startedAt": "2026-09-25T08:28:40.549Z",
  "windowId": "2401a5ed-b68b-48c7-93f5-138046e9629a",
  "evidencePath": "harness/results/performance-windows/2401a5ed-b68b-48c7-93f5-138046e9629a.json",
  "waitedMs": 1,
  "endedAt": "2026-09-25T08:34:09.921Z",
  "exitCode": 0,
  "signal": null,
  "measurement": {
    "status": "NOT_RECORDED"
  },
  "samples": [
    {
      "at": "2026-09-25T08:28:40.550Z",
      "loadAverage": [
        3.7470703125,
        3.44580078125,
        3.5
      ],
      "freeMemoryBytes": 3016048640,
      "totalMemoryBytes": 38654705664
    },
    {
      "at": "2026-09-25T08:28:45.552Z",
      "loadAverage": [
        3.60693359375,
        3.42138671875,
        3.4912109375
      ],
      "freeMemoryBytes": 1698758656,
      "totalMemoryBytes": 38654705664
    },
    {
      "at": "2026-09-25T08:28:50.554Z",
      "loadAverage": [
        4.03857421875,
        3.513671875,
        3.5234375
      ],
      "freeMemoryBytes": 181174272,
      "totalMemoryBytes": 38654705664
    },
    {
      "at": "2026-09-25T08:28:55.556Z",
      "loadAverage": [
        4.115234375,
        3.5380859375,
        3.53173828125
      ],
      "freeMemoryBytes": 101138432,
      "totalMemoryBytes": 38654705664
    },
    {
      "at": "2026-09-25T08:29:00.558Z",
      "loadAverage": [
        4.18603515625,
        3.56201171875,
        3.5400390625
      ],
      "freeMemoryBytes": 72810496,
      "totalMemoryBytes": 38654705664
    },
    {
      "at": "2026-09-25T08:29:05.560Z",
      "loadAverage": [
        4.0908203125,
        3.55224609375,
        3.53662109375
      ],
      "freeMemoryBytes": 146325504,
      "totalMemoryBytes": 38654705664
    },
    {
      "at": "2026-09-25T08:29:10.562Z",
      "loadAverage": [
        3.92333984375,
        3.5263671875,
        3.52734375
      ],
      "freeMemoryBytes": 99450880,
      "totalMemoryBytes": 38654705664
    },
    {
      "at": "2026-09-25T08:29:15.564Z",
      "loadAverage": [
        3.68896484375,
        3.484375,
        3.51220703125
      ],
      "freeMemoryBytes": 67584000,
      "totalMemoryBytes": 38654705664
    },
    {
      "at": "2026-09-25T08:29:20.566Z",
      "loadAverage": [
        3.3935546875,
        3.42626953125,
        3.4912109375
      ],
      "freeMemoryBytes": 289390592,
      "totalMemoryBytes": 38654705664
    },
    {
      "at": "2026-09-25T08:29:25.568Z",
      "loadAverage": [
        3.20166015625,
        3.3857421875,
        3.4765625
      ],
      "freeMemoryBytes": 309936128,
      "totalMemoryBytes": 38654705664
    },
    {
      "at": "2026-09-25T08:29:30.570Z",
      "loadAverage": [
        3.50537109375,
        3.4453125,
        3.4970703125
      ],
      "freeMemoryBytes": 194510848,
      "totalMemoryBytes": 38654705664
    },
    {
      "at": "2026-09-25T08:29:35.572Z",
      "loadAverage": [
        3.544921875,
        3.4541015625,
        3.5
      ],
      "freeMemoryBytes": 100745216,
      "totalMemoryBytes": 38654705664
    },
    {
      "at": "2026-09-25T08:29:40.575Z",
      "loadAverage": [
        3.5810546875,
        3.462890625,
        3.5029296875
      ],
      "freeMemoryBytes": 251133952,
      "totalMemoryBytes": 38654705664
    },
    {
      "at": "2026-09-25T08:29:45.574Z",
      "loadAverage": [
        3.4541015625,
        3.4384765625,
        3.49365234375
      ],
      "freeMemoryBytes": 200146944,
      "totalMemoryBytes": 38654705664
    },
    {
      "at": "2026-09-25T08:29:50.577Z",
      "loadAverage": [
        3.25732421875,
        3.39794921875,
        3.47900390625
      ],
      "freeMemoryBytes": 162807808,
      "totalMemoryBytes": 38654705664
    },
    {
      "at": "2026-09-25T08:29:55.579Z",
      "loadAverage": [
        3.556640625,
        3.45751953125,
        3.49951171875
      ],
      "freeMemoryBytes": 74989568,
      "totalMemoryBytes": 38654705664
    },
    {
      "at": "2026-09-25T08:30:00.581Z",
      "loadAverage": [
        3.671875,
        3.48291015625,
        3.50830078125
      ],
      "freeMemoryBytes": 68861952,
      "totalMemoryBytes": 38654705664
    },
    {
      "at": "2026-09-25T08:30:05.583Z",
      "loadAverage": [
        3.53759765625,
        3.4580078125,
        3.4990234375
      ],
      "freeMemoryBytes": 86982656,
      "totalMemoryBytes": 38654705664
    },
    {
      "at": "2026-09-25T08:30:10.585Z",
      "loadAverage": [
        3.734375,
        3.5,
        3.513671875
      ],
      "freeMemoryBytes": 124665856,
      "totalMemoryBytes": 38654705664
    },
    {
      "at": "2026-09-25T08:30:15.585Z",
      "loadAverage": [
        3.99560546875,
        3.55810546875,
        3.53369140625
      ],
      "freeMemoryBytes": 70156288,
      "totalMemoryBytes": 38654705664
    },
    {
      "at": "2026-09-25T08:30:20.586Z",
      "loadAverage": [
        3.99560546875,
        3.5654296875,
        3.5361328125
      ],
      "freeMemoryBytes": 74235904,
      "totalMemoryBytes": 38654705664
    },
    {
      "at": "2026-09-25T08:30:25.589Z",
      "loadAverage": [
        3.67529296875,
        3.505859375,
        3.51513671875
      ],
      "freeMemoryBytes": 88227840,
      "totalMemoryBytes": 38654705664
    },
    {
      "at": "2026-09-25T08:30:30.589Z",
      "loadAverage": [
        3.701171875,
        3.513671875,
        3.517578125
      ],
      "freeMemoryBytes": 101679104,
      "totalMemoryBytes": 38654705664
    },
    {
      "at": "2026-09-25T08:30:35.589Z",
      "loadAverage": [
        3.80517578125,
        3.5380859375,
        3.52587890625
      ],
      "freeMemoryBytes": 118259712,
      "totalMemoryBytes": 38654705664
    },
    {
      "at": "2026-09-25T08:30:40.592Z",
      "loadAverage": [
        3.8203125,
        3.54541015625,
        3.5283203125
      ],
      "freeMemoryBytes": 122470400,
      "totalMemoryBytes": 38654705664
    },
    {
      "at": "2026-09-25T08:30:45.594Z",
      "loadAverage": [
        3.59423828125,
        3.5029296875,
        3.51318359375
      ],
      "freeMemoryBytes": 305545216,
      "totalMemoryBytes": 38654705664
    },
    {
      "at": "2026-09-25T08:30:50.595Z",
      "loadAverage": [
        3.38623046875,
        3.4609375,
        3.498046875
      ],
      "freeMemoryBytes": 317046784,
      "totalMemoryBytes": 38654705664
    },
    {
      "at": "2026-09-25T08:30:55.597Z",
      "loadAverage": [
        3.27490234375,
        3.4365234375,
        3.4892578125
      ],
      "freeMemoryBytes": 324960256,
      "totalMemoryBytes": 38654705664
    },
    {
      "at": "2026-09-25T08:31:00.599Z",
      "loadAverage": [
        3.17236328125,
        3.41259765625,
        3.48046875
      ],
      "freeMemoryBytes": 183877632,
      "totalMemoryBytes": 38654705664
    },
    {
      "at": "2026-09-25T08:31:05.601Z",
      "loadAverage": [
        3.3984375,
        3.455078125,
        3.4951171875
      ],
      "freeMemoryBytes": 177438720,
      "totalMemoryBytes": 38654705664
    },
    {
      "at": "2026-09-25T08:31:10.602Z",
      "loadAverage": [
        3.6064453125,
        3.4970703125,
        3.509765625
      ],
      "freeMemoryBytes": 248954880,
      "totalMemoryBytes": 38654705664
    },
    {
      "at": "2026-09-25T08:31:15.605Z",
      "loadAverage": [
        3.3974609375,
        3.45556640625,
        3.49462890625
      ],
      "freeMemoryBytes": 308871168,
      "totalMemoryBytes": 38654705664
    },
    {
      "at": "2026-09-25T08:31:20.607Z",
      "loadAverage": [
        3.365234375,
        3.44775390625,
        3.49169921875
      ],
      "freeMemoryBytes": 414253056,
      "totalMemoryBytes": 38654705664
    },
    {
      "at": "2026-09-25T08:31:25.607Z",
      "loadAverage": [
        3.255859375,
        3.42333984375,
        3.48291015625
      ],
      "freeMemoryBytes": 393035776,
      "totalMemoryBytes": 38654705664
    },
    {
      "at": "2026-09-25T08:31:30.609Z",
      "loadAverage": [
        3.4755859375,
        3.4658203125,
        3.49755859375
      ],
      "freeMemoryBytes": 211697664,
      "totalMemoryBytes": 38654705664
    },
    {
      "at": "2026-09-25T08:31:35.611Z",
      "loadAverage": [
        3.27734375,
        3.4248046875,
        3.48291015625
      ],
      "freeMemoryBytes": 212729856,
      "totalMemoryBytes": 38654705664
    },
    {
      "at": "2026-09-25T08:31:40.613Z",
      "loadAverage": [
        3.2548828125,
        3.41748046875,
        3.47998046875
      ],
      "freeMemoryBytes": 177684480,
      "totalMemoryBytes": 38654705664
    },
    {
      "at": "2026-09-25T08:31:45.615Z",
      "loadAverage": [
        3.154296875,
        3.3935546875,
        3.47119140625
      ],
      "freeMemoryBytes": 220381184,
      "totalMemoryBytes": 38654705664
    },
    {
      "at": "2026-09-25T08:31:50.617Z",
      "loadAverage": [
        3.0615234375,
        3.3701171875,
        3.46240234375
      ],
      "freeMemoryBytes": 279003136,
      "totalMemoryBytes": 38654705664
    },
    {
      "at": "2026-09-25T08:31:55.619Z",
      "loadAverage": [
        2.89599609375,
        3.33056640625,
        3.44775390625
      ],
      "freeMemoryBytes": 228638720,
      "totalMemoryBytes": 38654705664
    },
    {
      "at": "2026-09-25T08:32:00.619Z",
      "loadAverage": [
        2.744140625,
        3.29150390625,
        3.43310546875
      ],
      "freeMemoryBytes": 134660096,
      "totalMemoryBytes": 38654705664
    },
    {
      "at": "2026-09-25T08:32:05.621Z",
      "loadAverage": [
        2.52392578125,
        3.23681640625,
        3.41259765625
      ],
      "freeMemoryBytes": 143097856,
      "totalMemoryBytes": 38654705664
    },
    {
      "at": "2026-09-25T08:32:10.622Z",
      "loadAverage": [
        2.56201171875,
        3.232421875,
        3.41015625
      ],
      "freeMemoryBytes": 163037184,
      "totalMemoryBytes": 38654705664
    },
    {
      "at": "2026-09-25T08:32:15.625Z",
      "loadAverage": [
        2.4365234375,
        3.1953125,
        3.39599609375
      ],
      "freeMemoryBytes": 109920256,
      "totalMemoryBytes": 38654705664
    },
    {
      "at": "2026-09-25T08:32:20.626Z",
      "loadAverage": [
        2.3212890625,
        3.15869140625,
        3.3818359375
      ],
      "freeMemoryBytes": 71680000,
      "totalMemoryBytes": 38654705664
    },
    {
      "at": "2026-09-25T08:32:25.628Z",
      "loadAverage": [
        2.37548828125,
        3.15576171875,
        3.37939453125
      ],
      "freeMemoryBytes": 102514688,
      "totalMemoryBytes": 38654705664
    },
    {
      "at": "2026-09-25T08:32:30.630Z",
      "loadAverage": [
        2.58544921875,
        3.18603515625,
        3.388671875
      ],
      "freeMemoryBytes": 161251328,
      "totalMemoryBytes": 38654705664
    },
    {
      "at": "2026-09-25T08:32:35.631Z",
      "loadAverage": [
        2.6982421875,
        3.19921875,
        3.39208984375
      ],
      "freeMemoryBytes": 165724160,
      "totalMemoryBytes": 38654705664
    },
    {
      "at": "2026-09-25T08:32:40.633Z",
      "loadAverage": [
        2.72216796875,
        3.19580078125,
        3.3896484375
      ],
      "freeMemoryBytes": 265076736,
      "totalMemoryBytes": 38654705664
    },
    {
      "at": "2026-09-25T08:32:45.634Z",
      "loadAverage": [
        2.744140625,
        3.1923828125,
        3.38720703125
      ],
      "freeMemoryBytes": 384598016,
      "totalMemoryBytes": 38654705664
    },
    {
      "at": "2026-09-25T08:32:50.636Z",
      "loadAverage": [
        2.76416015625,
        3.18896484375,
        3.384765625
      ],
      "freeMemoryBytes": 350601216,
      "totalMemoryBytes": 38654705664
    },
    {
      "at": "2026-09-25T08:32:55.638Z",
      "loadAverage": [
        2.62255859375,
        3.15234375,
        3.37060546875
      ],
      "freeMemoryBytes": 363020288,
      "totalMemoryBytes": 38654705664
    },
    {
      "at": "2026-09-25T08:33:00.641Z",
      "loadAverage": [
        2.732421875,
        3.166015625,
        3.3740234375
      ],
      "freeMemoryBytes": 183877632,
      "totalMemoryBytes": 38654705664
    },
    {
      "at": "2026-09-25T08:33:05.643Z",
      "loadAverage": [
        2.99365234375,
        3.212890625,
        3.38916015625
      ],
      "freeMemoryBytes": 178012160,
      "totalMemoryBytes": 38654705664
    },
    {
      "at": "2026-09-25T08:33:10.645Z",
      "loadAverage": [
        3.634765625,
        3.341796875,
        3.43359375
      ],
      "freeMemoryBytes": 98484224,
      "totalMemoryBytes": 38654705664
    },
    {
      "at": "2026-09-25T08:33:15.645Z",
      "loadAverage": [
        3.90380859375,
        3.40234375,
        3.4541015625
      ],
      "freeMemoryBytes": 954056704,
      "totalMemoryBytes": 38654705664
    },
    {
      "at": "2026-09-25T08:33:20.647Z",
      "loadAverage": [
        4.2314453125,
        3.478515625,
        3.48046875
      ],
      "freeMemoryBytes": 574275584,
      "totalMemoryBytes": 38654705664
    },
    {
      "at": "2026-09-25T08:33:25.650Z",
      "loadAverage": [
        4.61328125,
        3.56982421875,
        3.5126953125
      ],
      "freeMemoryBytes": 454033408,
      "totalMemoryBytes": 38654705664
    },
    {
      "at": "2026-09-25T08:33:30.652Z",
      "loadAverage": [
        4.56396484375,
        3.57666015625,
        3.51513671875
      ],
      "freeMemoryBytes": 458719232,
      "totalMemoryBytes": 38654705664
    },
    {
      "at": "2026-09-25T08:33:35.654Z",
      "loadAverage": [
        5.0791015625,
        3.69970703125,
        3.55859375
      ],
      "freeMemoryBytes": 2044903424,
      "totalMemoryBytes": 38654705664
    },
    {
      "at": "2026-09-25T08:33:40.656Z",
      "loadAverage": [
        5.07275390625,
        3.72119140625,
        3.56689453125
      ],
      "freeMemoryBytes": 1569603584,
      "totalMemoryBytes": 38654705664
    },
    {
      "at": "2026-09-25T08:33:45.658Z",
      "loadAverage": [
        5.62744140625,
        3.8583984375,
        3.6162109375
      ],
      "freeMemoryBytes": 1393524736,
      "totalMemoryBytes": 38654705664
    },
    {
      "at": "2026-09-25T08:33:50.659Z",
      "loadAverage": [
        6.0576171875,
        3.9765625,
        3.6591796875
      ],
      "freeMemoryBytes": 1323597824,
      "totalMemoryBytes": 38654705664
    },
    {
      "at": "2026-09-25T08:33:55.661Z",
      "loadAverage": [
        6.052734375,
        4.009765625,
        3.6728515625
      ],
      "freeMemoryBytes": 1188233216,
      "totalMemoryBytes": 38654705664
    },
    {
      "at": "2026-09-25T08:34:00.663Z",
      "loadAverage": [
        5.80810546875,
        3.99267578125,
        3.66845703125
      ],
      "freeMemoryBytes": 1151320064,
      "totalMemoryBytes": 38654705664
    },
    {
      "at": "2026-09-25T08:34:05.666Z",
      "loadAverage": [
        6.0634765625,
        4.07568359375,
        3.69921875
      ],
      "freeMemoryBytes": 1139343360,
      "totalMemoryBytes": 38654705664
    },
    {
      "at": "2026-09-25T08:34:09.920Z",
      "loadAverage": [
        6.0634765625,
        4.07568359375,
        3.69921875
      ],
      "freeMemoryBytes": 3061776384,
      "totalMemoryBytes": 38654705664
    }
  ]
}
