{
  "schemaVersion": 1,
  "kind": "seedlands-performance-window",
  "status": "PASS",
  "version": 2,
  "ownerThread": "seedlands-performance-validator",
  "runId": "e58f309a-21a5-4101-858a-fed4f5865051",
  "pid": 65590,
  "startedAt": "2026-09-25T13:45:46.357Z",
  "windowId": "e58f309a-21a5-4101-858a-fed4f5865051",
  "evidencePath": "changes/2026-09-23-classic-functional-completion/evidence/v2-death-policy-spine-01/format-check-final-window.json.log",
  "waitedMs": 1,
  "endedAt": "2026-09-25T13:45:46.813Z",
  "exitCode": 0,
  "signal": null,
  "measurement": {
    "status": "NOT_RECORDED"
  },
  "samples": [
    {
      "at": "2026-09-25T13:45:46.358Z",
      "loadAverage": [
        3.50927734375,
        3.41552734375,
        3.3212890625
      ],
      "freeMemoryBytes": 762642432,
      "totalMemoryBytes": 38654705664
    },
    {
      "at": "2026-09-25T13:45:46.811Z",
      "loadAverage": [
        3.50927734375,
        3.41552734375,
        3.3212890625
      ],
      "freeMemoryBytes": 805322752,
      "totalMemoryBytes": 38654705664
    }
  ]
}
