{
  "schemaVersion": 1,
  "kind": "seedlands-performance-window",
  "status": "PASS",
  "version": 2,
  "ownerThread": "seedlands-performance-validator",
  "runId": "abd5d7bb-bdce-4513-b3ff-9b32986047b5",
  "pid": 63045,
  "startedAt": "2026-09-25T13:42:00.032Z",
  "windowId": "abd5d7bb-bdce-4513-b3ff-9b32986047b5",
  "evidencePath": "changes/2026-09-23-classic-functional-completion/evidence/v2-death-policy-spine-01/green-final2-window.json.log",
  "waitedMs": 1,
  "endedAt": "2026-09-25T13:42:01.041Z",
  "exitCode": 0,
  "signal": null,
  "measurement": {
    "status": "NOT_RECORDED"
  },
  "samples": [
    {
      "at": "2026-09-25T13:42:00.033Z",
      "loadAverage": [
        3.05615234375,
        3.40966796875,
        3.31982421875
      ],
      "freeMemoryBytes": 841318400,
      "totalMemoryBytes": 38654705664
    },
    {
      "at": "2026-09-25T13:42:01.040Z",
      "loadAverage": [
        3.05615234375,
        3.40966796875,
        3.31982421875
      ],
      "freeMemoryBytes": 878264320,
      "totalMemoryBytes": 38654705664
    }
  ]
}
