{
  "schemaVersion": 1,
  "kind": "seedlands-performance-window",
  "status": "PASS",
  "version": 2,
  "ownerThread": "seedlands-performance-validator",
  "runId": "70182ea1-afab-4396-929e-8c9e2b7ce63c",
  "pid": 63886,
  "startedAt": "2026-09-25T13:43:23.425Z",
  "windowId": "70182ea1-afab-4396-929e-8c9e2b7ce63c",
  "evidencePath": "changes/2026-09-23-classic-functional-completion/evidence/v2-death-policy-spine-01/green-frozen-window.json.log",
  "waitedMs": 1,
  "endedAt": "2026-09-25T13:43:24.641Z",
  "exitCode": 0,
  "signal": null,
  "measurement": {
    "status": "NOT_RECORDED"
  },
  "samples": [
    {
      "at": "2026-09-25T13:43:23.426Z",
      "loadAverage": [
        2.82177734375,
        3.21142578125,
        3.24609375
      ],
      "freeMemoryBytes": 668631040,
      "totalMemoryBytes": 38654705664
    },
    {
      "at": "2026-09-25T13:43:24.640Z",
      "loadAverage": [
        2.82177734375,
        3.21142578125,
        3.24609375
      ],
      "freeMemoryBytes": 654114816,
      "totalMemoryBytes": 38654705664
    }
  ]
}
