{
  "schemaVersion": 1,
  "kind": "seedlands-performance-window",
  "status": "FAIL",
  "version": 2,
  "ownerThread": "seedlands-performance-validator",
  "runId": "bd970aa3-470e-41ba-8ae8-bea7a97bb43b",
  "pid": 53502,
  "startedAt": "2026-09-25T13:34:08.996Z",
  "windowId": "bd970aa3-470e-41ba-8ae8-bea7a97bb43b",
  "evidencePath": "changes/2026-09-23-classic-functional-completion/evidence/v2-death-policy-spine-01/red-health-stale2-window.json.log",
  "waitedMs": 1,
  "endedAt": "2026-09-25T13:34:09.700Z",
  "exitCode": 1,
  "signal": null,
  "measurement": {
    "status": "NOT_RECORDED"
  },
  "samples": [
    {
      "at": "2026-09-25T13:34:08.997Z",
      "loadAverage": [
        4.0986328125,
        3.54443359375,
        3.26708984375
      ],
      "freeMemoryBytes": 594952192,
      "totalMemoryBytes": 38654705664
    },
    {
      "at": "2026-09-25T13:34:09.699Z",
      "loadAverage": [
        4.0986328125,
        3.54443359375,
        3.26708984375
      ],
      "freeMemoryBytes": 604979200,
      "totalMemoryBytes": 38654705664
    }
  ]
}
