{
  "schemaVersion": 1,
  "kind": "seedlands-performance-window",
  "status": "PASS",
  "version": 2,
  "ownerThread": "seedlands-performance-validator",
  "runId": "4b39350a-6490-46ec-bbb8-600d924bed01",
  "pid": 59212,
  "startedAt": "2026-09-25T13:39:37.290Z",
  "windowId": "4b39350a-6490-46ec-bbb8-600d924bed01",
  "evidencePath": "changes/2026-09-23-classic-functional-completion/evidence/v2-death-policy-spine-01/stdlib-types-01-window.json.log",
  "waitedMs": 1,
  "endedAt": "2026-09-25T13:39:39.503Z",
  "exitCode": 0,
  "signal": null,
  "measurement": {
    "status": "NOT_RECORDED"
  },
  "samples": [
    {
      "at": "2026-09-25T13:39:37.291Z",
      "loadAverage": [
        3.74755859375,
        3.57568359375,
        3.357421875
      ],
      "freeMemoryBytes": 1110851584,
      "totalMemoryBytes": 38654705664
    },
    {
      "at": "2026-09-25T13:39:39.501Z",
      "loadAverage": [
        3.74755859375,
        3.57568359375,
        3.357421875
      ],
      "freeMemoryBytes": 1167556608,
      "totalMemoryBytes": 38654705664
    }
  ]
}
