{
  "schemaVersion": 1,
  "kind": "seedlands-performance-window",
  "status": "PASS",
  "version": 2,
  "ownerThread": "seedlands-performance-validator",
  "runId": "v2-equipment-post-drift-direction-close-14-affected-02",
  "pid": 99043,
  "startedAt": "2026-09-28T14:25:35.132Z",
  "windowId": "v2-equipment-post-drift-direction-close-14-affected-02",
  "evidencePath": "changes/2026-09-23-classic-functional-completion/evidence/v2-equipment-post-drift-direction-close-14/affected-02-window.json.log",
  "waitedMs": 1,
  "endedAt": "2026-09-28T14:25:37.923Z",
  "exitCode": 0,
  "signal": null,
  "measurement": {
    "status": "NOT_RECORDED"
  },
  "samples": [
    {
      "at": "2026-09-28T14:25:35.133Z",
      "loadAverage": [
        2.4140625,
        3.17822265625,
        2.94873046875
      ],
      "freeMemoryBytes": 4732026880,
      "totalMemoryBytes": 38654705664
    },
    {
      "at": "2026-09-28T14:25:37.922Z",
      "loadAverage": [
        2.4140625,
        3.17822265625,
        2.94873046875
      ],
      "freeMemoryBytes": 4803526656,
      "totalMemoryBytes": 38654705664
    }
  ]
}
