{
  "schemaVersion": 1,
  "kind": "seedlands-performance-window",
  "status": "PASS",
  "version": 2,
  "ownerThread": "seedlands-performance-validator",
  "runId": "v2-equipment-post-drift-direction-close-14-affected-final-03",
  "pid": 706,
  "startedAt": "2026-09-28T14:27:40.461Z",
  "windowId": "v2-equipment-post-drift-direction-close-14-affected-final-03",
  "evidencePath": "changes/2026-09-23-classic-functional-completion/evidence/v2-equipment-post-drift-direction-close-14/affected-final-03-window.json.log",
  "waitedMs": 1,
  "endedAt": "2026-09-28T14:27:43.245Z",
  "exitCode": 0,
  "signal": null,
  "measurement": {
    "status": "NOT_RECORDED"
  },
  "samples": [
    {
      "at": "2026-09-28T14:27:40.462Z",
      "loadAverage": [
        2.31298828125,
        2.93603515625,
        2.88232421875
      ],
      "freeMemoryBytes": 4697227264,
      "totalMemoryBytes": 38654705664
    },
    {
      "at": "2026-09-28T14:27:43.244Z",
      "loadAverage": [
        2.31298828125,
        2.93603515625,
        2.88232421875
      ],
      "freeMemoryBytes": 4759404544,
      "totalMemoryBytes": 38654705664
    }
  ]
}
