{
  "schemaVersion": 1,
  "kind": "seedlands-performance-window",
  "status": "FAIL",
  "version": 2,
  "ownerThread": "seedlands-performance-validator",
  "runId": "v2-equipment-post-drift-direction-close-14-classic-types",
  "pid": 96002,
  "startedAt": "2026-09-28T14:23:10.689Z",
  "windowId": "v2-equipment-post-drift-direction-close-14-classic-types",
  "evidencePath": "changes/2026-09-23-classic-functional-completion/evidence/v2-equipment-post-drift-direction-close-14/classic-types-window.json.log",
  "waitedMs": 1,
  "endedAt": "2026-09-28T14:23:14.098Z",
  "exitCode": 2,
  "signal": null,
  "measurement": {
    "status": "NOT_RECORDED"
  },
  "samples": [
    {
      "at": "2026-09-28T14:23:10.690Z",
      "loadAverage": [
        3.9697265625,
        3.3115234375,
        2.91943359375
      ],
      "freeMemoryBytes": 4828332032,
      "totalMemoryBytes": 38654705664
    },
    {
      "at": "2026-09-28T14:23:14.096Z",
      "loadAverage": [
        4.5322265625,
        3.43896484375,
        2.96630859375
      ],
      "freeMemoryBytes": 4889624576,
      "totalMemoryBytes": 38654705664
    }
  ]
}
