{
  "schemaVersion": 1,
  "kind": "seedlands-performance-window",
  "status": "PASS",
  "version": 2,
  "ownerThread": "seedlands-performance-validator",
  "runId": "v2-equipment-post-drift-direction-close-14-delivery-format",
  "pid": 9250,
  "startedAt": "2026-09-28T14:35:41.908Z",
  "windowId": "v2-equipment-post-drift-direction-close-14-delivery-format",
  "evidencePath": "changes/2026-09-23-classic-functional-completion/evidence/v2-equipment-post-drift-direction-close-14/delivery-format-window.json.log",
  "waitedMs": 1,
  "endedAt": "2026-09-28T14:35:42.258Z",
  "exitCode": 0,
  "signal": null,
  "measurement": {
    "status": "NOT_RECORDED"
  },
  "samples": [
    {
      "at": "2026-09-28T14:35:41.909Z",
      "loadAverage": [
        3.05859375,
        2.6943359375,
        2.7509765625
      ],
      "freeMemoryBytes": 4593696768,
      "totalMemoryBytes": 38654705664
    },
    {
      "at": "2026-09-28T14:35:42.257Z",
      "loadAverage": [
        3.05859375,
        2.6943359375,
        2.7509765625
      ],
      "freeMemoryBytes": 4587454464,
      "totalMemoryBytes": 38654705664
    }
  ]
}
