{
  "schemaVersion": 1,
  "kind": "seedlands-performance-window",
  "status": "PASS",
  "version": 2,
  "ownerThread": "seedlands-performance-validator",
  "runId": "v2-equipment-post-drift-direction-close-14-eslint-final-03",
  "pid": 954,
  "startedAt": "2026-09-28T14:27:53.556Z",
  "windowId": "v2-equipment-post-drift-direction-close-14-eslint-final-03",
  "evidencePath": "changes/2026-09-23-classic-functional-completion/evidence/v2-equipment-post-drift-direction-close-14/eslint-final-03-window.json.log",
  "waitedMs": 1,
  "endedAt": "2026-09-28T14:27:54.503Z",
  "exitCode": 0,
  "signal": null,
  "measurement": {
    "status": "NOT_RECORDED"
  },
  "samples": [
    {
      "at": "2026-09-28T14:27:53.558Z",
      "loadAverage": [
        2.1103515625,
        2.8720703125,
        2.85986328125
      ],
      "freeMemoryBytes": 4806721536,
      "totalMemoryBytes": 38654705664
    },
    {
      "at": "2026-09-28T14:27:54.501Z",
      "loadAverage": [
        2.1103515625,
        2.8720703125,
        2.85986328125
      ],
      "freeMemoryBytes": 4663246848,
      "totalMemoryBytes": 38654705664
    }
  ]
}
