{
  "schemaVersion": 1,
  "kind": "seedlands-performance-window",
  "status": "FAIL",
  "version": 2,
  "ownerThread": "seedlands-performance-validator",
  "runId": "v2-equipment-post-drift-direction-close-14-eslint",
  "pid": 98633,
  "startedAt": "2026-09-28T14:24:40.537Z",
  "windowId": "v2-equipment-post-drift-direction-close-14-eslint",
  "evidencePath": "changes/2026-09-23-classic-functional-completion/evidence/v2-equipment-post-drift-direction-close-14/eslint-window.json.log",
  "waitedMs": 1,
  "endedAt": "2026-09-28T14:24:42.015Z",
  "exitCode": 1,
  "signal": null,
  "measurement": {
    "status": "NOT_RECORDED"
  },
  "samples": [
    {
      "at": "2026-09-28T14:24:40.538Z",
      "loadAverage": [
        3.39697265625,
        3.47314453125,
        3.03271484375
      ],
      "freeMemoryBytes": 4923244544,
      "totalMemoryBytes": 38654705664
    },
    {
      "at": "2026-09-28T14:24:42.013Z",
      "loadAverage": [
        3.39697265625,
        3.47314453125,
        3.03271484375
      ],
      "freeMemoryBytes": 4697423872,
      "totalMemoryBytes": 38654705664
    }
  ]
}
