{
  "schemaVersion": 1,
  "kind": "seedlands-performance-window",
  "status": "PASS",
  "version": 2,
  "ownerThread": "seedlands-performance-validator",
  "runId": "v2-equipment-post-drift-direction-close-14-eslint-final-02",
  "pid": 99925,
  "startedAt": "2026-09-28T14:26:59.484Z",
  "windowId": "v2-equipment-post-drift-direction-close-14-eslint-final-02",
  "evidencePath": "changes/2026-09-23-classic-functional-completion/evidence/v2-equipment-post-drift-direction-close-14/eslint-final-02-window.json.log",
  "waitedMs": 1,
  "endedAt": "2026-09-28T14:27:00.533Z",
  "exitCode": 0,
  "signal": null,
  "measurement": {
    "status": "NOT_RECORDED"
  },
  "samples": [
    {
      "at": "2026-09-28T14:26:59.485Z",
      "loadAverage": [
        2.4482421875,
        3.01318359375,
        2.90380859375
      ],
      "freeMemoryBytes": 4780392448,
      "totalMemoryBytes": 38654705664
    },
    {
      "at": "2026-09-28T14:27:00.531Z",
      "loadAverage": [
        3.29296875,
        3.1787109375,
        2.962890625
      ],
      "freeMemoryBytes": 4449976320,
      "totalMemoryBytes": 38654705664
    }
  ]
}
