{
  "schemaVersion": 1,
  "kind": "seedlands-performance-window",
  "status": "FAIL",
  "version": 2,
  "ownerThread": "seedlands-performance-validator",
  "runId": "v2-equipment-post-drift-direction-close-14-eslint-final",
  "pid": 99222,
  "startedAt": "2026-09-28T14:25:53.290Z",
  "windowId": "v2-equipment-post-drift-direction-close-14-eslint-final",
  "evidencePath": "changes/2026-09-23-classic-functional-completion/evidence/v2-equipment-post-drift-direction-close-14/eslint-final-window.json.log",
  "waitedMs": 1,
  "endedAt": "2026-09-28T14:25:54.235Z",
  "exitCode": 1,
  "signal": null,
  "measurement": {
    "status": "NOT_RECORDED"
  },
  "samples": [
    {
      "at": "2026-09-28T14:25:53.291Z",
      "loadAverage": [
        2.333984375,
        3.1201171875,
        2.93115234375
      ],
      "freeMemoryBytes": 4771004416,
      "totalMemoryBytes": 38654705664
    },
    {
      "at": "2026-09-28T14:25:54.234Z",
      "loadAverage": [
        2.333984375,
        3.1201171875,
        2.93115234375
      ],
      "freeMemoryBytes": 4789223424,
      "totalMemoryBytes": 38654705664
    }
  ]
}
