{
  "schemaVersion": 1,
  "kind": "seedlands-performance-window",
  "status": "PASS",
  "version": 2,
  "ownerThread": "seedlands-performance-validator",
  "runId": "v2-equipment-post-drift-direction-close-14-format-final",
  "pid": 1220,
  "startedAt": "2026-09-28T14:28:02.714Z",
  "windowId": "v2-equipment-post-drift-direction-close-14-format-final",
  "evidencePath": "changes/2026-09-23-classic-functional-completion/evidence/v2-equipment-post-drift-direction-close-14/format-final-window.json.log",
  "waitedMs": 1,
  "endedAt": "2026-09-28T14:28:03.197Z",
  "exitCode": 0,
  "signal": null,
  "measurement": {
    "status": "NOT_RECORDED"
  },
  "samples": [
    {
      "at": "2026-09-28T14:28:02.714Z",
      "loadAverage": [
        2.916015625,
        3.02294921875,
        2.91357421875
      ],
      "freeMemoryBytes": 4345528320,
      "totalMemoryBytes": 38654705664
    },
    {
      "at": "2026-09-28T14:28:03.195Z",
      "loadAverage": [
        2.916015625,
        3.02294921875,
        2.91357421875
      ],
      "freeMemoryBytes": 4417683456,
      "totalMemoryBytes": 38654705664
    }
  ]
}
