{
  "schemaVersion": 1,
  "kind": "seedlands-performance-window",
  "status": "PASS",
  "version": 2,
  "ownerThread": "seedlands-performance-validator",
  "runId": "v2-equipment-post-drift-direction-close-14-format-write",
  "pid": 319,
  "startedAt": "2026-09-28T14:27:25.636Z",
  "windowId": "v2-equipment-post-drift-direction-close-14-format-write",
  "evidencePath": "changes/2026-09-23-classic-functional-completion/evidence/v2-equipment-post-drift-direction-close-14/format-write-window.json.log",
  "waitedMs": 1,
  "endedAt": "2026-09-28T14:27:26.053Z",
  "exitCode": 0,
  "signal": null,
  "measurement": {
    "status": "NOT_RECORDED"
  },
  "samples": [
    {
      "at": "2026-09-28T14:27:25.637Z",
      "loadAverage": [
        2.4970703125,
        3.00244140625,
        2.904296875
      ],
      "freeMemoryBytes": 4699062272,
      "totalMemoryBytes": 38654705664
    },
    {
      "at": "2026-09-28T14:27:26.051Z",
      "loadAverage": [
        2.4970703125,
        3.00244140625,
        2.904296875
      ],
      "freeMemoryBytes": 4719951872,
      "totalMemoryBytes": 38654705664
    }
  ]
}
