{
  "schemaVersion": 1,
  "kind": "seedlands-performance-window",
  "status": "PASS",
  "version": 2,
  "ownerThread": "seedlands-performance-validator",
  "runId": "v2-equipment-post-drift-direction-close-14-green-final-03",
  "pid": 453,
  "startedAt": "2026-09-28T14:27:32.613Z",
  "windowId": "v2-equipment-post-drift-direction-close-14-green-final-03",
  "evidencePath": "changes/2026-09-23-classic-functional-completion/evidence/v2-equipment-post-drift-direction-close-14/green-final-03-window.json.log",
  "waitedMs": 2,
  "endedAt": "2026-09-28T14:27:33.299Z",
  "exitCode": 0,
  "signal": null,
  "measurement": {
    "status": "NOT_RECORDED"
  },
  "samples": [
    {
      "at": "2026-09-28T14:27:32.615Z",
      "loadAverage": [
        2.45703125,
        2.9853515625,
        2.89892578125
      ],
      "freeMemoryBytes": 4690116608,
      "totalMemoryBytes": 38654705664
    },
    {
      "at": "2026-09-28T14:27:33.298Z",
      "loadAverage": [
        2.45703125,
        2.9853515625,
        2.89892578125
      ],
      "freeMemoryBytes": 4503273472,
      "totalMemoryBytes": 38654705664
    }
  ]
}
