{
  "schemaVersion": 1,
  "kind": "seedlands-performance-window",
  "status": "PASS",
  "version": 2,
  "ownerThread": "seedlands-performance-validator",
  "runId": "v2-equipment-post-drift-direction-close-14-green-final-02",
  "pid": 99659,
  "startedAt": "2026-09-28T14:26:32.760Z",
  "windowId": "v2-equipment-post-drift-direction-close-14-green-final-02",
  "evidencePath": "changes/2026-09-23-classic-functional-completion/evidence/v2-equipment-post-drift-direction-close-14/green-final-02-window.json.log",
  "waitedMs": 1,
  "endedAt": "2026-09-28T14:26:33.460Z",
  "exitCode": 0,
  "signal": null,
  "measurement": {
    "status": "NOT_RECORDED"
  },
  "samples": [
    {
      "at": "2026-09-28T14:26:32.761Z",
      "loadAverage": [
        2.4658203125,
        3.06787109375,
        2.91943359375
      ],
      "freeMemoryBytes": 4661968896,
      "totalMemoryBytes": 38654705664
    },
    {
      "at": "2026-09-28T14:26:33.458Z",
      "loadAverage": [
        2.4658203125,
        3.06787109375,
        2.91943359375
      ],
      "freeMemoryBytes": 4618977280,
      "totalMemoryBytes": 38654705664
    }
  ]
}
