{
  "schemaVersion": 1,
  "kind": "seedlands-performance-window",
  "status": "FAIL",
  "version": 2,
  "ownerThread": "seedlands-performance-validator",
  "runId": "v2-equipment-post-drift-direction-close-14-red",
  "pid": 93744,
  "startedAt": "2026-09-28T14:20:47.535Z",
  "windowId": "v2-equipment-post-drift-direction-close-14-red",
  "evidencePath": "changes/2026-09-23-classic-functional-completion/evidence/v2-equipment-post-drift-direction-close-14/red-window.json.log",
  "waitedMs": 1,
  "endedAt": "2026-09-28T14:20:48.387Z",
  "exitCode": 1,
  "signal": null,
  "measurement": {
    "status": "NOT_RECORDED"
  },
  "samples": [
    {
      "at": "2026-09-28T14:20:47.536Z",
      "loadAverage": [
        3.49853515625,
        2.947265625,
        2.74658203125
      ],
      "freeMemoryBytes": 4827185152,
      "totalMemoryBytes": 38654705664
    },
    {
      "at": "2026-09-28T14:20:48.386Z",
      "loadAverage": [
        3.49853515625,
        2.947265625,
        2.74658203125
      ],
      "freeMemoryBytes": 4798283776,
      "totalMemoryBytes": 38654705664
    }
  ]
}
