{
  "schemaVersion": 1,
  "kind": "seedlands-performance-window",
  "status": "PASS",
  "version": 2,
  "ownerThread": "seedlands-performance-validator",
  "runId": "v2-equipment-post-drift-direction-close-14-scoped-diff-final-02",
  "pid": 4084,
  "startedAt": "2026-09-28T14:29:36.114Z",
  "windowId": "v2-equipment-post-drift-direction-close-14-scoped-diff-final-02",
  "evidencePath": "changes/2026-09-23-classic-functional-completion/evidence/v2-equipment-post-drift-direction-close-14/scoped-diff-final-window.json.log",
  "waitedMs": 1,
  "endedAt": "2026-09-28T14:29:36.199Z",
  "exitCode": 0,
  "signal": null,
  "measurement": {
    "status": "NOT_RECORDED"
  },
  "samples": [
    {
      "at": "2026-09-28T14:29:36.115Z",
      "loadAverage": [
        2.28515625,
        2.80322265625,
        2.84033203125
      ],
      "freeMemoryBytes": 4603150336,
      "totalMemoryBytes": 38654705664
    },
    {
      "at": "2026-09-28T14:29:36.198Z",
      "loadAverage": [
        2.28515625,
        2.80322265625,
        2.84033203125
      ],
      "freeMemoryBytes": 4601380864,
      "totalMemoryBytes": 38654705664
    }
  ]
}
