{
  "schemaVersion": 1,
  "kind": "seedlands-performance-window",
  "status": "PASS",
  "version": 2,
  "ownerThread": "seedlands-performance-validator",
  "runId": "8e09f6b1-be78-4d69-87aa-34765ac72ce5",
  "pid": 91987,
  "startedAt": "2026-09-25T10:53:16.050Z",
  "windowId": "8e09f6b1-be78-4d69-87aa-34765ac72ce5",
  "evidencePath": "harness/results/performance-windows/8e09f6b1-be78-4d69-87aa-34765ac72ce5.json",
  "waitedMs": 1,
  "endedAt": "2026-09-25T10:53:18.253Z",
  "exitCode": 0,
  "signal": null,
  "measurement": {
    "status": "NOT_RECORDED"
  },
  "samples": [
    {
      "at": "2026-09-25T10:53:16.051Z",
      "loadAverage": [
        3.77685546875,
        3.2314453125,
        3.21630859375
      ],
      "freeMemoryBytes": 917241856,
      "totalMemoryBytes": 38654705664
    },
    {
      "at": "2026-09-25T10:53:18.251Z",
      "loadAverage": [
        3.87451171875,
        3.2607421875,
        3.2265625
      ],
      "freeMemoryBytes": 998293504,
      "totalMemoryBytes": 38654705664
    }
  ]
}
