{
  "schemaVersion": 1,
  "kind": "seedlands-performance-window",
  "status": "PASS",
  "version": 2,
  "ownerThread": "seedlands-performance-validator",
  "runId": "c04f4f9a-020e-41cf-bdae-6093f751a4f6",
  "pid": 31454,
  "startedAt": "2026-09-26T01:47:34.327Z",
  "windowId": "c04f4f9a-020e-41cf-bdae-6093f751a4f6",
  "evidencePath": "changes/2026-09-23-classic-functional-completion/evidence/v2-artifact-build-06/metadata-format.window.json.log",
  "waitedMs": 1,
  "endedAt": "2026-09-26T01:47:34.812Z",
  "exitCode": 0,
  "signal": null,
  "measurement": {
    "status": "NOT_RECORDED"
  },
  "samples": [
    {
      "at": "2026-09-26T01:47:34.328Z",
      "loadAverage": [
        2.94482421875,
        3.33056640625,
        3.31201171875
      ],
      "freeMemoryBytes": 573784064,
      "totalMemoryBytes": 38654705664
    },
    {
      "at": "2026-09-26T01:47:34.810Z",
      "loadAverage": [
        2.94482421875,
        3.33056640625,
        3.31201171875
      ],
      "freeMemoryBytes": 601669632,
      "totalMemoryBytes": 38654705664
    }
  ]
}
