capturedAt=2026-09-26T01:46:08Z
sourceSha=25adda5becbcab339a8364bbd23ac86ace3d8d8e
sourceTree=0acd81acafa1f60f477925483102f115699fa5f4
trackedChanges=0
indexClean=true
rootStdlib=/private/tmp/seedlands-v2-acceptance-25adda5b/packages/stdlib
stdlibKernel=/private/tmp/seedlands-v2-acceptance-25adda5b/packages/kernel
classicStdlib=/private/tmp/seedlands-v2-acceptance-25adda5b/packages/stdlib
webStdlib=/private/tmp/seedlands-v2-acceptance-25adda5b/packages/stdlib
webClassic=/private/tmp/seedlands-v2-acceptance-25adda5b/playbooks/classic
taskStateLocal=true
distFilesIncludingReceipt=277
port4273Listening=false
acceptanceTreeProcesses=0
v2AcceptanceTreesPreserved=6
v1AcceptanceTreesPreserved=9
artifact={"schemaVersion":1,"sourceSha":"25adda5becbcab339a8364bbd23ac86ace3d8d8e","sourceDigest":"74752aed3e6df9973b3e70e26fe2cb1d1566c56b469e1da9a404777452c1e3a4","lockDigest":"44db46fb0f159ebe6d88435c8cfb5d46127d1c7f363a50d19217d454c30e1169","artifactDigest":"fc7ac0053fd73c08035e95b41d39bf80889c7e23155a9e14d88a096f0b54f6e2","builtAt":"2026-09-26T01:43:48.170Z","fileCount":276}
artifactReceiptSha256=e41cdee53b0242e00a347ab6a6ee74d40ea661d96a45b84742c94a6106fee45d
packLockSha256=d365ec8409eee8b1d0155cb0e0ec2fb6e966e1bf351696496314e5cac01950b7
mediaSourceBytes=2976045
mediaSourceMime=audio/mpeg
mediaSourceSha256=3c69ae745727607de266898ab68a92c7c75f7f08e27daf0c6cec463f7bd119c9
mediaDistBytes=2976045
mediaDistMime=audio/mpeg
mediaDistSha256=3c69ae745727607de266898ab68a92c7c75f7f08e27daf0c6cec463f7bd119c9
packLockMedia={"path":"playbooks/classic/assets/audio/to-far-shores.mp3","sha256":"3c69ae745727607de266898ab68a92c7c75f7f08e27daf0c6cec463f7bd119c9","size":2976045,"contentType":"audio/mpeg"}
