✓ Lockfile passes supply-chain policies (verified 1d ago)
Lockfile is up to date, resolution step is skipped
Already up to date

. prepare$ husky
. prepare: Done
Done in 781ms using pnpm v11.25.0
$ pnpm typecheck && vite build
$ svelte-check --tsconfig ./tsconfig.json && tsc --noEmit && tsc -p tsconfig.test.json --noEmit
Loading svelte-check in workspace: /private/tmp/seedlands-final-static-c4327530aac6
Getting Svelte diagnostics...

svelte-check found 0 errors and 0 warnings
2:57:14 PM [vite-plugin-svelte] no Svelte config found at /private/tmp/seedlands-final-static-c4327530aac6 - using default configuration.
vite v7.3.6 building client environment for production...
transforming...
✓ 2438 modules transformed.
rendering chunks...
computing gzip size...
dist/index.html                                          1.66 kB │ gzip:   0.91 kB
dist/assets/fluid-compute-worker-Doc9koXo.js             4.79 kB
dist/assets/game-logic-worker-CBlboc4E.js               13.66 kB
dist/assets/world-worker-BGniLW2c.js                    23.01 kB
dist/assets/persistence-worker-B278Uz3A.js              27.85 kB
dist/assets/authority-worker-hO22WPTw.js               195.50 kB
dist/assets/index-BxAFsvrm.css                          27.88 kB │ gzip:   7.05 kB
dist/assets/chunk-persistence-benchmark-VhStL_hW.js      1.73 kB │ gzip:   0.84 kB
dist/assets/index-B08RroTU.js                        2,511.57 kB │ gzip: 667.86 kB

(!) Some chunks are larger than 500 kB after minification. Consider:
- Using dynamic import() to code-split the application
- Use build.rollupOptions.output.manualChunks to improve chunking: https://rollupjs.org/configuration-options/#output-manualchunks
- Adjust chunk size limit for this warning via build.chunkSizeWarningLimit.
✓ built in 3.09s

COMMAND_EXIT=0
