{
  "schemaVersion": 1,
  "kind": "seedlands-performance-window",
  "status": "PASS",
  "version": 2,
  "ownerThread": "seedlands-performance-validator",
  "runId": "d90c8813-97af-4e24-8ac4-10f22680fcbe",
  "pid": 35883,
  "startedAt": "2026-09-25T20:08:32.529Z",
  "windowId": "d90c8813-97af-4e24-8ac4-10f22680fcbe",
  "evidencePath": "changes/2026-09-23-classic-functional-completion/evidence/v2-equipment-harness-oracle-01/red/format.window.json.log",
  "waitedMs": 1,
  "endedAt": "2026-09-25T20:08:33.031Z",
  "exitCode": 0,
  "signal": null,
  "measurement": {
    "status": "NOT_RECORDED"
  },
  "samples": [
    {
      "at": "2026-09-25T20:08:32.530Z",
      "loadAverage": [
        3.86083984375,
        3.26318359375,
        2.9912109375
      ],
      "freeMemoryBytes": 744849408,
      "totalMemoryBytes": 38654705664
    },
    {
      "at": "2026-09-25T20:08:33.029Z",
      "loadAverage": [
        3.86083984375,
        3.26318359375,
        2.9912109375
      ],
      "freeMemoryBytes": 882720768,
      "totalMemoryBytes": 38654705664
    }
  ]
}
