{
  "schemaVersion": 1,
  "kind": "seedlands-performance-window",
  "status": "PASS",
  "version": 2,
  "ownerThread": "seedlands-performance-validator",
  "runId": "v2-close16-eslint-02",
  "pid": 26351,
  "startedAt": "2026-09-28T18:27:19.137Z",
  "windowId": "v2-close16-eslint-02",
  "evidencePath": "changes/2026-09-23-classic-functional-completion/evidence/v2-canonical-terminal-receipt-close-16/eslint-window.json.log",
  "waitedMs": 1,
  "endedAt": "2026-09-28T18:27:20.137Z",
  "exitCode": 0,
  "signal": null,
  "measurement": {
    "status": "NOT_RECORDED"
  },
  "samples": [
    {
      "at": "2026-09-28T18:27:19.138Z",
      "loadAverage": [
        1.9541015625,
        2.8779296875,
        3.2216796875
      ],
      "freeMemoryBytes": 6806667264,
      "totalMemoryBytes": 38654705664
    },
    {
      "at": "2026-09-28T18:27:20.135Z",
      "loadAverage": [
        1.9541015625,
        2.8779296875,
        3.2216796875
      ],
      "freeMemoryBytes": 6636453888,
      "totalMemoryBytes": 38654705664
    }
  ]
}
