{
  "schemaVersion": 1,
  "kind": "seedlands-performance-window",
  "status": "PASS",
  "version": 2,
  "ownerThread": "seedlands-performance-validator",
  "runId": "v2-close16-format-final",
  "pid": 29227,
  "startedAt": "2026-09-28T18:29:55.292Z",
  "windowId": "v2-close16-format-final",
  "evidencePath": "changes/2026-09-23-classic-functional-completion/evidence/v2-canonical-terminal-receipt-close-16/format-final-window.json.log",
  "waitedMs": 1,
  "endedAt": "2026-09-28T18:29:55.856Z",
  "exitCode": 0,
  "signal": null,
  "measurement": {
    "status": "NOT_RECORDED"
  },
  "samples": [
    {
      "at": "2026-09-28T18:29:55.293Z",
      "loadAverage": [
        2.5810546875,
        2.86083984375,
        3.1591796875
      ],
      "freeMemoryBytes": 6710214656,
      "totalMemoryBytes": 38654705664
    },
    {
      "at": "2026-09-28T18:29:55.854Z",
      "loadAverage": [
        2.5810546875,
        2.86083984375,
        3.1591796875
      ],
      "freeMemoryBytes": 6744031232,
      "totalMemoryBytes": 38654705664
    }
  ]
}
