{
  "schemaVersion": 1,
  "kind": "seedlands-performance-window",
  "status": "PASS",
  "version": 2,
  "ownerThread": "seedlands-performance-validator",
  "runId": "v2-close16-format-final-02",
  "pid": 30947,
  "startedAt": "2026-09-28T18:34:06.078Z",
  "windowId": "v2-close16-format-final-02",
  "evidencePath": "changes/2026-09-23-classic-functional-completion/evidence/v2-canonical-terminal-receipt-close-16/format-final-02-window.json.log",
  "waitedMs": 2,
  "endedAt": "2026-09-28T18:34:06.476Z",
  "exitCode": 0,
  "signal": null,
  "measurement": {
    "status": "NOT_RECORDED"
  },
  "samples": [
    {
      "at": "2026-09-28T18:34:06.080Z",
      "loadAverage": [
        2.4091796875,
        2.70068359375,
        3.01904296875
      ],
      "freeMemoryBytes": 5377228800,
      "totalMemoryBytes": 38654705664
    },
    {
      "at": "2026-09-28T18:34:06.474Z",
      "loadAverage": [
        2.4091796875,
        2.70068359375,
        3.01904296875
      ],
      "freeMemoryBytes": 5361827840,
      "totalMemoryBytes": 38654705664
    }
  ]
}
