{
  "schemaVersion": 1,
  "kind": "seedlands-performance-window",
  "status": "FAIL",
  "version": 2,
  "ownerThread": "seedlands-performance-validator",
  "runId": "v2-close16-green-final-06",
  "pid": 34822,
  "startedAt": "2026-09-28T18:38:51.107Z",
  "windowId": "v2-close16-green-final-06",
  "evidencePath": "changes/2026-09-23-classic-functional-completion/evidence/v2-canonical-terminal-receipt-close-16/green-final-06-window.json.log",
  "waitedMs": 1,
  "endedAt": "2026-09-28T18:38:51.599Z",
  "exitCode": 1,
  "signal": null,
  "measurement": {
    "status": "NOT_RECORDED"
  },
  "samples": [
    {
      "at": "2026-09-28T18:38:51.108Z",
      "loadAverage": [
        2.53515625,
        2.61279296875,
        2.87646484375
      ],
      "freeMemoryBytes": 5552373760,
      "totalMemoryBytes": 38654705664
    },
    {
      "at": "2026-09-28T18:38:51.597Z",
      "loadAverage": [
        2.53515625,
        2.61279296875,
        2.87646484375
      ],
      "freeMemoryBytes": 5382111232,
      "totalMemoryBytes": 38654705664
    }
  ]
}
