{
  "schemaVersion": 1,
  "kind": "seedlands-performance-window",
  "status": "PASS",
  "version": 2,
  "ownerThread": "seedlands-performance-validator",
  "runId": "v2-close16-green-reporter",
  "pid": 20020,
  "startedAt": "2026-09-28T18:20:23.565Z",
  "windowId": "v2-close16-green-reporter",
  "evidencePath": "changes/2026-09-23-classic-functional-completion/evidence/v2-canonical-terminal-receipt-close-16/green-reporter-window.json.log",
  "waitedMs": 1,
  "endedAt": "2026-09-28T18:20:24.441Z",
  "exitCode": 0,
  "signal": null,
  "measurement": {
    "status": "NOT_RECORDED"
  },
  "samples": [
    {
      "at": "2026-09-28T18:20:23.566Z",
      "loadAverage": [
        3.8291015625,
        3.55859375,
        3.4482421875
      ],
      "freeMemoryBytes": 6960873472,
      "totalMemoryBytes": 38654705664
    },
    {
      "at": "2026-09-28T18:20:24.440Z",
      "loadAverage": [
        4.1630859375,
        3.63232421875,
        3.474609375
      ],
      "freeMemoryBytes": 6805094400,
      "totalMemoryBytes": 38654705664
    }
  ]
}
