{
  "schemaVersion": 1,
  "kind": "seedlands-performance-window",
  "status": "FAIL",
  "version": 2,
  "ownerThread": "seedlands-performance-validator",
  "runId": "v2-close16-green-final-05",
  "pid": 33684,
  "startedAt": "2026-09-28T18:36:31.654Z",
  "windowId": "v2-close16-green-final-05",
  "evidencePath": "changes/2026-09-23-classic-functional-completion/evidence/v2-canonical-terminal-receipt-close-16/green-final-05-window.json.log",
  "waitedMs": 1,
  "endedAt": "2026-09-28T18:36:33.064Z",
  "exitCode": 1,
  "signal": null,
  "measurement": {
    "status": "NOT_RECORDED"
  },
  "samples": [
    {
      "at": "2026-09-28T18:36:31.655Z",
      "loadAverage": [
        2.39013671875,
        2.529296875,
        2.89306640625
      ],
      "freeMemoryBytes": 5533712384,
      "totalMemoryBytes": 38654705664
    },
    {
      "at": "2026-09-28T18:36:33.063Z",
      "loadAverage": [
        2.39013671875,
        2.529296875,
        2.89306640625
      ],
      "freeMemoryBytes": 5045698560,
      "totalMemoryBytes": 38654705664
    }
  ]
}
