{
  "schemaVersion": 1,
  "kind": "seedlands-performance-window",
  "status": "PASS",
  "version": 2,
  "ownerThread": "seedlands-performance-validator",
  "runId": "v2-close16-green-final-03",
  "pid": 29544,
  "startedAt": "2026-09-28T18:30:57.612Z",
  "windowId": "v2-close16-green-final-03",
  "evidencePath": "changes/2026-09-23-classic-functional-completion/evidence/v2-canonical-terminal-receipt-close-16/green-final-03-window.json.log",
  "waitedMs": 1,
  "endedAt": "2026-09-28T18:30:58.620Z",
  "exitCode": 0,
  "signal": null,
  "measurement": {
    "status": "NOT_RECORDED"
  },
  "samples": [
    {
      "at": "2026-09-28T18:30:57.613Z",
      "loadAverage": [
        2.6884765625,
        2.8876953125,
        3.14794921875
      ],
      "freeMemoryBytes": 6707347456,
      "totalMemoryBytes": 38654705664
    },
    {
      "at": "2026-09-28T18:30:58.618Z",
      "loadAverage": [
        2.6884765625,
        2.8876953125,
        3.14794921875
      ],
      "freeMemoryBytes": 6691225600,
      "totalMemoryBytes": 38654705664
    }
  ]
}
