{
  "schemaVersion": 1,
  "kind": "seedlands-performance-window",
  "status": "PASS",
  "version": 2,
  "ownerThread": "seedlands-performance-validator",
  "runId": "v2-close16-green-final-09",
  "pid": 42897,
  "startedAt": "2026-09-28T18:47:12.952Z",
  "windowId": "v2-close16-green-final-09",
  "evidencePath": "changes/2026-09-23-classic-functional-completion/evidence/v2-canonical-terminal-receipt-close-16/green-final-09-window.json.log",
  "waitedMs": 1,
  "endedAt": "2026-09-28T18:47:14.318Z",
  "exitCode": 0,
  "signal": null,
  "measurement": {
    "status": "NOT_RECORDED"
  },
  "samples": [
    {
      "at": "2026-09-28T18:47:12.953Z",
      "loadAverage": [
        2.39599609375,
        2.51123046875,
        2.7294921875
      ],
      "freeMemoryBytes": 5235851264,
      "totalMemoryBytes": 38654705664
    },
    {
      "at": "2026-09-28T18:47:14.316Z",
      "loadAverage": [
        2.39599609375,
        2.51123046875,
        2.7294921875
      ],
      "freeMemoryBytes": 5291016192,
      "totalMemoryBytes": 38654705664
    }
  ]
}
