{
  "schemaVersion": 1,
  "kind": "seedlands-performance-window",
  "status": "PASS",
  "version": 2,
  "ownerThread": "seedlands-performance-validator",
  "runId": "v2-close16-green-final-08",
  "pid": 39073,
  "startedAt": "2026-09-28T18:41:54.851Z",
  "windowId": "v2-close16-green-final-08",
  "evidencePath": "changes/2026-09-23-classic-functional-completion/evidence/v2-canonical-terminal-receipt-close-16/green-final-08-window.json.log",
  "waitedMs": 1,
  "endedAt": "2026-09-28T18:41:56.220Z",
  "exitCode": 0,
  "signal": null,
  "measurement": {
    "status": "NOT_RECORDED"
  },
  "samples": [
    {
      "at": "2026-09-28T18:41:54.852Z",
      "loadAverage": [
        2.4501953125,
        2.71240234375,
        2.875
      ],
      "freeMemoryBytes": 5466193920,
      "totalMemoryBytes": 38654705664
    },
    {
      "at": "2026-09-28T18:41:56.218Z",
      "loadAverage": [
        2.494140625,
        2.716796875,
        2.87548828125
      ],
      "freeMemoryBytes": 5334220800,
      "totalMemoryBytes": 38654705664
    }
  ]
}
