{
  "schemaVersion": 1,
  "kind": "seedlands-performance-window",
  "status": "PASS",
  "version": 2,
  "ownerThread": "seedlands-performance-validator",
  "runId": "v2-close16-manifest-generation",
  "pid": 47617,
  "startedAt": "2026-09-28T18:50:53.458Z",
  "windowId": "v2-close16-manifest-generation",
  "evidencePath": "changes/2026-09-23-classic-functional-completion/evidence/v2-canonical-terminal-receipt-close-16/manifest-generation-window.json.log",
  "waitedMs": 1,
  "endedAt": "2026-09-28T18:50:54.607Z",
  "exitCode": 0,
  "signal": null,
  "measurement": {
    "status": "NOT_RECORDED"
  },
  "samples": [
    {
      "at": "2026-09-28T18:50:53.459Z",
      "loadAverage": [
        2.85107421875,
        2.55908203125,
        2.6845703125
      ],
      "freeMemoryBytes": 5354700800,
      "totalMemoryBytes": 38654705664
    },
    {
      "at": "2026-09-28T18:50:54.605Z",
      "loadAverage": [
        2.85107421875,
        2.55908203125,
        2.6845703125
      ],
      "freeMemoryBytes": 5354422272,
      "totalMemoryBytes": 38654705664
    }
  ]
}
