{
  "schemaVersion": 1,
  "kind": "seedlands-performance-window",
  "status": "PASS",
  "version": 2,
  "ownerThread": "seedlands-performance-validator",
  "runId": "v2-close16-metadata-format",
  "pid": 51417,
  "startedAt": "2026-09-28T18:55:29.794Z",
  "windowId": "v2-close16-metadata-format",
  "evidencePath": "changes/2026-09-23-classic-functional-completion/evidence/v2-canonical-terminal-receipt-close-16/metadata-format-window.json.log",
  "waitedMs": 1,
  "endedAt": "2026-09-28T18:55:30.132Z",
  "exitCode": 0,
  "signal": null,
  "measurement": {
    "status": "NOT_RECORDED"
  },
  "samples": [
    {
      "at": "2026-09-28T18:55:29.795Z",
      "loadAverage": [
        2.70654296875,
        2.76416015625,
        2.7451171875
      ],
      "freeMemoryBytes": 5380866048,
      "totalMemoryBytes": 38654705664
    },
    {
      "at": "2026-09-28T18:55:30.130Z",
      "loadAverage": [
        2.70654296875,
        2.76416015625,
        2.7451171875
      ],
      "freeMemoryBytes": 5375541248,
      "totalMemoryBytes": 38654705664
    }
  ]
}
