{
  "schemaVersion": 1,
  "kind": "seedlands-performance-window",
  "status": "PASS",
  "version": 2,
  "ownerThread": "seedlands-performance-validator",
  "runId": "v2-close16-root-types",
  "pid": 24897,
  "startedAt": "2026-09-28T18:24:29.983Z",
  "windowId": "v2-close16-root-types",
  "evidencePath": "changes/2026-09-23-classic-functional-completion/evidence/v2-canonical-terminal-receipt-close-16/root-types-window.json.log",
  "waitedMs": 1,
  "endedAt": "2026-09-28T18:24:51.954Z",
  "exitCode": 0,
  "signal": null,
  "measurement": {
    "status": "NOT_RECORDED"
  },
  "samples": [
    {
      "at": "2026-09-28T18:24:29.984Z",
      "loadAverage": [
        2.55615234375,
        3.44921875,
        3.4580078125
      ],
      "freeMemoryBytes": 6768934912,
      "totalMemoryBytes": 38654705664
    },
    {
      "at": "2026-09-28T18:24:34.986Z",
      "loadAverage": [
        2.83154296875,
        3.4912109375,
        3.47265625
      ],
      "freeMemoryBytes": 6559776768,
      "totalMemoryBytes": 38654705664
    },
    {
      "at": "2026-09-28T18:24:39.988Z",
      "loadAverage": [
        2.7646484375,
        3.46630859375,
        3.4638671875
      ],
      "freeMemoryBytes": 6433898496,
      "totalMemoryBytes": 38654705664
    },
    {
      "at": "2026-09-28T18:24:44.990Z",
      "loadAverage": [
        2.623046875,
        3.42529296875,
        3.44921875
      ],
      "freeMemoryBytes": 5937348608,
      "totalMemoryBytes": 38654705664
    },
    {
      "at": "2026-09-28T18:24:49.993Z",
      "loadAverage": [
        2.49267578125,
        3.384765625,
        3.4345703125
      ],
      "freeMemoryBytes": 6071238656,
      "totalMemoryBytes": 38654705664
    },
    {
      "at": "2026-09-28T18:24:51.952Z",
      "loadAverage": [
        2.49267578125,
        3.384765625,
        3.4345703125
      ],
      "freeMemoryBytes": 6812549120,
      "totalMemoryBytes": 38654705664
    }
  ]
}
