{
  "schemaVersion": 1,
  "kind": "seedlands-performance-window",
  "status": "PASS",
  "version": 2,
  "ownerThread": "seedlands-performance-validator",
  "runId": "v2-close16-scope-format",
  "pid": 30407,
  "startedAt": "2026-09-28T18:32:22.478Z",
  "windowId": "v2-close16-scope-format",
  "evidencePath": "changes/2026-09-23-classic-functional-completion/evidence/v2-canonical-terminal-receipt-close-16/scope-format-window.json.log",
  "waitedMs": 1,
  "endedAt": "2026-09-28T18:32:23.119Z",
  "exitCode": 0,
  "signal": null,
  "measurement": {
    "status": "NOT_RECORDED"
  },
  "samples": [
    {
      "at": "2026-09-28T18:32:22.479Z",
      "loadAverage": [
        2.3173828125,
        2.7890625,
        3.08837890625
      ],
      "freeMemoryBytes": 6773817344,
      "totalMemoryBytes": 38654705664
    },
    {
      "at": "2026-09-28T18:32:23.118Z",
      "loadAverage": [
        2.3173828125,
        2.7890625,
        3.08837890625
      ],
      "freeMemoryBytes": 6776881152,
      "totalMemoryBytes": 38654705664
    }
  ]
}
