{
  "schemaVersion": 1,
  "kind": "seedlands-performance-window",
  "status": "PASS",
  "version": 2,
  "ownerThread": "seedlands-performance-validator",
  "runId": "v2-close16-seal-static-02",
  "pid": 44038,
  "startedAt": "2026-09-28T18:48:53.483Z",
  "windowId": "v2-close16-seal-static-02",
  "evidencePath": "changes/2026-09-23-classic-functional-completion/evidence/v2-canonical-terminal-receipt-close-16/seal-static-02-window.json.log",
  "waitedMs": 1,
  "endedAt": "2026-09-28T18:48:55.469Z",
  "exitCode": 0,
  "signal": null,
  "measurement": {
    "status": "NOT_RECORDED"
  },
  "samples": [
    {
      "at": "2026-09-28T18:48:53.484Z",
      "loadAverage": [
        2.3154296875,
        2.4462890625,
        2.6767578125
      ],
      "freeMemoryBytes": 5209817088,
      "totalMemoryBytes": 38654705664
    },
    {
      "at": "2026-09-28T18:48:55.467Z",
      "loadAverage": [
        2.3154296875,
        2.4462890625,
        2.6767578125
      ],
      "freeMemoryBytes": 5326356480,
      "totalMemoryBytes": 38654705664
    }
  ]
}
