{
  "schemaVersion": 1,
  "kind": "seedlands-performance-window",
  "status": "PASS",
  "version": 2,
  "ownerThread": "seedlands-performance-validator",
  "runId": "v2-close16-static-final-04",
  "pid": 43317,
  "startedAt": "2026-09-28T18:47:24.944Z",
  "windowId": "v2-close16-static-final-04",
  "evidencePath": "changes/2026-09-23-classic-functional-completion/evidence/v2-canonical-terminal-receipt-close-16/static-final-04-window.json.log",
  "waitedMs": 1,
  "endedAt": "2026-09-28T18:47:51.482Z",
  "exitCode": 0,
  "signal": null,
  "measurement": {
    "status": "NOT_RECORDED"
  },
  "samples": [
    {
      "at": "2026-09-28T18:47:24.945Z",
      "loadAverage": [
        2.2548828125,
        2.47705078125,
        2.71484375
      ],
      "freeMemoryBytes": 5344477184,
      "totalMemoryBytes": 38654705664
    },
    {
      "at": "2026-09-28T18:47:29.947Z",
      "loadAverage": [
        2.5546875,
        2.53515625,
        2.73388671875
      ],
      "freeMemoryBytes": 4616552448,
      "totalMemoryBytes": 38654705664
    },
    {
      "at": "2026-09-28T18:47:34.949Z",
      "loadAverage": [
        2.51025390625,
        2.52587890625,
        2.7294921875
      ],
      "freeMemoryBytes": 4606787584,
      "totalMemoryBytes": 38654705664
    },
    {
      "at": "2026-09-28T18:47:39.950Z",
      "loadAverage": [
        2.38916015625,
        2.50048828125,
        2.71923828125
      ],
      "freeMemoryBytes": 4410671104,
      "totalMemoryBytes": 38654705664
    },
    {
      "at": "2026-09-28T18:47:44.952Z",
      "loadAverage": [
        2.35791015625,
        2.49169921875,
        2.71484375
      ],
      "freeMemoryBytes": 4561469440,
      "totalMemoryBytes": 38654705664
    },
    {
      "at": "2026-09-28T18:47:49.955Z",
      "loadAverage": [
        2.3291015625,
        2.4833984375,
        2.71044921875
      ],
      "freeMemoryBytes": 5297029120,
      "totalMemoryBytes": 38654705664
    },
    {
      "at": "2026-09-28T18:47:51.480Z",
      "loadAverage": [
        2.3291015625,
        2.4833984375,
        2.71044921875
      ],
      "freeMemoryBytes": 5215289344,
      "totalMemoryBytes": 38654705664
    }
  ]
}
