{
  "schemaVersion": 1,
  "kind": "seedlands-performance-window",
  "status": "PASS",
  "version": 2,
  "ownerThread": "seedlands-performance-validator",
  "runId": "v2-close16-static-final",
  "pid": 32885,
  "startedAt": "2026-09-28T18:34:41.373Z",
  "windowId": "v2-close16-static-final",
  "evidencePath": "changes/2026-09-23-classic-functional-completion/evidence/v2-canonical-terminal-receipt-close-16/static-final-window.json.log",
  "waitedMs": 1,
  "endedAt": "2026-09-28T18:35:07.899Z",
  "exitCode": 0,
  "signal": null,
  "measurement": {
    "status": "NOT_RECORDED"
  },
  "samples": [
    {
      "at": "2026-09-28T18:34:41.374Z",
      "loadAverage": [
        2.1240234375,
        2.603515625,
        2.97021484375
      ],
      "freeMemoryBytes": 5475975168,
      "totalMemoryBytes": 38654705664
    },
    {
      "at": "2026-09-28T18:34:46.376Z",
      "loadAverage": [
        2.03369140625,
        2.57666015625,
        2.95849609375
      ],
      "freeMemoryBytes": 4727291904,
      "totalMemoryBytes": 38654705664
    },
    {
      "at": "2026-09-28T18:34:51.378Z",
      "loadAverage": [
        2.11083984375,
        2.58349609375,
        2.95849609375
      ],
      "freeMemoryBytes": 4829315072,
      "totalMemoryBytes": 38654705664
    },
    {
      "at": "2026-09-28T18:34:56.380Z",
      "loadAverage": [
        2.421875,
        2.64013671875,
        2.97607421875
      ],
      "freeMemoryBytes": 4587470848,
      "totalMemoryBytes": 38654705664
    },
    {
      "at": "2026-09-28T18:35:01.382Z",
      "loadAverage": [
        2.2275390625,
        2.59619140625,
        2.95849609375
      ],
      "freeMemoryBytes": 4583243776,
      "totalMemoryBytes": 38654705664
    },
    {
      "at": "2026-09-28T18:35:06.384Z",
      "loadAverage": [
        2.2890625,
        2.6025390625,
        2.95849609375
      ],
      "freeMemoryBytes": 5408636928,
      "totalMemoryBytes": 38654705664
    },
    {
      "at": "2026-09-28T18:35:07.897Z",
      "loadAverage": [
        2.2890625,
        2.6025390625,
        2.95849609375
      ],
      "freeMemoryBytes": 5489065984,
      "totalMemoryBytes": 38654705664
    }
  ]
}
