{
  "schemaVersion": 1,
  "kind": "seedlands-performance-window",
  "status": "PASS",
  "version": 2,
  "ownerThread": "seedlands-performance-validator",
  "runId": "v2-close16-static-final-02",
  "pid": 37375,
  "startedAt": "2026-09-28T18:39:34.821Z",
  "windowId": "v2-close16-static-final-02",
  "evidencePath": "changes/2026-09-23-classic-functional-completion/evidence/v2-canonical-terminal-receipt-close-16/static-final-02-window.json.log",
  "waitedMs": 1,
  "endedAt": "2026-09-28T18:40:01.329Z",
  "exitCode": 0,
  "signal": null,
  "measurement": {
    "status": "NOT_RECORDED"
  },
  "samples": [
    {
      "at": "2026-09-28T18:39:34.822Z",
      "loadAverage": [
        3.2109375,
        2.76171875,
        2.916015625
      ],
      "freeMemoryBytes": 5284347904,
      "totalMemoryBytes": 38654705664
    },
    {
      "at": "2026-09-28T18:39:39.824Z",
      "loadAverage": [
        3.11376953125,
        2.7490234375,
        2.91064453125
      ],
      "freeMemoryBytes": 4672176128,
      "totalMemoryBytes": 38654705664
    },
    {
      "at": "2026-09-28T18:39:44.827Z",
      "loadAverage": [
        3.0244140625,
        2.736328125,
        2.9052734375
      ],
      "freeMemoryBytes": 4700110848,
      "totalMemoryBytes": 38654705664
    },
    {
      "at": "2026-09-28T18:39:49.829Z",
      "loadAverage": [
        3.02197265625,
        2.740234375,
        2.90576171875
      ],
      "freeMemoryBytes": 4541612032,
      "totalMemoryBytes": 38654705664
    },
    {
      "at": "2026-09-28T18:39:54.830Z",
      "loadAverage": [
        2.85986328125,
        2.7109375,
        2.89453125
      ],
      "freeMemoryBytes": 4711186432,
      "totalMemoryBytes": 38654705664
    },
    {
      "at": "2026-09-28T18:39:59.832Z",
      "loadAverage": [
        2.71044921875,
        2.68212890625,
        2.88330078125
      ],
      "freeMemoryBytes": 5392007168,
      "totalMemoryBytes": 38654705664
    },
    {
      "at": "2026-09-28T18:40:01.327Z",
      "loadAverage": [
        2.71044921875,
        2.68212890625,
        2.88330078125
      ],
      "freeMemoryBytes": 5188730880,
      "totalMemoryBytes": 38654705664
    }
  ]
}
