{
  "schemaVersion": 1,
  "kind": "seedlands-performance-window",
  "status": "PASS",
  "version": 2,
  "ownerThread": "seedlands-performance-validator",
  "runId": "v2-close16-structure-final",
  "pid": 42053,
  "startedAt": "2026-09-28T18:44:40.419Z",
  "windowId": "v2-close16-structure-final",
  "evidencePath": "changes/2026-09-23-classic-functional-completion/evidence/v2-canonical-terminal-receipt-close-16/structure-final-window.json.log",
  "waitedMs": 1,
  "endedAt": "2026-09-28T18:44:40.562Z",
  "exitCode": 0,
  "signal": null,
  "measurement": {
    "status": "NOT_RECORDED"
  },
  "samples": [
    {
      "at": "2026-09-28T18:44:40.420Z",
      "loadAverage": [
        2.17919921875,
        2.615234375,
        2.81005859375
      ],
      "freeMemoryBytes": 5238636544,
      "totalMemoryBytes": 38654705664
    },
    {
      "at": "2026-09-28T18:44:40.560Z",
      "loadAverage": [
        2.17919921875,
        2.615234375,
        2.81005859375
      ],
      "freeMemoryBytes": 5256495104,
      "totalMemoryBytes": 38654705664
    }
  ]
}
