{
  "schemaVersion": 1,
  "kind": "seedlands-performance-window",
  "status": "PASS",
  "version": 2,
  "ownerThread": "seedlands-performance-validator",
  "runId": "482444d3-a213-4dd6-8450-52a584280edc",
  "pid": 17284,
  "startedAt": "2026-09-25T04:34:11.159Z",
  "windowId": "482444d3-a213-4dd6-8450-52a584280edc",
  "evidencePath": "harness/results/performance-windows/482444d3-a213-4dd6-8450-52a584280edc.json",
  "waitedMs": 1,
  "endedAt": "2026-09-25T04:34:11.219Z",
  "exitCode": 0,
  "signal": null,
  "measurement": {
    "status": "NOT_RECORDED"
  },
  "samples": [
    {
      "at": "2026-09-25T04:34:11.160Z",
      "loadAverage": [
        3.1201171875,
        3.12841796875,
        3.2412109375
      ],
      "freeMemoryBytes": 601653248,
      "totalMemoryBytes": 38654705664
    },
    {
      "at": "2026-09-25T04:34:11.217Z",
      "loadAverage": [
        3.1201171875,
        3.12841796875,
        3.2412109375
      ],
      "freeMemoryBytes": 616873984,
      "totalMemoryBytes": 38654705664
    }
  ]
}
