{
  "schemaVersion": 1,
  "kind": "seedlands-performance-window",
  "status": "PASS",
  "version": 2,
  "ownerThread": "seedlands-performance-validator",
  "runId": "9a3085bb-b692-4ac3-b005-412ec8e62fd0",
  "pid": 18715,
  "startedAt": "2026-09-25T04:35:49.955Z",
  "windowId": "9a3085bb-b692-4ac3-b005-412ec8e62fd0",
  "evidencePath": "harness/results/performance-windows/9a3085bb-b692-4ac3-b005-412ec8e62fd0.json",
  "waitedMs": 1,
  "endedAt": "2026-09-25T04:35:50.010Z",
  "exitCode": 0,
  "signal": null,
  "measurement": {
    "status": "NOT_RECORDED"
  },
  "samples": [
    {
      "at": "2026-09-25T04:35:49.956Z",
      "loadAverage": [
        4.32763671875,
        3.66357421875,
        3.44091796875
      ],
      "freeMemoryBytes": 698204160,
      "totalMemoryBytes": 38654705664
    },
    {
      "at": "2026-09-25T04:35:50.008Z",
      "loadAverage": [
        4.32763671875,
        3.66357421875,
        3.44091796875
      ],
      "freeMemoryBytes": 698204160,
      "totalMemoryBytes": 38654705664
    }
  ]
}
