{
  "schemaVersion": 1,
  "kind": "seedlands-performance-window",
  "status": "PASS",
  "version": 2,
  "ownerThread": "seedlands-performance-validator",
  "runId": "5ae58e5d-b0b8-4d56-9af0-785c66e506af",
  "pid": 30073,
  "startedAt": "2026-09-25T04:47:00.693Z",
  "windowId": "5ae58e5d-b0b8-4d56-9af0-785c66e506af",
  "evidencePath": "harness/results/performance-windows/5ae58e5d-b0b8-4d56-9af0-785c66e506af.json",
  "waitedMs": 1,
  "endedAt": "2026-09-25T04:47:01.904Z",
  "exitCode": 0,
  "signal": null,
  "measurement": {
    "status": "NOT_RECORDED"
  },
  "samples": [
    {
      "at": "2026-09-25T04:47:00.694Z",
      "loadAverage": [
        3.60400390625,
        3.72119140625,
        3.6005859375
      ],
      "freeMemoryBytes": 548192256,
      "totalMemoryBytes": 38654705664
    },
    {
      "at": "2026-09-25T04:47:01.903Z",
      "loadAverage": [
        3.60400390625,
        3.72119140625,
        3.6005859375
      ],
      "freeMemoryBytes": 597147648,
      "totalMemoryBytes": 38654705664
    }
  ]
}
