{
  "schemaVersion": 1,
  "kind": "seedlands-performance-window",
  "status": "PASS",
  "version": 2,
  "ownerThread": "seedlands-performance-validator",
  "runId": "601c8a3d-f693-47e6-b178-f43c9de32574",
  "pid": 34165,
  "startedAt": "2026-09-25T04:52:00.370Z",
  "windowId": "601c8a3d-f693-47e6-b178-f43c9de32574",
  "evidencePath": "harness/results/performance-windows/601c8a3d-f693-47e6-b178-f43c9de32574.json",
  "waitedMs": 1,
  "endedAt": "2026-09-25T04:52:00.435Z",
  "exitCode": 0,
  "signal": null,
  "measurement": {
    "status": "NOT_RECORDED"
  },
  "samples": [
    {
      "at": "2026-09-25T04:52:00.371Z",
      "loadAverage": [
        3.10302734375,
        3.3408203125,
        3.453125
      ],
      "freeMemoryBytes": 83181568,
      "totalMemoryBytes": 38654705664
    },
    {
      "at": "2026-09-25T04:52:00.434Z",
      "loadAverage": [
        3.10302734375,
        3.3408203125,
        3.453125
      ],
      "freeMemoryBytes": 70451200,
      "totalMemoryBytes": 38654705664
    }
  ]
}
