{
  "schemaVersion": 1,
  "kind": "seedlands-performance-window",
  "status": "PASS",
  "version": 2,
  "ownerThread": "seedlands-performance-validator",
  "runId": "46f8892e-50ce-4f69-a066-b8f94fc33a56",
  "pid": 51503,
  "startedAt": "2026-09-25T16:46:53.109Z",
  "windowId": "46f8892e-50ce-4f69-a066-b8f94fc33a56",
  "evidencePath": "changes/2026-09-23-classic-functional-completion/evidence/git-26-death-producers-and-mixed/metadata-format-check.window.json.log",
  "waitedMs": 1,
  "endedAt": "2026-09-25T16:46:53.570Z",
  "exitCode": 0,
  "signal": null,
  "measurement": {
    "status": "NOT_RECORDED"
  },
  "samples": [
    {
      "at": "2026-09-25T16:46:53.110Z",
      "loadAverage": [
        2.53857421875,
        2.86083984375,
        3.0576171875
      ],
      "freeMemoryBytes": 390987776,
      "totalMemoryBytes": 38654705664
    },
    {
      "at": "2026-09-25T16:46:53.568Z",
      "loadAverage": [
        2.53857421875,
        2.86083984375,
        3.0576171875
      ],
      "freeMemoryBytes": 414547968,
      "totalMemoryBytes": 38654705664
    }
  ]
}
