{
  "schemaVersion": 1,
  "kind": "seedlands-performance-window",
  "status": "PASS",
  "version": 2,
  "ownerThread": "seedlands-performance-validator",
  "runId": "v2-close15-classic-types",
  "pid": 67215,
  "startedAt": "2026-09-28T17:24:20.418Z",
  "windowId": "v2-close15-classic-types",
  "evidencePath": "changes/2026-09-23-classic-functional-completion/evidence/v2-canonical-budget-registration-close-15/classic-types-window.json.log",
  "waitedMs": 2,
  "endedAt": "2026-09-28T17:24:23.838Z",
  "exitCode": 0,
  "signal": null,
  "measurement": {
    "status": "NOT_RECORDED"
  },
  "samples": [
    {
      "at": "2026-09-28T17:24:20.420Z",
      "loadAverage": [
        3.5458984375,
        3.16650390625,
        2.8779296875
      ],
      "freeMemoryBytes": 8242610176,
      "totalMemoryBytes": 38654705664
    },
    {
      "at": "2026-09-28T17:24:23.836Z",
      "loadAverage": [
        3.341796875,
        3.13037109375,
        2.86669921875
      ],
      "freeMemoryBytes": 8394424320,
      "totalMemoryBytes": 38654705664
    }
  ]
}
