{
  "schemaVersion": 1,
  "kind": "seedlands-performance-window",
  "status": "PASS",
  "version": 2,
  "ownerThread": "seedlands-performance-validator",
  "runId": "v2-canonical-budget-close15-format",
  "pid": 62882,
  "startedAt": "2026-09-28T17:20:54.735Z",
  "windowId": "v2-canonical-budget-close15-format",
  "evidencePath": "changes/2026-09-23-classic-functional-completion/evidence/v2-canonical-budget-registration-close-15/format-window.json.log",
  "waitedMs": 1,
  "endedAt": "2026-09-28T17:20:55.194Z",
  "exitCode": 0,
  "signal": null,
  "measurement": {
    "status": "NOT_RECORDED"
  },
  "samples": [
    {
      "at": "2026-09-28T17:20:54.736Z",
      "loadAverage": [
        2.86767578125,
        2.66455078125,
        2.6533203125
      ],
      "freeMemoryBytes": 8581709824,
      "totalMemoryBytes": 38654705664
    },
    {
      "at": "2026-09-28T17:20:55.192Z",
      "loadAverage": [
        2.86767578125,
        2.66455078125,
        2.6533203125
      ],
      "freeMemoryBytes": 8576401408,
      "totalMemoryBytes": 38654705664
    }
  ]
}
