{
  "schemaVersion": 1,
  "kind": "seedlands-performance-window",
  "status": "PASS",
  "version": 2,
  "ownerThread": "seedlands-performance-validator",
  "runId": "v2-close15-format-final",
  "pid": 68456,
  "startedAt": "2026-09-28T17:26:25.682Z",
  "windowId": "v2-close15-format-final",
  "evidencePath": "changes/2026-09-23-classic-functional-completion/evidence/v2-canonical-budget-registration-close-15/format-final-window.json.log",
  "waitedMs": 1,
  "endedAt": "2026-09-28T17:26:26.177Z",
  "exitCode": 0,
  "signal": null,
  "measurement": {
    "status": "NOT_RECORDED"
  },
  "samples": [
    {
      "at": "2026-09-28T17:26:25.683Z",
      "loadAverage": [
        3.0595703125,
        3.0693359375,
        2.87255859375
      ],
      "freeMemoryBytes": 8264040448,
      "totalMemoryBytes": 38654705664
    },
    {
      "at": "2026-09-28T17:26:26.176Z",
      "loadAverage": [
        3.0595703125,
        3.0693359375,
        2.87255859375
      ],
      "freeMemoryBytes": 8282210304,
      "totalMemoryBytes": 38654705664
    }
  ]
}
