{
  "schemaVersion": 1,
  "kind": "seedlands-performance-window",
  "status": "PASS",
  "version": 2,
  "ownerThread": "seedlands-performance-validator",
  "runId": "v2-close15-metadata-format",
  "pid": 71417,
  "startedAt": "2026-09-28T17:29:28.997Z",
  "windowId": "v2-close15-metadata-format",
  "evidencePath": "changes/2026-09-23-classic-functional-completion/evidence/v2-canonical-budget-registration-close-15/metadata-format-window.json.log",
  "waitedMs": 1,
  "endedAt": "2026-09-28T17:29:29.322Z",
  "exitCode": 0,
  "signal": null,
  "measurement": {
    "status": "NOT_RECORDED"
  },
  "samples": [
    {
      "at": "2026-09-28T17:29:28.998Z",
      "loadAverage": [
        2.5400390625,
        2.8203125,
        2.7958984375
      ],
      "freeMemoryBytes": 8291516416,
      "totalMemoryBytes": 38654705664
    },
    {
      "at": "2026-09-28T17:29:29.320Z",
      "loadAverage": [
        2.5400390625,
        2.8203125,
        2.7958984375
      ],
      "freeMemoryBytes": 8286699520,
      "totalMemoryBytes": 38654705664
    }
  ]
}
