{
  "schemaVersion": 1,
  "kind": "seedlands-performance-window",
  "status": "FAIL",
  "version": 2,
  "ownerThread": "seedlands-performance-validator",
  "runId": "v2-close15-structure-02",
  "pid": 64495,
  "startedAt": "2026-09-28T17:22:45.732Z",
  "windowId": "v2-close15-structure-02",
  "evidencePath": "changes/2026-09-23-classic-functional-completion/evidence/v2-canonical-budget-registration-close-15/structure-window.json.log",
  "waitedMs": 1,
  "endedAt": "2026-09-28T17:22:45.887Z",
  "exitCode": 1,
  "signal": null,
  "measurement": {
    "status": "NOT_RECORDED"
  },
  "samples": [
    {
      "at": "2026-09-28T17:22:45.733Z",
      "loadAverage": [
        2.8974609375,
        2.94189453125,
        2.77734375
      ],
      "freeMemoryBytes": 8202584064,
      "totalMemoryBytes": 38654705664
    },
    {
      "at": "2026-09-28T17:22:45.886Z",
      "loadAverage": [
        2.8974609375,
        2.94189453125,
        2.77734375
      ],
      "freeMemoryBytes": 8199077888,
      "totalMemoryBytes": 38654705664
    }
  ]
}
