{
  "schemaVersion": 1,
  "kind": "seedlands-performance-window",
  "status": "PASS",
  "version": 2,
  "ownerThread": "seedlands-performance-validator",
  "runId": "v2-close15-structure-final",
  "pid": 68601,
  "startedAt": "2026-09-28T17:26:39.559Z",
  "windowId": "v2-close15-structure-final",
  "evidencePath": "changes/2026-09-23-classic-functional-completion/evidence/v2-canonical-budget-registration-close-15/structure-final-window.json.log",
  "waitedMs": 2,
  "endedAt": "2026-09-28T17:26:39.732Z",
  "exitCode": 0,
  "signal": null,
  "measurement": {
    "status": "NOT_RECORDED"
  },
  "samples": [
    {
      "at": "2026-09-28T17:26:39.561Z",
      "loadAverage": [
        2.53515625,
        2.951171875,
        2.8330078125
      ],
      "freeMemoryBytes": 8234434560,
      "totalMemoryBytes": 38654705664
    },
    {
      "at": "2026-09-28T17:26:39.730Z",
      "loadAverage": [
        2.53515625,
        2.951171875,
        2.8330078125
      ],
      "freeMemoryBytes": 8238088192,
      "totalMemoryBytes": 38654705664
    }
  ]
}
