{
  "schemaVersion": 1,
  "kind": "seedlands-performance-window",
  "status": "PASS",
  "version": 2,
  "ownerThread": "seedlands-performance-validator",
  "runId": "v2-close15-structure-04",
  "pid": 67125,
  "startedAt": "2026-09-28T17:24:07.989Z",
  "windowId": "v2-close15-structure-04",
  "evidencePath": "changes/2026-09-23-classic-functional-completion/evidence/v2-canonical-budget-registration-close-15/structure-window.json.log",
  "waitedMs": 1,
  "endedAt": "2026-09-28T17:24:08.161Z",
  "exitCode": 0,
  "signal": null,
  "measurement": {
    "status": "NOT_RECORDED"
  },
  "samples": [
    {
      "at": "2026-09-28T17:24:07.990Z",
      "loadAverage": [
        3.646484375,
        3.16015625,
        2.87060546875
      ],
      "freeMemoryBytes": 8286339072,
      "totalMemoryBytes": 38654705664
    },
    {
      "at": "2026-09-28T17:24:08.159Z",
      "loadAverage": [
        3.646484375,
        3.16015625,
        2.87060546875
      ],
      "freeMemoryBytes": 8275918848,
      "totalMemoryBytes": 38654705664
    }
  ]
}
