{
  "schemaVersion": 1,
  "kind": "seedlands-performance-window",
  "status": "PASS",
  "version": 2,
  "ownerThread": "seedlands-performance-validator",
  "runId": "v1-door-readiness-snapshot-close-01-affected",
  "pid": 97275,
  "startedAt": "2026-09-26T01:08:54.900Z",
  "windowId": "v1-door-readiness-snapshot-close-01-affected",
  "evidencePath": "changes/2026-09-23-classic-functional-completion/evidence/v1-door-readiness-snapshot-close-01/affected-window.json.log",
  "waitedMs": 1,
  "endedAt": "2026-09-26T01:08:56.138Z",
  "exitCode": 0,
  "signal": null,
  "measurement": {
    "status": "NOT_RECORDED"
  },
  "samples": [
    {
      "at": "2026-09-26T01:08:54.901Z",
      "loadAverage": [
        4.12939453125,
        3.69482421875,
        3.3876953125
      ],
      "freeMemoryBytes": 504365056,
      "totalMemoryBytes": 38654705664
    },
    {
      "at": "2026-09-26T01:08:56.136Z",
      "loadAverage": [
        4.12939453125,
        3.69482421875,
        3.3876953125
      ],
      "freeMemoryBytes": 359677952,
      "totalMemoryBytes": 38654705664
    }
  ]
}
