{
  "schemaVersion": 1,
  "kind": "seedlands-performance-window",
  "status": "PASS",
  "version": 2,
  "ownerThread": "seedlands-performance-validator",
  "runId": "v1-door-readiness-snapshot-close-01-classic-types",
  "pid": 97607,
  "startedAt": "2026-09-26T01:09:19.248Z",
  "windowId": "v1-door-readiness-snapshot-close-01-classic-types",
  "evidencePath": "changes/2026-09-23-classic-functional-completion/evidence/v1-door-readiness-snapshot-close-01/classic-types-window.json.log",
  "waitedMs": 1,
  "endedAt": "2026-09-26T01:09:23.044Z",
  "exitCode": 0,
  "signal": null,
  "measurement": {
    "status": "NOT_RECORDED"
  },
  "samples": [
    {
      "at": "2026-09-26T01:09:19.249Z",
      "loadAverage": [
        3.8740234375,
        3.669921875,
        3.38720703125
      ],
      "freeMemoryBytes": 388808704,
      "totalMemoryBytes": 38654705664
    },
    {
      "at": "2026-09-26T01:09:23.042Z",
      "loadAverage": [
        3.8740234375,
        3.669921875,
        3.38720703125
      ],
      "freeMemoryBytes": 908230656,
      "totalMemoryBytes": 38654705664
    }
  ]
}
