{
  "schemaVersion": 1,
  "kind": "seedlands-performance-window",
  "status": "PASS",
  "version": 2,
  "ownerThread": "seedlands-performance-validator",
  "runId": "v1-door-readiness-snapshot-close-01-evidence-final",
  "pid": 98965,
  "startedAt": "2026-09-26T01:11:38.420Z",
  "windowId": "v1-door-readiness-snapshot-close-01-evidence-final",
  "evidencePath": "changes/2026-09-23-classic-functional-completion/evidence/v1-door-readiness-snapshot-close-01/evidence-final-window.json.log",
  "waitedMs": 1,
  "endedAt": "2026-09-26T01:11:39.247Z",
  "exitCode": 0,
  "signal": null,
  "measurement": {
    "status": "NOT_RECORDED"
  },
  "samples": [
    {
      "at": "2026-09-26T01:11:38.421Z",
      "loadAverage": [
        2.76171875,
        3.36572265625,
        3.31005859375
      ],
      "freeMemoryBytes": 911245312,
      "totalMemoryBytes": 38654705664
    },
    {
      "at": "2026-09-26T01:11:39.245Z",
      "loadAverage": [
        2.76171875,
        3.36572265625,
        3.31005859375
      ],
      "freeMemoryBytes": 921878528,
      "totalMemoryBytes": 38654705664
    }
  ]
}
