{
  "schemaVersion": 1,
  "kind": "seedlands-performance-window",
  "status": "FAIL",
  "version": 2,
  "ownerThread": "seedlands-performance-validator",
  "runId": "v1-door-readiness-snapshot-close-01-red",
  "pid": 94333,
  "startedAt": "2026-09-26T01:07:39.066Z",
  "windowId": "v1-door-readiness-snapshot-close-01-red",
  "evidencePath": "changes/2026-09-23-classic-functional-completion/evidence/v1-door-readiness-snapshot-close-01/red-window.json.log",
  "waitedMs": 1,
  "endedAt": "2026-09-26T01:07:40.123Z",
  "exitCode": 1,
  "signal": null,
  "measurement": {
    "status": "NOT_RECORDED"
  },
  "samples": [
    {
      "at": "2026-09-26T01:07:39.067Z",
      "loadAverage": [
        3.2939453125,
        3.44580078125,
        3.2802734375
      ],
      "freeMemoryBytes": 778895360,
      "totalMemoryBytes": 38654705664
    },
    {
      "at": "2026-09-26T01:07:40.121Z",
      "loadAverage": [
        3.2939453125,
        3.44580078125,
        3.2802734375
      ],
      "freeMemoryBytes": 760168448,
      "totalMemoryBytes": 38654705664
    }
  ]
}
