{
  "schemaVersion": 1,
  "kind": "seedlands-performance-window",
  "status": "PASS",
  "version": 2,
  "ownerThread": "seedlands-performance-validator",
  "runId": "v1-door-readiness-snapshot-close-01-root-types",
  "pid": 97816,
  "startedAt": "2026-09-26T01:09:29.367Z",
  "windowId": "v1-door-readiness-snapshot-close-01-root-types",
  "evidencePath": "changes/2026-09-23-classic-functional-completion/evidence/v1-door-readiness-snapshot-close-01/root-types-window.json.log",
  "waitedMs": 1,
  "endedAt": "2026-09-26T01:09:32.708Z",
  "exitCode": 0,
  "signal": null,
  "measurement": {
    "status": "NOT_RECORDED"
  },
  "samples": [
    {
      "at": "2026-09-26T01:09:29.368Z",
      "loadAverage": [
        3.8193359375,
        3.6640625,
        3.38818359375
      ],
      "freeMemoryBytes": 742391808,
      "totalMemoryBytes": 38654705664
    },
    {
      "at": "2026-09-26T01:09:32.706Z",
      "loadAverage": [
        3.8193359375,
        3.6640625,
        3.38818359375
      ],
      "freeMemoryBytes": 67911680,
      "totalMemoryBytes": 38654705664
    }
  ]
}
