{
  "schemaVersion": 1,
  "kind": "seedlands-performance-window",
  "status": "PASS",
  "version": 2,
  "ownerThread": "seedlands-performance-validator",
  "runId": "v1-door-readiness-snapshot-close-01-static",
  "pid": 98421,
  "startedAt": "2026-09-26T01:10:13.979Z",
  "windowId": "v1-door-readiness-snapshot-close-01-static",
  "evidencePath": "changes/2026-09-23-classic-functional-completion/evidence/v1-door-readiness-snapshot-close-01/static-window.json.log",
  "waitedMs": 1,
  "endedAt": "2026-09-26T01:10:14.613Z",
  "exitCode": 0,
  "signal": null,
  "measurement": {
    "status": "NOT_RECORDED"
  },
  "samples": [
    {
      "at": "2026-09-26T01:10:13.980Z",
      "loadAverage": [
        3.90869140625,
        3.71728515625,
        3.419921875
      ],
      "freeMemoryBytes": 1034846208,
      "totalMemoryBytes": 38654705664
    },
    {
      "at": "2026-09-26T01:10:14.611Z",
      "loadAverage": [
        3.75537109375,
        3.6884765625,
        3.4111328125
      ],
      "freeMemoryBytes": 1034846208,
      "totalMemoryBytes": 38654705664
    }
  ]
}
