{
  "schemaVersion": 1,
  "kind": "seedlands-performance-window",
  "status": "PASS",
  "version": 2,
  "ownerThread": "seedlands-performance-validator",
  "runId": "v2-artifact-build-11-final-selfcheck",
  "pid": 58152,
  "startedAt": "2026-09-28T08:14:41.105Z",
  "windowId": "v2-artifact-build-11-final-selfcheck",
  "evidencePath": "changes/2026-09-23-classic-functional-completion/evidence/v2-artifact-build-11/final-selfcheck.window.json.log",
  "waitedMs": 1,
  "endedAt": "2026-09-28T08:14:41.574Z",
  "exitCode": 0,
  "signal": null,
  "measurement": {
    "status": "NOT_RECORDED"
  },
  "samples": [
    {
      "at": "2026-09-28T08:14:41.106Z",
      "loadAverage": [
        2.14013671875,
        2.54833984375,
        2.72802734375
      ],
      "freeMemoryBytes": 1203814400,
      "totalMemoryBytes": 38654705664
    },
    {
      "at": "2026-09-28T08:14:41.572Z",
      "loadAverage": [
        2.14013671875,
        2.54833984375,
        2.72802734375
      ],
      "freeMemoryBytes": 1200963584,
      "totalMemoryBytes": 38654705664
    }
  ]
}
