capturedAt=2026-09-28T08:10:00Z
sourceSha=73e8d4da504e3d21290fc82208b7e2516521515a
sourceTree=345682c2280824a294b5531b3a6654a71764c9cc
trackedClean=true
indexClean=true
artifactFiles=276
distFilesIncludingReceipt=277
distSymlinks=0
missing=0
extra=0
mismatched=0
port4273Listening=false
acceptanceTreeProcesses=0
taskStatePersisted=false
build09TreePreserved=true
build10TreePreserved=true
build11TreePreserved=true
backupRefPreserved=true
browser19Status=FAIL
firstIronInventoryPickup=NOT_PROVEN
browser20Run=false
