{
  "schemaVersion": 1,
  "kind": "seedlands-performance-window",
  "status": "PASS",
  "version": 2,
  "ownerThread": "seedlands-performance-validator",
  "runId": "v2-equipment-grounded-route-close-04-classic-types",
  "pid": 10608,
  "startedAt": "2026-09-26T05:06:23.490Z",
  "windowId": "v2-equipment-grounded-route-close-04-classic-types",
  "evidencePath": "changes/2026-09-23-classic-functional-completion/evidence/v2-equipment-grounded-route-close-04/classic-types-window.json.log",
  "waitedMs": 1,
  "endedAt": "2026-09-26T05:06:27.066Z",
  "exitCode": 0,
  "signal": null,
  "measurement": {
    "status": "NOT_RECORDED"
  },
  "samples": [
    {
      "at": "2026-09-26T05:06:23.491Z",
      "loadAverage": [
        4.0263671875,
        3.63134765625,
        3.412109375
      ],
      "freeMemoryBytes": 2672345088,
      "totalMemoryBytes": 38654705664
    },
    {
      "at": "2026-09-26T05:06:27.065Z",
      "loadAverage": [
        4.10400390625,
        3.65380859375,
        3.42138671875
      ],
      "freeMemoryBytes": 2467119104,
      "totalMemoryBytes": 38654705664
    }
  ]
}
