{
  "schemaVersion": 1,
  "kind": "seedlands-performance-window",
  "status": "PASS",
  "version": 2,
  "ownerThread": "seedlands-performance-validator",
  "runId": "v2-equipment-grounded-route-close-04-eslint",
  "pid": 11066,
  "startedAt": "2026-09-26T05:06:45.915Z",
  "windowId": "v2-equipment-grounded-route-close-04-eslint",
  "evidencePath": "changes/2026-09-23-classic-functional-completion/evidence/v2-equipment-grounded-route-close-04/eslint-window.json.log",
  "waitedMs": 1,
  "endedAt": "2026-09-26T05:06:47.502Z",
  "exitCode": 0,
  "signal": null,
  "measurement": {
    "status": "NOT_RECORDED"
  },
  "samples": [
    {
      "at": "2026-09-26T05:06:45.916Z",
      "loadAverage": [
        3.771484375,
        3.60986328125,
        3.40966796875
      ],
      "freeMemoryBytes": 2531508224,
      "totalMemoryBytes": 38654705664
    },
    {
      "at": "2026-09-26T05:06:47.500Z",
      "loadAverage": [
        3.771484375,
        3.60986328125,
        3.40966796875
      ],
      "freeMemoryBytes": 2506784768,
      "totalMemoryBytes": 38654705664
    }
  ]
}
