{
  "schemaVersion": 1,
  "kind": "seedlands-performance-window",
  "status": "PASS",
  "version": 2,
  "ownerThread": "seedlands-performance-validator",
  "runId": "v2-equipment-grounded-route-close-04-final-classic-types",
  "pid": 12533,
  "startedAt": "2026-09-26T05:08:00.463Z",
  "windowId": "v2-equipment-grounded-route-close-04-final-classic-types",
  "evidencePath": "changes/2026-09-23-classic-functional-completion/evidence/v2-equipment-grounded-route-close-04/final-classic-types-window.json.log",
  "waitedMs": 1,
  "endedAt": "2026-09-26T05:08:03.870Z",
  "exitCode": 0,
  "signal": null,
  "measurement": {
    "status": "NOT_RECORDED"
  },
  "samples": [
    {
      "at": "2026-09-26T05:08:00.464Z",
      "loadAverage": [
        4.5830078125,
        3.9208984375,
        3.54541015625
      ],
      "freeMemoryBytes": 2103115776,
      "totalMemoryBytes": 38654705664
    },
    {
      "at": "2026-09-26T05:08:03.869Z",
      "loadAverage": [
        4.5830078125,
        3.9208984375,
        3.54541015625
      ],
      "freeMemoryBytes": 2426716160,
      "totalMemoryBytes": 38654705664
    }
  ]
}
