{
  "schemaVersion": 1,
  "kind": "seedlands-performance-window",
  "status": "PASS",
  "version": 2,
  "ownerThread": "seedlands-performance-validator",
  "runId": "v2-equipment-grounded-route-close-04-final-static",
  "pid": 14500,
  "startedAt": "2026-09-26T05:08:28.062Z",
  "windowId": "v2-equipment-grounded-route-close-04-final-static",
  "evidencePath": "changes/2026-09-23-classic-functional-completion/evidence/v2-equipment-grounded-route-close-04/final-static-window.json.log",
  "waitedMs": 1,
  "endedAt": "2026-09-26T05:08:28.709Z",
  "exitCode": 0,
  "signal": null,
  "measurement": {
    "status": "NOT_RECORDED"
  },
  "samples": [
    {
      "at": "2026-09-26T05:08:28.063Z",
      "loadAverage": [
        4.8359375,
        4.03759765625,
        3.59765625
      ],
      "freeMemoryBytes": 2525822976,
      "totalMemoryBytes": 38654705664
    },
    {
      "at": "2026-09-26T05:08:28.707Z",
      "loadAverage": [
        4.8359375,
        4.03759765625,
        3.59765625
      ],
      "freeMemoryBytes": 2535669760,
      "totalMemoryBytes": 38654705664
    }
  ]
}
