{
  "schemaVersion": 1,
  "kind": "seedlands-performance-window",
  "status": "PASS",
  "version": 2,
  "ownerThread": "seedlands-performance-validator",
  "runId": "v2-equipment-grounded-route-close-04-final-selfcheck",
  "pid": 18584,
  "startedAt": "2026-09-26T05:15:27.347Z",
  "windowId": "v2-equipment-grounded-route-close-04-final-selfcheck",
  "evidencePath": "changes/2026-09-23-classic-functional-completion/evidence/v2-equipment-grounded-route-close-04/final-selfcheck-window.json.log",
  "waitedMs": 2,
  "endedAt": "2026-09-26T05:15:27.759Z",
  "exitCode": 0,
  "signal": null,
  "measurement": {
    "status": "NOT_RECORDED"
  },
  "samples": [
    {
      "at": "2026-09-26T05:15:27.349Z",
      "loadAverage": [
        3.0849609375,
        3.294921875,
        3.404296875
      ],
      "freeMemoryBytes": 2099757056,
      "totalMemoryBytes": 38654705664
    },
    {
      "at": "2026-09-26T05:15:27.757Z",
      "loadAverage": [
        3.0849609375,
        3.294921875,
        3.404296875
      ],
      "freeMemoryBytes": 2119122944,
      "totalMemoryBytes": 38654705664
    }
  ]
}
