{
  "schemaVersion": 1,
  "kind": "seedlands-performance-window",
  "status": "PASS",
  "version": 2,
  "ownerThread": "seedlands-performance-validator",
  "runId": "v2-equipment-grounded-route-close-04-final-affected",
  "pid": 12005,
  "startedAt": "2026-09-26T05:07:44.874Z",
  "windowId": "v2-equipment-grounded-route-close-04-final-affected",
  "evidencePath": "changes/2026-09-23-classic-functional-completion/evidence/v2-equipment-grounded-route-close-04/final-affected-window.json.log",
  "waitedMs": 2,
  "endedAt": "2026-09-26T05:07:46.658Z",
  "exitCode": 0,
  "signal": null,
  "measurement": {
    "status": "NOT_RECORDED"
  },
  "samples": [
    {
      "at": "2026-09-26T05:07:44.876Z",
      "loadAverage": [
        4.33349609375,
        3.83056640625,
        3.50634765625
      ],
      "freeMemoryBytes": 2252865536,
      "totalMemoryBytes": 38654705664
    },
    {
      "at": "2026-09-26T05:07:46.657Z",
      "loadAverage": [
        4.38671875,
        3.849609375,
        3.5146484375
      ],
      "freeMemoryBytes": 2287796224,
      "totalMemoryBytes": 38654705664
    }
  ]
}
