{
  "schemaVersion": 1,
  "kind": "seedlands-performance-window",
  "status": "PASS",
  "version": 2,
  "ownerThread": "seedlands-performance-validator",
  "runId": "v2-equipment-grounded-route-close-04-final-eslint",
  "pid": 14417,
  "startedAt": "2026-09-26T05:08:19.806Z",
  "windowId": "v2-equipment-grounded-route-close-04-final-eslint",
  "evidencePath": "changes/2026-09-23-classic-functional-completion/evidence/v2-equipment-grounded-route-close-04/final-eslint-window.json.log",
  "waitedMs": 2,
  "endedAt": "2026-09-26T05:08:20.841Z",
  "exitCode": 0,
  "signal": null,
  "measurement": {
    "status": "NOT_RECORDED"
  },
  "samples": [
    {
      "at": "2026-09-26T05:08:19.808Z",
      "loadAverage": [
        5.07568359375,
        4.05615234375,
        3.599609375
      ],
      "freeMemoryBytes": 2424455168,
      "totalMemoryBytes": 38654705664
    },
    {
      "at": "2026-09-26T05:08:20.839Z",
      "loadAverage": [
        4.9091796875,
        4.03857421875,
        3.595703125
      ],
      "freeMemoryBytes": 2332295168,
      "totalMemoryBytes": 38654705664
    }
  ]
}
