{
  "schemaVersion": 1,
  "kind": "seedlands-performance-window",
  "status": "PASS",
  "version": 2,
  "ownerThread": "seedlands-performance-validator",
  "runId": "v2-equipment-grounded-route-close-04-final-root-types",
  "pid": 12747,
  "startedAt": "2026-09-26T05:08:10.875Z",
  "windowId": "v2-equipment-grounded-route-close-04-final-root-types",
  "evidencePath": "changes/2026-09-23-classic-functional-completion/evidence/v2-equipment-grounded-route-close-04/final-root-types-window.json.log",
  "waitedMs": 1,
  "endedAt": "2026-09-26T05:08:14.253Z",
  "exitCode": 0,
  "signal": null,
  "measurement": {
    "status": "NOT_RECORDED"
  },
  "samples": [
    {
      "at": "2026-09-26T05:08:10.876Z",
      "loadAverage": [
        4.56005859375,
        3.93896484375,
        3.55615234375
      ],
      "freeMemoryBytes": 2406088704,
      "totalMemoryBytes": 38654705664
    },
    {
      "at": "2026-09-26T05:08:14.251Z",
      "loadAverage": [
        4.56005859375,
        3.93896484375,
        3.55615234375
      ],
      "freeMemoryBytes": 1570881536,
      "totalMemoryBytes": 38654705664
    }
  ]
}
