{
  "schemaVersion": 1,
  "kind": "seedlands-performance-window",
  "status": "PASS",
  "version": 2,
  "ownerThread": "seedlands-performance-validator",
  "runId": "v2-equipment-grounded-route-close-04-format-write",
  "pid": 10389,
  "startedAt": "2026-09-26T05:06:05.273Z",
  "windowId": "v2-equipment-grounded-route-close-04-format-write",
  "evidencePath": "changes/2026-09-23-classic-functional-completion/evidence/v2-equipment-grounded-route-close-04/format-write-window.json.log",
  "waitedMs": 1,
  "endedAt": "2026-09-26T05:06:06.190Z",
  "exitCode": 0,
  "signal": null,
  "measurement": {
    "status": "NOT_RECORDED"
  },
  "samples": [
    {
      "at": "2026-09-26T05:06:05.274Z",
      "loadAverage": [
        3.97216796875,
        3.59716796875,
        3.396484375
      ],
      "freeMemoryBytes": 1995145216,
      "totalMemoryBytes": 38654705664
    },
    {
      "at": "2026-09-26T05:06:06.188Z",
      "loadAverage": [
        3.97216796875,
        3.59716796875,
        3.396484375
      ],
      "freeMemoryBytes": 2012332032,
      "totalMemoryBytes": 38654705664
    }
  ]
}
