{
  "schemaVersion": 1,
  "kind": "seedlands-performance-window",
  "status": "PASS",
  "version": 2,
  "ownerThread": "seedlands-performance-validator",
  "runId": "v2-equipment-grounded-route-close-04-red-03",
  "pid": 3246,
  "startedAt": "2026-09-26T04:57:32.770Z",
  "windowId": "v2-equipment-grounded-route-close-04-red-03",
  "evidencePath": "changes/2026-09-23-classic-functional-completion/evidence/v2-equipment-grounded-route-close-04/red-03-window.json.log",
  "waitedMs": 1,
  "endedAt": "2026-09-26T04:57:33.512Z",
  "exitCode": 0,
  "signal": null,
  "measurement": {
    "status": "NOT_RECORDED"
  },
  "samples": [
    {
      "at": "2026-09-26T04:57:32.771Z",
      "loadAverage": [
        4.78662109375,
        3.607421875,
        3.3994140625
      ],
      "freeMemoryBytes": 5055971328,
      "totalMemoryBytes": 38654705664
    },
    {
      "at": "2026-09-26T04:57:33.510Z",
      "loadAverage": [
        4.64306640625,
        3.59716796875,
        3.39697265625
      ],
      "freeMemoryBytes": 5091688448,
      "totalMemoryBytes": 38654705664
    }
  ]
}
