{
  "schemaVersion": 1,
  "kind": "seedlands-performance-window",
  "status": "PASS",
  "version": 2,
  "ownerThread": "seedlands-performance-validator",
  "runId": "v2-equipment-grounded-route-close-04-red",
  "pid": 2753,
  "startedAt": "2026-09-26T04:56:54.840Z",
  "windowId": "v2-equipment-grounded-route-close-04-red",
  "evidencePath": "changes/2026-09-23-classic-functional-completion/evidence/v2-equipment-grounded-route-close-04/red-window.json.log",
  "waitedMs": 1,
  "endedAt": "2026-09-26T04:56:55.836Z",
  "exitCode": 0,
  "signal": null,
  "measurement": {
    "status": "NOT_RECORDED"
  },
  "samples": [
    {
      "at": "2026-09-26T04:56:54.841Z",
      "loadAverage": [
        3.07470703125,
        3.08984375,
        3.2119140625
      ],
      "freeMemoryBytes": 5223645184,
      "totalMemoryBytes": 38654705664
    },
    {
      "at": "2026-09-26T04:56:55.834Z",
      "loadAverage": [
        3.07470703125,
        3.08984375,
        3.2119140625
      ],
      "freeMemoryBytes": 5200510976,
      "totalMemoryBytes": 38654705664
    }
  ]
}
