{
  "schemaVersion": 1,
  "kind": "seedlands-performance-window",
  "status": "PASS",
  "version": 2,
  "ownerThread": "seedlands-performance-validator",
  "runId": "v2-equipment-grounded-route-close-04-root-types",
  "pid": 10934,
  "startedAt": "2026-09-26T05:06:34.754Z",
  "windowId": "v2-equipment-grounded-route-close-04-root-types",
  "evidencePath": "changes/2026-09-23-classic-functional-completion/evidence/v2-equipment-grounded-route-close-04/root-types-window.json.log",
  "waitedMs": 1,
  "endedAt": "2026-09-26T05:06:37.895Z",
  "exitCode": 0,
  "signal": null,
  "measurement": {
    "status": "NOT_RECORDED"
  },
  "samples": [
    {
      "at": "2026-09-26T05:06:34.755Z",
      "loadAverage": [
        4.01513671875,
        3.642578125,
        3.41845703125
      ],
      "freeMemoryBytes": 2478768128,
      "totalMemoryBytes": 38654705664
    },
    {
      "at": "2026-09-26T05:06:37.893Z",
      "loadAverage": [
        4.09375,
        3.6650390625,
        3.42724609375
      ],
      "freeMemoryBytes": 2577104896,
      "totalMemoryBytes": 38654705664
    }
  ]
}
