{
  "schemaVersion": 1,
  "kind": "seedlands-performance-window",
  "status": "PASS",
  "version": 2,
  "ownerThread": "seedlands-performance-validator",
  "runId": "v2-equipment-grounded-route-close-04-source-selfcheck",
  "pid": 15499,
  "startedAt": "2026-09-26T05:11:48.859Z",
  "windowId": "v2-equipment-grounded-route-close-04-source-selfcheck",
  "evidencePath": "changes/2026-09-23-classic-functional-completion/evidence/v2-equipment-grounded-route-close-04/source-selfcheck-window.json.log",
  "waitedMs": 2,
  "endedAt": "2026-09-26T05:11:48.916Z",
  "exitCode": 0,
  "signal": null,
  "measurement": {
    "status": "NOT_RECORDED"
  },
  "samples": [
    {
      "at": "2026-09-26T05:11:48.861Z",
      "loadAverage": [
        2.7421875,
        3.6689453125,
        3.5537109375
      ],
      "freeMemoryBytes": 2422800384,
      "totalMemoryBytes": 38654705664
    },
    {
      "at": "2026-09-26T05:11:48.914Z",
      "loadAverage": [
        2.7421875,
        3.6689453125,
        3.5537109375
      ],
      "freeMemoryBytes": 2419982336,
      "totalMemoryBytes": 38654705664
    }
  ]
}
