{
  "schemaVersion": 1,
  "kind": "seedlands-performance-window",
  "status": "PASS",
  "version": 2,
  "ownerThread": "seedlands-performance-validator",
  "runId": "v2-equipment-grounded-route-close-04-static",
  "pid": 11209,
  "startedAt": "2026-09-26T05:06:57.253Z",
  "windowId": "v2-equipment-grounded-route-close-04-static",
  "evidencePath": "changes/2026-09-23-classic-functional-completion/evidence/v2-equipment-grounded-route-close-04/static-window.json.log",
  "waitedMs": 2,
  "endedAt": "2026-09-26T05:06:57.907Z",
  "exitCode": 0,
  "signal": null,
  "measurement": {
    "status": "NOT_RECORDED"
  },
  "samples": [
    {
      "at": "2026-09-26T05:06:57.255Z",
      "loadAverage": [
        4.693359375,
        3.80517578125,
        3.48095703125
      ],
      "freeMemoryBytes": 2444361728,
      "totalMemoryBytes": 38654705664
    },
    {
      "at": "2026-09-26T05:06:57.905Z",
      "loadAverage": [
        4.693359375,
        3.80517578125,
        3.48095703125
      ],
      "freeMemoryBytes": 2444083200,
      "totalMemoryBytes": 38654705664
    }
  ]
}
