{
  "schemaVersion": 1,
  "kind": "seedlands-performance-window",
  "status": "PASS",
  "version": 2,
  "ownerThread": "seedlands-performance-validator",
  "runId": "git42-precommit-selfcheck-01",
  "pid": 25441,
  "startedAt": "2026-09-29T04:46:30.300Z",
  "windowId": "git42-precommit-selfcheck-01",
  "evidencePath": "changes/2026-09-23-classic-functional-completion/evidence/git-42-restore-reference/final-selfcheck.window.json.log",
  "waitedMs": 1,
  "endedAt": "2026-09-29T04:46:33.445Z",
  "exitCode": 0,
  "signal": null,
  "measurement": {
    "status": "NOT_RECORDED"
  },
  "samples": [
    {
      "at": "2026-09-29T04:46:30.301Z",
      "loadAverage": [
        2.12353515625,
        2.458984375,
        2.77783203125
      ],
      "freeMemoryBytes": 965951488,
      "totalMemoryBytes": 38654705664
    },
    {
      "at": "2026-09-29T04:46:33.444Z",
      "loadAverage": [
        2.353515625,
        2.5009765625,
        2.79052734375
      ],
      "freeMemoryBytes": 1026457600,
      "totalMemoryBytes": 38654705664
    }
  ]
}
