{
  "schemaVersion": 1,
  "kind": "seedlands-performance-window",
  "status": "PASS",
  "version": 2,
  "ownerThread": "seedlands-performance-validator",
  "runId": "git42-precommit-selfcheck-02",
  "pid": 35762,
  "startedAt": "2026-09-29T04:56:08.931Z",
  "windowId": "git42-precommit-selfcheck-02",
  "evidencePath": "changes/2026-09-23-classic-functional-completion/evidence/git-42-restore-reference/final-selfcheck-02.window.json.log",
  "waitedMs": 1,
  "endedAt": "2026-09-29T04:56:12.384Z",
  "exitCode": 0,
  "signal": null,
  "measurement": {
    "status": "NOT_RECORDED"
  },
  "samples": [
    {
      "at": "2026-09-29T04:56:08.932Z",
      "loadAverage": [
        3.87939453125,
        3.3896484375,
        3.09423828125
      ],
      "freeMemoryBytes": 541212672,
      "totalMemoryBytes": 38654705664
    },
    {
      "at": "2026-09-29T04:56:12.383Z",
      "loadAverage": [
        3.87939453125,
        3.3896484375,
        3.09423828125
      ],
      "freeMemoryBytes": 483819520,
      "totalMemoryBytes": 38654705664
    }
  ]
}
