⋯ Backing up original state…
✔ Done backing up original state (802ca049)!
⋯ Running tasks for staged files…
    *.{ts,mts,cts,js,mjs,cjs,svelte} — 7 files
      ⋯ prettier --check
      ⋯ eslint
    *.{json,css,md,yml,yaml} — 3 files
      ⋯ prettier --check

✔ prettier --check
✔ prettier --check
✔ eslint

✔ Done running tasks for staged files!
⋯ Staging changes from tasks…
✔ Done staging changes from tasks!
⋯ Cleaning up temporary files…
✔ Done cleaning up temporary files!
$ ls-lint
[detached HEAD a1bc8d6f] feat(harness): inspect entity lifetime references
 10 files changed, 746 insertions(+), 72 deletions(-)
 create mode 100644 apps/web/tests/e2e/classic-support/equipment-restore-reference.test.ts
 create mode 100644 changes/2026-09-23-classic-functional-completion/restore-reference-observability-contract.md
