⋯ Backing up original state…
✔ Done backing up original state (4fa05045)!
⋯ Running tasks for staged files…
    *.{ts,mts,cts,js,mjs,cjs,svelte} — 1 file
      ⋯ prettier --check
      ⋯ eslint
    *.{json,css,md,yml,yaml} — 1 file
      ⋯ prettier --check

✔ prettier --check
✔ prettier --check
✔ eslint

✔ Done running tasks for staged files!
⋯ Staging changes from tasks…
✔ Done staging changes from tasks!
⋯ Cleaning up temporary files…
✔ Done cleaning up temporary files!
$ ls-lint
[detached HEAD cc8cfb06] test(harness): repair action owner fixture
 2 files changed, 56 insertions(+), 5 deletions(-)
 create mode 100644 changes/2026-09-23-classic-functional-completion/action-owner-fixture-contract.md
