{
  "schemaVersion": 1,
  "kind": "seedlands-performance-window",
  "status": "PASS",
  "version": 2,
  "ownerThread": "seedlands-performance-validator",
  "runId": "git42-install-01",
  "pid": 10872,
  "startedAt": "2026-09-29T04:27:40.120Z",
  "windowId": "git42-install-01",
  "evidencePath": "changes/2026-09-23-classic-functional-completion/evidence/git-42-restore-reference/install.window.json.log",
  "waitedMs": 1,
  "endedAt": "2026-09-29T04:27:40.822Z",
  "exitCode": 0,
  "signal": null,
  "measurement": {
    "status": "NOT_RECORDED"
  },
  "samples": [
    {
      "at": "2026-09-29T04:27:40.121Z",
      "loadAverage": [
        4.00146484375,
        4.27587890625,
        3.6845703125
      ],
      "freeMemoryBytes": 572145664,
      "totalMemoryBytes": 38654705664
    },
    {
      "at": "2026-09-29T04:27:40.820Z",
      "loadAverage": [
        4.00146484375,
        4.27587890625,
        3.6845703125
      ],
      "freeMemoryBytes": 540770304,
      "totalMemoryBytes": 38654705664
    }
  ]
}
