{
  "schemaVersion": 1,
  "kind": "seedlands-performance-window",
  "status": "PASS",
  "version": 2,
  "ownerThread": "seedlands-performance-validator",
  "runId": "v2-equipment-spine-contract-green-final5",
  "pid": 49284,
  "startedAt": "2026-09-25T10:04:59.897Z",
  "windowId": "v2-equipment-spine-contract-green-final5",
  "evidencePath": "changes/2026-09-23-classic-functional-completion/evidence/v2-equipment-spine-01/contract-green-final5-window.json",
  "waitedMs": 1,
  "endedAt": "2026-09-25T10:05:00.764Z",
  "exitCode": 0,
  "signal": null,
  "measurement": {
    "status": "NOT_RECORDED"
  },
  "samples": [
    {
      "at": "2026-09-25T10:04:59.898Z",
      "loadAverage": [
        3.9375,
        3.283203125,
        3.20947265625
      ],
      "freeMemoryBytes": 438173696,
      "totalMemoryBytes": 38654705664
    },
    {
      "at": "2026-09-25T10:05:00.763Z",
      "loadAverage": [
        4.0224609375,
        3.3115234375,
        3.2197265625
      ],
      "freeMemoryBytes": 369197056,
      "totalMemoryBytes": 38654705664
    }
  ]
}
