{
  "schemaVersion": 1,
  "kind": "seedlands-performance-window",
  "status": "PASS",
  "version": 2,
  "ownerThread": "seedlands-performance-validator",
  "runId": "v2-equipment-spine-docs-final5",
  "pid": 51373,
  "startedAt": "2026-09-25T10:06:37.356Z",
  "windowId": "v2-equipment-spine-docs-final5",
  "evidencePath": "changes/2026-09-23-classic-functional-completion/evidence/v2-equipment-spine-01/docs-final5-window.json",
  "waitedMs": 1,
  "endedAt": "2026-09-25T10:06:38.245Z",
  "exitCode": 0,
  "signal": null,
  "measurement": {
    "status": "NOT_RECORDED"
  },
  "samples": [
    {
      "at": "2026-09-25T10:06:37.357Z",
      "loadAverage": [
        3.107421875,
        3.2177734375,
        3.19189453125
      ],
      "freeMemoryBytes": 845103104,
      "totalMemoryBytes": 38654705664
    },
    {
      "at": "2026-09-25T10:06:38.244Z",
      "loadAverage": [
        3.107421875,
        3.2177734375,
        3.19189453125
      ],
      "freeMemoryBytes": 858030080,
      "totalMemoryBytes": 38654705664
    }
  ]
}
