{
  "schemaVersion": 1,
  "kind": "seedlands-performance-window",
  "status": "PASS",
  "version": 2,
  "ownerThread": "seedlands-performance-validator",
  "runId": "v2-equipment-spine-eslint-frozen",
  "pid": 24827,
  "startedAt": "2026-09-25T09:32:35.940Z",
  "windowId": "v2-equipment-spine-eslint-frozen",
  "evidencePath": "changes/2026-09-23-classic-functional-completion/evidence/v2-equipment-spine-01/eslint-frozen-window.json",
  "waitedMs": 1,
  "endedAt": "2026-09-25T09:32:37.135Z",
  "exitCode": 0,
  "signal": null,
  "measurement": {
    "status": "NOT_RECORDED"
  },
  "samples": [
    {
      "at": "2026-09-25T09:32:35.941Z",
      "loadAverage": [
        3.42333984375,
        3.31787109375,
        3.25146484375
      ],
      "freeMemoryBytes": 1062240256,
      "totalMemoryBytes": 38654705664
    },
    {
      "at": "2026-09-25T09:32:37.133Z",
      "loadAverage": [
        3.42333984375,
        3.31787109375,
        3.25146484375
      ],
      "freeMemoryBytes": 1044873216,
      "totalMemoryBytes": 38654705664
    }
  ]
}
