{
  "schemaVersion": 1,
  "kind": "seedlands-performance-window",
  "status": "PASS",
  "version": 2,
  "ownerThread": "seedlands-performance-validator",
  "runId": "v2-equipment-spine-format-final4",
  "pid": 35695,
  "startedAt": "2026-09-25T09:42:58.575Z",
  "windowId": "v2-equipment-spine-format-final4",
  "evidencePath": "changes/2026-09-23-classic-functional-completion/evidence/v2-equipment-spine-01/format-final4-window.json",
  "waitedMs": 2,
  "endedAt": "2026-09-25T09:42:59.096Z",
  "exitCode": 0,
  "signal": null,
  "measurement": {
    "status": "NOT_RECORDED"
  },
  "samples": [
    {
      "at": "2026-09-25T09:42:58.577Z",
      "loadAverage": [
        2.9462890625,
        3.44140625,
        3.44189453125
      ],
      "freeMemoryBytes": 772014080,
      "totalMemoryBytes": 38654705664
    },
    {
      "at": "2026-09-25T09:42:59.095Z",
      "loadAverage": [
        2.9462890625,
        3.44140625,
        3.44189453125
      ],
      "freeMemoryBytes": 773832704,
      "totalMemoryBytes": 38654705664
    }
  ]
}
