{
  "schemaVersion": 1,
  "kind": "seedlands-performance-window",
  "status": "PASS",
  "version": 2,
  "ownerThread": "seedlands-performance-validator",
  "runId": "v2-equipment-spine-format",
  "pid": 14837,
  "startedAt": "2026-09-25T09:21:27.657Z",
  "windowId": "v2-equipment-spine-format",
  "evidencePath": "changes/2026-09-23-classic-functional-completion/evidence/v2-equipment-spine-01/format-window.json",
  "waitedMs": 1,
  "endedAt": "2026-09-25T09:21:28.381Z",
  "exitCode": 0,
  "signal": null,
  "measurement": {
    "status": "NOT_RECORDED"
  },
  "samples": [
    {
      "at": "2026-09-25T09:21:27.658Z",
      "loadAverage": [
        2.6494140625,
        2.7412109375,
        3.05126953125
      ],
      "freeMemoryBytes": 414482432,
      "totalMemoryBytes": 38654705664
    },
    {
      "at": "2026-09-25T09:21:28.379Z",
      "loadAverage": [
        6.36083984375,
        3.5087890625,
        3.3203125
      ],
      "freeMemoryBytes": 428376064,
      "totalMemoryBytes": 38654705664
    }
  ]
}
