{
  "schemaVersion": 1,
  "kind": "seedlands-performance-window",
  "status": "PASS",
  "version": 2,
  "ownerThread": "seedlands-performance-validator",
  "runId": "v2-equipment-spine-format-postsplit",
  "pid": 21676,
  "startedAt": "2026-09-25T09:29:41.009Z",
  "windowId": "v2-equipment-spine-format-postsplit",
  "evidencePath": "changes/2026-09-23-classic-functional-completion/evidence/v2-equipment-spine-01/format-postsplit-window.json",
  "waitedMs": 1,
  "endedAt": "2026-09-25T09:29:41.489Z",
  "exitCode": 0,
  "signal": null,
  "measurement": {
    "status": "NOT_RECORDED"
  },
  "samples": [
    {
      "at": "2026-09-25T09:29:41.011Z",
      "loadAverage": [
        2.38427734375,
        2.9599609375,
        3.12109375
      ],
      "freeMemoryBytes": 928563200,
      "totalMemoryBytes": 38654705664
    },
    {
      "at": "2026-09-25T09:29:41.487Z",
      "loadAverage": [
        2.38427734375,
        2.9599609375,
        3.12109375
      ],
      "freeMemoryBytes": 978239488,
      "totalMemoryBytes": 38654705664
    }
  ]
}
