{
  "schemaVersion": 1,
  "kind": "seedlands-performance-window",
  "status": "PASS",
  "version": 2,
  "ownerThread": "seedlands-performance-validator",
  "runId": "v2-equipment-spine-format-check-final3",
  "pid": 32551,
  "startedAt": "2026-09-25T09:39:27.068Z",
  "windowId": "v2-equipment-spine-format-check-final3",
  "evidencePath": "changes/2026-09-23-classic-functional-completion/evidence/v2-equipment-spine-01/format-check-final3-window.json",
  "waitedMs": 1,
  "endedAt": "2026-09-25T09:39:27.769Z",
  "exitCode": 0,
  "signal": null,
  "measurement": {
    "status": "NOT_RECORDED"
  },
  "samples": [
    {
      "at": "2026-09-25T09:39:27.069Z",
      "loadAverage": [
        3.98681640625,
        3.91552734375,
        3.5751953125
      ],
      "freeMemoryBytes": 1018150912,
      "totalMemoryBytes": 38654705664
    },
    {
      "at": "2026-09-25T09:39:27.767Z",
      "loadAverage": [
        3.98681640625,
        3.91552734375,
        3.5751953125
      ],
      "freeMemoryBytes": 1035419648,
      "totalMemoryBytes": 38654705664
    }
  ]
}
