{
  "schemaVersion": 1,
  "kind": "seedlands-performance-window",
  "status": "PASS",
  "version": 2,
  "ownerThread": "seedlands-performance-validator",
  "runId": "v2-equipment-spine-format-final",
  "pid": 18570,
  "startedAt": "2026-09-25T09:26:05.615Z",
  "windowId": "v2-equipment-spine-format-final",
  "evidencePath": "changes/2026-09-23-classic-functional-completion/evidence/v2-equipment-spine-01/format-final-window.json",
  "waitedMs": 2,
  "endedAt": "2026-09-25T09:26:06.304Z",
  "exitCode": 0,
  "signal": null,
  "measurement": {
    "status": "NOT_RECORDED"
  },
  "samples": [
    {
      "at": "2026-09-25T09:26:05.617Z",
      "loadAverage": [
        3.208984375,
        3.23779296875,
        3.2314453125
      ],
      "freeMemoryBytes": 894926848,
      "totalMemoryBytes": 38654705664
    },
    {
      "at": "2026-09-25T09:26:06.303Z",
      "loadAverage": [
        3.208984375,
        3.23779296875,
        3.2314453125
      ],
      "freeMemoryBytes": 876560384,
      "totalMemoryBytes": 38654705664
    }
  ]
}
