{
  "schemaVersion": 1,
  "kind": "seedlands-performance-window",
  "status": "PASS",
  "version": 2,
  "ownerThread": "seedlands-performance-validator",
  "runId": "v2-equipment-spine-format-final3",
  "pid": 31619,
  "startedAt": "2026-09-25T09:37:47.001Z",
  "windowId": "v2-equipment-spine-format-final3",
  "evidencePath": "changes/2026-09-23-classic-functional-completion/evidence/v2-equipment-spine-01/format-final3-window.json",
  "waitedMs": 2,
  "endedAt": "2026-09-25T09:37:47.396Z",
  "exitCode": 0,
  "signal": null,
  "measurement": {
    "status": "NOT_RECORDED"
  },
  "samples": [
    {
      "at": "2026-09-25T09:37:47.003Z",
      "loadAverage": [
        4.12890625,
        3.76904296875,
        3.48046875
      ],
      "freeMemoryBytes": 1168179200,
      "totalMemoryBytes": 38654705664
    },
    {
      "at": "2026-09-25T09:37:47.395Z",
      "loadAverage": [
        4.12890625,
        3.76904296875,
        3.48046875
      ],
      "freeMemoryBytes": 1153531904,
      "totalMemoryBytes": 38654705664
    }
  ]
}
