{
  "schemaVersion": 1,
  "kind": "seedlands-performance-window",
  "status": "PASS",
  "version": 2,
  "ownerThread": "seedlands-performance-validator",
  "runId": "v2-equipment-spine-format-check-final",
  "pid": 30041,
  "startedAt": "2026-09-25T09:36:34.247Z",
  "windowId": "v2-equipment-spine-format-check-final",
  "evidencePath": "changes/2026-09-23-classic-functional-completion/evidence/v2-equipment-spine-01/format-check-final-window.json",
  "waitedMs": 1,
  "endedAt": "2026-09-25T09:36:34.967Z",
  "exitCode": 0,
  "signal": null,
  "measurement": {
    "status": "NOT_RECORDED"
  },
  "samples": [
    {
      "at": "2026-09-25T09:36:34.248Z",
      "loadAverage": [
        4.4501953125,
        3.72119140625,
        3.4423828125
      ],
      "freeMemoryBytes": 1137754112,
      "totalMemoryBytes": 38654705664
    },
    {
      "at": "2026-09-25T09:36:34.965Z",
      "loadAverage": [
        4.4501953125,
        3.72119140625,
        3.4423828125
      ],
      "freeMemoryBytes": 1092567040,
      "totalMemoryBytes": 38654705664
    }
  ]
}
