{
  "schemaVersion": 1,
  "kind": "seedlands-performance-window",
  "status": "PASS",
  "version": 2,
  "ownerThread": "seedlands-performance-validator",
  "runId": "v2-equipment-spine-green-final2",
  "pid": 27462,
  "startedAt": "2026-09-25T09:34:58.687Z",
  "windowId": "v2-equipment-spine-green-final2",
  "evidencePath": "changes/2026-09-23-classic-functional-completion/evidence/v2-equipment-spine-01/green-final2-window.json",
  "waitedMs": 1,
  "endedAt": "2026-09-25T09:35:00.408Z",
  "exitCode": 0,
  "signal": null,
  "measurement": {
    "status": "NOT_RECORDED"
  },
  "samples": [
    {
      "at": "2026-09-25T09:34:58.688Z",
      "loadAverage": [
        3.89794921875,
        3.69775390625,
        3.41943359375
      ],
      "freeMemoryBytes": 662503424,
      "totalMemoryBytes": 38654705664
    },
    {
      "at": "2026-09-25T09:35:00.407Z",
      "loadAverage": [
        3.90576171875,
        3.70263671875,
        3.42236328125
      ],
      "freeMemoryBytes": 533299200,
      "totalMemoryBytes": 38654705664
    }
  ]
}
