{
  "schemaVersion": 1,
  "kind": "seedlands-performance-window",
  "status": "PASS",
  "version": 2,
  "ownerThread": "seedlands-performance-validator",
  "runId": "v2-equipment-spine-green-final3",
  "pid": 31697,
  "startedAt": "2026-09-25T09:38:00.238Z",
  "windowId": "v2-equipment-spine-green-final3",
  "evidencePath": "changes/2026-09-23-classic-functional-completion/evidence/v2-equipment-spine-01/green-final3-window.json",
  "waitedMs": 1,
  "endedAt": "2026-09-25T09:38:01.982Z",
  "exitCode": 0,
  "signal": null,
  "measurement": {
    "status": "NOT_RECORDED"
  },
  "samples": [
    {
      "at": "2026-09-25T09:38:00.239Z",
      "loadAverage": [
        5.2294921875,
        4.00830078125,
        3.568359375
      ],
      "freeMemoryBytes": 1101971456,
      "totalMemoryBytes": 38654705664
    },
    {
      "at": "2026-09-25T09:38:01.981Z",
      "loadAverage": [
        5.05078125,
        3.9912109375,
        3.56494140625
      ],
      "freeMemoryBytes": 996343808,
      "totalMemoryBytes": 38654705664
    }
  ]
}
