{
  "schemaVersion": 1,
  "kind": "seedlands-performance-window",
  "status": "PASS",
  "version": 2,
  "ownerThread": "seedlands-performance-validator",
  "runId": "v2-equipment-spine-green-final",
  "pid": 18639,
  "startedAt": "2026-09-25T09:26:14.340Z",
  "windowId": "v2-equipment-spine-green-final",
  "evidencePath": "changes/2026-09-23-classic-functional-completion/evidence/v2-equipment-spine-01/green-final-window.json",
  "waitedMs": 1,
  "endedAt": "2026-09-25T09:26:16.054Z",
  "exitCode": 0,
  "signal": null,
  "measurement": {
    "status": "NOT_RECORDED"
  },
  "samples": [
    {
      "at": "2026-09-25T09:26:14.341Z",
      "loadAverage": [
        3.55078125,
        3.31103515625,
        3.25732421875
      ],
      "freeMemoryBytes": 975273984,
      "totalMemoryBytes": 38654705664
    },
    {
      "at": "2026-09-25T09:26:16.053Z",
      "loadAverage": [
        3.55078125,
        3.31103515625,
        3.25732421875
      ],
      "freeMemoryBytes": 1005993984,
      "totalMemoryBytes": 38654705664
    }
  ]
}
