{
  "schemaVersion": 1,
  "kind": "seedlands-performance-window",
  "status": "PASS",
  "version": 2,
  "ownerThread": "seedlands-performance-validator",
  "runId": "v2-equipment-spine-green-frozen",
  "pid": 24333,
  "startedAt": "2026-09-25T09:31:39.957Z",
  "windowId": "v2-equipment-spine-green-frozen",
  "evidencePath": "changes/2026-09-23-classic-functional-completion/evidence/v2-equipment-spine-01/green-frozen-window.json",
  "waitedMs": 1,
  "endedAt": "2026-09-25T09:31:41.665Z",
  "exitCode": 0,
  "signal": null,
  "measurement": {
    "status": "NOT_RECORDED"
  },
  "samples": [
    {
      "at": "2026-09-25T09:31:39.958Z",
      "loadAverage": [
        3.447265625,
        3.33984375,
        3.2568359375
      ],
      "freeMemoryBytes": 998850560,
      "totalMemoryBytes": 38654705664
    },
    {
      "at": "2026-09-25T09:31:41.664Z",
      "loadAverage": [
        3.447265625,
        3.33984375,
        3.2568359375
      ],
      "freeMemoryBytes": 896385024,
      "totalMemoryBytes": 38654705664
    }
  ]
}
