{
  "schemaVersion": 1,
  "kind": "seedlands-performance-window",
  "status": "FAIL",
  "version": 2,
  "ownerThread": "seedlands-performance-validator",
  "runId": "v2-equipment-spine-green-01",
  "pid": 16443,
  "startedAt": "2026-09-25T09:21:38.459Z",
  "windowId": "v2-equipment-spine-green-01",
  "evidencePath": "changes/2026-09-23-classic-functional-completion/evidence/v2-equipment-spine-01/green-01-window.json",
  "waitedMs": 2,
  "endedAt": "2026-09-25T09:21:40.809Z",
  "exitCode": 1,
  "signal": null,
  "measurement": {
    "status": "NOT_RECORDED"
  },
  "samples": [
    {
      "at": "2026-09-25T09:21:38.461Z",
      "loadAverage": [
        5.85009765625,
        3.49169921875,
        3.31640625
      ],
      "freeMemoryBytes": 489062400,
      "totalMemoryBytes": 38654705664
    },
    {
      "at": "2026-09-25T09:21:40.807Z",
      "loadAverage": [
        5.85009765625,
        3.49169921875,
        3.31640625
      ],
      "freeMemoryBytes": 479395840,
      "totalMemoryBytes": 38654705664
    }
  ]
}
