{
  "schemaVersion": 1,
  "kind": "seedlands-performance-window",
  "status": "FAIL",
  "version": 2,
  "ownerThread": "seedlands-performance-validator",
  "runId": "v2-equipment-spine-red-frozen",
  "pid": 24479,
  "startedAt": "2026-09-25T09:32:01.017Z",
  "windowId": "v2-equipment-spine-red-frozen",
  "evidencePath": "changes/2026-09-23-classic-functional-completion/evidence/v2-equipment-spine-01/red-frozen-window.json",
  "waitedMs": 1,
  "endedAt": "2026-09-25T09:32:03.063Z",
  "exitCode": 1,
  "signal": null,
  "measurement": {
    "status": "NOT_RECORDED"
  },
  "samples": [
    {
      "at": "2026-09-25T09:32:01.018Z",
      "loadAverage": [
        3.24658203125,
        3.30078125,
        3.244140625
      ],
      "freeMemoryBytes": 817709056,
      "totalMemoryBytes": 38654705664
    },
    {
      "at": "2026-09-25T09:32:03.062Z",
      "loadAverage": [
        3.24658203125,
        3.30078125,
        3.244140625
      ],
      "freeMemoryBytes": 236273664,
      "totalMemoryBytes": 38654705664
    }
  ]
}
