{
  "schemaVersion": 1,
  "kind": "seedlands-performance-window",
  "status": "FAIL",
  "version": 2,
  "ownerThread": "seedlands-performance-validator",
  "runId": "v2-equipment-spine-red-01",
  "pid": 16955,
  "startedAt": "2026-09-25T09:22:28.370Z",
  "windowId": "v2-equipment-spine-red-01",
  "evidencePath": "changes/2026-09-23-classic-functional-completion/evidence/v2-equipment-spine-01/red-01-window.json",
  "waitedMs": 1,
  "endedAt": "2026-09-25T09:22:30.463Z",
  "exitCode": 1,
  "signal": null,
  "measurement": {
    "status": "NOT_RECORDED"
  },
  "samples": [
    {
      "at": "2026-09-25T09:22:28.371Z",
      "loadAverage": [
        3.57470703125,
        3.24169921875,
        3.232421875
      ],
      "freeMemoryBytes": 601800704,
      "totalMemoryBytes": 38654705664
    },
    {
      "at": "2026-09-25T09:22:30.462Z",
      "loadAverage": [
        3.57470703125,
        3.24169921875,
        3.232421875
      ],
      "freeMemoryBytes": 773308416,
      "totalMemoryBytes": 38654705664
    }
  ]
}
