{
  "schemaVersion": 1,
  "kind": "seedlands-performance-window",
  "status": "PASS",
  "version": 2,
  "ownerThread": "seedlands-performance-validator",
  "runId": "v2-equipment-spine-static-final5",
  "pid": 49500,
  "startedAt": "2026-09-25T10:05:25.474Z",
  "windowId": "v2-equipment-spine-static-final5",
  "evidencePath": "changes/2026-09-23-classic-functional-completion/evidence/v2-equipment-spine-01/static-final5-window.json",
  "waitedMs": 1,
  "endedAt": "2026-09-25T10:05:27.348Z",
  "exitCode": 0,
  "signal": null,
  "measurement": {
    "status": "NOT_RECORDED"
  },
  "samples": [
    {
      "at": "2026-09-25T10:05:25.475Z",
      "loadAverage": [
        3.81494140625,
        3.3173828125,
        3.22412109375
      ],
      "freeMemoryBytes": 788250624,
      "totalMemoryBytes": 38654705664
    },
    {
      "at": "2026-09-25T10:05:27.346Z",
      "loadAverage": [
        3.81494140625,
        3.3173828125,
        3.22412109375
      ],
      "freeMemoryBytes": 773849088,
      "totalMemoryBytes": 38654705664
    }
  ]
}
