{
  "schemaVersion": 1,
  "kind": "seedlands-performance-window",
  "status": "PASS",
  "version": 2,
  "ownerThread": "seedlands-performance-validator",
  "runId": "v2-equipment-spine-stdlib-types-final2",
  "pid": 27847,
  "startedAt": "2026-09-25T09:35:27.300Z",
  "windowId": "v2-equipment-spine-stdlib-types-final2",
  "evidencePath": "changes/2026-09-23-classic-functional-completion/evidence/v2-equipment-spine-01/stdlib-types-final2-window.json",
  "waitedMs": 1,
  "endedAt": "2026-09-25T09:35:29.494Z",
  "exitCode": 0,
  "signal": null,
  "measurement": {
    "status": "NOT_RECORDED"
  },
  "samples": [
    {
      "at": "2026-09-25T09:35:27.301Z",
      "loadAverage": [
        3.40576171875,
        3.59765625,
        3.39208984375
      ],
      "freeMemoryBytes": 784236544,
      "totalMemoryBytes": 38654705664
    },
    {
      "at": "2026-09-25T09:35:29.493Z",
      "loadAverage": [
        3.40576171875,
        3.59765625,
        3.39208984375
      ],
      "freeMemoryBytes": 822738944,
      "totalMemoryBytes": 38654705664
    }
  ]
}
