{
  "schemaVersion": 1,
  "kind": "seedlands-performance-window",
  "status": "PASS",
  "version": 2,
  "ownerThread": "seedlands-performance-validator",
  "runId": "v2-equipment-spine-stdlib-types-final3",
  "pid": 31983,
  "startedAt": "2026-09-25T09:38:27.499Z",
  "windowId": "v2-equipment-spine-stdlib-types-final3",
  "evidencePath": "changes/2026-09-23-classic-functional-completion/evidence/v2-equipment-spine-01/stdlib-types-final3-window.json",
  "waitedMs": 1,
  "endedAt": "2026-09-25T09:38:29.689Z",
  "exitCode": 0,
  "signal": null,
  "measurement": {
    "status": "NOT_RECORDED"
  },
  "samples": [
    {
      "at": "2026-09-25T09:38:27.500Z",
      "loadAverage": [
        4.59814453125,
        3.9609375,
        3.5654296875
      ],
      "freeMemoryBytes": 1205698560,
      "totalMemoryBytes": 38654705664
    },
    {
      "at": "2026-09-25T09:38:29.688Z",
      "loadAverage": [
        4.59814453125,
        3.9609375,
        3.5654296875
      ],
      "freeMemoryBytes": 1250754560,
      "totalMemoryBytes": 38654705664
    }
  ]
}
