{
  "schemaVersion": 1,
  "kind": "seedlands-performance-window",
  "status": "FAIL",
  "version": 2,
  "ownerThread": "seedlands-performance-validator",
  "runId": "v2-equipment-spine-stdlib-types-01",
  "pid": 17413,
  "startedAt": "2026-09-25T09:23:31.149Z",
  "windowId": "v2-equipment-spine-stdlib-types-01",
  "evidencePath": "changes/2026-09-23-classic-functional-completion/evidence/v2-equipment-spine-01/stdlib-types-01-window.json",
  "waitedMs": 1,
  "endedAt": "2026-09-25T09:23:33.977Z",
  "exitCode": 2,
  "signal": null,
  "measurement": {
    "status": "NOT_RECORDED"
  },
  "samples": [
    {
      "at": "2026-09-25T09:23:31.150Z",
      "loadAverage": [
        3.76220703125,
        3.3232421875,
        3.2607421875
      ],
      "freeMemoryBytes": 826523648,
      "totalMemoryBytes": 38654705664
    },
    {
      "at": "2026-09-25T09:23:33.975Z",
      "loadAverage": [
        3.78076171875,
        3.33447265625,
        3.2646484375
      ],
      "freeMemoryBytes": 900579328,
      "totalMemoryBytes": 38654705664
    }
  ]
}
