{
  "schemaVersion": 1,
  "kind": "seedlands-performance-window",
  "status": "PASS",
  "version": 2,
  "ownerThread": "seedlands-performance-validator",
  "runId": "v2-equipment-spine-stdlib-types-final5",
  "pid": 49359,
  "startedAt": "2026-09-25T10:05:12.696Z",
  "windowId": "v2-equipment-spine-stdlib-types-final5",
  "evidencePath": "changes/2026-09-23-classic-functional-completion/evidence/v2-equipment-spine-01/stdlib-types-final5-window.json",
  "waitedMs": 1,
  "endedAt": "2026-09-25T10:05:14.910Z",
  "exitCode": 0,
  "signal": null,
  "measurement": {
    "status": "NOT_RECORDED"
  },
  "samples": [
    {
      "at": "2026-09-25T10:05:12.697Z",
      "loadAverage": [
        4.02490234375,
        3.333984375,
        3.228515625
      ],
      "freeMemoryBytes": 650231808,
      "totalMemoryBytes": 38654705664
    },
    {
      "at": "2026-09-25T10:05:14.908Z",
      "loadAverage": [
        4.02490234375,
        3.333984375,
        3.228515625
      ],
      "freeMemoryBytes": 692944896,
      "totalMemoryBytes": 38654705664
    }
  ]
}
