{
  "schemaVersion": 1,
  "kind": "seedlands-performance-window",
  "status": "PASS",
  "version": 2,
  "ownerThread": "seedlands-performance-validator",
  "runId": "v2-equipment-spine-types-checkpoint",
  "pid": 22028,
  "startedAt": "2026-09-25T09:30:29.089Z",
  "windowId": "v2-equipment-spine-types-checkpoint",
  "evidencePath": "changes/2026-09-23-classic-functional-completion/evidence/v2-equipment-spine-01/types-checkpoint-window.json",
  "waitedMs": 1,
  "endedAt": "2026-09-25T09:30:37.388Z",
  "exitCode": 0,
  "signal": null,
  "measurement": {
    "status": "NOT_RECORDED"
  },
  "samples": [
    {
      "at": "2026-09-25T09:30:29.090Z",
      "loadAverage": [
        3.390625,
        3.17431640625,
        3.19140625
      ],
      "freeMemoryBytes": 1012744192,
      "totalMemoryBytes": 38654705664
    },
    {
      "at": "2026-09-25T09:30:34.092Z",
      "loadAverage": [
        3.51904296875,
        3.20458984375,
        3.20166015625
      ],
      "freeMemoryBytes": 66519040,
      "totalMemoryBytes": 38654705664
    },
    {
      "at": "2026-09-25T09:30:37.387Z",
      "loadAverage": [
        4.19775390625,
        3.3505859375,
        3.2529296875
      ],
      "freeMemoryBytes": 993148928,
      "totalMemoryBytes": 38654705664
    }
  ]
}
