{
  "schemaVersion": 1,
  "kind": "seedlands-performance-window",
  "status": "FAIL",
  "version": 2,
  "ownerThread": "seedlands-performance-validator",
  "runId": "v2-canonical-browser-20-metadata-format",
  "pid": 77018,
  "startedAt": "2026-09-28T08:33:59.200Z",
  "windowId": "v2-canonical-browser-20-metadata-format",
  "evidencePath": "changes/2026-09-23-classic-functional-completion/evidence/v2-canonical-browser-20/metadata-format-window.json.log",
  "waitedMs": 1,
  "endedAt": "2026-09-28T08:34:00.197Z",
  "exitCode": 1,
  "signal": null,
  "measurement": {
    "status": "NOT_RECORDED"
  },
  "samples": [
    {
      "at": "2026-09-28T08:33:59.201Z",
      "loadAverage": [
        2.46728515625,
        3.18115234375,
        3.302734375
      ],
      "freeMemoryBytes": 1669955584,
      "totalMemoryBytes": 38654705664
    },
    {
      "at": "2026-09-28T08:34:00.195Z",
      "loadAverage": [
        2.46728515625,
        3.18115234375,
        3.302734375
      ],
      "freeMemoryBytes": 1546190848,
      "totalMemoryBytes": 38654705664
    }
  ]
}
