{
  "schemaVersion": 1,
  "kind": "seedlands-performance-window",
  "status": "PASS",
  "version": 2,
  "ownerThread": "seedlands-performance-validator",
  "runId": "9b9ce4a6-4733-4e08-8af5-fb4ecfb721a6",
  "pid": 37389,
  "startedAt": "2026-09-26T05:37:20.835Z",
  "windowId": "9b9ce4a6-4733-4e08-8af5-fb4ecfb721a6",
  "evidencePath": "changes/2026-09-23-classic-functional-completion/evidence/git-32-equipment-grounded-route/metadata-format.window.json.log",
  "waitedMs": 1,
  "endedAt": "2026-09-26T05:37:21.329Z",
  "exitCode": 0,
  "signal": null,
  "measurement": {
    "status": "NOT_RECORDED"
  },
  "samples": [
    {
      "at": "2026-09-26T05:37:20.836Z",
      "loadAverage": [
        3.25,
        3.7099609375,
        3.55712890625
      ],
      "freeMemoryBytes": 1544716288,
      "totalMemoryBytes": 38654705664
    },
    {
      "at": "2026-09-26T05:37:21.328Z",
      "loadAverage": [
        3.25,
        3.7099609375,
        3.55712890625
      ],
      "freeMemoryBytes": 1515536384,
      "totalMemoryBytes": 38654705664
    }
  ]
}
