{
  "schemaVersion": 1,
  "kind": "seedlands-performance-window",
  "status": "PASS",
  "version": 2,
  "ownerThread": "seedlands-performance-validator",
  "runId": "78aa3252-ebd0-48cd-a1a5-ed71b4d0f1be",
  "pid": 44959,
  "startedAt": "2026-09-26T05:46:57.570Z",
  "windowId": "78aa3252-ebd0-48cd-a1a5-ed71b4d0f1be",
  "evidencePath": "changes/2026-09-23-classic-functional-completion/evidence/git-32-equipment-grounded-route/metadata-final.window.json.log",
  "waitedMs": 1,
  "endedAt": "2026-09-26T05:46:57.920Z",
  "exitCode": 0,
  "signal": null,
  "measurement": {
    "status": "NOT_RECORDED"
  },
  "samples": [
    {
      "at": "2026-09-26T05:46:57.571Z",
      "loadAverage": [
        2.62109375,
        3.31787109375,
        3.47900390625
      ],
      "freeMemoryBytes": 1100955648,
      "totalMemoryBytes": 38654705664
    },
    {
      "at": "2026-09-26T05:46:57.918Z",
      "loadAverage": [
        2.62109375,
        3.31787109375,
        3.47900390625
      ],
      "freeMemoryBytes": 1167523840,
      "totalMemoryBytes": 38654705664
    }
  ]
}
