{
  "schemaVersion": 1,
  "kind": "seedlands-performance-window",
  "status": "PASS",
  "version": 2,
  "ownerThread": "seedlands-performance-validator",
  "runId": "6d3af388-e056-42ca-aa7b-d5f565c317fb",
  "pid": 27625,
  "startedAt": "2026-09-25T07:58:05.786Z",
  "windowId": "6d3af388-e056-42ca-aa7b-d5f565c317fb",
  "evidencePath": "harness/results/performance-windows/6d3af388-e056-42ca-aa7b-d5f565c317fb.json",
  "waitedMs": 1,
  "endedAt": "2026-09-25T07:58:06.706Z",
  "exitCode": 0,
  "signal": null,
  "measurement": {
    "status": "NOT_RECORDED"
  },
  "samples": [
    {
      "at": "2026-09-25T07:58:05.787Z",
      "loadAverage": [
        2.666015625,
        3.490234375,
        3.52490234375
      ],
      "freeMemoryBytes": 243875840,
      "totalMemoryBytes": 38654705664
    },
    {
      "at": "2026-09-25T07:58:06.704Z",
      "loadAverage": [
        2.6123046875,
        3.46533203125,
        3.515625
      ],
      "freeMemoryBytes": 62259200,
      "totalMemoryBytes": 38654705664
    }
  ]
}
