{
  "schemaVersion": 1,
  "kind": "seedlands-performance-window",
  "status": "PASS",
  "version": 2,
  "ownerThread": "seedlands-performance-validator",
  "runId": "e56ece84-dd9a-4b18-b2c8-27ff5d177909",
  "pid": 49214,
  "startedAt": "2026-09-25T08:19:46.212Z",
  "windowId": "e56ece84-dd9a-4b18-b2c8-27ff5d177909",
  "evidencePath": "harness/results/performance-windows/e56ece84-dd9a-4b18-b2c8-27ff5d177909.json",
  "waitedMs": 1,
  "endedAt": "2026-09-25T08:19:46.955Z",
  "exitCode": 0,
  "signal": null,
  "measurement": {
    "status": "NOT_RECORDED"
  },
  "samples": [
    {
      "at": "2026-09-25T08:19:46.213Z",
      "loadAverage": [
        2.78662109375,
        3.1259765625,
        3.37109375
      ],
      "freeMemoryBytes": 74973184,
      "totalMemoryBytes": 38654705664
    },
    {
      "at": "2026-09-25T08:19:46.953Z",
      "loadAverage": [
        2.78662109375,
        3.1259765625,
        3.37109375
      ],
      "freeMemoryBytes": 433274880,
      "totalMemoryBytes": 38654705664
    }
  ]
}
