{
  "schemaVersion": 1,
  "kind": "seedlands-performance-window",
  "status": "PASS",
  "version": 2,
  "ownerThread": "seedlands-performance-validator",
  "runId": "v2-route-driver-reject-recovery-close-13-affected",
  "pid": 41036,
  "startedAt": "2026-09-28T13:19:21.248Z",
  "windowId": "v2-route-driver-reject-recovery-close-13-affected",
  "evidencePath": "changes/2026-09-23-classic-functional-completion/evidence/v2-route-driver-reject-recovery-close-13/affected-window.json.log",
  "waitedMs": 2,
  "endedAt": "2026-09-28T13:19:23.220Z",
  "exitCode": 0,
  "signal": null,
  "measurement": {
    "status": "NOT_RECORDED"
  },
  "samples": [
    {
      "at": "2026-09-28T13:19:21.250Z",
      "loadAverage": [
        2.154296875,
        2.45166015625,
        2.75439453125
      ],
      "freeMemoryBytes": 849838080,
      "totalMemoryBytes": 38654705664
    },
    {
      "at": "2026-09-28T13:19:23.219Z",
      "loadAverage": [
        2.154296875,
        2.45166015625,
        2.75439453125
      ],
      "freeMemoryBytes": 879886336,
      "totalMemoryBytes": 38654705664
    }
  ]
}
