{
  "schemaVersion": 1,
  "kind": "seedlands-performance-window",
  "status": "PASS",
  "version": 2,
  "ownerThread": "seedlands-performance-validator",
  "runId": "v2-canonical-browser-25-fdb53c07",
  "pid": 28772,
  "startedAt": "2026-09-28T23:41:41.725Z",
  "windowId": "v2-canonical-browser-25-fdb53c07",
  "evidencePath": "/private/tmp/seedlands-v2-canonical-browser-25-run/canonical-window.json.log",
  "waitedMs": 1,
  "endedAt": "2026-09-28T23:55:04.117Z",
  "exitCode": 0,
  "signal": null,
  "measurement": {
    "status": "NOT_RECORDED"
  },
  "samples": [
    {
      "at": "2026-09-28T23:41:41.726Z",
      "loadAverage": [
        2.59912109375,
        2.7294921875,
        2.83935546875
      ],
      "freeMemoryBytes": 754270208,
      "totalMemoryBytes": 38654705664
    },
    {
      "at": "2026-09-28T23:41:46.729Z",
      "loadAverage": [
        2.470703125,
        2.70068359375,
        2.828125
      ],
      "freeMemoryBytes": 88195072,
      "totalMemoryBytes": 38654705664
    },
    {
      "at": "2026-09-28T23:41:51.730Z",
      "loadAverage": [
        2.2724609375,
        2.65576171875,
        2.8115234375
      ],
      "freeMemoryBytes": 86114304,
      "totalMemoryBytes": 38654705664
    },
    {
      "at": "2026-09-28T23:41:56.731Z",
      "loadAverage": [
        2.33056640625,
        2.6611328125,
        2.8125
      ],
      "freeMemoryBytes": 87539712,
      "totalMemoryBytes": 38654705664
    },
    {
      "at": "2026-09-28T23:42:01.733Z",
      "loadAverage": [
        2.3037109375,
        2.64990234375,
        2.8076171875
      ],
      "freeMemoryBytes": 106332160,
      "totalMemoryBytes": 38654705664
    },
    {
      "at": "2026-09-28T23:42:06.735Z",
      "loadAverage": [
        2.51953125,
        2.6884765625,
        2.8203125
      ],
      "freeMemoryBytes": 143294464,
      "totalMemoryBytes": 38654705664
    },
    {
      "at": "2026-09-28T23:42:11.737Z",
      "loadAverage": [
        2.8779296875,
        2.759765625,
        2.8447265625
      ],
      "freeMemoryBytes": 65290240,
      "totalMemoryBytes": 38654705664
    },
    {
      "at": "2026-09-28T23:42:16.740Z",
      "loadAverage": [
        3.1279296875,
        2.8134765625,
        2.86279296875
      ],
      "freeMemoryBytes": 301088768,
      "totalMemoryBytes": 38654705664
    },
    {
      "at": "2026-09-28T23:42:21.742Z",
      "loadAverage": [
        3.27783203125,
        2.849609375,
        2.875
      ],
      "freeMemoryBytes": 282542080,
      "totalMemoryBytes": 38654705664
    },
    {
      "at": "2026-09-28T23:42:26.743Z",
      "loadAverage": [
        3.17529296875,
        2.83544921875,
        2.86962890625
      ],
      "freeMemoryBytes": 291880960,
      "totalMemoryBytes": 38654705664
    },
    {
      "at": "2026-09-28T23:42:31.745Z",
      "loadAverage": [
        3.0009765625,
        2.8046875,
        2.8583984375
      ],
      "freeMemoryBytes": 212271104,
      "totalMemoryBytes": 38654705664
    },
    {
      "at": "2026-09-28T23:42:36.747Z",
      "loadAverage": [
        3.56103515625,
        2.923828125,
        2.89990234375
      ],
      "freeMemoryBytes": 144326656,
      "totalMemoryBytes": 38654705664
    },
    {
      "at": "2026-09-28T23:42:41.750Z",
      "loadAverage": [
        3.515625,
        2.9248046875,
        2.900390625
      ],
      "freeMemoryBytes": 172965888,
      "totalMemoryBytes": 38654705664
    },
    {
      "at": "2026-09-28T23:42:46.751Z",
      "loadAverage": [
        4.35498046875,
        3.1083984375,
        2.96533203125
      ],
      "freeMemoryBytes": 168624128,
      "totalMemoryBytes": 38654705664
    },
    {
      "at": "2026-09-28T23:42:51.752Z",
      "loadAverage": [
        5.046875,
        3.2724609375,
        3.02392578125
      ],
      "freeMemoryBytes": 88965120,
      "totalMemoryBytes": 38654705664
    },
    {
      "at": "2026-09-28T23:42:56.752Z",
      "loadAverage": [
        5.203125,
        3.333984375,
        3.046875
      ],
      "freeMemoryBytes": 97058816,
      "totalMemoryBytes": 38654705664
    },
    {
      "at": "2026-09-28T23:43:01.754Z",
      "loadAverage": [
        5.0263671875,
        3.328125,
        3.04638671875
      ],
      "freeMemoryBytes": 156254208,
      "totalMemoryBytes": 38654705664
    },
    {
      "at": "2026-09-28T23:43:06.757Z",
      "loadAverage": [
        5.58447265625,
        3.4716796875,
        3.0986328125
      ],
      "freeMemoryBytes": 107020288,
      "totalMemoryBytes": 38654705664
    },
    {
      "at": "2026-09-28T23:43:11.759Z",
      "loadAverage": [
        5.45751953125,
        3.47998046875,
        3.103515625
      ],
      "freeMemoryBytes": 256688128,
      "totalMemoryBytes": 38654705664
    },
    {
      "at": "2026-09-28T23:43:16.761Z",
      "loadAverage": [
        5.34033203125,
        3.48828125,
        3.1083984375
      ],
      "freeMemoryBytes": 217055232,
      "totalMemoryBytes": 38654705664
    },
    {
      "at": "2026-09-28T23:43:21.762Z",
      "loadAverage": [
        4.99267578125,
        3.44677734375,
        3.095703125
      ],
      "freeMemoryBytes": 137003008,
      "totalMemoryBytes": 38654705664
    },
    {
      "at": "2026-09-28T23:43:26.764Z",
      "loadAverage": [
        4.9130859375,
        3.45556640625,
        3.1005859375
      ],
      "freeMemoryBytes": 176996352,
      "totalMemoryBytes": 38654705664
    },
    {
      "at": "2026-09-28T23:43:31.767Z",
      "loadAverage": [
        4.759765625,
        3.44775390625,
        3.099609375
      ],
      "freeMemoryBytes": 115146752,
      "totalMemoryBytes": 38654705664
    },
    {
      "at": "2026-09-28T23:43:36.768Z",
      "loadAverage": [
        4.45849609375,
        3.40673828125,
        3.0869140625
      ],
      "freeMemoryBytes": 79921152,
      "totalMemoryBytes": 38654705664
    },
    {
      "at": "2026-09-28T23:43:41.771Z",
      "loadAverage": [
        4.26123046875,
        3.38330078125,
        3.080078125
      ],
      "freeMemoryBytes": 270630912,
      "totalMemoryBytes": 38654705664
    },
    {
      "at": "2026-09-28T23:43:46.773Z",
      "loadAverage": [
        4.080078125,
        3.35986328125,
        3.07373046875
      ],
      "freeMemoryBytes": 798195712,
      "totalMemoryBytes": 38654705664
    },
    {
      "at": "2026-09-28T23:43:51.775Z",
      "loadAverage": [
        3.9130859375,
        3.3369140625,
        3.0673828125
      ],
      "freeMemoryBytes": 786743296,
      "totalMemoryBytes": 38654705664
    },
    {
      "at": "2026-09-28T23:43:56.777Z",
      "loadAverage": [
        3.6796875,
        3.2978515625,
        3.05517578125
      ],
      "freeMemoryBytes": 923713536,
      "totalMemoryBytes": 38654705664
    },
    {
      "at": "2026-09-28T23:44:01.779Z",
      "loadAverage": [
        3.544921875,
        3.27587890625,
        3.048828125
      ],
      "freeMemoryBytes": 800079872,
      "totalMemoryBytes": 38654705664
    },
    {
      "at": "2026-09-28T23:44:06.781Z",
      "loadAverage": [
        3.5009765625,
        3.27099609375,
        3.04833984375
      ],
      "freeMemoryBytes": 788480000,
      "totalMemoryBytes": 38654705664
    },
    {
      "at": "2026-09-28T23:44:11.783Z",
      "loadAverage": [
        3.38037109375,
        3.24951171875,
        3.0419921875
      ],
      "freeMemoryBytes": 65798144,
      "totalMemoryBytes": 38654705664
    },
    {
      "at": "2026-09-28T23:44:16.785Z",
      "loadAverage": [
        3.91015625,
        3.361328125,
        3.08251953125
      ],
      "freeMemoryBytes": 325058560,
      "totalMemoryBytes": 38654705664
    },
    {
      "at": "2026-09-28T23:44:21.787Z",
      "loadAverage": [
        3.9970703125,
        3.38818359375,
        3.09375
      ],
      "freeMemoryBytes": 86114304,
      "totalMemoryBytes": 38654705664
    },
    {
      "at": "2026-09-28T23:44:26.789Z",
      "loadAverage": [
        3.9169921875,
        3.38134765625,
        3.0927734375
      ],
      "freeMemoryBytes": 159711232,
      "totalMemoryBytes": 38654705664
    },
    {
      "at": "2026-09-28T23:44:31.791Z",
      "loadAverage": [
        4.08349609375,
        3.4248046875,
        3.109375
      ],
      "freeMemoryBytes": 229801984,
      "totalMemoryBytes": 38654705664
    },
    {
      "at": "2026-09-28T23:44:36.793Z",
      "loadAverage": [
        3.91650390625,
        3.40087890625,
        3.1025390625
      ],
      "freeMemoryBytes": 136724480,
      "totalMemoryBytes": 38654705664
    },
    {
      "at": "2026-09-28T23:44:41.794Z",
      "loadAverage": [
        3.8427734375,
        3.39404296875,
        3.1015625
      ],
      "freeMemoryBytes": 318144512,
      "totalMemoryBytes": 38654705664
    },
    {
      "at": "2026-09-28T23:44:46.795Z",
      "loadAverage": [
        3.53466796875,
        3.33740234375,
        3.0830078125
      ],
      "freeMemoryBytes": 388579328,
      "totalMemoryBytes": 38654705664
    },
    {
      "at": "2026-09-28T23:44:51.794Z",
      "loadAverage": [
        3.41162109375,
        3.31494140625,
        3.07666015625
      ],
      "freeMemoryBytes": 167886848,
      "totalMemoryBytes": 38654705664
    },
    {
      "at": "2026-09-28T23:44:56.796Z",
      "loadAverage": [
        3.37841796875,
        3.3095703125,
        3.076171875
      ],
      "freeMemoryBytes": 728776704,
      "totalMemoryBytes": 38654705664
    },
    {
      "at": "2026-09-28T23:45:01.799Z",
      "loadAverage": [
        3.1875,
        3.27099609375,
        3.06396484375
      ],
      "freeMemoryBytes": 116326400,
      "totalMemoryBytes": 38654705664
    },
    {
      "at": "2026-09-28T23:45:06.800Z",
      "loadAverage": [
        3.17236328125,
        3.26611328125,
        3.0634765625
      ],
      "freeMemoryBytes": 121405440,
      "totalMemoryBytes": 38654705664
    },
    {
      "at": "2026-09-28T23:45:11.802Z",
      "loadAverage": [
        3.158203125,
        3.26123046875,
        3.06298828125
      ],
      "freeMemoryBytes": 587366400,
      "totalMemoryBytes": 38654705664
    },
    {
      "at": "2026-09-28T23:45:16.802Z",
      "loadAverage": [
        2.9052734375,
        3.20703125,
        3.044921875
      ],
      "freeMemoryBytes": 609681408,
      "totalMemoryBytes": 38654705664
    },
    {
      "at": "2026-09-28T23:45:21.803Z",
      "loadAverage": [
        3.47314453125,
        3.3193359375,
        3.08544921875
      ],
      "freeMemoryBytes": 215613440,
      "totalMemoryBytes": 38654705664
    },
    {
      "at": "2026-09-28T23:45:26.805Z",
      "loadAverage": [
        3.75537109375,
        3.38037109375,
        3.10791015625
      ],
      "freeMemoryBytes": 178520064,
      "totalMemoryBytes": 38654705664
    },
    {
      "at": "2026-09-28T23:45:31.808Z",
      "loadAverage": [
        3.53466796875,
        3.3408203125,
        3.09521484375
      ],
      "freeMemoryBytes": 251510784,
      "totalMemoryBytes": 38654705664
    },
    {
      "at": "2026-09-28T23:45:36.810Z",
      "loadAverage": [
        3.57177734375,
        3.3515625,
        3.10009765625
      ],
      "freeMemoryBytes": 174227456,
      "totalMemoryBytes": 38654705664
    },
    {
      "at": "2026-09-28T23:45:41.811Z",
      "loadAverage": [
        3.52587890625,
        3.345703125,
        3.09912109375
      ],
      "freeMemoryBytes": 635535360,
      "totalMemoryBytes": 38654705664
    },
    {
      "at": "2026-09-28T23:45:46.813Z",
      "loadAverage": [
        3.3232421875,
        3.306640625,
        3.08642578125
      ],
      "freeMemoryBytes": 479969280,
      "totalMemoryBytes": 38654705664
    },
    {
      "at": "2026-09-28T23:45:51.815Z",
      "loadAverage": [
        3.13671875,
        3.26806640625,
        3.07373046875
      ],
      "freeMemoryBytes": 492847104,
      "totalMemoryBytes": 38654705664
    },
    {
      "at": "2026-09-28T23:45:56.817Z",
      "loadAverage": [
        3.12548828125,
        3.26318359375,
        3.0732421875
      ],
      "freeMemoryBytes": 186826752,
      "totalMemoryBytes": 38654705664
    },
    {
      "at": "2026-09-28T23:46:01.820Z",
      "loadAverage": [
        3.03515625,
        3.2421875,
        3.06689453125
      ],
      "freeMemoryBytes": 383696896,
      "totalMemoryBytes": 38654705664
    },
    {
      "at": "2026-09-28T23:46:06.822Z",
      "loadAverage": [
        2.8720703125,
        3.20458984375,
        3.0546875
      ],
      "freeMemoryBytes": 126517248,
      "totalMemoryBytes": 38654705664
    },
    {
      "at": "2026-09-28T23:46:11.822Z",
      "loadAverage": [
        3.1220703125,
        3.2509765625,
        3.07177734375
      ],
      "freeMemoryBytes": 507068416,
      "totalMemoryBytes": 38654705664
    },
    {
      "at": "2026-09-28T23:46:16.823Z",
      "loadAverage": [
        3.19189453125,
        3.26318359375,
        3.0771484375
      ],
      "freeMemoryBytes": 438452224,
      "totalMemoryBytes": 38654705664
    },
    {
      "at": "2026-09-28T23:46:21.823Z",
      "loadAverage": [
        3.25634765625,
        3.275390625,
        3.08251953125
      ],
      "freeMemoryBytes": 509460480,
      "totalMemoryBytes": 38654705664
    },
    {
      "at": "2026-09-28T23:46:26.825Z",
      "loadAverage": [
        3.1552734375,
        3.25390625,
        3.076171875
      ],
      "freeMemoryBytes": 321159168,
      "totalMemoryBytes": 38654705664
    },
    {
      "at": "2026-09-28T23:46:31.828Z",
      "loadAverage": [
        2.982421875,
        3.21630859375,
        3.06396484375
      ],
      "freeMemoryBytes": 168198144,
      "totalMemoryBytes": 38654705664
    },
    {
      "at": "2026-09-28T23:46:36.830Z",
      "loadAverage": [
        2.8232421875,
        3.17919921875,
        3.0517578125
      ],
      "freeMemoryBytes": 282804224,
      "totalMemoryBytes": 38654705664
    },
    {
      "at": "2026-09-28T23:46:41.832Z",
      "loadAverage": [
        2.9169921875,
        3.1923828125,
        3.05712890625
      ],
      "freeMemoryBytes": 156155904,
      "totalMemoryBytes": 38654705664
    },
    {
      "at": "2026-09-28T23:46:46.834Z",
      "loadAverage": [
        2.76318359375,
        3.15576171875,
        3.044921875
      ],
      "freeMemoryBytes": 297418752,
      "totalMemoryBytes": 38654705664
    },
    {
      "at": "2026-09-28T23:46:51.835Z",
      "loadAverage": [
        2.86181640625,
        3.16943359375,
        3.05029296875
      ],
      "freeMemoryBytes": 179044352,
      "totalMemoryBytes": 38654705664
    },
    {
      "at": "2026-09-28T23:46:56.836Z",
      "loadAverage": [
        2.63232421875,
        3.11669921875,
        3.0322265625
      ],
      "freeMemoryBytes": 221102080,
      "totalMemoryBytes": 38654705664
    },
    {
      "at": "2026-09-28T23:47:01.839Z",
      "loadAverage": [
        2.50146484375,
        3.08154296875,
        3.02001953125
      ],
      "freeMemoryBytes": 259080192,
      "totalMemoryBytes": 38654705664
    },
    {
      "at": "2026-09-28T23:47:06.841Z",
      "loadAverage": [
        2.4609375,
        3.0634765625,
        3.013671875
      ],
      "freeMemoryBytes": 180371456,
      "totalMemoryBytes": 38654705664
    },
    {
      "at": "2026-09-28T23:47:11.843Z",
      "loadAverage": [
        2.423828125,
        3.04541015625,
        3.00732421875
      ],
      "freeMemoryBytes": 116146176,
      "totalMemoryBytes": 38654705664
    },
    {
      "at": "2026-09-28T23:47:16.845Z",
      "loadAverage": [
        2.4697265625,
        3.04443359375,
        3.0068359375
      ],
      "freeMemoryBytes": 197312512,
      "totalMemoryBytes": 38654705664
    },
    {
      "at": "2026-09-28T23:47:21.847Z",
      "loadAverage": [
        2.431640625,
        3.02685546875,
        3.00048828125
      ],
      "freeMemoryBytes": 205012992,
      "totalMemoryBytes": 38654705664
    },
    {
      "at": "2026-09-28T23:47:26.849Z",
      "loadAverage": [
        2.39697265625,
        3.009765625,
        2.994140625
      ],
      "freeMemoryBytes": 125665280,
      "totalMemoryBytes": 38654705664
    },
    {
      "at": "2026-09-28T23:47:31.850Z",
      "loadAverage": [
        3.00537109375,
        3.12548828125,
        3.03515625
      ],
      "freeMemoryBytes": 541753344,
      "totalMemoryBytes": 38654705664
    },
    {
      "at": "2026-09-28T23:47:36.852Z",
      "loadAverage": [
        2.7646484375,
        3.0732421875,
        3.01708984375
      ],
      "freeMemoryBytes": 70057984,
      "totalMemoryBytes": 38654705664
    },
    {
      "at": "2026-09-28T23:47:41.853Z",
      "loadAverage": [
        2.54296875,
        3.02197265625,
        2.9990234375
      ],
      "freeMemoryBytes": 316588032,
      "totalMemoryBytes": 38654705664
    },
    {
      "at": "2026-09-28T23:47:46.856Z",
      "loadAverage": [
        2.8994140625,
        3.087890625,
        3.0224609375
      ],
      "freeMemoryBytes": 218824704,
      "totalMemoryBytes": 38654705664
    },
    {
      "at": "2026-09-28T23:47:51.856Z",
      "loadAverage": [
        2.9873046875,
        3.10302734375,
        3.02783203125
      ],
      "freeMemoryBytes": 23478272,
      "totalMemoryBytes": 38654705664
    },
    {
      "at": "2026-09-28T23:47:56.858Z",
      "loadAverage": [
        2.98828125,
        3.10107421875,
        3.02734375
      ],
      "freeMemoryBytes": 383172608,
      "totalMemoryBytes": 38654705664
    },
    {
      "at": "2026-09-28T23:48:01.860Z",
      "loadAverage": [
        3.06884765625,
        3.11572265625,
        3.03271484375
      ],
      "freeMemoryBytes": 76333056,
      "totalMemoryBytes": 38654705664
    },
    {
      "at": "2026-09-28T23:48:06.862Z",
      "loadAverage": [
        3.46337890625,
        3.19677734375,
        3.0615234375
      ],
      "freeMemoryBytes": 375226368,
      "totalMemoryBytes": 38654705664
    },
    {
      "at": "2026-09-28T23:48:11.864Z",
      "loadAverage": [
        3.42626953125,
        3.193359375,
        3.06103515625
      ],
      "freeMemoryBytes": 75005952,
      "totalMemoryBytes": 38654705664
    },
    {
      "at": "2026-09-28T23:48:16.866Z",
      "loadAverage": [
        3.63232421875,
        3.23974609375,
        3.078125
      ],
      "freeMemoryBytes": 131448832,
      "totalMemoryBytes": 38654705664
    },
    {
      "at": "2026-09-28T23:48:21.868Z",
      "loadAverage": [
        3.58154296875,
        3.2353515625,
        3.07763671875
      ],
      "freeMemoryBytes": 297074688,
      "totalMemoryBytes": 38654705664
    },
    {
      "at": "2026-09-28T23:48:26.870Z",
      "loadAverage": [
        3.61474609375,
        3.24755859375,
        3.0830078125
      ],
      "freeMemoryBytes": 123437056,
      "totalMemoryBytes": 38654705664
    },
    {
      "at": "2026-09-28T23:48:31.872Z",
      "loadAverage": [
        3.5654296875,
        3.2431640625,
        3.08251953125
      ],
      "freeMemoryBytes": 391561216,
      "totalMemoryBytes": 38654705664
    },
    {
      "at": "2026-09-28T23:48:36.875Z",
      "loadAverage": [
        3.43994140625,
        3.22216796875,
        3.076171875
      ],
      "freeMemoryBytes": 98271232,
      "totalMemoryBytes": 38654705664
    },
    {
      "at": "2026-09-28T23:48:41.877Z",
      "loadAverage": [
        3.32421875,
        3.20166015625,
        3.06982421875
      ],
      "freeMemoryBytes": 135168000,
      "totalMemoryBytes": 38654705664
    },
    {
      "at": "2026-09-28T23:48:46.878Z",
      "loadAverage": [
        3.2978515625,
        3.1982421875,
        3.0693359375
      ],
      "freeMemoryBytes": 421003264,
      "totalMemoryBytes": 38654705664
    },
    {
      "at": "2026-09-28T23:48:51.880Z",
      "loadAverage": [
        3.35400390625,
        3.21142578125,
        3.07470703125
      ],
      "freeMemoryBytes": 164511744,
      "totalMemoryBytes": 38654705664
    },
    {
      "at": "2026-09-28T23:48:56.882Z",
      "loadAverage": [
        3.4052734375,
        3.22412109375,
        3.080078125
      ],
      "freeMemoryBytes": 255492096,
      "totalMemoryBytes": 38654705664
    },
    {
      "at": "2026-09-28T23:49:01.884Z",
      "loadAverage": [
        3.53271484375,
        3.25341796875,
        3.09130859375
      ],
      "freeMemoryBytes": 177848320,
      "totalMemoryBytes": 38654705664
    },
    {
      "at": "2026-09-28T23:49:06.885Z",
      "loadAverage": [
        3.56982421875,
        3.265625,
        3.09619140625
      ],
      "freeMemoryBytes": 94650368,
      "totalMemoryBytes": 38654705664
    },
    {
      "at": "2026-09-28T23:49:11.886Z",
      "loadAverage": [
        3.76416015625,
        3.310546875,
        3.11279296875
      ],
      "freeMemoryBytes": 83869696,
      "totalMemoryBytes": 38654705664
    },
    {
      "at": "2026-09-28T23:49:16.888Z",
      "loadAverage": [
        4.02294921875,
        3.37158203125,
        3.13525390625
      ],
      "freeMemoryBytes": 160415744,
      "totalMemoryBytes": 38654705664
    },
    {
      "at": "2026-09-28T23:49:21.890Z",
      "loadAverage": [
        3.86083984375,
        3.3486328125,
        3.12841796875
      ],
      "freeMemoryBytes": 105644032,
      "totalMemoryBytes": 38654705664
    },
    {
      "at": "2026-09-28T23:49:26.892Z",
      "loadAverage": [
        3.63134765625,
        3.3095703125,
        3.11572265625
      ],
      "freeMemoryBytes": 135004160,
      "totalMemoryBytes": 38654705664
    },
    {
      "at": "2026-09-28T23:49:31.894Z",
      "loadAverage": [
        3.50048828125,
        3.28759765625,
        3.10888671875
      ],
      "freeMemoryBytes": 125943808,
      "totalMemoryBytes": 38654705664
    },
    {
      "at": "2026-09-28T23:49:36.896Z",
      "loadAverage": [
        3.5400390625,
        3.29931640625,
        3.11376953125
      ],
      "freeMemoryBytes": 79347712,
      "totalMemoryBytes": 38654705664
    },
    {
      "at": "2026-09-28T23:49:41.897Z",
      "loadAverage": [
        3.65673828125,
        3.3271484375,
        3.12451171875
      ],
      "freeMemoryBytes": 64995328,
      "totalMemoryBytes": 38654705664
    },
    {
      "at": "2026-09-28T23:49:46.898Z",
      "loadAverage": [
        3.92431640625,
        3.3876953125,
        3.14697265625
      ],
      "freeMemoryBytes": 160382976,
      "totalMemoryBytes": 38654705664
    },
    {
      "at": "2026-09-28T23:49:51.899Z",
      "loadAverage": [
        3.77001953125,
        3.3642578125,
        3.14013671875
      ],
      "freeMemoryBytes": 63258624,
      "totalMemoryBytes": 38654705664
    },
    {
      "at": "2026-09-28T23:49:56.901Z",
      "loadAverage": [
        4.1083984375,
        3.44091796875,
        3.16845703125
      ],
      "freeMemoryBytes": 141148160,
      "totalMemoryBytes": 38654705664
    },
    {
      "at": "2026-09-28T23:50:01.904Z",
      "loadAverage": [
        4.259765625,
        3.4833984375,
        3.1845703125
      ],
      "freeMemoryBytes": 87392256,
      "totalMemoryBytes": 38654705664
    },
    {
      "at": "2026-09-28T23:50:06.905Z",
      "loadAverage": [
        4.07861328125,
        3.45849609375,
        3.17724609375
      ],
      "freeMemoryBytes": 130678784,
      "totalMemoryBytes": 38654705664
    },
    {
      "at": "2026-09-28T23:50:11.907Z",
      "loadAverage": [
        4.47265625,
        3.55029296875,
        3.2109375
      ],
      "freeMemoryBytes": 134594560,
      "totalMemoryBytes": 38654705664
    },
    {
      "at": "2026-09-28T23:50:16.909Z",
      "loadAverage": [
        4.8349609375,
        3.640625,
        3.24462890625
      ],
      "freeMemoryBytes": 317112320,
      "totalMemoryBytes": 38654705664
    },
    {
      "at": "2026-09-28T23:50:21.909Z",
      "loadAverage": [
        4.68798828125,
        3.6298828125,
        3.2431640625
      ],
      "freeMemoryBytes": 357138432,
      "totalMemoryBytes": 38654705664
    },
    {
      "at": "2026-09-28T23:50:26.911Z",
      "loadAverage": [
        4.79296875,
        3.6689453125,
        3.25927734375
      ],
      "freeMemoryBytes": 80560128,
      "totalMemoryBytes": 38654705664
    },
    {
      "at": "2026-09-28T23:50:31.912Z",
      "loadAverage": [
        4.88916015625,
        3.70751953125,
        3.27490234375
      ],
      "freeMemoryBytes": 177864704,
      "totalMemoryBytes": 38654705664
    },
    {
      "at": "2026-09-28T23:50:36.914Z",
      "loadAverage": [
        5.05810546875,
        3.76171875,
        3.29638671875
      ],
      "freeMemoryBytes": 157515776,
      "totalMemoryBytes": 38654705664
    },
    {
      "at": "2026-09-28T23:50:41.916Z",
      "loadAverage": [
        5.29345703125,
        3.83203125,
        3.32373046875
      ],
      "freeMemoryBytes": 1603420160,
      "totalMemoryBytes": 38654705664
    },
    {
      "at": "2026-09-28T23:50:46.918Z",
      "loadAverage": [
        5.349609375,
        3.86767578125,
        3.33935546875
      ],
      "freeMemoryBytes": 1152598016,
      "totalMemoryBytes": 38654705664
    },
    {
      "at": "2026-09-28T23:50:51.919Z",
      "loadAverage": [
        6.0419921875,
        4.03564453125,
        3.4013671875
      ],
      "freeMemoryBytes": 1150894080,
      "totalMemoryBytes": 38654705664
    },
    {
      "at": "2026-09-28T23:50:56.922Z",
      "loadAverage": [
        6.03857421875,
        4.06787109375,
        3.41650390625
      ],
      "freeMemoryBytes": 704151552,
      "totalMemoryBytes": 38654705664
    },
    {
      "at": "2026-09-28T23:51:01.924Z",
      "loadAverage": [
        6.03515625,
        4.099609375,
        3.431640625
      ],
      "freeMemoryBytes": 356843520,
      "totalMemoryBytes": 38654705664
    },
    {
      "at": "2026-09-28T23:51:06.924Z",
      "loadAverage": [
        5.8720703125,
        4.09765625,
        3.4345703125
      ],
      "freeMemoryBytes": 171114496,
      "totalMemoryBytes": 38654705664
    },
    {
      "at": "2026-09-28T23:51:11.926Z",
      "loadAverage": [
        5.7216796875,
        4.095703125,
        3.4375
      ],
      "freeMemoryBytes": 96731136,
      "totalMemoryBytes": 38654705664
    },
    {
      "at": "2026-09-28T23:51:16.928Z",
      "loadAverage": [
        5.58349609375,
        4.09375,
        3.4404296875
      ],
      "freeMemoryBytes": 66289664,
      "totalMemoryBytes": 38654705664
    },
    {
      "at": "2026-09-28T23:51:21.929Z",
      "loadAverage": [
        5.37646484375,
        4.0751953125,
        3.4375
      ],
      "freeMemoryBytes": 272089088,
      "totalMemoryBytes": 38654705664
    },
    {
      "at": "2026-09-28T23:51:26.932Z",
      "loadAverage": [
        5.18603515625,
        4.05712890625,
        3.4345703125
      ],
      "freeMemoryBytes": 94109696,
      "totalMemoryBytes": 38654705664
    },
    {
      "at": "2026-09-28T23:51:31.934Z",
      "loadAverage": [
        4.9306640625,
        4.02294921875,
        3.42578125
      ],
      "freeMemoryBytes": 68943872,
      "totalMemoryBytes": 38654705664
    },
    {
      "at": "2026-09-28T23:51:36.936Z",
      "loadAverage": [
        4.61572265625,
        3.97265625,
        3.4111328125
      ],
      "freeMemoryBytes": 118996992,
      "totalMemoryBytes": 38654705664
    },
    {
      "at": "2026-09-28T23:51:41.938Z",
      "loadAverage": [
        4.40625,
        3.939453125,
        3.40283203125
      ],
      "freeMemoryBytes": 296239104,
      "totalMemoryBytes": 38654705664
    },
    {
      "at": "2026-09-28T23:51:46.940Z",
      "loadAverage": [
        4.13330078125,
        3.890625,
        3.388671875
      ],
      "freeMemoryBytes": 172965888,
      "totalMemoryBytes": 38654705664
    },
    {
      "at": "2026-09-28T23:51:51.942Z",
      "loadAverage": [
        3.80224609375,
        3.82568359375,
        3.36865234375
      ],
      "freeMemoryBytes": 238977024,
      "totalMemoryBytes": 38654705664
    },
    {
      "at": "2026-09-28T23:51:56.943Z",
      "loadAverage": [
        3.73779296875,
        3.8115234375,
        3.3662109375
      ],
      "freeMemoryBytes": 120832000,
      "totalMemoryBytes": 38654705664
    },
    {
      "at": "2026-09-28T23:52:01.944Z",
      "loadAverage": [
        3.5986328125,
        3.78125,
        3.35791015625
      ],
      "freeMemoryBytes": 22970368,
      "totalMemoryBytes": 38654705664
    },
    {
      "at": "2026-09-28T23:52:06.946Z",
      "loadAverage": [
        3.63037109375,
        3.78466796875,
        3.361328125
      ],
      "freeMemoryBytes": 215449600,
      "totalMemoryBytes": 38654705664
    },
    {
      "at": "2026-09-28T23:52:11.948Z",
      "loadAverage": [
        3.65966796875,
        3.7880859375,
        3.36474609375
      ],
      "freeMemoryBytes": 142606336,
      "totalMemoryBytes": 38654705664
    },
    {
      "at": "2026-09-28T23:52:16.949Z",
      "loadAverage": [
        3.6865234375,
        3.79150390625,
        3.3681640625
      ],
      "freeMemoryBytes": 220512256,
      "totalMemoryBytes": 38654705664
    },
    {
      "at": "2026-09-28T23:52:21.951Z",
      "loadAverage": [
        3.39111328125,
        3.728515625,
        3.34814453125
      ],
      "freeMemoryBytes": 165134336,
      "totalMemoryBytes": 38654705664
    },
    {
      "at": "2026-09-28T23:52:26.953Z",
      "loadAverage": [
        3.279296875,
        3.69970703125,
        3.33984375
      ],
      "freeMemoryBytes": 123109376,
      "totalMemoryBytes": 38654705664
    },
    {
      "at": "2026-09-28T23:52:31.954Z",
      "loadAverage": [
        3.0966796875,
        3.65478515625,
        3.32568359375
      ],
      "freeMemoryBytes": 120799232,
      "totalMemoryBytes": 38654705664
    },
    {
      "at": "2026-09-28T23:52:36.954Z",
      "loadAverage": [
        3.0888671875,
        3.6435546875,
        3.32373046875
      ],
      "freeMemoryBytes": 112295936,
      "totalMemoryBytes": 38654705664
    },
    {
      "at": "2026-09-28T23:52:41.956Z",
      "loadAverage": [
        3.00146484375,
        3.6162109375,
        3.31591796875
      ],
      "freeMemoryBytes": 72040448,
      "totalMemoryBytes": 38654705664
    },
    {
      "at": "2026-09-28T23:52:46.957Z",
      "loadAverage": [
        2.8408203125,
        3.57275390625,
        3.30224609375
      ],
      "freeMemoryBytes": 182976512,
      "totalMemoryBytes": 38654705664
    },
    {
      "at": "2026-09-28T23:52:51.959Z",
      "loadAverage": [
        2.93359375,
        3.57958984375,
        3.30615234375
      ],
      "freeMemoryBytes": 149684224,
      "totalMemoryBytes": 38654705664
    },
    {
      "at": "2026-09-28T23:52:56.961Z",
      "loadAverage": [
        2.9384765625,
        3.56982421875,
        3.30419921875
      ],
      "freeMemoryBytes": 69386240,
      "totalMemoryBytes": 38654705664
    },
    {
      "at": "2026-09-28T23:53:01.963Z",
      "loadAverage": [
        3.0234375,
        3.57666015625,
        3.30810546875
      ],
      "freeMemoryBytes": 79773696,
      "totalMemoryBytes": 38654705664
    },
    {
      "at": "2026-09-28T23:53:06.965Z",
      "loadAverage": [
        2.861328125,
        3.53369140625,
        3.29443359375
      ],
      "freeMemoryBytes": 217038848,
      "totalMemoryBytes": 38654705664
    },
    {
      "at": "2026-09-28T23:53:11.968Z",
      "loadAverage": [
        2.7919921875,
        3.5078125,
        3.28662109375
      ],
      "freeMemoryBytes": 78299136,
      "totalMemoryBytes": 38654705664
    },
    {
      "at": "2026-09-28T23:53:16.970Z",
      "loadAverage": [
        2.80859375,
        3.4990234375,
        3.28466796875
      ],
      "freeMemoryBytes": 167018496,
      "totalMemoryBytes": 38654705664
    },
    {
      "at": "2026-09-28T23:53:21.972Z",
      "loadAverage": [
        2.66357421875,
        3.45751953125,
        3.27099609375
      ],
      "freeMemoryBytes": 208797696,
      "totalMemoryBytes": 38654705664
    },
    {
      "at": "2026-09-28T23:53:26.975Z",
      "loadAverage": [
        2.6904296875,
        3.44970703125,
        3.26904296875
      ],
      "freeMemoryBytes": 224280576,
      "totalMemoryBytes": 38654705664
    },
    {
      "at": "2026-09-28T23:53:31.975Z",
      "loadAverage": [
        3.03515625,
        3.50830078125,
        3.29052734375
      ],
      "freeMemoryBytes": 121487360,
      "totalMemoryBytes": 38654705664
    },
    {
      "at": "2026-09-28T23:53:36.978Z",
      "loadAverage": [
        3.1123046875,
        3.51611328125,
        3.29443359375
      ],
      "freeMemoryBytes": 115834880,
      "totalMemoryBytes": 38654705664
    },
    {
      "at": "2026-09-28T23:53:41.980Z",
      "loadAverage": [
        3.42333984375,
        3.57373046875,
        3.31591796875
      ],
      "freeMemoryBytes": 78807040,
      "totalMemoryBytes": 38654705664
    },
    {
      "at": "2026-09-28T23:53:46.981Z",
      "loadAverage": [
        3.38916015625,
        3.56396484375,
        3.31396484375
      ],
      "freeMemoryBytes": 84639744,
      "totalMemoryBytes": 38654705664
    },
    {
      "at": "2026-09-28T23:53:51.983Z",
      "loadAverage": [
        3.83837890625,
        3.65380859375,
        3.34716796875
      ],
      "freeMemoryBytes": 212385792,
      "totalMemoryBytes": 38654705664
    },
    {
      "at": "2026-09-28T23:53:56.984Z",
      "loadAverage": [
        4.17138671875,
        3.7255859375,
        3.3740234375
      ],
      "freeMemoryBytes": 338870272,
      "totalMemoryBytes": 38654705664
    },
    {
      "at": "2026-09-28T23:54:01.987Z",
      "loadAverage": [
        4.1572265625,
        3.72998046875,
        3.37744140625
      ],
      "freeMemoryBytes": 166543360,
      "totalMemoryBytes": 38654705664
    },
    {
      "at": "2026-09-28T23:54:06.989Z",
      "loadAverage": [
        5.90625,
        4.099609375,
        3.509765625
      ],
      "freeMemoryBytes": 77840384,
      "totalMemoryBytes": 38654705664
    },
    {
      "at": "2026-09-28T23:54:11.989Z",
      "loadAverage": [
        5.51318359375,
        4.0478515625,
        3.49462890625
      ],
      "freeMemoryBytes": 17047142400,
      "totalMemoryBytes": 38654705664
    },
    {
      "at": "2026-09-28T23:54:16.990Z",
      "loadAverage": [
        5.6318359375,
        4.0966796875,
        3.51513671875
      ],
      "freeMemoryBytes": 17643798528,
      "totalMemoryBytes": 38654705664
    },
    {
      "at": "2026-09-28T23:54:21.992Z",
      "loadAverage": [
        5.5810546875,
        4.111328125,
        3.5234375
      ],
      "freeMemoryBytes": 17295147008,
      "totalMemoryBytes": 38654705664
    },
    {
      "at": "2026-09-28T23:54:26.994Z",
      "loadAverage": [
        5.6142578125,
        4.142578125,
        3.53759765625
      ],
      "freeMemoryBytes": 17135484928,
      "totalMemoryBytes": 38654705664
    },
    {
      "at": "2026-09-28T23:54:31.996Z",
      "loadAverage": [
        5.32470703125,
        4.10693359375,
        3.5283203125
      ],
      "freeMemoryBytes": 16940941312,
      "totalMemoryBytes": 38654705664
    },
    {
      "at": "2026-09-28T23:54:36.998Z",
      "loadAverage": [
        4.97802734375,
        4.05517578125,
        3.51318359375
      ],
      "freeMemoryBytes": 16745381888,
      "totalMemoryBytes": 38654705664
    },
    {
      "at": "2026-09-28T23:54:42.000Z",
      "loadAverage": [
        4.8193359375,
        4.03759765625,
        3.509765625
      ],
      "freeMemoryBytes": 16779067392,
      "totalMemoryBytes": 38654705664
    },
    {
      "at": "2026-09-28T23:54:47.002Z",
      "loadAverage": [
        4.99365234375,
        4.08642578125,
        3.52978515625
      ],
      "freeMemoryBytes": 19883753472,
      "totalMemoryBytes": 38654705664
    },
    {
      "at": "2026-09-28T23:54:52.004Z",
      "loadAverage": [
        4.75390625,
        4.0517578125,
        3.5205078125
      ],
      "freeMemoryBytes": 14712373248,
      "totalMemoryBytes": 38654705664
    },
    {
      "at": "2026-09-28T23:54:57.006Z",
      "loadAverage": [
        4.453125,
        4.0009765625,
        3.50537109375
      ],
      "freeMemoryBytes": 13617086464,
      "totalMemoryBytes": 38654705664
    },
    {
      "at": "2026-09-28T23:55:02.007Z",
      "loadAverage": [
        4.25634765625,
        3.96728515625,
        3.49609375
      ],
      "freeMemoryBytes": 11439226880,
      "totalMemoryBytes": 38654705664
    },
    {
      "at": "2026-09-28T23:55:04.115Z",
      "loadAverage": [
        4.25634765625,
        3.96728515625,
        3.49609375
      ],
      "freeMemoryBytes": 11749720064,
      "totalMemoryBytes": 38654705664
    }
  ]
}
