{
  "schemaVersion": 1,
  "kind": "seedlands-performance-window",
  "status": "PASS",
  "version": 2,
  "ownerThread": "seedlands-performance-validator",
  "runId": "v2-canonical-browser-25-final-selfcheck",
  "pid": 54611,
  "startedAt": "2026-09-29T00:12:31.713Z",
  "windowId": "v2-canonical-browser-25-final-selfcheck",
  "evidencePath": "changes/2026-09-23-classic-functional-completion/evidence/v2-canonical-browser-25/final-selfcheck.window.json.log",
  "waitedMs": 2,
  "endedAt": "2026-09-29T00:12:32.867Z",
  "exitCode": 0,
  "signal": null,
  "measurement": {
    "status": "NOT_RECORDED"
  },
  "samples": [
    {
      "at": "2026-09-29T00:12:31.715Z",
      "loadAverage": [
        3.00390625,
        2.59765625,
        2.78955078125
      ],
      "freeMemoryBytes": 8843264000,
      "totalMemoryBytes": 38654705664
    },
    {
      "at": "2026-09-29T00:12:32.866Z",
      "loadAverage": [
        3.00390625,
        2.59765625,
        2.78955078125
      ],
      "freeMemoryBytes": 8696414208,
      "totalMemoryBytes": 38654705664
    }
  ]
}
