{
  "schemaVersion": 1,
  "kind": "seedlands-performance-window",
  "status": "PASS",
  "version": 2,
  "ownerThread": "seedlands-performance-validator",
  "runId": "v2-canonical-browser-25-metadata-format",
  "pid": 48522,
  "startedAt": "2026-09-29T00:05:49.002Z",
  "windowId": "v2-canonical-browser-25-metadata-format",
  "evidencePath": "changes/2026-09-23-classic-functional-completion/evidence/v2-canonical-browser-25/metadata-format.window.json.log",
  "waitedMs": 2,
  "endedAt": "2026-09-29T00:05:49.520Z",
  "exitCode": 0,
  "signal": null,
  "measurement": {
    "status": "NOT_RECORDED"
  },
  "samples": [
    {
      "at": "2026-09-29T00:05:49.004Z",
      "loadAverage": [
        2.1669921875,
        2.49853515625,
        2.91796875
      ],
      "freeMemoryBytes": 9513271296,
      "totalMemoryBytes": 38654705664
    },
    {
      "at": "2026-09-29T00:05:49.518Z",
      "loadAverage": [
        2.1533203125,
        2.490234375,
        2.912109375
      ],
      "freeMemoryBytes": 9505619968,
      "totalMemoryBytes": 38654705664
    }
  ]
}
