{
  "schemaVersion": 1,
  "kind": "seedlands-performance-window",
  "status": "PASS",
  "version": 2,
  "ownerThread": "seedlands-performance-validator",
  "runId": "v2-canonical-browser-25-metadata-format-final-02",
  "pid": 53297,
  "startedAt": "2026-09-29T00:10:50.711Z",
  "windowId": "v2-canonical-browser-25-metadata-format-final-02",
  "evidencePath": "changes/2026-09-23-classic-functional-completion/evidence/v2-canonical-browser-25/metadata-format.window.json.log",
  "waitedMs": 1,
  "endedAt": "2026-09-29T00:10:51.158Z",
  "exitCode": 0,
  "signal": null,
  "measurement": {
    "status": "NOT_RECORDED"
  },
  "samples": [
    {
      "at": "2026-09-29T00:10:50.712Z",
      "loadAverage": [
        2.1708984375,
        2.45263671875,
        2.779296875
      ],
      "freeMemoryBytes": 8784969728,
      "totalMemoryBytes": 38654705664
    },
    {
      "at": "2026-09-29T00:10:51.156Z",
      "loadAverage": [
        2.31689453125,
        2.47802734375,
        2.7861328125
      ],
      "freeMemoryBytes": 8787116032,
      "totalMemoryBytes": 38654705664
    }
  ]
}
