{
  "schemaVersion": 1,
  "kind": "seedlands-performance-window",
  "status": "PASS",
  "version": 2,
  "ownerThread": "seedlands-performance-validator",
  "runId": "v2-equipment-resource-route-close-02-affected-03",
  "pid": 212,
  "startedAt": "2026-09-26T03:06:46.132Z",
  "windowId": "v2-equipment-resource-route-close-02-affected-03",
  "evidencePath": "changes/2026-09-23-classic-functional-completion/evidence/v2-equipment-resource-route-close-02/affected-03-window.json.log",
  "waitedMs": 1,
  "endedAt": "2026-09-26T03:06:47.966Z",
  "exitCode": 0,
  "signal": null,
  "measurement": {
    "status": "NOT_RECORDED"
  },
  "samples": [
    {
      "at": "2026-09-26T03:06:46.133Z",
      "loadAverage": [
        4.1298828125,
        3.5478515625,
        3.43359375
      ],
      "freeMemoryBytes": 266174464,
      "totalMemoryBytes": 38654705664
    },
    {
      "at": "2026-09-26T03:06:47.965Z",
      "loadAverage": [
        4.279296875,
        3.58837890625,
        3.4482421875
      ],
      "freeMemoryBytes": 494682112,
      "totalMemoryBytes": 38654705664
    }
  ]
}
