{
  "schemaVersion": 1,
  "kind": "seedlands-performance-window",
  "status": "PASS",
  "version": 2,
  "ownerThread": "seedlands-performance-validator",
  "runId": "v2-equipment-resource-route-close-02-affected",
  "pid": 92704,
  "startedAt": "2026-09-26T02:58:15.717Z",
  "windowId": "v2-equipment-resource-route-close-02-affected",
  "evidencePath": "changes/2026-09-23-classic-functional-completion/evidence/v2-equipment-resource-route-close-02/affected-window.json.log",
  "waitedMs": 1,
  "endedAt": "2026-09-26T02:58:17.421Z",
  "exitCode": 0,
  "signal": null,
  "measurement": {
    "status": "NOT_RECORDED"
  },
  "samples": [
    {
      "at": "2026-09-26T02:58:15.718Z",
      "loadAverage": [
        2.642578125,
        3.1240234375,
        3.34912109375
      ],
      "freeMemoryBytes": 348585984,
      "totalMemoryBytes": 38654705664
    },
    {
      "at": "2026-09-26T02:58:17.419Z",
      "loadAverage": [
        2.642578125,
        3.1240234375,
        3.34912109375
      ],
      "freeMemoryBytes": 459636736,
      "totalMemoryBytes": 38654705664
    }
  ]
}
