{
  "schemaVersion": 1,
  "kind": "seedlands-performance-window",
  "status": "PASS",
  "version": 2,
  "ownerThread": "seedlands-performance-validator",
  "runId": "v2-equipment-resource-route-close-02-classic-types-05",
  "pid": 8702,
  "startedAt": "2026-09-26T03:17:45.619Z",
  "windowId": "v2-equipment-resource-route-close-02-classic-types-05",
  "evidencePath": "changes/2026-09-23-classic-functional-completion/evidence/v2-equipment-resource-route-close-02/classic-types-05-window.json.log",
  "waitedMs": 1,
  "endedAt": "2026-09-26T03:17:49.086Z",
  "exitCode": 0,
  "signal": null,
  "measurement": {
    "status": "NOT_RECORDED"
  },
  "samples": [
    {
      "at": "2026-09-26T03:17:45.620Z",
      "loadAverage": [
        2.7568359375,
        2.984375,
        3.20068359375
      ],
      "freeMemoryBytes": 827441152,
      "totalMemoryBytes": 38654705664
    },
    {
      "at": "2026-09-26T03:17:49.084Z",
      "loadAverage": [
        3.09619140625,
        3.05078125,
        3.22265625
      ],
      "freeMemoryBytes": 920174592,
      "totalMemoryBytes": 38654705664
    }
  ]
}
