{
  "schemaVersion": 1,
  "kind": "seedlands-performance-window",
  "status": "PASS",
  "version": 2,
  "ownerThread": "seedlands-performance-validator",
  "runId": "v2-equipment-resource-route-close-02-classic-types-03",
  "pid": 798,
  "startedAt": "2026-09-26T03:07:04.015Z",
  "windowId": "v2-equipment-resource-route-close-02-classic-types-03",
  "evidencePath": "changes/2026-09-23-classic-functional-completion/evidence/v2-equipment-resource-route-close-02/classic-types-03-window.json.log",
  "waitedMs": 1,
  "endedAt": "2026-09-26T03:07:07.517Z",
  "exitCode": 0,
  "signal": null,
  "measurement": {
    "status": "NOT_RECORDED"
  },
  "samples": [
    {
      "at": "2026-09-26T03:07:04.016Z",
      "loadAverage": [
        4.8681640625,
        3.75390625,
        3.50927734375
      ],
      "freeMemoryBytes": 418824192,
      "totalMemoryBytes": 38654705664
    },
    {
      "at": "2026-09-26T03:07:07.515Z",
      "loadAverage": [
        4.79833984375,
        3.7578125,
        3.51171875
      ],
      "freeMemoryBytes": 932085760,
      "totalMemoryBytes": 38654705664
    }
  ]
}
