{
  "schemaVersion": 1,
  "kind": "seedlands-performance-window",
  "status": "FAIL",
  "version": 2,
  "ownerThread": "seedlands-performance-validator",
  "runId": "v2-equipment-resource-route-close-02-classic-types",
  "pid": 93539,
  "startedAt": "2026-09-26T02:58:34.939Z",
  "windowId": "v2-equipment-resource-route-close-02-classic-types",
  "evidencePath": "changes/2026-09-23-classic-functional-completion/evidence/v2-equipment-resource-route-close-02/classic-types-window.json.log",
  "waitedMs": 1,
  "endedAt": "2026-09-26T02:58:38.300Z",
  "exitCode": 2,
  "signal": null,
  "measurement": {
    "status": "NOT_RECORDED"
  },
  "samples": [
    {
      "at": "2026-09-26T02:58:34.940Z",
      "loadAverage": [
        2.37060546875,
        3.0361328125,
        3.3134765625
      ],
      "freeMemoryBytes": 543326208,
      "totalMemoryBytes": 38654705664
    },
    {
      "at": "2026-09-26T02:58:38.297Z",
      "loadAverage": [
        2.6611328125,
        3.0849609375,
        3.3291015625
      ],
      "freeMemoryBytes": 927416320,
      "totalMemoryBytes": 38654705664
    }
  ]
}
