{
  "schemaVersion": 1,
  "kind": "seedlands-performance-window",
  "status": "PASS",
  "version": 2,
  "ownerThread": "seedlands-performance-validator",
  "runId": "v2-equipment-resource-route-close-02-eslint-05",
  "pid": 9644,
  "startedAt": "2026-09-26T03:18:02.931Z",
  "windowId": "v2-equipment-resource-route-close-02-eslint-05",
  "evidencePath": "changes/2026-09-23-classic-functional-completion/evidence/v2-equipment-resource-route-close-02/eslint-05-window.json.log",
  "waitedMs": 1,
  "endedAt": "2026-09-26T03:18:04.151Z",
  "exitCode": 0,
  "signal": null,
  "measurement": {
    "status": "NOT_RECORDED"
  },
  "samples": [
    {
      "at": "2026-09-26T03:18:02.932Z",
      "loadAverage": [
        2.85986328125,
        3,
        3.2021484375
      ],
      "freeMemoryBytes": 833257472,
      "totalMemoryBytes": 38654705664
    },
    {
      "at": "2026-09-26T03:18:04.150Z",
      "loadAverage": [
        2.87060546875,
        3,
        3.20068359375
      ],
      "freeMemoryBytes": 915816448,
      "totalMemoryBytes": 38654705664
    }
  ]
}
