{
  "schemaVersion": 1,
  "kind": "seedlands-performance-window",
  "status": "PASS",
  "version": 2,
  "ownerThread": "seedlands-performance-validator",
  "runId": "v2-equipment-resource-route-close-02-eslint-02",
  "pid": 95500,
  "startedAt": "2026-09-26T03:02:28.875Z",
  "windowId": "v2-equipment-resource-route-close-02-eslint-02",
  "evidencePath": "changes/2026-09-23-classic-functional-completion/evidence/v2-equipment-resource-route-close-02/eslint-02-window.json.log",
  "waitedMs": 1,
  "endedAt": "2026-09-26T03:02:30.415Z",
  "exitCode": 0,
  "signal": null,
  "measurement": {
    "status": "NOT_RECORDED"
  },
  "samples": [
    {
      "at": "2026-09-26T03:02:28.876Z",
      "loadAverage": [
        3.958984375,
        3.46923828125,
        3.41650390625
      ],
      "freeMemoryBytes": 942899200,
      "totalMemoryBytes": 38654705664
    },
    {
      "at": "2026-09-26T03:02:30.413Z",
      "loadAverage": [
        3.958984375,
        3.46923828125,
        3.41650390625
      ],
      "freeMemoryBytes": 895336448,
      "totalMemoryBytes": 38654705664
    }
  ]
}
