{
  "schemaVersion": 1,
  "kind": "seedlands-performance-window",
  "status": "PASS",
  "version": 2,
  "ownerThread": "seedlands-performance-validator",
  "runId": "v2-equipment-resource-route-close-02-eslint-03",
  "pid": 1688,
  "startedAt": "2026-09-26T03:07:37.048Z",
  "windowId": "v2-equipment-resource-route-close-02-eslint-03",
  "evidencePath": "changes/2026-09-23-classic-functional-completion/evidence/v2-equipment-resource-route-close-02/eslint-03-window.json.log",
  "waitedMs": 2,
  "endedAt": "2026-09-26T03:07:38.102Z",
  "exitCode": 0,
  "signal": null,
  "measurement": {
    "status": "NOT_RECORDED"
  },
  "samples": [
    {
      "at": "2026-09-26T03:07:37.050Z",
      "loadAverage": [
        4.78076171875,
        3.87060546875,
        3.5615234375
      ],
      "freeMemoryBytes": 1091420160,
      "totalMemoryBytes": 38654705664
    },
    {
      "at": "2026-09-26T03:07:38.100Z",
      "loadAverage": [
        4.78076171875,
        3.87060546875,
        3.5615234375
      ],
      "freeMemoryBytes": 1161363456,
      "totalMemoryBytes": 38654705664
    }
  ]
}
