{
  "schemaVersion": 1,
  "kind": "seedlands-performance-window",
  "status": "PASS",
  "version": 2,
  "ownerThread": "seedlands-performance-validator",
  "runId": "v2-equipment-resource-route-close-02-evidence-final",
  "pid": 97838,
  "startedAt": "2026-09-26T03:04:01.033Z",
  "windowId": "v2-equipment-resource-route-close-02-evidence-final",
  "evidencePath": "changes/2026-09-23-classic-functional-completion/evidence/v2-equipment-resource-route-close-02/evidence-final-window.json.log",
  "waitedMs": 1,
  "endedAt": "2026-09-26T03:04:01.922Z",
  "exitCode": 0,
  "signal": null,
  "measurement": {
    "status": "NOT_RECORDED"
  },
  "samples": [
    {
      "at": "2026-09-26T03:04:01.034Z",
      "loadAverage": [
        3.2802734375,
        3.33984375,
        3.3671875
      ],
      "freeMemoryBytes": 564723712,
      "totalMemoryBytes": 38654705664
    },
    {
      "at": "2026-09-26T03:04:01.920Z",
      "loadAverage": [
        3.2578125,
        3.333984375,
        3.36474609375
      ],
      "freeMemoryBytes": 598016000,
      "totalMemoryBytes": 38654705664
    }
  ]
}
