{
  "schemaVersion": 1,
  "kind": "seedlands-performance-window",
  "status": "PASS",
  "version": 2,
  "ownerThread": "seedlands-performance-validator",
  "runId": "v2-equipment-resource-route-close-02-evidence-final-02",
  "pid": 3773,
  "startedAt": "2026-09-26T03:09:19.545Z",
  "windowId": "v2-equipment-resource-route-close-02-evidence-final-02",
  "evidencePath": "changes/2026-09-23-classic-functional-completion/evidence/v2-equipment-resource-route-close-02/evidence-final-02-window.json.log",
  "waitedMs": 2,
  "endedAt": "2026-09-26T03:09:20.417Z",
  "exitCode": 0,
  "signal": null,
  "measurement": {
    "status": "NOT_RECORDED"
  },
  "samples": [
    {
      "at": "2026-09-26T03:09:19.547Z",
      "loadAverage": [
        2.9423828125,
        3.4921875,
        3.44580078125
      ],
      "freeMemoryBytes": 1136934912,
      "totalMemoryBytes": 38654705664
    },
    {
      "at": "2026-09-26T03:09:20.416Z",
      "loadAverage": [
        2.9423828125,
        3.4921875,
        3.44580078125
      ],
      "freeMemoryBytes": 1076428800,
      "totalMemoryBytes": 38654705664
    }
  ]
}
