{
  "schemaVersion": 1,
  "kind": "seedlands-performance-window",
  "status": "PASS",
  "version": 2,
  "ownerThread": "seedlands-performance-validator",
  "runId": "v2-equipment-resource-route-close-02-format-final-04",
  "pid": 7210,
  "startedAt": "2026-09-26T03:14:10.650Z",
  "windowId": "v2-equipment-resource-route-close-02-format-final-04",
  "evidencePath": "changes/2026-09-23-classic-functional-completion/evidence/v2-equipment-resource-route-close-02/format-final-04-window.json.log",
  "waitedMs": 1,
  "endedAt": "2026-09-26T03:14:11.151Z",
  "exitCode": 0,
  "signal": null,
  "measurement": {
    "status": "NOT_RECORDED"
  },
  "samples": [
    {
      "at": "2026-09-26T03:14:10.651Z",
      "loadAverage": [
        2.439453125,
        3.15087890625,
        3.3125
      ],
      "freeMemoryBytes": 888160256,
      "totalMemoryBytes": 38654705664
    },
    {
      "at": "2026-09-26T03:14:11.149Z",
      "loadAverage": [
        2.439453125,
        3.15087890625,
        3.3125
      ],
      "freeMemoryBytes": 893665280,
      "totalMemoryBytes": 38654705664
    }
  ]
}
