{
  "schemaVersion": 1,
  "kind": "seedlands-performance-window",
  "status": "PASS",
  "version": 2,
  "ownerThread": "seedlands-performance-validator",
  "runId": "v2-equipment-resource-route-close-02-format-final",
  "pid": 91791,
  "startedAt": "2026-09-26T02:58:07.419Z",
  "windowId": "v2-equipment-resource-route-close-02-format-final",
  "evidencePath": "changes/2026-09-23-classic-functional-completion/evidence/v2-equipment-resource-route-close-02/format-final-window.json.log",
  "waitedMs": 2,
  "endedAt": "2026-09-26T02:58:07.977Z",
  "exitCode": 0,
  "signal": null,
  "measurement": {
    "status": "NOT_RECORDED"
  },
  "samples": [
    {
      "at": "2026-09-26T02:58:07.421Z",
      "loadAverage": [
        2.48388671875,
        3.111328125,
        3.34814453125
      ],
      "freeMemoryBytes": 357826560,
      "totalMemoryBytes": 38654705664
    },
    {
      "at": "2026-09-26T02:58:07.975Z",
      "loadAverage": [
        2.48388671875,
        3.111328125,
        3.34814453125
      ],
      "freeMemoryBytes": 360873984,
      "totalMemoryBytes": 38654705664
    }
  ]
}
