{
  "schemaVersion": 1,
  "kind": "seedlands-performance-window",
  "status": "PASS",
  "version": 2,
  "ownerThread": "seedlands-performance-validator",
  "runId": "v2-equipment-resource-route-close-02-format-final-03",
  "pid": 99784,
  "startedAt": "2026-09-26T03:06:37.561Z",
  "windowId": "v2-equipment-resource-route-close-02-format-final-03",
  "evidencePath": "changes/2026-09-23-classic-functional-completion/evidence/v2-equipment-resource-route-close-02/format-final-03-window.json.log",
  "waitedMs": 1,
  "endedAt": "2026-09-26T03:06:38.293Z",
  "exitCode": 0,
  "signal": null,
  "measurement": {
    "status": "NOT_RECORDED"
  },
  "samples": [
    {
      "at": "2026-09-26T03:06:37.562Z",
      "loadAverage": [
        4.228515625,
        3.55712890625,
        3.4365234375
      ],
      "freeMemoryBytes": 285884416,
      "totalMemoryBytes": 38654705664
    },
    {
      "at": "2026-09-26T03:06:38.292Z",
      "loadAverage": [
        4.228515625,
        3.55712890625,
        3.4365234375
      ],
      "freeMemoryBytes": 379076608,
      "totalMemoryBytes": 38654705664
    }
  ]
}
