{
  "schemaVersion": 1,
  "kind": "seedlands-performance-window",
  "status": "PASS",
  "version": 2,
  "ownerThread": "seedlands-performance-validator",
  "runId": "v2-equipment-resource-route-close-02-format-write",
  "pid": 91087,
  "startedAt": "2026-09-26T02:56:37.637Z",
  "windowId": "v2-equipment-resource-route-close-02-format-write",
  "evidencePath": "changes/2026-09-23-classic-functional-completion/evidence/v2-equipment-resource-route-close-02/format-write-window.json.log",
  "waitedMs": 2,
  "endedAt": "2026-09-26T02:56:38.207Z",
  "exitCode": 0,
  "signal": null,
  "measurement": {
    "status": "NOT_RECORDED"
  },
  "samples": [
    {
      "at": "2026-09-26T02:56:37.639Z",
      "loadAverage": [
        2.99560546875,
        3.32763671875,
        3.443359375
      ],
      "freeMemoryBytes": 493813760,
      "totalMemoryBytes": 38654705664
    },
    {
      "at": "2026-09-26T02:56:38.206Z",
      "loadAverage": [
        2.99560546875,
        3.32763671875,
        3.443359375
      ],
      "freeMemoryBytes": 493092864,
      "totalMemoryBytes": 38654705664
    }
  ]
}
