{
  "schemaVersion": 1,
  "kind": "seedlands-performance-window",
  "status": "PASS",
  "version": 2,
  "ownerThread": "seedlands-performance-validator",
  "runId": "v2-equipment-resource-route-close-02-green",
  "pid": 90912,
  "startedAt": "2026-09-26T02:55:54.205Z",
  "windowId": "v2-equipment-resource-route-close-02-green",
  "evidencePath": "changes/2026-09-23-classic-functional-completion/evidence/v2-equipment-resource-route-close-02/green-window.json.log",
  "waitedMs": 1,
  "endedAt": "2026-09-26T02:55:54.990Z",
  "exitCode": 0,
  "signal": null,
  "measurement": {
    "status": "NOT_RECORDED"
  },
  "samples": [
    {
      "at": "2026-09-26T02:55:54.206Z",
      "loadAverage": [
        2.76513671875,
        3.34716796875,
        3.4580078125
      ],
      "freeMemoryBytes": 514621440,
      "totalMemoryBytes": 38654705664
    },
    {
      "at": "2026-09-26T02:55:54.988Z",
      "loadAverage": [
        2.76513671875,
        3.34716796875,
        3.4580078125
      ],
      "freeMemoryBytes": 411500544,
      "totalMemoryBytes": 38654705664
    }
  ]
}
