{
  "schemaVersion": 1,
  "kind": "seedlands-performance-window",
  "status": "PASS",
  "version": 2,
  "ownerThread": "seedlands-performance-validator",
  "runId": "v2-equipment-resource-route-close-02-green-02",
  "pid": 94689,
  "startedAt": "2026-09-26T03:00:52.421Z",
  "windowId": "v2-equipment-resource-route-close-02-green-02",
  "evidencePath": "changes/2026-09-23-classic-functional-completion/evidence/v2-equipment-resource-route-close-02/green-02-window.json.log",
  "waitedMs": 1,
  "endedAt": "2026-09-26T03:00:53.226Z",
  "exitCode": 0,
  "signal": null,
  "measurement": {
    "status": "NOT_RECORDED"
  },
  "samples": [
    {
      "at": "2026-09-26T03:00:52.422Z",
      "loadAverage": [
        3.33203125,
        3.1123046875,
        3.2939453125
      ],
      "freeMemoryBytes": 625737728,
      "totalMemoryBytes": 38654705664
    },
    {
      "at": "2026-09-26T03:00:53.224Z",
      "loadAverage": [
        3.33203125,
        3.1123046875,
        3.2939453125
      ],
      "freeMemoryBytes": 597098496,
      "totalMemoryBytes": 38654705664
    }
  ]
}
