{
  "schemaVersion": 1,
  "kind": "seedlands-performance-window",
  "status": "FAIL",
  "version": 2,
  "ownerThread": "seedlands-performance-validator",
  "runId": "v2-equipment-resource-route-close-02-red",
  "pid": 90748,
  "startedAt": "2026-09-26T02:55:31.797Z",
  "windowId": "v2-equipment-resource-route-close-02-red",
  "evidencePath": "changes/2026-09-23-classic-functional-completion/evidence/v2-equipment-resource-route-close-02/red-window.json.log",
  "waitedMs": 1,
  "endedAt": "2026-09-26T02:55:32.832Z",
  "exitCode": 1,
  "signal": null,
  "measurement": {
    "status": "NOT_RECORDED"
  },
  "samples": [
    {
      "at": "2026-09-26T02:55:31.798Z",
      "loadAverage": [
        3.1455078125,
        3.4580078125,
        3.4990234375
      ],
      "freeMemoryBytes": 430620672,
      "totalMemoryBytes": 38654705664
    },
    {
      "at": "2026-09-26T02:55:32.830Z",
      "loadAverage": [
        3.1455078125,
        3.4580078125,
        3.4990234375
      ],
      "freeMemoryBytes": 422313984,
      "totalMemoryBytes": 38654705664
    }
  ]
}
