{
  "schemaVersion": 1,
  "kind": "seedlands-performance-window",
  "status": "PASS",
  "version": 2,
  "ownerThread": "seedlands-performance-validator",
  "runId": "v2-equipment-resource-route-close-02-root-types-05",
  "pid": 8910,
  "startedAt": "2026-09-26T03:17:53.901Z",
  "windowId": "v2-equipment-resource-route-close-02-root-types-05",
  "evidencePath": "changes/2026-09-23-classic-functional-completion/evidence/v2-equipment-resource-route-close-02/root-types-05-window.json.log",
  "waitedMs": 1,
  "endedAt": "2026-09-26T03:17:57.126Z",
  "exitCode": 0,
  "signal": null,
  "measurement": {
    "status": "NOT_RECORDED"
  },
  "samples": [
    {
      "at": "2026-09-26T03:17:53.902Z",
      "loadAverage": [
        2.84814453125,
        3,
        3.20361328125
      ],
      "freeMemoryBytes": 790413312,
      "totalMemoryBytes": 38654705664
    },
    {
      "at": "2026-09-26T03:17:57.124Z",
      "loadAverage": [
        2.84814453125,
        3,
        3.20361328125
      ],
      "freeMemoryBytes": 943161344,
      "totalMemoryBytes": 38654705664
    }
  ]
}
