{
  "schemaVersion": 1,
  "kind": "seedlands-performance-window",
  "status": "PASS",
  "version": 2,
  "ownerThread": "seedlands-performance-validator",
  "runId": "v2-equipment-resource-route-close-02-root-types-04",
  "pid": 7622,
  "startedAt": "2026-09-26T03:14:58.762Z",
  "windowId": "v2-equipment-resource-route-close-02-root-types-04",
  "evidencePath": "changes/2026-09-23-classic-functional-completion/evidence/v2-equipment-resource-route-close-02/root-types-04-window.json.log",
  "waitedMs": 2,
  "endedAt": "2026-09-26T03:15:01.889Z",
  "exitCode": 0,
  "signal": null,
  "measurement": {
    "status": "NOT_RECORDED"
  },
  "samples": [
    {
      "at": "2026-09-26T03:14:58.764Z",
      "loadAverage": [
        2.37109375,
        3.02978515625,
        3.2578125
      ],
      "freeMemoryBytes": 1013153792,
      "totalMemoryBytes": 38654705664
    },
    {
      "at": "2026-09-26T03:15:01.887Z",
      "loadAverage": [
        2.37109375,
        3.02978515625,
        3.2578125
      ],
      "freeMemoryBytes": 964640768,
      "totalMemoryBytes": 38654705664
    }
  ]
}
