{
  "schemaVersion": 1,
  "kind": "seedlands-performance-window",
  "status": "PASS",
  "version": 2,
  "ownerThread": "seedlands-performance-validator",
  "runId": "v2-equipment-resource-route-close-02-root-types-03",
  "pid": 1408,
  "startedAt": "2026-09-26T03:07:21.290Z",
  "windowId": "v2-equipment-resource-route-close-02-root-types-03",
  "evidencePath": "changes/2026-09-23-classic-functional-completion/evidence/v2-equipment-resource-route-close-02/root-types-03-window.json.log",
  "waitedMs": 1,
  "endedAt": "2026-09-26T03:07:24.595Z",
  "exitCode": 0,
  "signal": null,
  "measurement": {
    "status": "NOT_RECORDED"
  },
  "samples": [
    {
      "at": "2026-09-26T03:07:21.291Z",
      "loadAverage": [
        5.06298828125,
        3.84765625,
        3.5458984375
      ],
      "freeMemoryBytes": 1173454848,
      "totalMemoryBytes": 38654705664
    },
    {
      "at": "2026-09-26T03:07:24.594Z",
      "loadAverage": [
        5.2177734375,
        3.89990234375,
        3.56591796875
      ],
      "freeMemoryBytes": 1249247232,
      "totalMemoryBytes": 38654705664
    }
  ]
}
