{
  "schemaVersion": 1,
  "kind": "seedlands-performance-window",
  "status": "PASS",
  "version": 2,
  "ownerThread": "seedlands-performance-validator",
  "runId": "v2-equipment-resource-route-close-02-static-05",
  "pid": 9833,
  "startedAt": "2026-09-26T03:18:13.309Z",
  "windowId": "v2-equipment-resource-route-close-02-static-05",
  "evidencePath": "changes/2026-09-23-classic-functional-completion/evidence/v2-equipment-resource-route-close-02/static-05-window.json.log",
  "waitedMs": 2,
  "endedAt": "2026-09-26T03:18:13.943Z",
  "exitCode": 0,
  "signal": null,
  "measurement": {
    "status": "NOT_RECORDED"
  },
  "samples": [
    {
      "at": "2026-09-26T03:18:13.311Z",
      "loadAverage": [
        2.880859375,
        3,
        3.19921875
      ],
      "freeMemoryBytes": 1075216384,
      "totalMemoryBytes": 38654705664
    },
    {
      "at": "2026-09-26T03:18:13.941Z",
      "loadAverage": [
        2.81005859375,
        2.9833984375,
        3.19189453125
      ],
      "freeMemoryBytes": 1104166912,
      "totalMemoryBytes": 38654705664
    }
  ]
}
