{
  "schemaVersion": 1,
  "kind": "seedlands-performance-window",
  "status": "PASS",
  "version": 2,
  "ownerThread": "seedlands-performance-validator",
  "runId": "v2-equipment-resource-route-close-02-static-03",
  "pid": 1840,
  "startedAt": "2026-09-26T03:07:47.364Z",
  "windowId": "v2-equipment-resource-route-close-02-static-03",
  "evidencePath": "changes/2026-09-23-classic-functional-completion/evidence/v2-equipment-resource-route-close-02/static-03-window.json.log",
  "waitedMs": 1,
  "endedAt": "2026-09-26T03:07:48.005Z",
  "exitCode": 0,
  "signal": null,
  "measurement": {
    "status": "NOT_RECORDED"
  },
  "samples": [
    {
      "at": "2026-09-26T03:07:47.365Z",
      "loadAverage": [
        4.34619140625,
        3.80810546875,
        3.54296875
      ],
      "freeMemoryBytes": 1111916544,
      "totalMemoryBytes": 38654705664
    },
    {
      "at": "2026-09-26T03:07:48.004Z",
      "loadAverage": [
        4.34619140625,
        3.80810546875,
        3.54296875
      ],
      "freeMemoryBytes": 1119551488,
      "totalMemoryBytes": 38654705664
    }
  ]
}
