{
  "schemaVersion": 1,
  "kind": "seedlands-performance-window",
  "status": "PASS",
  "version": 2,
  "ownerThread": "seedlands-performance-validator",
  "runId": "v2-equipment-resource-route-close-02-static-02",
  "pid": 95759,
  "startedAt": "2026-09-26T03:02:48.794Z",
  "windowId": "v2-equipment-resource-route-close-02-static-02",
  "evidencePath": "changes/2026-09-23-classic-functional-completion/evidence/v2-equipment-resource-route-close-02/static-02-window.json.log",
  "waitedMs": 1,
  "endedAt": "2026-09-26T03:02:49.449Z",
  "exitCode": 0,
  "signal": null,
  "measurement": {
    "status": "NOT_RECORDED"
  },
  "samples": [
    {
      "at": "2026-09-26T03:02:48.795Z",
      "loadAverage": [
        3.2607421875,
        3.3408203125,
        3.37158203125
      ],
      "freeMemoryBytes": 769966080,
      "totalMemoryBytes": 38654705664
    },
    {
      "at": "2026-09-26T03:02:49.447Z",
      "loadAverage": [
        3.2607421875,
        3.3408203125,
        3.37158203125
      ],
      "freeMemoryBytes": 757137408,
      "totalMemoryBytes": 38654705664
    }
  ]
}
