{
  "schemaVersion": 1,
  "kind": "seedlands-performance-window",
  "status": "PASS",
  "version": 2,
  "ownerThread": "seedlands-performance-validator",
  "runId": "v2-canonical-browser-16-metadata-final",
  "pid": 79905,
  "startedAt": "2026-09-26T04:28:27.849Z",
  "windowId": "v2-canonical-browser-16-metadata-final",
  "evidencePath": "changes/2026-09-23-classic-functional-completion/evidence/v2-canonical-browser-16/metadata-final-window.json.log",
  "waitedMs": 1,
  "endedAt": "2026-09-26T04:28:28.670Z",
  "exitCode": 0,
  "signal": null,
  "measurement": {
    "status": "NOT_RECORDED"
  },
  "samples": [
    {
      "at": "2026-09-26T04:28:27.850Z",
      "loadAverage": [
        3.49951171875,
        3.5693359375,
        3.74658203125
      ],
      "freeMemoryBytes": 264388608,
      "totalMemoryBytes": 38654705664
    },
    {
      "at": "2026-09-26T04:28:28.668Z",
      "loadAverage": [
        3.49951171875,
        3.5693359375,
        3.74658203125
      ],
      "freeMemoryBytes": 354451456,
      "totalMemoryBytes": 38654705664
    }
  ]
}
