{
  "schemaVersion": 1,
  "kind": "seedlands-performance-window",
  "status": "FAIL",
  "version": 2,
  "ownerThread": "seedlands-performance-validator",
  "runId": "da2aac87-8432-4039-b0ea-a404f803e6fe",
  "pid": 64458,
  "startedAt": "2026-09-26T04:09:20.018Z",
  "windowId": "da2aac87-8432-4039-b0ea-a404f803e6fe",
  "evidencePath": "harness/results/performance-windows/da2aac87-8432-4039-b0ea-a404f803e6fe.json",
  "waitedMs": 1,
  "endedAt": "2026-09-26T04:17:03.079Z",
  "exitCode": 1,
  "signal": null,
  "measurement": {
    "status": "NOT_RECORDED"
  },
  "samples": [
    {
      "at": "2026-09-26T04:09:20.019Z",
      "loadAverage": [
        3.1142578125,
        3.42822265625,
        3.42236328125
      ],
      "freeMemoryBytes": 1220083712,
      "totalMemoryBytes": 38654705664
    },
    {
      "at": "2026-09-26T04:09:25.022Z",
      "loadAverage": [
        2.94482421875,
        3.3876953125,
        3.40771484375
      ],
      "freeMemoryBytes": 81690624,
      "totalMemoryBytes": 38654705664
    },
    {
      "at": "2026-09-26T04:09:30.023Z",
      "loadAverage": [
        3.029296875,
        3.3974609375,
        3.4111328125
      ],
      "freeMemoryBytes": 78774272,
      "totalMemoryBytes": 38654705664
    },
    {
      "at": "2026-09-26T04:09:35.026Z",
      "loadAverage": [
        3.18701171875,
        3.423828125,
        3.42041015625
      ],
      "freeMemoryBytes": 109674496,
      "totalMemoryBytes": 38654705664
    },
    {
      "at": "2026-09-26T04:09:40.026Z",
      "loadAverage": [
        3.251953125,
        3.43310546875,
        3.42333984375
      ],
      "freeMemoryBytes": 68698112,
      "totalMemoryBytes": 38654705664
    },
    {
      "at": "2026-09-26T04:09:45.028Z",
      "loadAverage": [
        3.9521484375,
        3.5751953125,
        3.47314453125
      ],
      "freeMemoryBytes": 70287360,
      "totalMemoryBytes": 38654705664
    },
    {
      "at": "2026-09-26T04:09:50.030Z",
      "loadAverage": [
        4.11572265625,
        3.615234375,
        3.48779296875
      ],
      "freeMemoryBytes": 88064000,
      "totalMemoryBytes": 38654705664
    },
    {
      "at": "2026-09-26T04:09:55.031Z",
      "loadAverage": [
        4.0263671875,
        3.60498046875,
        3.48486328125
      ],
      "freeMemoryBytes": 81444864,
      "totalMemoryBytes": 38654705664
    },
    {
      "at": "2026-09-26T04:10:00.031Z",
      "loadAverage": [
        4.82470703125,
        3.77734375,
        3.54638671875
      ],
      "freeMemoryBytes": 65142784,
      "totalMemoryBytes": 38654705664
    },
    {
      "at": "2026-09-26T04:10:05.031Z",
      "loadAverage": [
        4.83837890625,
        3.79736328125,
        3.5546875
      ],
      "freeMemoryBytes": 104316928,
      "totalMemoryBytes": 38654705664
    },
    {
      "at": "2026-09-26T04:10:10.033Z",
      "loadAverage": [
        4.61083984375,
        3.76708984375,
        3.54541015625
      ],
      "freeMemoryBytes": 145883136,
      "totalMemoryBytes": 38654705664
    },
    {
      "at": "2026-09-26T04:10:15.034Z",
      "loadAverage": [
        4.3212890625,
        3.720703125,
        3.5302734375
      ],
      "freeMemoryBytes": 421265408,
      "totalMemoryBytes": 38654705664
    },
    {
      "at": "2026-09-26T04:10:20.037Z",
      "loadAverage": [
        4.37548828125,
        3.74169921875,
        3.53857421875
      ],
      "freeMemoryBytes": 283901952,
      "totalMemoryBytes": 38654705664
    },
    {
      "at": "2026-09-26T04:10:25.039Z",
      "loadAverage": [
        4.26513671875,
        3.72900390625,
        3.53515625
      ],
      "freeMemoryBytes": 240615424,
      "totalMemoryBytes": 38654705664
    },
    {
      "at": "2026-09-26T04:10:30.041Z",
      "loadAverage": [
        4.16357421875,
        3.716796875,
        3.53173828125
      ],
      "freeMemoryBytes": 448118784,
      "totalMemoryBytes": 38654705664
    },
    {
      "at": "2026-09-26T04:10:35.042Z",
      "loadAverage": [
        4.310546875,
        3.75439453125,
        3.5458984375
      ],
      "freeMemoryBytes": 184664064,
      "totalMemoryBytes": 38654705664
    },
    {
      "at": "2026-09-26T04:10:40.044Z",
      "loadAverage": [
        4.36572265625,
        3.77490234375,
        3.55419921875
      ],
      "freeMemoryBytes": 173539328,
      "totalMemoryBytes": 38654705664
    },
    {
      "at": "2026-09-26T04:10:45.046Z",
      "loadAverage": [
        4.49658203125,
        3.8115234375,
        3.568359375
      ],
      "freeMemoryBytes": 67239936,
      "totalMemoryBytes": 38654705664
    },
    {
      "at": "2026-09-26T04:10:50.049Z",
      "loadAverage": [
        4.53662109375,
        3.8310546875,
        3.57666015625
      ],
      "freeMemoryBytes": 236535808,
      "totalMemoryBytes": 38654705664
    },
    {
      "at": "2026-09-26T04:10:55.049Z",
      "loadAverage": [
        4.7333984375,
        3.88330078125,
        3.5966796875
      ],
      "freeMemoryBytes": 161513472,
      "totalMemoryBytes": 38654705664
    },
    {
      "at": "2026-09-26T04:11:00.051Z",
      "loadAverage": [
        4.75439453125,
        3.9013671875,
        3.6044921875
      ],
      "freeMemoryBytes": 218562560,
      "totalMemoryBytes": 38654705664
    },
    {
      "at": "2026-09-26T04:11:05.052Z",
      "loadAverage": [
        4.93408203125,
        3.95263671875,
        3.6240234375
      ],
      "freeMemoryBytes": 383778816,
      "totalMemoryBytes": 38654705664
    },
    {
      "at": "2026-09-26T04:11:10.054Z",
      "loadAverage": [
        4.93896484375,
        3.9697265625,
        3.6318359375
      ],
      "freeMemoryBytes": 414531584,
      "totalMemoryBytes": 38654705664
    },
    {
      "at": "2026-09-26T04:11:15.054Z",
      "loadAverage": [
        5.18408203125,
        4.03662109375,
        3.6572265625
      ],
      "freeMemoryBytes": 558366720,
      "totalMemoryBytes": 38654705664
    },
    {
      "at": "2026-09-26T04:11:20.056Z",
      "loadAverage": [
        5.7294921875,
        4.16845703125,
        3.7060546875
      ],
      "freeMemoryBytes": 515620864,
      "totalMemoryBytes": 38654705664
    },
    {
      "at": "2026-09-26T04:11:25.058Z",
      "loadAverage": [
        5.9111328125,
        4.23193359375,
        3.73095703125
      ],
      "freeMemoryBytes": 628506624,
      "totalMemoryBytes": 38654705664
    },
    {
      "at": "2026-09-26T04:11:30.061Z",
      "loadAverage": [
        5.91796875,
        4.26123046875,
        3.744140625
      ],
      "freeMemoryBytes": 877133824,
      "totalMemoryBytes": 38654705664
    },
    {
      "at": "2026-09-26T04:11:35.063Z",
      "loadAverage": [
        5.60400390625,
        4.2236328125,
        3.73388671875
      ],
      "freeMemoryBytes": 742785024,
      "totalMemoryBytes": 38654705664
    },
    {
      "at": "2026-09-26T04:11:40.065Z",
      "loadAverage": [
        5.63525390625,
        4.2529296875,
        3.7470703125
      ],
      "freeMemoryBytes": 924516352,
      "totalMemoryBytes": 38654705664
    },
    {
      "at": "2026-09-26T04:11:45.067Z",
      "loadAverage": [
        5.6640625,
        4.28173828125,
        3.76025390625
      ],
      "freeMemoryBytes": 629374976,
      "totalMemoryBytes": 38654705664
    },
    {
      "at": "2026-09-26T04:11:50.069Z",
      "loadAverage": [
        5.53076171875,
        4.27685546875,
        3.76123046875
      ],
      "freeMemoryBytes": 173309952,
      "totalMemoryBytes": 38654705664
    },
    {
      "at": "2026-09-26T04:11:55.071Z",
      "loadAverage": [
        5.40771484375,
        4.27197265625,
        3.76220703125
      ],
      "freeMemoryBytes": 234946560,
      "totalMemoryBytes": 38654705664
    },
    {
      "at": "2026-09-26T04:12:00.072Z",
      "loadAverage": [
        5.615234375,
        4.33349609375,
        3.78662109375
      ],
      "freeMemoryBytes": 71827456,
      "totalMemoryBytes": 38654705664
    },
    {
      "at": "2026-09-26T04:12:05.072Z",
      "loadAverage": [
        5.64599609375,
        4.36083984375,
        3.79931640625
      ],
      "freeMemoryBytes": 293650432,
      "totalMemoryBytes": 38654705664
    },
    {
      "at": "2026-09-26T04:12:10.075Z",
      "loadAverage": [
        5.75439453125,
        4.404296875,
        3.81787109375
      ],
      "freeMemoryBytes": 333299712,
      "totalMemoryBytes": 38654705664
    },
    {
      "at": "2026-09-26T04:12:15.077Z",
      "loadAverage": [
        6.01416015625,
        4.48046875,
        3.84814453125
      ],
      "freeMemoryBytes": 82853888,
      "totalMemoryBytes": 38654705664
    },
    {
      "at": "2026-09-26T04:12:20.079Z",
      "loadAverage": [
        5.6923828125,
        4.43896484375,
        3.8369140625
      ],
      "freeMemoryBytes": 315031552,
      "totalMemoryBytes": 38654705664
    },
    {
      "at": "2026-09-26T04:12:25.081Z",
      "loadAverage": [
        5.796875,
        4.4814453125,
        3.85498046875
      ],
      "freeMemoryBytes": 321060864,
      "totalMemoryBytes": 38654705664
    },
    {
      "at": "2026-09-26T04:12:30.082Z",
      "loadAverage": [
        5.57275390625,
        4.45654296875,
        3.849609375
      ],
      "freeMemoryBytes": 105873408,
      "totalMemoryBytes": 38654705664
    },
    {
      "at": "2026-09-26T04:12:35.085Z",
      "loadAverage": [
        5.36669921875,
        4.43212890625,
        3.84423828125
      ],
      "freeMemoryBytes": 78561280,
      "totalMemoryBytes": 38654705664
    },
    {
      "at": "2026-09-26T04:12:40.087Z",
      "loadAverage": [
        5.1767578125,
        4.408203125,
        3.8388671875
      ],
      "freeMemoryBytes": 339443712,
      "totalMemoryBytes": 38654705664
    },
    {
      "at": "2026-09-26T04:12:45.088Z",
      "loadAverage": [
        5.00244140625,
        4.384765625,
        3.83349609375
      ],
      "freeMemoryBytes": 92684288,
      "totalMemoryBytes": 38654705664
    },
    {
      "at": "2026-09-26T04:12:50.088Z",
      "loadAverage": [
        5.001953125,
        4.39453125,
        3.83984375
      ],
      "freeMemoryBytes": 156663808,
      "totalMemoryBytes": 38654705664
    },
    {
      "at": "2026-09-26T04:12:55.090Z",
      "loadAverage": [
        4.68115234375,
        4.337890625,
        3.82275390625
      ],
      "freeMemoryBytes": 363380736,
      "totalMemoryBytes": 38654705664
    },
    {
      "at": "2026-09-26T04:13:00.093Z",
      "loadAverage": [
        4.86669921875,
        4.3818359375,
        3.84130859375
      ],
      "freeMemoryBytes": 56131584,
      "totalMemoryBytes": 38654705664
    },
    {
      "at": "2026-09-26T04:13:05.095Z",
      "loadAverage": [
        4.556640625,
        4.32568359375,
        3.82421875
      ],
      "freeMemoryBytes": 506740736,
      "totalMemoryBytes": 38654705664
    },
    {
      "at": "2026-09-26T04:13:10.097Z",
      "loadAverage": [
        4.51171875,
        4.31982421875,
        3.8251953125
      ],
      "freeMemoryBytes": 538378240,
      "totalMemoryBytes": 38654705664
    },
    {
      "at": "2026-09-26T04:13:15.099Z",
      "loadAverage": [
        4.630859375,
        4.34765625,
        3.837890625
      ],
      "freeMemoryBytes": 1073971200,
      "totalMemoryBytes": 38654705664
    },
    {
      "at": "2026-09-26T04:13:20.101Z",
      "loadAverage": [
        4.5,
        4.3251953125,
        3.83251953125
      ],
      "freeMemoryBytes": 550338560,
      "totalMemoryBytes": 38654705664
    },
    {
      "at": "2026-09-26T04:13:25.103Z",
      "loadAverage": [
        4.7001953125,
        4.369140625,
        3.85107421875
      ],
      "freeMemoryBytes": 210354176,
      "totalMemoryBytes": 38654705664
    },
    {
      "at": "2026-09-26T04:13:30.105Z",
      "loadAverage": [
        4.48388671875,
        4.32958984375,
        3.83984375
      ],
      "freeMemoryBytes": 196378624,
      "totalMemoryBytes": 38654705664
    },
    {
      "at": "2026-09-26T04:13:35.107Z",
      "loadAverage": [
        4.68505859375,
        4.37353515625,
        3.85791015625
      ],
      "freeMemoryBytes": 541851648,
      "totalMemoryBytes": 38654705664
    },
    {
      "at": "2026-09-26T04:13:40.107Z",
      "loadAverage": [
        4.3896484375,
        4.3173828125,
        3.8408203125
      ],
      "freeMemoryBytes": 62259200,
      "totalMemoryBytes": 38654705664
    },
    {
      "at": "2026-09-26T04:13:45.108Z",
      "loadAverage": [
        4.1982421875,
        4.27880859375,
        3.82958984375
      ],
      "freeMemoryBytes": 67289088,
      "totalMemoryBytes": 38654705664
    },
    {
      "at": "2026-09-26T04:13:50.110Z",
      "loadAverage": [
        3.94189453125,
        4.22412109375,
        3.81298828125
      ],
      "freeMemoryBytes": 96862208,
      "totalMemoryBytes": 38654705664
    },
    {
      "at": "2026-09-26T04:13:55.111Z",
      "loadAverage": [
        4.5869140625,
        4.35302734375,
        3.86083984375
      ],
      "freeMemoryBytes": 107954176,
      "totalMemoryBytes": 38654705664
    },
    {
      "at": "2026-09-26T04:14:00.114Z",
      "loadAverage": [
        4.61962890625,
        4.36328125,
        3.8671875
      ],
      "freeMemoryBytes": 456622080,
      "totalMemoryBytes": 38654705664
    },
    {
      "at": "2026-09-26T04:14:05.113Z",
      "loadAverage": [
        4.32958984375,
        4.30712890625,
        3.85009765625
      ],
      "freeMemoryBytes": 463028224,
      "totalMemoryBytes": 38654705664
    },
    {
      "at": "2026-09-26T04:14:10.115Z",
      "loadAverage": [
        4.0625,
        4.251953125,
        3.8330078125
      ],
      "freeMemoryBytes": 185860096,
      "totalMemoryBytes": 38654705664
    },
    {
      "at": "2026-09-26T04:14:15.118Z",
      "loadAverage": [
        3.81689453125,
        4.19775390625,
        3.81640625
      ],
      "freeMemoryBytes": 215711744,
      "totalMemoryBytes": 38654705664
    },
    {
      "at": "2026-09-26T04:14:20.119Z",
      "loadAverage": [
        4.47216796875,
        4.3271484375,
        3.8642578125
      ],
      "freeMemoryBytes": 80609280,
      "totalMemoryBytes": 38654705664
    },
    {
      "at": "2026-09-26T04:14:25.121Z",
      "loadAverage": [
        4.43408203125,
        4.3212890625,
        3.86474609375
      ],
      "freeMemoryBytes": 168050688,
      "totalMemoryBytes": 38654705664
    },
    {
      "at": "2026-09-26T04:14:30.121Z",
      "loadAverage": [
        4.71923828125,
        4.38232421875,
        3.888671875
      ],
      "freeMemoryBytes": 281362432,
      "totalMemoryBytes": 38654705664
    },
    {
      "at": "2026-09-26T04:14:35.123Z",
      "loadAverage": [
        4.66162109375,
        4.3759765625,
        3.88916015625
      ],
      "freeMemoryBytes": 335462400,
      "totalMemoryBytes": 38654705664
    },
    {
      "at": "2026-09-26T04:14:40.125Z",
      "loadAverage": [
        4.7685546875,
        4.40283203125,
        3.9013671875
      ],
      "freeMemoryBytes": 316964864,
      "totalMemoryBytes": 38654705664
    },
    {
      "at": "2026-09-26T04:14:45.127Z",
      "loadAverage": [
        4.94677734375,
        4.44580078125,
        3.91943359375
      ],
      "freeMemoryBytes": 85868544,
      "totalMemoryBytes": 38654705664
    },
    {
      "at": "2026-09-26T04:14:50.129Z",
      "loadAverage": [
        4.71044921875,
        4.40478515625,
        3.90771484375
      ],
      "freeMemoryBytes": 177750016,
      "totalMemoryBytes": 38654705664
    },
    {
      "at": "2026-09-26T04:14:55.129Z",
      "loadAverage": [
        5.0537109375,
        4.48095703125,
        3.9375
      ],
      "freeMemoryBytes": 455606272,
      "totalMemoryBytes": 38654705664
    },
    {
      "at": "2026-09-26T04:15:00.131Z",
      "loadAverage": [
        4.88916015625,
        4.4560546875,
        3.931640625
      ],
      "freeMemoryBytes": 85622784,
      "totalMemoryBytes": 38654705664
    },
    {
      "at": "2026-09-26T04:15:05.131Z",
      "loadAverage": [
        4.49755859375,
        4.3818359375,
        3.908203125
      ],
      "freeMemoryBytes": 219955200,
      "totalMemoryBytes": 38654705664
    },
    {
      "at": "2026-09-26T04:15:10.133Z",
      "loadAverage": [
        4.29736328125,
        4.34228515625,
        3.89697265625
      ],
      "freeMemoryBytes": 258179072,
      "totalMemoryBytes": 38654705664
    },
    {
      "at": "2026-09-26T04:15:15.135Z",
      "loadAverage": [
        5.154296875,
        4.51904296875,
        3.9619140625
      ],
      "freeMemoryBytes": 308297728,
      "totalMemoryBytes": 38654705664
    },
    {
      "at": "2026-09-26T04:15:20.137Z",
      "loadAverage": [
        4.7412109375,
        4.44384765625,
        3.9384765625
      ],
      "freeMemoryBytes": 94158848,
      "totalMemoryBytes": 38654705664
    },
    {
      "at": "2026-09-26T04:15:25.139Z",
      "loadAverage": [
        4.521484375,
        4.40283203125,
        3.9267578125
      ],
      "freeMemoryBytes": 101171200,
      "totalMemoryBytes": 38654705664
    },
    {
      "at": "2026-09-26T04:15:30.140Z",
      "loadAverage": [
        4.2392578125,
        4.34619140625,
        3.9091796875
      ],
      "freeMemoryBytes": 98287616,
      "totalMemoryBytes": 38654705664
    },
    {
      "at": "2026-09-26T04:15:35.142Z",
      "loadAverage": [
        4.1396484375,
        4.32373046875,
        3.90380859375
      ],
      "freeMemoryBytes": 153944064,
      "totalMemoryBytes": 38654705664
    },
    {
      "at": "2026-09-26T04:15:40.143Z",
      "loadAverage": [
        5.24951171875,
        4.55029296875,
        3.986328125
      ],
      "freeMemoryBytes": 107790336,
      "totalMemoryBytes": 38654705664
    },
    {
      "at": "2026-09-26T04:15:45.145Z",
      "loadAverage": [
        4.8291015625,
        4.474609375,
        3.962890625
      ],
      "freeMemoryBytes": 64929792,
      "totalMemoryBytes": 38654705664
    },
    {
      "at": "2026-09-26T04:15:50.148Z",
      "loadAverage": [
        4.6826171875,
        4.44970703125,
        3.95703125
      ],
      "freeMemoryBytes": 102711296,
      "totalMemoryBytes": 38654705664
    },
    {
      "at": "2026-09-26T04:15:55.150Z",
      "loadAverage": [
        4.6279296875,
        4.44189453125,
        3.95703125
      ],
      "freeMemoryBytes": 68960256,
      "totalMemoryBytes": 38654705664
    },
    {
      "at": "2026-09-26T04:16:00.150Z",
      "loadAverage": [
        4.57763671875,
        4.43408203125,
        3.95703125
      ],
      "freeMemoryBytes": 72220672,
      "totalMemoryBytes": 38654705664
    },
    {
      "at": "2026-09-26T04:16:05.149Z",
      "loadAverage": [
        4.8515625,
        4.4931640625,
        3.98046875
      ],
      "freeMemoryBytes": 7099727872,
      "totalMemoryBytes": 38654705664
    },
    {
      "at": "2026-09-26T04:16:10.152Z",
      "loadAverage": [
        4.943359375,
        4.51806640625,
        3.9921875
      ],
      "freeMemoryBytes": 6799310848,
      "totalMemoryBytes": 38654705664
    },
    {
      "at": "2026-09-26T04:16:15.152Z",
      "loadAverage": [
        4.94775390625,
        4.52587890625,
        3.998046875
      ],
      "freeMemoryBytes": 6334349312,
      "totalMemoryBytes": 38654705664
    },
    {
      "at": "2026-09-26T04:16:20.152Z",
      "loadAverage": [
        4.95166015625,
        4.53369140625,
        4.00390625
      ],
      "freeMemoryBytes": 6389039104,
      "totalMemoryBytes": 38654705664
    },
    {
      "at": "2026-09-26T04:16:25.154Z",
      "loadAverage": [
        5.275390625,
        4.607421875,
        4.03271484375
      ],
      "freeMemoryBytes": 8235073536,
      "totalMemoryBytes": 38654705664
    },
    {
      "at": "2026-09-26T04:16:30.156Z",
      "loadAverage": [
        5.6533203125,
        4.69677734375,
        4.0673828125
      ],
      "freeMemoryBytes": 7230619648,
      "totalMemoryBytes": 38654705664
    },
    {
      "at": "2026-09-26T04:16:35.159Z",
      "loadAverage": [
        5.4404296875,
        4.66845703125,
        4.06103515625
      ],
      "freeMemoryBytes": 7105429504,
      "totalMemoryBytes": 38654705664
    },
    {
      "at": "2026-09-26T04:16:40.161Z",
      "loadAverage": [
        5.24462890625,
        4.640625,
        4.0546875
      ],
      "freeMemoryBytes": 7117881344,
      "totalMemoryBytes": 38654705664
    },
    {
      "at": "2026-09-26T04:16:45.163Z",
      "loadAverage": [
        5.224609375,
        4.646484375,
        4.06005859375
      ],
      "freeMemoryBytes": 6896549888,
      "totalMemoryBytes": 38654705664
    },
    {
      "at": "2026-09-26T04:16:50.165Z",
      "loadAverage": [
        5.28662109375,
        4.6689453125,
        4.0712890625
      ],
      "freeMemoryBytes": 6904594432,
      "totalMemoryBytes": 38654705664
    },
    {
      "at": "2026-09-26T04:16:55.167Z",
      "loadAverage": [
        5.18310546875,
        4.65771484375,
        4.07080078125
      ],
      "freeMemoryBytes": 8239628288,
      "totalMemoryBytes": 38654705664
    },
    {
      "at": "2026-09-26T04:17:00.169Z",
      "loadAverage": [
        4.84765625,
        4.5966796875,
        4.052734375
      ],
      "freeMemoryBytes": 6900383744,
      "totalMemoryBytes": 38654705664
    },
    {
      "at": "2026-09-26T04:17:03.077Z",
      "loadAverage": [
        4.84765625,
        4.5966796875,
        4.052734375
      ],
      "freeMemoryBytes": 5612191744,
      "totalMemoryBytes": 38654705664
    }
  ]
}
