{
  "schemaVersion": 1,
  "kind": "seedlands-performance-window",
  "status": "PASS",
  "version": 2,
  "ownerThread": "seedlands-performance-validator",
  "runId": "v2-canonical-browser-16-report-format",
  "pid": 77526,
  "startedAt": "2026-09-26T04:26:58.024Z",
  "windowId": "v2-canonical-browser-16-report-format",
  "evidencePath": "changes/2026-09-23-classic-functional-completion/evidence/v2-canonical-browser-16/report-format-window.json.log",
  "waitedMs": 1,
  "endedAt": "2026-09-26T04:26:58.566Z",
  "exitCode": 0,
  "signal": null,
  "measurement": {
    "status": "NOT_RECORDED"
  },
  "samples": [
    {
      "at": "2026-09-26T04:26:58.025Z",
      "loadAverage": [
        3.3662109375,
        3.5947265625,
        3.7802734375
      ],
      "freeMemoryBytes": 536297472,
      "totalMemoryBytes": 38654705664
    },
    {
      "at": "2026-09-26T04:26:58.565Z",
      "loadAverage": [
        3.3662109375,
        3.5947265625,
        3.7802734375
      ],
      "freeMemoryBytes": 563937280,
      "totalMemoryBytes": 38654705664
    }
  ]
}
