{
  "schemaVersion": 1,
  "kind": "seedlands-performance-window",
  "status": "PASS",
  "version": 2,
  "ownerThread": "seedlands-performance-validator",
  "runId": "v2-equipment-grounded-route-close-05-affected",
  "pid": 23873,
  "startedAt": "2026-09-26T05:22:29.045Z",
  "windowId": "v2-equipment-grounded-route-close-05-affected",
  "evidencePath": "changes/2026-09-23-classic-functional-completion/evidence/v2-equipment-grounded-route-close-05/affected-window.json.log",
  "waitedMs": 1,
  "endedAt": "2026-09-26T05:22:30.685Z",
  "exitCode": 0,
  "signal": null,
  "measurement": {
    "status": "NOT_RECORDED"
  },
  "samples": [
    {
      "at": "2026-09-26T05:22:29.046Z",
      "loadAverage": [
        2.75146484375,
        3.31298828125,
        3.359375
      ],
      "freeMemoryBytes": 1861369856,
      "totalMemoryBytes": 38654705664
    },
    {
      "at": "2026-09-26T05:22:30.684Z",
      "loadAverage": [
        2.75146484375,
        3.31298828125,
        3.359375
      ],
      "freeMemoryBytes": 1939324928,
      "totalMemoryBytes": 38654705664
    }
  ]
}
