{
  "schemaVersion": 1,
  "kind": "seedlands-performance-window",
  "status": "PASS",
  "version": 2,
  "ownerThread": "seedlands-performance-validator",
  "runId": "v2-equipment-grounded-route-close-05-classic-types",
  "pid": 24013,
  "startedAt": "2026-09-26T05:22:40.416Z",
  "windowId": "v2-equipment-grounded-route-close-05-classic-types",
  "evidencePath": "changes/2026-09-23-classic-functional-completion/evidence/v2-equipment-grounded-route-close-05/classic-types-window.json.log",
  "waitedMs": 1,
  "endedAt": "2026-09-26T05:22:43.743Z",
  "exitCode": 0,
  "signal": null,
  "measurement": {
    "status": "NOT_RECORDED"
  },
  "samples": [
    {
      "at": "2026-09-26T05:22:40.417Z",
      "loadAverage": [
        2.79541015625,
        3.302734375,
        3.3544921875
      ],
      "freeMemoryBytes": 2008268800,
      "totalMemoryBytes": 38654705664
    },
    {
      "at": "2026-09-26T05:22:43.741Z",
      "loadAverage": [
        2.7314453125,
        3.28076171875,
        3.34619140625
      ],
      "freeMemoryBytes": 1813610496,
      "totalMemoryBytes": 38654705664
    }
  ]
}
