{
  "schemaVersion": 1,
  "kind": "seedlands-performance-window",
  "status": "PASS",
  "version": 2,
  "ownerThread": "seedlands-performance-validator",
  "runId": "v2-equipment-grounded-route-close-05-eslint",
  "pid": 24372,
  "startedAt": "2026-09-26T05:23:03.628Z",
  "windowId": "v2-equipment-grounded-route-close-05-eslint",
  "evidencePath": "changes/2026-09-23-classic-functional-completion/evidence/v2-equipment-grounded-route-close-05/eslint-window.json.log",
  "waitedMs": 1,
  "endedAt": "2026-09-26T05:23:04.594Z",
  "exitCode": 0,
  "signal": null,
  "measurement": {
    "status": "NOT_RECORDED"
  },
  "samples": [
    {
      "at": "2026-09-26T05:23:03.629Z",
      "loadAverage": [
        2.68798828125,
        3.23046875,
        3.326171875
      ],
      "freeMemoryBytes": 1724416000,
      "totalMemoryBytes": 38654705664
    },
    {
      "at": "2026-09-26T05:23:04.593Z",
      "loadAverage": [
        2.68798828125,
        3.23046875,
        3.326171875
      ],
      "freeMemoryBytes": 1757216768,
      "totalMemoryBytes": 38654705664
    }
  ]
}
