{
  "schemaVersion": 1,
  "kind": "seedlands-performance-window",
  "status": "PASS",
  "version": 2,
  "ownerThread": "seedlands-performance-validator",
  "runId": "v2-equipment-grounded-route-close-05-final-static",
  "pid": 26409,
  "startedAt": "2026-09-26T05:24:09.089Z",
  "windowId": "v2-equipment-grounded-route-close-05-final-static",
  "evidencePath": "changes/2026-09-23-classic-functional-completion/evidence/v2-equipment-grounded-route-close-05/final-static-window.json.log",
  "waitedMs": 1,
  "endedAt": "2026-09-26T05:24:09.630Z",
  "exitCode": 0,
  "signal": null,
  "measurement": {
    "status": "NOT_RECORDED"
  },
  "samples": [
    {
      "at": "2026-09-26T05:24:09.090Z",
      "loadAverage": [
        3.12451171875,
        3.29052734375,
        3.34228515625
      ],
      "freeMemoryBytes": 1646182400,
      "totalMemoryBytes": 38654705664
    },
    {
      "at": "2026-09-26T05:24:09.629Z",
      "loadAverage": [
        3.12451171875,
        3.29052734375,
        3.34228515625
      ],
      "freeMemoryBytes": 1651933184,
      "totalMemoryBytes": 38654705664
    }
  ]
}
