{
  "schemaVersion": 1,
  "kind": "seedlands-performance-window",
  "status": "PASS",
  "version": 2,
  "ownerThread": "seedlands-performance-validator",
  "runId": "v2-equipment-grounded-route-close-05-format-write",
  "pid": 23788,
  "startedAt": "2026-09-26T05:22:18.128Z",
  "windowId": "v2-equipment-grounded-route-close-05-format-write",
  "evidencePath": "changes/2026-09-23-classic-functional-completion/evidence/v2-equipment-grounded-route-close-05/format-write-window.json.log",
  "waitedMs": 1,
  "endedAt": "2026-09-26T05:22:18.642Z",
  "exitCode": 0,
  "signal": null,
  "measurement": {
    "status": "NOT_RECORDED"
  },
  "samples": [
    {
      "at": "2026-09-26T05:22:18.129Z",
      "loadAverage": [
        2.9755859375,
        3.375,
        3.3818359375
      ],
      "freeMemoryBytes": 2009120768,
      "totalMemoryBytes": 38654705664
    },
    {
      "at": "2026-09-26T05:22:18.641Z",
      "loadAverage": [
        2.9755859375,
        3.375,
        3.3818359375
      ],
      "freeMemoryBytes": 2019213312,
      "totalMemoryBytes": 38654705664
    }
  ]
}
