{
  "schemaVersion": 1,
  "kind": "seedlands-performance-window",
  "status": "PASS",
  "version": 2,
  "ownerThread": "seedlands-performance-validator",
  "runId": "v2-equipment-grounded-route-close-05-green-final",
  "pid": 23709,
  "startedAt": "2026-09-26T05:22:11.038Z",
  "windowId": "v2-equipment-grounded-route-close-05-green-final",
  "evidencePath": "changes/2026-09-23-classic-functional-completion/evidence/v2-equipment-grounded-route-close-05/green-final-window.json.log",
  "waitedMs": 1,
  "endedAt": "2026-09-26T05:22:11.851Z",
  "exitCode": 0,
  "signal": null,
  "measurement": {
    "status": "NOT_RECORDED"
  },
  "samples": [
    {
      "at": "2026-09-26T05:22:11.039Z",
      "loadAverage": [
        3.248046875,
        3.439453125,
        3.404296875
      ],
      "freeMemoryBytes": 1917091840,
      "totalMemoryBytes": 38654705664
    },
    {
      "at": "2026-09-26T05:22:11.849Z",
      "loadAverage": [
        3.248046875,
        3.439453125,
        3.404296875
      ],
      "freeMemoryBytes": 1700118528,
      "totalMemoryBytes": 38654705664
    }
  ]
}
