{
  "schemaVersion": 1,
  "kind": "seedlands-performance-window",
  "status": "PASS",
  "version": 2,
  "ownerThread": "seedlands-performance-validator",
  "runId": "v2-equipment-grounded-route-close-05-green-04",
  "pid": 23536,
  "startedAt": "2026-09-26T05:21:38.948Z",
  "windowId": "v2-equipment-grounded-route-close-05-green-04",
  "evidencePath": "changes/2026-09-23-classic-functional-completion/evidence/v2-equipment-grounded-route-close-05/green-04-window.json.log",
  "waitedMs": 1,
  "endedAt": "2026-09-26T05:21:39.758Z",
  "exitCode": 0,
  "signal": null,
  "measurement": {
    "status": "NOT_RECORDED"
  },
  "samples": [
    {
      "at": "2026-09-26T05:21:38.949Z",
      "loadAverage": [
        3.8291015625,
        3.55712890625,
        3.44482421875
      ],
      "freeMemoryBytes": 1970700288,
      "totalMemoryBytes": 38654705664
    },
    {
      "at": "2026-09-26T05:21:39.756Z",
      "loadAverage": [
        3.8291015625,
        3.55712890625,
        3.44482421875
      ],
      "freeMemoryBytes": 1967505408,
      "totalMemoryBytes": 38654705664
    }
  ]
}
