{
  "schemaVersion": 1,
  "kind": "seedlands-performance-window",
  "status": "PASS",
  "version": 2,
  "ownerThread": "seedlands-performance-validator",
  "runId": "v2-equipment-grounded-route-close-05-metadata-format",
  "pid": 26328,
  "startedAt": "2026-09-26T05:24:01.875Z",
  "windowId": "v2-equipment-grounded-route-close-05-metadata-format",
  "evidencePath": "changes/2026-09-23-classic-functional-completion/evidence/v2-equipment-grounded-route-close-05/metadata-format-window.json.log",
  "waitedMs": 1,
  "endedAt": "2026-09-26T05:24:02.382Z",
  "exitCode": 0,
  "signal": null,
  "measurement": {
    "status": "NOT_RECORDED"
  },
  "samples": [
    {
      "at": "2026-09-26T05:24:01.876Z",
      "loadAverage": [
        3.14794921875,
        3.30126953125,
        3.34716796875
      ],
      "freeMemoryBytes": 1651015680,
      "totalMemoryBytes": 38654705664
    },
    {
      "at": "2026-09-26T05:24:02.380Z",
      "loadAverage": [
        3.14794921875,
        3.30126953125,
        3.34716796875
      ],
      "freeMemoryBytes": 1620361216,
      "totalMemoryBytes": 38654705664
    }
  ]
}
