{
  "schemaVersion": 1,
  "kind": "seedlands-performance-window",
  "status": "FAIL",
  "version": 2,
  "ownerThread": "seedlands-performance-validator",
  "runId": "v2-equipment-grounded-route-close-05-red",
  "pid": 21501,
  "startedAt": "2026-09-26T05:19:06.318Z",
  "windowId": "v2-equipment-grounded-route-close-05-red",
  "evidencePath": "changes/2026-09-23-classic-functional-completion/evidence/v2-equipment-grounded-route-close-05/red-window.json.log",
  "waitedMs": 1,
  "endedAt": "2026-09-26T05:19:07.191Z",
  "exitCode": 1,
  "signal": null,
  "measurement": {
    "status": "NOT_RECORDED"
  },
  "samples": [
    {
      "at": "2026-09-26T05:19:06.319Z",
      "loadAverage": [
        3.9013671875,
        3.35693359375,
        3.3740234375
      ],
      "freeMemoryBytes": 1827930112,
      "totalMemoryBytes": 38654705664
    },
    {
      "at": "2026-09-26T05:19:07.189Z",
      "loadAverage": [
        3.8291015625,
        3.3505859375,
        3.37158203125
      ],
      "freeMemoryBytes": 1832796160,
      "totalMemoryBytes": 38654705664
    }
  ]
}
