{
  "schemaVersion": 1,
  "kind": "seedlands-performance-window",
  "status": "PASS",
  "version": 2,
  "ownerThread": "seedlands-performance-validator",
  "runId": "v2-equipment-grounded-route-close-05-root-types",
  "pid": 24222,
  "startedAt": "2026-09-26T05:22:53.737Z",
  "windowId": "v2-equipment-grounded-route-close-05-root-types",
  "evidencePath": "changes/2026-09-23-classic-functional-completion/evidence/v2-equipment-grounded-route-close-05/root-types-window.json.log",
  "waitedMs": 2,
  "endedAt": "2026-09-26T05:22:56.880Z",
  "exitCode": 0,
  "signal": null,
  "measurement": {
    "status": "NOT_RECORDED"
  },
  "samples": [
    {
      "at": "2026-09-26T05:22:53.739Z",
      "loadAverage": [
        2.544921875,
        3.2216796875,
        3.32421875
      ],
      "freeMemoryBytes": 1915748352,
      "totalMemoryBytes": 38654705664
    },
    {
      "at": "2026-09-26T05:22:56.876Z",
      "loadAverage": [
        2.544921875,
        3.2216796875,
        3.32421875
      ],
      "freeMemoryBytes": 1830715392,
      "totalMemoryBytes": 38654705664
    }
  ]
}
