{
  "schemaVersion": 1,
  "kind": "seedlands-performance-window",
  "status": "PASS",
  "version": 2,
  "ownerThread": "seedlands-performance-validator",
  "runId": "v2-equipment-grounded-route-close-05-source-selfcheck",
  "pid": 26741,
  "startedAt": "2026-09-26T05:24:41.780Z",
  "windowId": "v2-equipment-grounded-route-close-05-source-selfcheck",
  "evidencePath": "changes/2026-09-23-classic-functional-completion/evidence/v2-equipment-grounded-route-close-05/source-selfcheck-window.json.log",
  "waitedMs": 1,
  "endedAt": "2026-09-26T05:24:41.836Z",
  "exitCode": 0,
  "signal": null,
  "measurement": {
    "status": "NOT_RECORDED"
  },
  "samples": [
    {
      "at": "2026-09-26T05:24:41.781Z",
      "loadAverage": [
        2.9716796875,
        3.2314453125,
        3.318359375
      ],
      "freeMemoryBytes": 1800568832,
      "totalMemoryBytes": 38654705664
    },
    {
      "at": "2026-09-26T05:24:41.834Z",
      "loadAverage": [
        2.9716796875,
        3.2314453125,
        3.318359375
      ],
      "freeMemoryBytes": 1798406144,
      "totalMemoryBytes": 38654705664
    }
  ]
}
