{
  "schemaVersion": 1,
  "kind": "seedlands-performance-window",
  "status": "PASS",
  "version": 2,
  "ownerThread": "seedlands-performance-validator",
  "runId": "v2-equipment-grounded-route-close-05-static",
  "pid": 24457,
  "startedAt": "2026-09-26T05:23:10.471Z",
  "windowId": "v2-equipment-grounded-route-close-05-static",
  "evidencePath": "changes/2026-09-23-classic-functional-completion/evidence/v2-equipment-grounded-route-close-05/static-window.json.log",
  "waitedMs": 2,
  "endedAt": "2026-09-26T05:23:11.004Z",
  "exitCode": 0,
  "signal": null,
  "measurement": {
    "status": "NOT_RECORDED"
  },
  "samples": [
    {
      "at": "2026-09-26T05:23:10.473Z",
      "loadAverage": [
        2.79296875,
        3.2431640625,
        3.330078125
      ],
      "freeMemoryBytes": 1794211840,
      "totalMemoryBytes": 38654705664
    },
    {
      "at": "2026-09-26T05:23:11.002Z",
      "loadAverage": [
        2.79296875,
        3.2431640625,
        3.330078125
      ],
      "freeMemoryBytes": 1794310144,
      "totalMemoryBytes": 38654705664
    }
  ]
}
