{
  "schemaVersion": 1,
  "kind": "seedlands-performance-window",
  "status": "PASS",
  "version": 2,
  "ownerThread": "seedlands-performance-validator",
  "runId": "v2-death-combat-classic-types-delivery",
  "pid": 82213,
  "startedAt": "2026-09-25T15:35:34.492Z",
  "windowId": "v2-death-combat-classic-types-delivery",
  "evidencePath": "changes/2026-09-23-classic-functional-completion/evidence/v2-death-combat-integration-01/classic-types-delivery-window.json.log",
  "waitedMs": 2,
  "endedAt": "2026-09-25T15:35:37.787Z",
  "exitCode": 0,
  "signal": null,
  "measurement": {
    "status": "NOT_RECORDED"
  },
  "samples": [
    {
      "at": "2026-09-25T15:35:34.494Z",
      "loadAverage": [
        5.99072265625,
        5.21923828125,
        4.14404296875
      ],
      "freeMemoryBytes": 947798016,
      "totalMemoryBytes": 38654705664
    },
    {
      "at": "2026-09-25T15:35:37.785Z",
      "loadAverage": [
        5.99072265625,
        5.21923828125,
        4.14404296875
      ],
      "freeMemoryBytes": 973406208,
      "totalMemoryBytes": 38654705664
    }
  ]
}
