{
  "schemaVersion": 1,
  "kind": "seedlands-performance-window",
  "status": "PASS",
  "version": 2,
  "ownerThread": "seedlands-performance-validator",
  "runId": "v2-death-combat-diff-delivery",
  "pid": 86311,
  "startedAt": "2026-09-25T15:37:24.896Z",
  "windowId": "v2-death-combat-diff-delivery",
  "evidencePath": "changes/2026-09-23-classic-functional-completion/evidence/v2-death-combat-integration-01/diff-delivery-window.json.log",
  "waitedMs": 1,
  "endedAt": "2026-09-25T15:37:25.481Z",
  "exitCode": 0,
  "signal": null,
  "measurement": {
    "status": "NOT_RECORDED"
  },
  "samples": [
    {
      "at": "2026-09-25T15:37:24.897Z",
      "loadAverage": [
        3.9443359375,
        4.7353515625,
        4.08154296875
      ],
      "freeMemoryBytes": 396738560,
      "totalMemoryBytes": 38654705664
    },
    {
      "at": "2026-09-25T15:37:25.479Z",
      "loadAverage": [
        3.9443359375,
        4.7353515625,
        4.08154296875
      ],
      "freeMemoryBytes": 406487040,
      "totalMemoryBytes": 38654705664
    }
  ]
}
