{
  "schemaVersion": 1,
  "kind": "seedlands-performance-window",
  "status": "PASS",
  "version": 2,
  "ownerThread": "seedlands-performance-validator",
  "runId": "v2-death-combat-diff-delivery-final",
  "pid": 86968,
  "startedAt": "2026-09-25T15:39:13.084Z",
  "windowId": "v2-death-combat-diff-delivery-final",
  "evidencePath": "changes/2026-09-23-classic-functional-completion/evidence/v2-death-combat-integration-01/diff-delivery-final-window.json.log",
  "waitedMs": 1,
  "endedAt": "2026-09-25T15:39:13.655Z",
  "exitCode": 0,
  "signal": null,
  "measurement": {
    "status": "NOT_RECORDED"
  },
  "samples": [
    {
      "at": "2026-09-25T15:39:13.085Z",
      "loadAverage": [
        3.64404296875,
        4.44580078125,
        4.04541015625
      ],
      "freeMemoryBytes": 84869120,
      "totalMemoryBytes": 38654705664
    },
    {
      "at": "2026-09-25T15:39:13.653Z",
      "loadAverage": [
        3.64404296875,
        4.44580078125,
        4.04541015625
      ],
      "freeMemoryBytes": 388104192,
      "totalMemoryBytes": 38654705664
    }
  ]
}
