{
  "schemaVersion": 1,
  "kind": "seedlands-performance-window",
  "status": "PASS",
  "version": 2,
  "ownerThread": "seedlands-performance-validator",
  "runId": "v2-death-combat-docs-format-01",
  "pid": 81634,
  "startedAt": "2026-09-25T15:34:38.688Z",
  "windowId": "v2-death-combat-docs-format-01",
  "evidencePath": "changes/2026-09-23-classic-functional-completion/evidence/v2-death-combat-integration-01/docs-format-01-window.json.log",
  "waitedMs": 1,
  "endedAt": "2026-09-25T15:34:39.178Z",
  "exitCode": 0,
  "signal": null,
  "measurement": {
    "status": "NOT_RECORDED"
  },
  "samples": [
    {
      "at": "2026-09-25T15:34:38.689Z",
      "loadAverage": [
        6.35400390625,
        5.13330078125,
        4.041015625
      ],
      "freeMemoryBytes": 133562368,
      "totalMemoryBytes": 38654705664
    },
    {
      "at": "2026-09-25T15:34:39.177Z",
      "loadAverage": [
        6.2451171875,
        5.130859375,
        4.04638671875
      ],
      "freeMemoryBytes": 308379648,
      "totalMemoryBytes": 38654705664
    }
  ]
}
