{
  "schemaVersion": 1,
  "kind": "seedlands-performance-window",
  "status": "FAIL",
  "version": 2,
  "ownerThread": "seedlands-performance-validator",
  "runId": "v2-death-combat-final-behavior-02",
  "pid": 70762,
  "startedAt": "2026-09-25T15:24:17.191Z",
  "windowId": "v2-death-combat-final-behavior-02",
  "evidencePath": "changes/2026-09-23-classic-functional-completion/evidence/v2-death-combat-integration-01/final-behavior-02-window.json.log",
  "waitedMs": 1,
  "endedAt": "2026-09-25T15:24:18.534Z",
  "exitCode": 1,
  "signal": null,
  "measurement": {
    "status": "NOT_RECORDED"
  },
  "samples": [
    {
      "at": "2026-09-25T15:24:17.192Z",
      "loadAverage": [
        2.87060546875,
        3.09033203125,
        3.20751953125
      ],
      "freeMemoryBytes": 1167982592,
      "totalMemoryBytes": 38654705664
    },
    {
      "at": "2026-09-25T15:24:18.533Z",
      "loadAverage": [
        3.041015625,
        3.12158203125,
        3.2177734375
      ],
      "freeMemoryBytes": 1150025728,
      "totalMemoryBytes": 38654705664
    }
  ]
}
