{
  "schemaVersion": 1,
  "kind": "seedlands-performance-window",
  "status": "PASS",
  "version": 2,
  "ownerThread": "seedlands-performance-validator",
  "runId": "v2-death-combat-final-behavior-01",
  "pid": 70285,
  "startedAt": "2026-09-25T15:22:39.791Z",
  "windowId": "v2-death-combat-final-behavior-01",
  "evidencePath": "changes/2026-09-23-classic-functional-completion/evidence/v2-death-combat-integration-01/final-behavior-01-window.json.log",
  "waitedMs": 2,
  "endedAt": "2026-09-25T15:22:41.119Z",
  "exitCode": 0,
  "signal": null,
  "measurement": {
    "status": "NOT_RECORDED"
  },
  "samples": [
    {
      "at": "2026-09-25T15:22:39.793Z",
      "loadAverage": [
        2.87548828125,
        3.18603515625,
        3.25537109375
      ],
      "freeMemoryBytes": 1071136768,
      "totalMemoryBytes": 38654705664
    },
    {
      "at": "2026-09-25T15:22:41.118Z",
      "loadAverage": [
        2.87548828125,
        3.18603515625,
        3.25537109375
      ],
      "freeMemoryBytes": 1100513280,
      "totalMemoryBytes": 38654705664
    }
  ]
}
