{
  "schemaVersion": 1,
  "kind": "seedlands-performance-window",
  "status": "PASS",
  "version": 2,
  "ownerThread": "seedlands-performance-validator",
  "runId": "v2-death-combat-format-write-02",
  "pid": 76197,
  "startedAt": "2026-09-25T15:30:40.996Z",
  "windowId": "v2-death-combat-format-write-02",
  "evidencePath": "changes/2026-09-23-classic-functional-completion/evidence/v2-death-combat-integration-01/format-write-02-window.json.log",
  "waitedMs": 2,
  "endedAt": "2026-09-25T15:30:41.527Z",
  "exitCode": 0,
  "signal": null,
  "measurement": {
    "status": "NOT_RECORDED"
  },
  "samples": [
    {
      "at": "2026-09-25T15:30:40.998Z",
      "loadAverage": [
        2.91015625,
        3.080078125,
        3.1650390625
      ],
      "freeMemoryBytes": 571113472,
      "totalMemoryBytes": 38654705664
    },
    {
      "at": "2026-09-25T15:30:41.522Z",
      "loadAverage": [
        2.91015625,
        3.080078125,
        3.1650390625
      ],
      "freeMemoryBytes": 565690368,
      "totalMemoryBytes": 38654705664
    }
  ]
}
