{
  "schemaVersion": 1,
  "kind": "seedlands-performance-window",
  "status": "PASS",
  "version": 2,
  "ownerThread": "seedlands-performance-validator",
  "runId": "v2-death-combat-lint-01",
  "pid": 76290,
  "startedAt": "2026-09-25T15:30:47.665Z",
  "windowId": "v2-death-combat-lint-01",
  "evidencePath": "changes/2026-09-23-classic-functional-completion/evidence/v2-death-combat-integration-01/lint-01-window.json.log",
  "waitedMs": 1,
  "endedAt": "2026-09-25T15:30:49.316Z",
  "exitCode": 0,
  "signal": null,
  "measurement": {
    "status": "NOT_RECORDED"
  },
  "samples": [
    {
      "at": "2026-09-25T15:30:47.666Z",
      "loadAverage": [
        2.9970703125,
        3.09521484375,
        3.169921875
      ],
      "freeMemoryBytes": 536543232,
      "totalMemoryBytes": 38654705664
    },
    {
      "at": "2026-09-25T15:30:49.314Z",
      "loadAverage": [
        3.4775390625,
        3.19287109375,
        3.20361328125
      ],
      "freeMemoryBytes": 574799872,
      "totalMemoryBytes": 38654705664
    }
  ]
}
