{
  "schemaVersion": 1,
  "kind": "seedlands-performance-window",
  "status": "FAIL",
  "version": 2,
  "ownerThread": "seedlands-performance-validator",
  "runId": "v2-death-combat-red-01",
  "pid": 65268,
  "startedAt": "2026-09-25T15:17:15.619Z",
  "windowId": "v2-death-combat-red-01",
  "evidencePath": "changes/2026-09-23-classic-functional-completion/evidence/v2-death-combat-integration-01/red-01-window.json.log",
  "waitedMs": 1,
  "endedAt": "2026-09-25T15:17:17.094Z",
  "exitCode": 1,
  "signal": null,
  "measurement": {
    "status": "NOT_RECORDED"
  },
  "samples": [
    {
      "at": "2026-09-25T15:17:15.620Z",
      "loadAverage": [
        3.28759765625,
        3.345703125,
        3.328125
      ],
      "freeMemoryBytes": 555499520,
      "totalMemoryBytes": 38654705664
    },
    {
      "at": "2026-09-25T15:17:17.092Z",
      "loadAverage": [
        3.10400390625,
        3.306640625,
        3.314453125
      ],
      "freeMemoryBytes": 536215552,
      "totalMemoryBytes": 38654705664
    }
  ]
}
