{
  "schemaVersion": 1,
  "kind": "seedlands-performance-window",
  "status": "PASS",
  "version": 2,
  "ownerThread": "seedlands-performance-validator",
  "runId": "v2-death-combat-registered-existing-01",
  "pid": 73869,
  "startedAt": "2026-09-25T15:27:40.565Z",
  "windowId": "v2-death-combat-registered-existing-01",
  "evidencePath": "changes/2026-09-23-classic-functional-completion/evidence/v2-death-combat-integration-01/registered-existing-01-window.json.log",
  "waitedMs": 1,
  "endedAt": "2026-09-25T15:27:42.595Z",
  "exitCode": 0,
  "signal": null,
  "measurement": {
    "status": "NOT_RECORDED"
  },
  "samples": [
    {
      "at": "2026-09-25T15:27:40.566Z",
      "loadAverage": [
        2.79931640625,
        3.0712890625,
        3.1826171875
      ],
      "freeMemoryBytes": 842792960,
      "totalMemoryBytes": 38654705664
    },
    {
      "at": "2026-09-25T15:27:42.594Z",
      "loadAverage": [
        2.79931640625,
        3.0712890625,
        3.1826171875
      ],
      "freeMemoryBytes": 748699648,
      "totalMemoryBytes": 38654705664
    }
  ]
}
