{
  "schemaVersion": 1,
  "kind": "seedlands-performance-window",
  "status": "PASS",
  "version": 2,
  "ownerThread": "seedlands-performance-validator",
  "runId": "v2-death-combat-regression-stdlib-01",
  "pid": 67187,
  "startedAt": "2026-09-25T15:20:22.575Z",
  "windowId": "v2-death-combat-regression-stdlib-01",
  "evidencePath": "changes/2026-09-23-classic-functional-completion/evidence/v2-death-combat-integration-01/regression-stdlib-01-window.json.log",
  "waitedMs": 1,
  "endedAt": "2026-09-25T15:20:24.651Z",
  "exitCode": 0,
  "signal": null,
  "measurement": {
    "status": "NOT_RECORDED"
  },
  "samples": [
    {
      "at": "2026-09-25T15:20:22.576Z",
      "loadAverage": [
        3.54052734375,
        3.2890625,
        3.29638671875
      ],
      "freeMemoryBytes": 279117824,
      "totalMemoryBytes": 38654705664
    },
    {
      "at": "2026-09-25T15:20:24.650Z",
      "loadAverage": [
        3.54052734375,
        3.2890625,
        3.29638671875
      ],
      "freeMemoryBytes": 947257344,
      "totalMemoryBytes": 38654705664
    }
  ]
}
