{
  "schemaVersion": 1,
  "kind": "seedlands-performance-window",
  "status": "PASS",
  "version": 2,
  "ownerThread": "seedlands-performance-validator",
  "runId": "v2-death-combat-type-stdlib-01",
  "pid": 67515,
  "startedAt": "2026-09-25T15:20:52.122Z",
  "windowId": "v2-death-combat-type-stdlib-01",
  "evidencePath": "changes/2026-09-23-classic-functional-completion/evidence/v2-death-combat-integration-01/type-stdlib-01-window.json.log",
  "waitedMs": 1,
  "endedAt": "2026-09-25T15:20:54.369Z",
  "exitCode": 0,
  "signal": null,
  "measurement": {
    "status": "NOT_RECORDED"
  },
  "samples": [
    {
      "at": "2026-09-25T15:20:52.123Z",
      "loadAverage": [
        3.1943359375,
        3.228515625,
        3.27294921875
      ],
      "freeMemoryBytes": 606879744,
      "totalMemoryBytes": 38654705664
    },
    {
      "at": "2026-09-25T15:20:54.368Z",
      "loadAverage": [
        3.1943359375,
        3.228515625,
        3.27294921875
      ],
      "freeMemoryBytes": 696123392,
      "totalMemoryBytes": 38654705664
    }
  ]
}
