{
  "schemaVersion": 1,
  "kind": "seedlands-performance-window",
  "status": "PASS",
  "version": 2,
  "ownerThread": "seedlands-performance-validator",
  "runId": "v2-death-combat-type-root-01",
  "pid": 67702,
  "startedAt": "2026-09-25T15:21:03.015Z",
  "windowId": "v2-death-combat-type-root-01",
  "evidencePath": "changes/2026-09-23-classic-functional-completion/evidence/v2-death-combat-integration-01/type-root-01-window.json.log",
  "waitedMs": 1,
  "endedAt": "2026-09-25T15:21:06.431Z",
  "exitCode": 0,
  "signal": null,
  "measurement": {
    "status": "NOT_RECORDED"
  },
  "samples": [
    {
      "at": "2026-09-25T15:21:03.016Z",
      "loadAverage": [
        3.62548828125,
        3.3193359375,
        3.30419921875
      ],
      "freeMemoryBytes": 604438528,
      "totalMemoryBytes": 38654705664
    },
    {
      "at": "2026-09-25T15:21:06.430Z",
      "loadAverage": [
        3.62548828125,
        3.3193359375,
        3.30419921875
      ],
      "freeMemoryBytes": 955809792,
      "totalMemoryBytes": 38654705664
    }
  ]
}
