{
  "schemaVersion": 1,
  "kind": "seedlands-performance-window",
  "status": "PASS",
  "version": 2,
  "ownerThread": "seedlands-performance-validator",
  "runId": "v2-death-combat-type-stdlib-final",
  "pid": 78335,
  "startedAt": "2026-09-25T15:31:31.840Z",
  "windowId": "v2-death-combat-type-stdlib-final",
  "evidencePath": "changes/2026-09-23-classic-functional-completion/evidence/v2-death-combat-integration-01/type-stdlib-final-window.json.log",
  "waitedMs": 1,
  "endedAt": "2026-09-25T15:31:34.059Z",
  "exitCode": 0,
  "signal": null,
  "measurement": {
    "status": "NOT_RECORDED"
  },
  "samples": [
    {
      "at": "2026-09-25T15:31:31.841Z",
      "loadAverage": [
        3.74609375,
        3.2685546875,
        3.22705078125
      ],
      "freeMemoryBytes": 485818368,
      "totalMemoryBytes": 38654705664
    },
    {
      "at": "2026-09-25T15:31:34.057Z",
      "loadAverage": [
        3.92626953125,
        3.3134765625,
        3.2431640625
      ],
      "freeMemoryBytes": 695500800,
      "totalMemoryBytes": 38654705664
    }
  ]
}
