{
  "schemaVersion": 1,
  "kind": "seedlands-performance-window",
  "status": "PASS",
  "version": 2,
  "ownerThread": "seedlands-performance-validator",
  "runId": "v2-death-combat-type-classic-01",
  "pid": 67838,
  "startedAt": "2026-09-25T15:21:12.308Z",
  "windowId": "v2-death-combat-type-classic-01",
  "evidencePath": "changes/2026-09-23-classic-functional-completion/evidence/v2-death-combat-integration-01/type-classic-01-window.json.log",
  "waitedMs": 1,
  "endedAt": "2026-09-25T15:21:15.898Z",
  "exitCode": 0,
  "signal": null,
  "measurement": {
    "status": "NOT_RECORDED"
  },
  "samples": [
    {
      "at": "2026-09-25T15:21:12.310Z",
      "loadAverage": [
        3.59619140625,
        3.32470703125,
        3.30615234375
      ],
      "freeMemoryBytes": 540786688,
      "totalMemoryBytes": 38654705664
    },
    {
      "at": "2026-09-25T15:21:15.896Z",
      "loadAverage": [
        3.59619140625,
        3.32470703125,
        3.30615234375
      ],
      "freeMemoryBytes": 983269376,
      "totalMemoryBytes": 38654705664
    }
  ]
}
