{
  "schemaVersion": 1,
  "kind": "seedlands-performance-window",
  "status": "PASS",
  "version": 2,
  "ownerThread": "seedlands-performance-validator",
  "runId": "v2-death-combat-type-classic-final",
  "pid": 78612,
  "startedAt": "2026-09-25T15:31:54.507Z",
  "windowId": "v2-death-combat-type-classic-final",
  "evidencePath": "changes/2026-09-23-classic-functional-completion/evidence/v2-death-combat-integration-01/type-classic-final-window.json.log",
  "waitedMs": 2,
  "endedAt": "2026-09-25T15:31:57.770Z",
  "exitCode": 0,
  "signal": null,
  "measurement": {
    "status": "NOT_RECORDED"
  },
  "samples": [
    {
      "at": "2026-09-25T15:31:54.509Z",
      "loadAverage": [
        3.650390625,
        3.2919921875,
        3.2373046875
      ],
      "freeMemoryBytes": 1096925184,
      "totalMemoryBytes": 38654705664
    },
    {
      "at": "2026-09-25T15:31:57.768Z",
      "loadAverage": [
        3.650390625,
        3.2919921875,
        3.2373046875
      ],
      "freeMemoryBytes": 965787648,
      "totalMemoryBytes": 38654705664
    }
  ]
}
