{
  "schemaVersion": 1,
  "kind": "seedlands-performance-window",
  "status": "PASS",
  "version": 2,
  "ownerThread": "seedlands-performance-validator",
  "runId": "v2-death-needs-fixture-diff-delivery-frozen-02",
  "pid": 99488,
  "startedAt": "2026-09-25T17:26:21.580Z",
  "windowId": "v2-death-needs-fixture-diff-delivery-frozen-02",
  "evidencePath": "changes/2026-09-23-classic-functional-completion/evidence/v2-death-needs-fixture-close-02/diff-delivery-frozen-02-window.json.log",
  "waitedMs": 1,
  "endedAt": "2026-09-25T17:26:22.038Z",
  "exitCode": 0,
  "signal": null,
  "measurement": {
    "status": "NOT_RECORDED"
  },
  "samples": [
    {
      "at": "2026-09-25T17:26:21.581Z",
      "loadAverage": [
        2.78759765625,
        3.55517578125,
        3.50390625
      ],
      "freeMemoryBytes": 943685632,
      "totalMemoryBytes": 38654705664
    },
    {
      "at": "2026-09-25T17:26:22.037Z",
      "loadAverage": [
        2.78759765625,
        3.55517578125,
        3.50390625
      ],
      "freeMemoryBytes": 967163904,
      "totalMemoryBytes": 38654705664
    }
  ]
}
