{
  "schemaVersion": 1,
  "kind": "seedlands-performance-window",
  "status": "PASS",
  "version": 2,
  "ownerThread": "seedlands-performance-validator",
  "runId": "v2-death-needs-fixture-docs-format-01",
  "pid": 98677,
  "startedAt": "2026-09-25T17:25:07.598Z",
  "windowId": "v2-death-needs-fixture-docs-format-01",
  "evidencePath": "changes/2026-09-23-classic-functional-completion/evidence/v2-death-needs-fixture-close-02/docs-format-01-window.json.log",
  "waitedMs": 1,
  "endedAt": "2026-09-25T17:25:07.991Z",
  "exitCode": 0,
  "signal": null,
  "measurement": {
    "status": "NOT_RECORDED"
  },
  "samples": [
    {
      "at": "2026-09-25T17:25:07.599Z",
      "loadAverage": [
        4.18603515625,
        3.9150390625,
        3.61669921875
      ],
      "freeMemoryBytes": 927694848,
      "totalMemoryBytes": 38654705664
    },
    {
      "at": "2026-09-25T17:25:07.990Z",
      "loadAverage": [
        4.18603515625,
        3.9150390625,
        3.61669921875
      ],
      "freeMemoryBytes": 928169984,
      "totalMemoryBytes": 38654705664
    }
  ]
}
