{
  "schemaVersion": 1,
  "kind": "seedlands-performance-window",
  "status": "PASS",
  "version": 2,
  "ownerThread": "seedlands-performance-validator",
  "runId": "v2-death-needs-fixture-type-root-01",
  "pid": 97405,
  "startedAt": "2026-09-25T17:23:40.833Z",
  "windowId": "v2-death-needs-fixture-type-root-01",
  "evidencePath": "changes/2026-09-23-classic-functional-completion/evidence/v2-death-needs-fixture-close-02/type-root-01-window.json.log",
  "waitedMs": 1,
  "endedAt": "2026-09-25T17:23:43.911Z",
  "exitCode": 0,
  "signal": null,
  "measurement": {
    "status": "NOT_RECORDED"
  },
  "samples": [
    {
      "at": "2026-09-25T17:23:40.834Z",
      "loadAverage": [
        3.4912109375,
        3.787109375,
        3.548828125
      ],
      "freeMemoryBytes": 836075520,
      "totalMemoryBytes": 38654705664
    },
    {
      "at": "2026-09-25T17:23:43.909Z",
      "loadAverage": [
        3.4912109375,
        3.787109375,
        3.548828125
      ],
      "freeMemoryBytes": 955727872,
      "totalMemoryBytes": 38654705664
    }
  ]
}
