{
  "schemaVersion": 1,
  "kind": "seedlands-performance-window",
  "status": "PASS",
  "version": 2,
  "ownerThread": "seedlands-performance-validator",
  "runId": "99adff88-bb6d-4a97-8d24-0a4d0d000bae",
  "pid": 15156,
  "startedAt": "2026-09-25T06:11:01.266Z",
  "windowId": "99adff88-bb6d-4a97-8d24-0a4d0d000bae",
  "evidencePath": "changes/2026-09-23-classic-functional-completion/evidence/v1-canonical-browser-09/format-window.json.log",
  "waitedMs": 1,
  "endedAt": "2026-09-25T06:11:03.958Z",
  "exitCode": 0,
  "signal": null,
  "measurement": {
    "status": "NOT_RECORDED"
  },
  "samples": [
    {
      "at": "2026-09-25T06:11:01.267Z",
      "loadAverage": [
        2.85107421875,
        3.9013671875,
        3.69677734375
      ],
      "freeMemoryBytes": 506658816,
      "totalMemoryBytes": 38654705664
    },
    {
      "at": "2026-09-25T06:11:03.956Z",
      "loadAverage": [
        2.85107421875,
        3.9013671875,
        3.69677734375
      ],
      "freeMemoryBytes": 630112256,
      "totalMemoryBytes": 38654705664
    }
  ]
}
