{
  "schemaVersion": 1,
  "kind": "seedlands-performance-window",
  "status": "FAIL",
  "version": 2,
  "ownerThread": "seedlands-performance-validator",
  "runId": "9aa07d94-85ee-4e8e-805f-4ce33eac17db",
  "pid": 17607,
  "startedAt": "2026-09-25T06:12:44.122Z",
  "windowId": "9aa07d94-85ee-4e8e-805f-4ce33eac17db",
  "evidencePath": "changes/2026-09-23-classic-functional-completion/evidence/v1-canonical-browser-09/report-tracked-diff-window.json.log",
  "waitedMs": 2,
  "endedAt": "2026-09-25T06:12:44.144Z",
  "exitCode": 2,
  "signal": null,
  "measurement": {
    "status": "NOT_RECORDED"
  },
  "samples": [
    {
      "at": "2026-09-25T06:12:44.124Z",
      "loadAverage": [
        2.5908203125,
        3.568359375,
        3.5908203125
      ],
      "freeMemoryBytes": 295190528,
      "totalMemoryBytes": 38654705664
    },
    {
      "at": "2026-09-25T06:12:44.143Z",
      "loadAverage": [
        2.5908203125,
        3.568359375,
        3.5908203125
      ],
      "freeMemoryBytes": 295190528,
      "totalMemoryBytes": 38654705664
    }
  ]
}
