{
  "schemaVersion": 1,
  "kind": "seedlands-performance-window",
  "status": "PASS",
  "version": 2,
  "ownerThread": "seedlands-performance-validator",
  "runId": "git22-delivery-final",
  "pid": 11473,
  "startedAt": "2026-09-25T12:52:20.248Z",
  "windowId": "git22-delivery-final",
  "evidencePath": "changes/2026-09-23-classic-functional-completion/evidence/git-22-restore-regression/delivery-window.json.log",
  "waitedMs": 1,
  "endedAt": "2026-09-25T12:52:20.467Z",
  "exitCode": 0,
  "signal": null,
  "measurement": {
    "status": "NOT_RECORDED"
  },
  "samples": [
    {
      "at": "2026-09-25T12:52:20.249Z",
      "loadAverage": [
        3.611328125,
        3.4052734375,
        3.384765625
      ],
      "freeMemoryBytes": 174145536,
      "totalMemoryBytes": 38654705664
    },
    {
      "at": "2026-09-25T12:52:20.465Z",
      "loadAverage": [
        3.611328125,
        3.4052734375,
        3.384765625
      ],
      "freeMemoryBytes": 179175424,
      "totalMemoryBytes": 38654705664
    }
  ]
}
