{
  "schemaVersion": 1,
  "kind": "seedlands-performance-window",
  "status": "PASS",
  "version": 2,
  "ownerThread": "seedlands-performance-validator",
  "runId": "v2-action-owner-candidate-install-02",
  "pid": 63315,
  "startedAt": "2026-09-29T03:44:23.717Z",
  "windowId": "v2-action-owner-candidate-install-02",
  "evidencePath": "changes/2026-09-23-classic-functional-completion/evidence/v2-harness-action-owner-fixture-close-01/candidate-install-02.window.json.log",
  "waitedMs": 1,
  "endedAt": "2026-09-29T03:44:23.962Z",
  "exitCode": 0,
  "signal": null,
  "measurement": {
    "status": "NOT_RECORDED"
  },
  "samples": [
    {
      "at": "2026-09-29T03:44:23.718Z",
      "loadAverage": [
        3.517578125,
        3.27294921875,
        3.240234375
      ],
      "freeMemoryBytes": 224428032,
      "totalMemoryBytes": 38654705664
    },
    {
      "at": "2026-09-29T03:44:23.960Z",
      "loadAverage": [
        3.517578125,
        3.27294921875,
        3.240234375
      ],
      "freeMemoryBytes": 223494144,
      "totalMemoryBytes": 38654705664
    }
  ]
}
