{
  "schemaVersion": 1,
  "kind": "seedlands-performance-window",
  "status": "PASS",
  "version": 2,
  "ownerThread": "seedlands-performance-validator",
  "runId": "v2-action-owner-eslint-01",
  "pid": 65838,
  "startedAt": "2026-09-29T03:47:53.564Z",
  "windowId": "v2-action-owner-eslint-01",
  "evidencePath": "changes/2026-09-23-classic-functional-completion/evidence/v2-harness-action-owner-fixture-close-01/eslint.window.json.log",
  "waitedMs": 1,
  "endedAt": "2026-09-29T03:47:55.669Z",
  "exitCode": 0,
  "signal": null,
  "measurement": {
    "status": "NOT_RECORDED"
  },
  "samples": [
    {
      "at": "2026-09-29T03:47:53.565Z",
      "loadAverage": [
        2.2607421875,
        2.99951171875,
        3.146484375
      ],
      "freeMemoryBytes": 1080180736,
      "totalMemoryBytes": 38654705664
    },
    {
      "at": "2026-09-29T03:47:55.667Z",
      "loadAverage": [
        2.23974609375,
        2.98291015625,
        3.1396484375
      ],
      "freeMemoryBytes": 1072316416,
      "totalMemoryBytes": 38654705664
    }
  ]
}
