{
  "schemaVersion": 1,
  "kind": "seedlands-performance-window",
  "status": "PASS",
  "version": 2,
  "ownerThread": "seedlands-performance-validator",
  "runId": "v2-action-owner-metadata-format-01",
  "pid": 70407,
  "startedAt": "2026-09-29T03:51:59.180Z",
  "windowId": "v2-action-owner-metadata-format-01",
  "evidencePath": "changes/2026-09-23-classic-functional-completion/evidence/v2-harness-action-owner-fixture-close-01/metadata-format.window.json.log",
  "waitedMs": 1,
  "endedAt": "2026-09-29T03:51:59.535Z",
  "exitCode": 0,
  "signal": null,
  "measurement": {
    "status": "NOT_RECORDED"
  },
  "samples": [
    {
      "at": "2026-09-29T03:51:59.181Z",
      "loadAverage": [
        3.6337890625,
        3.1611328125,
        3.15185546875
      ],
      "freeMemoryBytes": 343523328,
      "totalMemoryBytes": 38654705664
    },
    {
      "at": "2026-09-29T03:51:59.533Z",
      "loadAverage": [
        3.6337890625,
        3.1611328125,
        3.15185546875
      ],
      "freeMemoryBytes": 345227264,
      "totalMemoryBytes": 38654705664
    }
  ]
}
